
> diaspomoney@0.1.0 test:unit C:\Users\Admin\Lab\Diaspomoney\diaspomoney
> vitest run "--reporter=verbose"


 RUN  v4.0.13 C:/Users/Admin/Lab/Diaspomoney/diaspomoney

 Ô£ô tests/hooks/auth/useSignOut.test.ts > useSignOut > devrait d├®connecter avec succ├¿s avec nextAuthSignOut 26ms
 Ô£ô tests/hooks/auth/useSignOut.test.ts > useSignOut > devrait r├®cup├®rer userId avant d├®connexion 3ms
 Ô£ô tests/hooks/auth/useSignOut.test.ts > useSignOut > devrait ├®mettre l'├®v├®nement authEvents.emitUserLoggedOut 4ms
 Ô£ô tests/hooks/auth/useSignOut.test.ts > useSignOut > devrait nettoyer le localStorage (user-session) 4ms
 Ô£ô tests/hooks/auth/useSignOut.test.ts > useSignOut > devrait nettoyer le sessionStorage 4ms
 Ô£ô tests/hooks/auth/useSignOut.test.ts > useSignOut > devrait nettoyer les cookies NextAuth 3ms
 Ô£ô tests/hooks/auth/useSignOut.test.ts > useSignOut > devrait rediriger vers /login 3ms
 Ô£ô tests/hooks/auth/useSignOut.test.ts > useSignOut > devrait forcer un rechargement de la page apr├¿s 100ms 3ms
{"level":30,"time":1763926232092,"name":"Cardiologie","group":"HEALTH","isActive":true,"msg":"SpecialityFacade.createSpeciality called"}
{"level":30,"time":1763926232092,"specialityId":"speciality123","name":"Cardiologie","msg":"Speciality created successfully"}
{"level":20,"time":1763926232092,"type":"performance","class":"_SpecialityFacade","method":"createSpeciality","executionTime":1,"executionTimeNs":1.1123,"level":"good","warningThreshold":1000,"errorThreshold":3000,"msg":"Performance: _SpecialityFacade.createSpeciality took 1ms"}
{"level":30,"time":1763926232093,"type":"method_call","class":"MongoAuditLogRepository","method":"create","action":"start","args":[{"eventType":"SPECIALITY_CREATED","category":"METHOD_EXECUTION","severity":"INFO","userId":"system","metadata":{"className":"_SpecialityFacade","methodName":"createSpeciality","args":[{"name":"Cardiologie","description":"Sp├®cialit├® m├®dicale","group":"HEALTH","isActive":true}],"executionTime":3},"outcome":"SUCCESS","riskScore":0,"timestamp":"2025-11-23T19:30:32.093Z"}],"msg":"MongoAuditLogRepository.create called"}
{"level":30,"time":1763926232109,"userId":"user123","type":"personal","msg":"StatisticsFacade.getStatistics called"}
{"level":30,"time":1763926232110,"userId":"user123","type":"personal","msg":"Statistics retrieved successfully"}
{"level":20,"time":1763926232110,"type":"performance","class":"_StatisticsFacade","method":"getStatistics","executionTime":1,"executionTimeNs":1.3853,"level":"good","warningThreshold":3000,"errorThreshold":8000,"msg":"Performance: _StatisticsFacade.getStatistics took 1ms"}
{"level":30,"time":1763926232111,"type":"method_call","class":"MongoAuditLogRepository","method":"create","action":"start","args":[{"eventType":"STATISTICS_RETRIEVED","category":"METHOD_EXECUTION","severity":"INFO","userId":"system","metadata":{"className":"_StatisticsFacade","methodName":"getStatistics","args":[{"userId":"user123","type":"personal"}],"executionTime":2},"outcome":"SUCCESS","riskScore":0,"timestamp":"2025-11-23T19:30:32.110Z"}],"msg":"MongoAuditLogRepository.create called"}
{"level":30,"time":1763926232313,"recipient":"user123","type":"INFO","template":"test_template","channels":["IN_APP"],"msg":"NotificationFacade.sendNotification called"}
{"level":30,"time":1763926232314,"notificationId":"notification123","channelsUsed":["IN_APP"],"msg":"Notification sent successfully"}
{"level":20,"time":1763926232314,"type":"performance","class":"_NotificationFacade","method":"sendNotification","executionTime":2,"executionTimeNs":1.9318,"level":"good","warningThreshold":2000,"errorThreshold":5000,"msg":"Performance: _NotificationFacade.sendNotification took 2ms"}
{"level":30,"time":1763926232315,"type":"method_call","class":"MongoAuditLogRepository","method":"create","action":"start","args":[{"eventType":"NOTIFICATION_SENT","category":"METHOD_EXECUTION","severity":"INFO","userId":"system","metadata":{"className":"_NotificationFacade","methodName":"sendNotification","args":[{"recipient":"user123","type":"INFO","template":"test_template","data":{"message":"Test"},"channels":[{"type":"IN_APP","enabled":true,"priority":"HIGH"}]}],"executionTime":3},"outcome":"SUCCESS","riskScore":0,"timestamp":"2025-11-23T19:30:32.314Z"}],"msg":"MongoAuditLogRepository.create called"}
{"level":30,"time":1763926232338,"operation":"searchProperties","userId":"user123","msg":"BTPFacade.executeOperation called"}
{"level":30,"time":1763926232338,"operation":"searchSchools","userId":"user123","msg":"EducationFacade.executeOperation called"}
{"level":30,"time":1763926232338,"operation":"searchSchools","success":true,"msg":"Education operation executed successfully"}
{"level":20,"time":1763926232339,"type":"performance","class":"_EducationFacade","method":"executeOperation","executionTime":1,"executionTimeNs":1.408,"level":"good","warningThreshold":3000,"errorThreshold":8000,"msg":"Performance: _EducationFacade.executeOperation took 1ms"}
{"level":30,"time":1763926232339,"type":"method_call","class":"MongoAuditLogRepository","method":"create","action":"start","args":[{"eventType":"EDUCATION_OPERATION","category":"METHOD_EXECUTION","severity":"INFO","userId":"system","metadata":{"className":"_EducationFacade","methodName":"executeOperation","args":[{"operation":"searchSchools","data":{"city":"Montreal"},"userId":"user123"}],"executionTime":3},"outcome":"SUCCESS","riskScore":0,"timestamp":"2025-11-23T19:30:32.339Z"}],"msg":"MongoAuditLogRepository.create called"}
{"level":30,"time":1763926232339,"operation":"searchProperties","success":true,"msg":"BTP operation executed successfully"}
{"level":20,"time":1763926232339,"type":"performance","class":"_BTPFacade","method":"executeOperation","executionTime":2,"executionTimeNs":1.2797,"level":"good","warningThreshold":3000,"errorThreshold":8000,"msg":"Performance: _BTPFacade.executeOperation took 2ms"}
{"level":30,"time":1763926232339,"type":"method_call","class":"MongoAuditLogRepository","method":"create","action":"start","args":[{"eventType":"BTP_OPERATION","category":"METHOD_EXECUTION","severity":"INFO","userId":"system","metadata":{"className":"_BTPFacade","methodName":"executeOperation","args":[{"operation":"searchProperties","data":{"city":"Paris"},"userId":"user123"}],"executionTime":2},"outcome":"SUCCESS","riskScore":0,"timestamp":"2025-11-23T19:30:32.339Z"}],"msg":"MongoAuditLogRepository.create called"}
{"level":30,"time":1763926232749,"type":"method_call","class":"_TransactionFacade","method":"execute","action":"start","args":[{"payerId":"payer123","beneficiaryId":"beneficiary123","amount":100.5,"currency":"EUR","type":"PAYMENT"}],"msg":"_TransactionFacade.execute called"}
{"level":30,"time":1763926232779,"type":"method_call","class":"_UserService","method":"getUserProfile","action":"start","args":["test@example.com"],"msg":"_UserService.getUserProfile called"}
{"level":20,"time":1763926232780,"userId":"test@example.com","msg":"getUserProfile - ID"}
{"level":20,"time":1763926232780,"type":"method_call","class":"MongoUserRepository","method":"findById","action":"start","args":["test@example.com"],"msg":"MongoUserRepository.findById called"}
{"level":30,"time":1763926232918,"conversationId":"conv123","hasParticipants":false,"textLength":5,"msg":"MessagingFacade.sendMessage called"}
{"level":30,"time":1763926232918,"conversationId":"conv123","messageId":"message123","notificationSent":false,"msg":"Message sent successfully"}
{"level":20,"time":1763926232919,"type":"performance","class":"_MessagingFacade","method":"sendMessage","executionTime":1,"executionTimeNs":1.3161,"level":"good","warningThreshold":2000,"errorThreshold":5000,"msg":"Performance: _MessagingFacade.sendMessage took 1ms"}
{"level":30,"time":1763926232919,"type":"method_call","class":"MongoAuditLogRepository","method":"create","action":"start","args":[{"eventType":"MESSAGE_SENT","category":"METHOD_EXECUTION","severity":"INFO","userId":"system","metadata":{"className":"_MessagingFacade","methodName":"sendMessage","args":[{"conversationId":"conv123","text":"Hello","userId":"user123"}],"executionTime":2},"outcome":"SUCCESS","riskScore":0,"timestamp":"2025-11-23T19:30:32.919Z"}],"msg":"MongoAuditLogRepository.create called"}
{"level":30,"time":1763926233213,"type":"method_call","class":"_UserFacade","method":"getUsers","action":"start","args":[{},{"limit":10,"page":1}],"msg":"_UserFacade.getUsers called"}
{"level":30,"time":1763926233214,"filters":{},"pagination":{"limit":10,"page":1},"msg":"UserFacade.getUsers called"}
{"level":20,"time":1763926233215,"type":"method_call","class":"MongoUserRepository","method":"findUsersWithFilters","action":"start","args":[{},{"limit":10,"page":1,"offset":0,"sort":{}}],"msg":"MongoUserRepository.findUsersWithFilters called"}
{"level":20,"time":1763926233230,"type":"method_call","class":"MongoBookingRepository","method":"findBookingsWithFilters","action":"start","args":[{},{"limit":10,"page":1,"offset":0,"sort":{}}],"msg":"MongoBookingRepository.findBookingsWithFilters called"}
 ├ù tests/hooks/auth/useSignOut.test.ts > useSignOut > devrait g├®rer les ├®tats de chargement (isSigningOut) 5019ms
   ÔåÆ Test timed out in 5000ms.
If this is a long-running test, pass a timeout value as the last argument or configure it globally with "testTimeout".
 ├ù tests/hooks/auth/useSignOut.test.ts > useSignOut > devrait pr├®venir les d├®connexions multiples 10ms
   ÔåÆ expected +0 to be 1 // Object.is equality
 Ô£ô tests/hooks/auth/useSignOut.test.ts > useSignOut > devrait g├®rer les erreurs de d├®connexion 3ms
 Ô£ô tests/hooks/auth/useSignOut.test.ts > useSignOut > devrait g├®rer l'absence de userId 2ms
{"level":30,"time":1763926233961,"type":"method_call","class":"_UserFacade","method":"getUsers","action":"start","args":[{"role":"CUSTOMER"},{"limit":10,"page":1}],"msg":"_UserFacade.getUsers called"}
{"level":30,"time":1763926233961,"filters":{"role":"CUSTOMER"},"pagination":{"limit":10,"page":1},"msg":"UserFacade.getUsers called"}
{"level":20,"time":1763926233961,"type":"method_call","class":"MongoUserRepository","method":"findUsersWithFilters","action":"start","args":[{"roles":{"$in":["CUSTOMER"]}},{"limit":10,"page":1,"offset":0,"sort":{}}],"msg":"MongoUserRepository.findUsersWithFilters called"}
 ├ù tests/integration/api/users.test.ts > Integration: /api/users > GET /api/users > devrait r├®cup├®rer les utilisateurs depuis la base de donn├®es 5009ms
   ÔåÆ Test timed out in 5000ms.
If this is a long-running test, pass a timeout value as the last argument or configure it globally with "testTimeout".
 Ô£ô tests/hooks/auth/useForgotPassword.test.ts > useForgotPassword > devrait envoyer un email avec succ├¿s 18ms
 Ô£ô tests/hooks/auth/useForgotPassword.test.ts > useForgotPassword > devrait g├®rer les erreurs API 2ms
 Ô£ô tests/hooks/auth/useForgotPassword.test.ts > useForgotPassword > devrait g├®rer les erreurs r├®seau 2ms
 Ô£ô tests/hooks/auth/useForgotPassword.test.ts > useForgotPassword > devrait g├®rer les ├®tats de chargement (isLoading) 2ms
 Ô£ô tests/hooks/auth/useForgotPassword.test.ts > useForgotPassword > devrait g├®rer l'├®tat de succ├¿s (success) 2ms
 Ô£ô tests/hooks/auth/useForgotPassword.test.ts > useForgotPassword > devrait g├®rer les erreurs (error) 1ms
{"level":30,"time":1763926237102,"name":"Neurologie","group":"HEALTH","msg":"SpecialityFacade.createSpeciality called"}
{"level":30,"time":1763926237102,"specialityId":"speciality123","name":"Neurologie","msg":"Speciality created successfully"}
{"level":20,"time":1763926237102,"type":"performance","class":"_SpecialityFacade","method":"createSpeciality","executionTime":0,"executionTimeNs":0.1593,"level":"good","warningThreshold":1000,"errorThreshold":3000,"msg":"Performance: _SpecialityFacade.createSpeciality took 0ms"}
{"level":30,"time":1763926237102,"type":"method_call","class":"MongoAuditLogRepository","method":"create","action":"start","args":[{"eventType":"SPECIALITY_CREATED","category":"METHOD_EXECUTION","severity":"INFO","userId":"system","metadata":{"className":"_SpecialityFacade","methodName":"createSpeciality","args":[{"name":"Neurologie","description":"Sp├®cialit├® m├®dicale","group":"HEALTH"}],"executionTime":0},"outcome":"SUCCESS","riskScore":0,"timestamp":"2025-11-23T19:30:37.102Z"}],"msg":"MongoAuditLogRepository.create called"}
{"level":30,"time":1763926237116,"userId":"user123","msg":"StatisticsFacade.getStatistics called"}
{"level":30,"time":1763926237116,"userId":"user123","msg":"Statistics retrieved successfully"}
{"level":20,"time":1763926237116,"type":"performance","class":"_StatisticsFacade","method":"getStatistics","executionTime":0,"executionTimeNs":0.0942,"level":"good","warningThreshold":3000,"errorThreshold":8000,"msg":"Performance: _StatisticsFacade.getStatistics took 0ms"}
{"level":30,"time":1763926237116,"type":"method_call","class":"MongoAuditLogRepository","method":"create","action":"start","args":[{"eventType":"STATISTICS_RETRIEVED","category":"METHOD_EXECUTION","severity":"INFO","userId":"system","metadata":{"className":"_StatisticsFacade","methodName":"getStatistics","args":[{"userId":"user123"}],"executionTime":0},"outcome":"SUCCESS","riskScore":0,"timestamp":"2025-11-23T19:30:37.116Z"}],"msg":"MongoAuditLogRepository.create called"}
{"level":30,"time":1763926237313,"recipient":"user123","type":"INFO","template":"test_template","channels":["IN_APP","EMAIL"],"msg":"NotificationFacade.sendNotification called"}
{"level":30,"time":1763926237313,"notificationId":"notification123","channelsUsed":["IN_APP"],"msg":"Notification sent successfully"}
{"level":20,"time":1763926237313,"type":"performance","class":"_NotificationFacade","method":"sendNotification","executionTime":0,"executionTimeNs":0.1372,"level":"good","warningThreshold":2000,"errorThreshold":5000,"msg":"Performance: _NotificationFacade.sendNotification took 0ms"}
{"level":30,"time":1763926237313,"type":"method_call","class":"MongoAuditLogRepository","method":"create","action":"start","args":[{"eventType":"NOTIFICATION_SENT","category":"METHOD_EXECUTION","severity":"INFO","userId":"system","metadata":{"className":"_NotificationFacade","methodName":"sendNotification","args":[{"recipient":"user123","type":"INFO","template":"test_template","data":{},"channels":[{"type":"IN_APP","enabled":true,"priority":"HIGH"},{"type":"EMAIL","enabled":false,"priority":"MEDIUM"}]}],"executionTime":0},"outcome":"SUCCESS","riskScore":0,"timestamp":"2025-11-23T19:30:37.313Z"}],"msg":"MongoAuditLogRepository.create called"}
{"level":30,"time":1763926237344,"operation":"enrollStudent","userId":"user123","msg":"EducationFacade.executeOperation called"}
{"level":30,"time":1763926237344,"operation":"searchContractors","userId":"user123","msg":"BTPFacade.executeOperation called"}
{"level":30,"time":1763926237344,"operation":"enrollStudent","success":true,"msg":"Education operation executed successfully"}
{"level":20,"time":1763926237344,"type":"performance","class":"_EducationFacade","method":"executeOperation","executionTime":0,"executionTimeNs":0.0983,"level":"good","warningThreshold":3000,"errorThreshold":8000,"msg":"Performance: _EducationFacade.executeOperation took 0ms"}
{"level":30,"time":1763926237344,"type":"method_call","class":"MongoAuditLogRepository","method":"create","action":"start","args":[{"eventType":"EDUCATION_OPERATION","category":"METHOD_EXECUTION","severity":"INFO","userId":"system","metadata":{"className":"_EducationFacade","methodName":"executeOperation","args":[{"operation":"enrollStudent","data":{"studentData":{"firstName":"John","lastName":"Doe"},"schoolId":"school123","programId":"program123","academicYear":"2024"},"userId":"user123"}],"executionTime":0},"outcome":"SUCCESS","riskScore":0,"timestamp":"2025-11-23T19:30:37.344Z"}],"msg":"MongoAuditLogRepository.create called"}
{"level":30,"time":1763926237344,"operation":"searchContractors","success":true,"msg":"BTP operation executed successfully"}
{"level":20,"time":1763926237344,"type":"performance","class":"_BTPFacade","method":"executeOperation","executionTime":0,"executionTimeNs":0.125,"level":"good","warningThreshold":3000,"errorThreshold":8000,"msg":"Performance: _BTPFacade.executeOperation took 0ms"}
{"level":30,"time":1763926237344,"type":"method_call","class":"MongoAuditLogRepository","method":"create","action":"start","args":[{"eventType":"BTP_OPERATION","category":"METHOD_EXECUTION","severity":"INFO","userId":"system","metadata":{"className":"_BTPFacade","methodName":"executeOperation","args":[{"operation":"searchContractors","data":{"specialty":"Plomberie"},"userId":"user123"}],"executionTime":0},"outcome":"SUCCESS","riskScore":0,"timestamp":"2025-11-23T19:30:37.344Z"}],"msg":"MongoAuditLogRepository.create called"}
 ├ù tests/facades/notification.facade.test.ts > NotificationFacade > sendNotification > devrait envoyer une notification avec succ├¿s 5008ms
   ÔåÆ Test timed out in 5000ms.
If this is a long-running test, pass a timeout value as the last argument or configure it globally with "testTimeout".
 ├ù tests/facades/education.facade.test.ts > EducationFacade > executeOperation > devrait ex├®cuter searchSchools avec succ├¿s 5009ms
   ÔåÆ Test timed out in 5000ms.
If this is a long-running test, pass a timeout value as the last argument or configure it globally with "testTimeout".
 ├ù tests/facades/btp.facade.test.ts > BTPFacade > executeOperation > devrait ex├®cuter searchProperties avec succ├¿s 5009ms
   ÔåÆ Test timed out in 5000ms.
If this is a long-running test, pass a timeout value as the last argument or configure it globally with "testTimeout".
{"level":30,"time":1763926237762,"type":"method_call","class":"_TransactionFacade","method":"execute","action":"start","args":[{"payerId":"payer123","beneficiaryId":"beneficiary123","amount":100.5,"currency":"EUR","type":"PAYMENT","sendNotification":true}],"msg":"_TransactionFacade.execute called"}
{"level":30,"time":1763926237772,"type":"method_call","class":"_UserService","method":"getUserProfile","action":"start","args":["nonexistent@example.com"],"msg":"_UserService.getUserProfile called"}
{"level":20,"time":1763926237772,"userId":"nonexistent@example.com","msg":"getUserProfile - ID"}
{"level":20,"time":1763926237772,"type":"method_call","class":"MongoUserRepository","method":"findById","action":"start","args":["nonexistent@example.com"],"msg":"MongoUserRepository.findById called"}
 ├ù tests/facades/transaction.facade.test.ts > TransactionFacade > createTransaction (via execute) > devrait cr├®er une transaction avec succ├¿s 5014ms
   ÔåÆ Test timed out in 5000ms.
If this is a long-running test, pass a timeout value as the last argument or configure it globally with "testTimeout".
 ├ù tests/integration/api/auth/forgot-password.test.ts > Integration: /api/auth/forgot-password > POST /api/auth/forgot-password > devrait g├®n├®rer un token de r├®initialisation pour un utilisateur existant 5004ms
   ÔåÆ Test timed out in 5000ms.
If this is a long-running test, pass a timeout value as the last argument or configure it globally with "testTimeout".
{"level":30,"time":1763926237924,"hasParticipants":true,"textLength":5,"msg":"MessagingFacade.sendMessage called"}
{"level":30,"time":1763926237925,"conversationId":"conv123","messageId":"message123","notificationSent":true,"msg":"Message sent successfully"}
{"level":20,"time":1763926237925,"type":"performance","class":"_MessagingFacade","method":"sendMessage","executionTime":1,"executionTimeNs":0.2461,"level":"good","warningThreshold":2000,"errorThreshold":5000,"msg":"Performance: _MessagingFacade.sendMessage took 1ms"}
{"level":30,"time":1763926237925,"type":"method_call","class":"MongoAuditLogRepository","method":"create","action":"start","args":[{"eventType":"MESSAGE_SENT","category":"METHOD_EXECUTION","severity":"INFO","userId":"system","metadata":{"className":"_MessagingFacade","methodName":"sendMessage","args":[{"participants":["user123","user456"],"text":"Hello","userId":"user123","type":"user"}],"executionTime":1},"outcome":"SUCCESS","riskScore":0,"timestamp":"2025-11-23T19:30:37.925Z"}],"msg":"MongoAuditLogRepository.create called"}
 ├ù tests/facades/messaging.facade.test.ts > MessagingFacade > sendMessage > devrait envoyer un message avec conversationId existant 5009ms
   ÔåÆ Test timed out in 5000ms.
If this is a long-running test, pass a timeout value as the last argument or configure it globally with "testTimeout".
{"level":20,"time":1763926238235,"type":"method_call","class":"MongoBookingRepository","method":"findBookingsWithFilters","action":"start","args":[{"status":"CONFIRMED"},{"limit":10,"page":1,"offset":0,"sort":{}}],"msg":"MongoBookingRepository.findBookingsWithFilters called"}
 ├ù tests/integration/api/bookings.test.ts > Integration: /api/bookings > GET /api/bookings > devrait r├®cup├®rer les r├®servations depuis la base de donn├®es 5010ms
   ÔåÆ Test timed out in 5000ms.
If this is a long-running test, pass a timeout value as the last argument or configure it globally with "testTimeout".
{"level":30,"time":1763926238971,"type":"method_call","class":"_UserFacade","method":"execute","action":"start","args":[{"email":"test-1763926238965@example.com","name":"Test User","firstName":"Test","lastName":"User","roles":["CUSTOMER"],"status":"ACTIVE","sendWelcomeNotification":true,"metadata":{}}],"msg":"_UserFacade.execute called"}
 ├ù tests/integration/api/users.test.ts > Integration: /api/users > GET /api/users > devrait appliquer les filtres de r├┤le 5006ms
   ÔåÆ Test timed out in 5000ms.
If this is a long-running test, pass a timeout value as the last argument or configure it globally with "testTimeout".
{"level":50,"time":1763926240817,"type":"performance_error","class":"MongoAuditLogRepository","method":"create","executionTime":8706,"error":"Cannot read properties of undefined (reading 'error')","msg":"Performance error in MongoAuditLogRepository.create after 8706ms"}
{"level":50,"time":1763926240818,"type":"transaction_error","class":"_TransactionFacade","method":"createTransaction","error":"connect ECONNREFUSED ::1:27017, connect ECONNREFUSED 127.0.0.1:27017","isolationLevel":"read-committed","msg":"Transaction error in _TransactionFacade.createTransaction"}
{"level":50,"time":1763926240818,"type":"transaction_error","class":"_TransactionFacade","method":"createTransaction","error":"connect ECONNREFUSED ::1:27017, connect ECONNREFUSED 127.0.0.1:27017","isolationLevel":"read-committed","msg":"Transaction error in _TransactionFacade.createTransaction"}
{"level":50,"time":1763926240818,"type":"performance_error","class":"_TransactionFacade","method":"createTransaction","executionTime":8065,"error":"connect ECONNREFUSED ::1:27017, connect ECONNREFUSED 127.0.0.1:27017","msg":"Performance error in _TransactionFacade.createTransaction after 8065ms"}
{"level":50,"time":1763926240818,"type":"performance_error","class":"_TransactionFacade","method":"createTransaction","executionTime":3056,"error":"connect ECONNREFUSED ::1:27017, connect ECONNREFUSED 127.0.0.1:27017","msg":"Performance error in _TransactionFacade.createTransaction after 3056ms"}
{"level":30,"time":1763926240819,"type":"method_call","class":"MongoAuditLogRepository","method":"create","action":"start","args":[{"eventType":"TRANSACTION_CREATED","category":"METHOD_EXECUTION","severity":"ERROR","userId":"system","metadata":{"className":"_TransactionFacade","methodName":"createTransaction","args":[{"payerId":"payer123","beneficiaryId":"beneficiary123","amount":100.5,"currency":"EUR","type":"PAYMENT"}],"error":"connect ECONNREFUSED ::1:27017, connect ECONNREFUSED 127.0.0.1:27017","executionTime":8067},"outcome":"FAILURE","riskScore":50,"timestamp":"2025-11-23T19:30:40.819Z"}],"msg":"MongoAuditLogRepository.create called"}
{"level":30,"time":1763926240819,"type":"method_call","class":"MongoAuditLogRepository","method":"create","action":"start","args":[{"eventType":"TRANSACTION_CREATED","category":"METHOD_EXECUTION","severity":"ERROR","userId":"system","metadata":{"className":"_TransactionFacade","methodName":"createTransaction","args":[{"payerId":"payer123","beneficiaryId":"beneficiary123","amount":100.5,"currency":"EUR","type":"PAYMENT","sendNotification":true}],"error":"connect ECONNREFUSED ::1:27017, connect ECONNREFUSED 127.0.0.1:27017","executionTime":3057},"outcome":"FAILURE","riskScore":50,"timestamp":"2025-11-23T19:30:40.819Z"}],"msg":"MongoAuditLogRepository.create called"}
{"level":50,"time":1763926240820,"type":"performance_error","class":"MongoAuditLogRepository","method":"create","executionTime":1,"error":"Cannot read properties of undefined (reading 'error')","msg":"Performance error in MongoAuditLogRepository.create after 1ms"}
{"level":50,"time":1763926240820,"type":"performance_error","class":"MongoAuditLogRepository","method":"create","executionTime":1,"error":"Cannot read properties of undefined (reading 'error')","msg":"Performance error in MongoAuditLogRepository.create after 1ms"}
{"level":50,"time":1763926240820,"type":"method_error","class":"MongoAuditLogRepository","method":"create","action":"error","executionTime":1,"error":{"name":"TypeError","message":"Cannot read properties of undefined (reading 'error')"},"args":[{"eventType":"TRANSACTION_CREATED","category":"METHOD_EXECUTION","severity":"ERROR","userId":"system","metadata":{"className":"_TransactionFacade","methodName":"createTransaction","args":[{"payerId":"payer123","beneficiaryId":"beneficiary123","amount":100.5,"currency":"EUR","type":"PAYMENT"}],"error":"connect ECONNREFUSED ::1:27017, connect ECONNREFUSED 127.0.0.1:27017","executionTime":8067},"outcome":"FAILURE","riskScore":50,"timestamp":"2025-11-23T19:30:40.819Z"}],"msg":"MongoAuditLogRepository.create failed after 1ms: Cannot read properties of undefined (reading 'error')"}
{"level":50,"time":1763926240820,"type":"method_error","class":"MongoAuditLogRepository","method":"create","action":"error","executionTime":1,"error":{"name":"TypeError","message":"Cannot read properties of undefined (reading 'error')"},"args":[{"eventType":"TRANSACTION_CREATED","category":"METHOD_EXECUTION","severity":"ERROR","userId":"system","metadata":{"className":"_TransactionFacade","methodName":"createTransaction","args":[{"payerId":"payer123","beneficiaryId":"beneficiary123","amount":100.5,"currency":"EUR","type":"PAYMENT","sendNotification":true}],"error":"connect ECONNREFUSED ::1:27017, connect ECONNREFUSED 127.0.0.1:27017","executionTime":3057},"outcome":"FAILURE","riskScore":50,"timestamp":"2025-11-23T19:30:40.819Z"}],"msg":"MongoAuditLogRepository.create failed after 1ms: Cannot read properties of undefined (reading 'error')"}
{"level":50,"time":1763926240820,"type":"audit_log_error","class":"_TransactionFacade","method":"createTransaction","error":"Cannot read properties of undefined (reading 'error')","msg":"Failed to create audit log for _TransactionFacade.createTransaction"}
{"level":50,"time":1763926240820,"type":"audit_error","class":"_TransactionFacade","method":"createTransaction","eventType":"TRANSACTION_CREATED","userId":"system","error":"connect ECONNREFUSED ::1:27017, connect ECONNREFUSED 127.0.0.1:27017","executionTime":8067,"msg":"Audit error: TRANSACTION_CREATED - _TransactionFacade.createTransaction"}
{"level":50,"time":1763926240820,"type":"audit_log_error","class":"_TransactionFacade","method":"createTransaction","error":"Cannot read properties of undefined (reading 'error')","msg":"Failed to create audit log for _TransactionFacade.createTransaction"}
{"level":50,"time":1763926240820,"type":"audit_error","class":"_TransactionFacade","method":"createTransaction","eventType":"TRANSACTION_CREATED","userId":"system","error":"connect ECONNREFUSED ::1:27017, connect ECONNREFUSED 127.0.0.1:27017","executionTime":3057,"msg":"Audit error: TRANSACTION_CREATED - _TransactionFacade.createTransaction"}
{"level":40,"time":1763926240820,"method":"_TransactionFacade.createTransaction","attempt":1,"maxAttempts":2,"nextAttemptIn":1000,"error":"connect ECONNREFUSED ::1:27017, connect ECONNREFUSED 127.0.0.1:27017","msg":"Retry attempt 1/2"}
{"level":40,"time":1763926240820,"method":"_TransactionFacade.createTransaction","attempt":1,"maxAttempts":2,"nextAttemptIn":1000,"error":"connect ECONNREFUSED ::1:27017, connect ECONNREFUSED 127.0.0.1:27017","msg":"Retry attempt 1/2"}
 ├ù tests/facades/statistics.facade.test.ts > StatisticsFacade > getStatistics > devrait r├®cup├®rer les statistiques personnelles avec succ├¿s 5009ms
   ÔåÆ Test timed out in 5000ms.
If this is a long-running test, pass a timeout value as the last argument or configure it globally with "testTimeout".
{"level":50,"time":1763926240818,"type":"performance_error","class":"MongoAuditLogRepository","method":"create","executionTime":3702,"error":"Cannot read properties of undefined (reading 'error')","msg":"Performance error in MongoAuditLogRepository.create after 3702ms"}
{"level":50,"time":1763926240818,"type":"method_error","class":"MongoAuditLogRepository","method":"create","action":"error","executionTime":8707,"error":{"name":"TypeError","message":"Cannot read properties of undefined (reading 'error')"},"args":[{"eventType":"STATISTICS_RETRIEVED","category":"METHOD_EXECUTION","severity":"INFO","userId":"system","metadata":{"className":"_StatisticsFacade","methodName":"getStatistics","args":[{"userId":"user123","type":"personal"}],"executionTime":2},"outcome":"SUCCESS","riskScore":0,"timestamp":"2025-11-23T19:30:32.110Z"}],"msg":"MongoAuditLogRepository.create failed after 8707ms: Cannot read properties of undefined (reading 'error')"}
{"level":50,"time":1763926240818,"type":"method_error","class":"MongoAuditLogRepository","method":"create","action":"error","executionTime":3702,"error":{"name":"TypeError","message":"Cannot read properties of undefined (reading 'error')"},"args":[{"eventType":"STATISTICS_RETRIEVED","category":"METHOD_EXECUTION","severity":"INFO","userId":"system","metadata":{"className":"_StatisticsFacade","methodName":"getStatistics","args":[{"userId":"user123"}],"executionTime":0},"outcome":"SUCCESS","riskScore":0,"timestamp":"2025-11-23T19:30:37.116Z"}],"msg":"MongoAuditLogRepository.create failed after 3702ms: Cannot read properties of undefined (reading 'error')"}
{"level":50,"time":1763926240818,"type":"audit_log_error","class":"_StatisticsFacade","method":"getStatistics","error":"Cannot read properties of undefined (reading 'error')","msg":"Failed to create audit log for _StatisticsFacade.getStatistics"}
{"level":30,"time":1763926240818,"type":"audit","class":"_StatisticsFacade","method":"getStatistics","eventType":"STATISTICS_RETRIEVED","userId":"system","executionTime":2,"msg":"Audit: STATISTICS_RETRIEVED - _StatisticsFacade.getStatistics"}
{"level":50,"time":1763926240818,"type":"audit_log_error","class":"_StatisticsFacade","method":"getStatistics","error":"Cannot read properties of undefined (reading 'error')","msg":"Failed to create audit log for _StatisticsFacade.getStatistics"}
{"level":30,"time":1763926240818,"type":"audit","class":"_StatisticsFacade","method":"getStatistics","eventType":"STATISTICS_RETRIEVED","userId":"system","executionTime":0,"msg":"Audit: STATISTICS_RETRIEVED - _StatisticsFacade.getStatistics"}
{"level":30,"time":1763926240821,"userId":"user123","type":"personal","dateFrom":"2024-01-01T00:00:00.000Z","dateTo":"2024-12-31T00:00:00.000Z","msg":"StatisticsFacade.getStatistics called"}
{"level":30,"time":1763926240821,"userId":"user123","type":"personal","msg":"Statistics retrieved successfully"}
{"level":20,"time":1763926240821,"type":"performance","class":"_StatisticsFacade","method":"getStatistics","executionTime":0,"executionTimeNs":0.068,"level":"good","warningThreshold":3000,"errorThreshold":8000,"msg":"Performance: _StatisticsFacade.getStatistics took 0ms"}
{"level":30,"time":1763926240821,"type":"method_call","class":"MongoAuditLogRepository","method":"create","action":"start","args":[{"eventType":"STATISTICS_RETRIEVED","category":"METHOD_EXECUTION","severity":"INFO","userId":"system","metadata":{"className":"_StatisticsFacade","methodName":"getStatistics","args":[{"userId":"user123","type":"personal","dateFrom":"2024-01-01T00:00:00.000Z","dateTo":"2024-12-31T00:00:00.000Z"}],"executionTime":0},"outcome":"SUCCESS","riskScore":0,"timestamp":"2025-11-23T19:30:40.821Z"}],"msg":"MongoAuditLogRepository.create called"}
{"level":50,"time":1763926240821,"type":"performance_error","class":"MongoAuditLogRepository","method":"create","executionTime":0,"error":"Cannot read properties of undefined (reading 'error')","msg":"Performance error in MongoAuditLogRepository.create after 0ms"}
{"level":50,"time":1763926240821,"type":"method_error","class":"MongoAuditLogRepository","method":"create","action":"error","executionTime":0,"error":{"name":"TypeError","message":"Cannot read properties of undefined (reading 'error')"},"args":[{"eventType":"STATISTICS_RETRIEVED","category":"METHOD_EXECUTION","severity":"INFO","userId":"system","metadata":{"className":"_StatisticsFacade","methodName":"getStatistics","args":[{"userId":"user123","type":"personal","dateFrom":"2024-01-01T00:00:00.000Z","dateTo":"2024-12-31T00:00:00.000Z"}],"executionTime":0},"outcome":"SUCCESS","riskScore":0,"timestamp":"2025-11-23T19:30:40.821Z"}],"msg":"MongoAuditLogRepository.create failed after 0ms: Cannot read properties of undefined (reading 'error')"}
{"level":50,"time":1763926240821,"type":"audit_log_error","class":"_StatisticsFacade","method":"getStatistics","error":"Cannot read properties of undefined (reading 'error')","msg":"Failed to create audit log for _StatisticsFacade.getStatistics"}
{"level":30,"time":1763926240821,"type":"audit","class":"_StatisticsFacade","method":"getStatistics","eventType":"STATISTICS_RETRIEVED","userId":"system","executionTime":0,"msg":"Audit: STATISTICS_RETRIEVED - _StatisticsFacade.getStatistics"}
{"level":30,"time":1763926240822,"userId":"user123","type":"personal","msg":"StatisticsFacade.getStatistics called"}
{"level":50,"time":1763926240822,"error":{},"userId":"user123","type":"personal","msg":"Error in StatisticsFacade.getStatistics"}
{"level":20,"time":1763926240822,"type":"performance","class":"_StatisticsFacade","method":"getStatistics","executionTime":0,"executionTimeNs":0.1295,"level":"good","warningThreshold":3000,"errorThreshold":8000,"msg":"Performance: _StatisticsFacade.getStatistics took 0ms"}
{"level":30,"time":1763926240822,"type":"method_call","class":"MongoAuditLogRepository","method":"create","action":"start","args":[{"eventType":"STATISTICS_RETRIEVED","category":"METHOD_EXECUTION","severity":"INFO","userId":"system","metadata":{"className":"_StatisticsFacade","methodName":"getStatistics","args":[{"userId":"user123","type":"personal"}],"executionTime":0},"outcome":"SUCCESS","riskScore":0,"timestamp":"2025-11-23T19:30:40.822Z"}],"msg":"MongoAuditLogRepository.create called"}
{"level":50,"time":1763926240822,"type":"performance_error","class":"MongoAuditLogRepository","method":"create","executionTime":0,"error":"Cannot read properties of undefined (reading 'error')","msg":"Performance error in MongoAuditLogRepository.create after 0ms"}
{"level":50,"time":1763926240822,"type":"method_error","class":"MongoAuditLogRepository","method":"create","action":"error","executionTime":0,"error":{"name":"TypeError","message":"Cannot read properties of undefined (reading 'error')"},"args":[{"eventType":"STATISTICS_RETRIEVED","category":"METHOD_EXECUTION","severity":"INFO","userId":"system","metadata":{"className":"_StatisticsFacade","methodName":"getStatistics","args":[{"userId":"user123","type":"personal"}],"executionTime":0},"outcome":"SUCCESS","riskScore":0,"timestamp":"2025-11-23T19:30:40.822Z"}],"msg":"MongoAuditLogRepository.create failed after 0ms: Cannot read properties of undefined (reading 'error')"}
{"level":50,"time":1763926240823,"type":"audit_log_error","class":"_StatisticsFacade","method":"getStatistics","error":"Cannot read properties of undefined (reading 'error')","msg":"Failed to create audit log for _StatisticsFacade.getStatistics"}
{"level":30,"time":1763926240823,"type":"audit","class":"_StatisticsFacade","method":"getStatistics","eventType":"STATISTICS_RETRIEVED","userId":"system","executionTime":0,"msg":"Audit: STATISTICS_RETRIEVED - _StatisticsFacade.getStatistics"}
{"level":30,"time":1763926240823,"type":"method_call","class":"_StatisticsFacade","method":"execute","action":"start","args":[{"userId":"user123","type":"personal"}],"msg":"_StatisticsFacade.execute called"}
{"level":30,"time":1763926240825,"userId":"user123","type":"personal","msg":"StatisticsFacade.getStatistics called"}
{"level":30,"time":1763926240825,"userId":"user123","type":"personal","msg":"Statistics retrieved successfully"}
{"level":20,"time":1763926240825,"type":"performance","class":"_StatisticsFacade","method":"getStatistics","executionTime":0,"executionTimeNs":0.036,"level":"good","warningThreshold":3000,"errorThreshold":8000,"msg":"Performance: _StatisticsFacade.getStatistics took 0ms"}
{"level":30,"time":1763926240825,"type":"method_call","class":"MongoAuditLogRepository","method":"create","action":"start","args":[{"eventType":"STATISTICS_RETRIEVED","category":"METHOD_EXECUTION","severity":"INFO","userId":"system","metadata":{"className":"_StatisticsFacade","methodName":"getStatistics","args":[{"userId":"user123","type":"personal"}],"executionTime":0},"outcome":"SUCCESS","riskScore":0,"timestamp":"2025-11-23T19:30:40.825Z"}],"msg":"MongoAuditLogRepository.create called"}
{"level":50,"time":1763926240825,"type":"performance_error","class":"MongoAuditLogRepository","method":"create","executionTime":0,"error":"Cannot read properties of undefined (reading 'error')","msg":"Performance error in MongoAuditLogRepository.create after 0ms"}
{"level":50,"time":1763926240825,"type":"method_error","class":"MongoAuditLogRepository","method":"create","action":"error","executionTime":0,"error":{"name":"TypeError","message":"Cannot read properties of undefined (reading 'error')"},"args":[{"eventType":"STATISTICS_RETRIEVED","category":"METHOD_EXECUTION","severity":"INFO","userId":"system","metadata":{"className":"_StatisticsFacade","methodName":"getStatistics","args":[{"userId":"user123","type":"personal"}],"executionTime":0},"outcome":"SUCCESS","riskScore":0,"timestamp":"2025-11-23T19:30:40.825Z"}],"msg":"MongoAuditLogRepository.create failed after 0ms: Cannot read properties of undefined (reading 'error')"}
{"level":50,"time":1763926240825,"type":"audit_log_error","class":"_StatisticsFacade","method":"getStatistics","error":"Cannot read properties of undefined (reading 'error')","msg":"Failed to create audit log for _StatisticsFacade.getStatistics"}
{"level":30,"time":1763926240825,"type":"audit","class":"_StatisticsFacade","method":"getStatistics","eventType":"STATISTICS_RETRIEVED","userId":"system","executionTime":0,"msg":"Audit: STATISTICS_RETRIEVED - _StatisticsFacade.getStatistics"}
{"level":30,"time":1763926240825,"type":"method_call","class":"_StatisticsFacade","method":"execute","action":"success","executionTime":2,"msg":"_StatisticsFacade.execute completed in 2ms"}
 Ô£ô tests/facades/statistics.facade.test.ts > StatisticsFacade > getStatistics > devrait utiliser personal par d├®faut si type n'est pas fourni 3705ms
 Ô£ô tests/facades/statistics.facade.test.ts > StatisticsFacade > getStatistics > devrait filtrer par date range si fourni 1ms
 Ô£ô tests/facades/statistics.facade.test.ts > StatisticsFacade > getStatistics > devrait g├®rer les erreurs de r├®cup├®ration 1ms
 Ô£ô tests/facades/statistics.facade.test.ts > StatisticsFacade > execute > devrait appeler getStatistics via execute 2ms
{"level":50,"time":1763926240828,"type":"performance_error","class":"MongoAuditLogRepository","method":"create","executionTime":7909,"error":"Cannot read properties of undefined (reading 'error')","msg":"Performance error in MongoAuditLogRepository.create after 7909ms"}
{"level":50,"time":1763926240829,"type":"performance_error","class":"MongoAuditLogRepository","method":"create","executionTime":8736,"error":"Cannot read properties of undefined (reading 'error')","msg":"Performance error in MongoAuditLogRepository.create after 8736ms"}
{"level":50,"time":1763926240837,"type":"transaction_error","class":"_UserFacade","method":"createUserWithKYC","error":"connect ECONNREFUSED ::1:27017, connect ECONNREFUSED 127.0.0.1:27017","isolationLevel":"read-committed","msg":"Transaction error in _UserFacade.createUserWithKYC"}
{"level":50,"time":1763926240837,"component":"MongoUserRepository","error":{"errorLabelSet":{},"reason":{"type":"Unknown","servers":{"localhost:27017":{"address":"localhost:27017","type":"Unknown","hosts":[],"passives":[],"arbiters":[],"tags":{},"minWireVersion":0,"maxWireVersion":0,"roundTripTime":-1,"minRoundTripTime":0,"lastUpdateTime":50012847,"lastWriteDate":0,"error":{"errorLabelSet":{},"beforeHandshake":false},"topologyVersion":null,"setName":null,"setVersion":null,"electionId":null,"logicalSessionTimeoutMinutes":null,"maxMessageSizeBytes":null,"maxWriteBatchSize":null,"maxBsonObjectSize":null,"primary":null,"me":null,"$clusterTime":null,"iscryptd":false}},"stale":false,"compatible":true,"heartbeatFrequencyMS":10000,"localThresholdMS":15,"setName":null,"maxElectionId":null,"maxSetVersion":null,"commonWireVersion":0,"logicalSessionTimeoutMinutes":null}},"id":"test@example.com","msg":"Error in findById"}
 ├ù tests/facades/speciality.facade.test.ts > SpecialityFacade > createSpeciality > devrait cr├®er une sp├®cialit├® avec succ├¿s 5012ms
   ÔåÆ Test timed out in 5000ms.
If this is a long-running test, pass a timeout value as the last argument or configure it globally with "testTimeout".
{"level":50,"time":1763926240828,"type":"performance_error","class":"MongoAuditLogRepository","method":"create","executionTime":2903,"error":"Cannot read properties of undefined (reading 'error')","msg":"Performance error in MongoAuditLogRepository.create after 2903ms"}
{"level":50,"time":1763926240829,"type":"method_error","class":"MongoAuditLogRepository","method":"create","action":"error","executionTime":7909,"error":{"name":"TypeError","message":"Cannot read properties of undefined (reading 'error')"},"args":[{"eventType":"MESSAGE_SENT","category":"METHOD_EXECUTION","severity":"INFO","userId":"system","metadata":{"className":"_MessagingFacade","methodName":"sendMessage","args":[{"conversationId":"conv123","text":"Hello","userId":"user123"}],"executionTime":2},"outcome":"SUCCESS","riskScore":0,"timestamp":"2025-11-23T19:30:32.919Z"}],"msg":"MongoAuditLogRepository.create failed after 7909ms: Cannot read properties of undefined (reading 'error')"}
{"level":50,"time":1763926240829,"type":"method_error","class":"MongoAuditLogRepository","method":"create","action":"error","executionTime":2904,"error":{"name":"TypeError","message":"Cannot read properties of undefined (reading 'error')"},"args":[{"eventType":"MESSAGE_SENT","category":"METHOD_EXECUTION","severity":"INFO","userId":"system","metadata":{"className":"_MessagingFacade","methodName":"sendMessage","args":[{"participants":["user123","user456"],"text":"Hello","userId":"user123","type":"user"}],"executionTime":1},"outcome":"SUCCESS","riskScore":0,"timestamp":"2025-11-23T19:30:37.925Z"}],"msg":"MongoAuditLogRepository.create failed after 2904ms: Cannot read properties of undefined (reading 'error')"}
{"level":50,"time":1763926240829,"type":"audit_log_error","class":"_MessagingFacade","method":"sendMessage","error":"Cannot read properties of undefined (reading 'error')","msg":"Failed to create audit log for _MessagingFacade.sendMessage"}
{"level":30,"time":1763926240829,"type":"audit","class":"_MessagingFacade","method":"sendMessage","eventType":"MESSAGE_SENT","userId":"system","executionTime":2,"msg":"Audit: MESSAGE_SENT - _MessagingFacade.sendMessage"}
{"level":50,"time":1763926240829,"type":"audit_log_error","class":"_MessagingFacade","method":"sendMessage","error":"Cannot read properties of undefined (reading 'error')","msg":"Failed to create audit log for _MessagingFacade.sendMessage"}
{"level":30,"time":1763926240829,"type":"audit","class":"_MessagingFacade","method":"sendMessage","eventType":"MESSAGE_SENT","userId":"system","executionTime":1,"msg":"Audit: MESSAGE_SENT - _MessagingFacade.sendMessage"}
{"level":30,"time":1763926240832,"hasParticipants":true,"textLength":5,"msg":"MessagingFacade.sendMessage called"}
{"level":30,"time":1763926240832,"conversationId":"conv123","messageId":"message123","notificationSent":true,"msg":"Message sent successfully"}
{"level":20,"time":1763926240833,"type":"performance","class":"_MessagingFacade","method":"sendMessage","executionTime":1,"executionTimeNs":0.3476,"level":"good","warningThreshold":2000,"errorThreshold":5000,"msg":"Performance: _MessagingFacade.sendMessage took 1ms"}
{"level":30,"time":1763926240833,"type":"method_call","class":"MongoAuditLogRepository","method":"create","action":"start","args":[{"eventType":"MESSAGE_SENT","category":"METHOD_EXECUTION","severity":"INFO","userId":"system","metadata":{"className":"_MessagingFacade","methodName":"sendMessage","args":[{"participants":["user123","user456"],"text":"Hello","userId":"user123","sendNotification":true}],"executionTime":1},"outcome":"SUCCESS","riskScore":0,"timestamp":"2025-11-23T19:30:40.833Z"}],"msg":"MongoAuditLogRepository.create called"}
{"level":50,"time":1763926240833,"type":"performance_error","class":"MongoAuditLogRepository","method":"create","executionTime":0,"error":"Cannot read properties of undefined (reading 'error')","msg":"Performance error in MongoAuditLogRepository.create after 0ms"}
{"level":50,"time":1763926240833,"type":"method_error","class":"MongoAuditLogRepository","method":"create","action":"error","executionTime":0,"error":{"name":"TypeError","message":"Cannot read properties of undefined (reading 'error')"},"args":[{"eventType":"MESSAGE_SENT","category":"METHOD_EXECUTION","severity":"INFO","userId":"system","metadata":{"className":"_MessagingFacade","methodName":"sendMessage","args":[{"participants":["user123","user456"],"text":"Hello","userId":"user123","sendNotification":true}],"executionTime":1},"outcome":"SUCCESS","riskScore":0,"timestamp":"2025-11-23T19:30:40.833Z"}],"msg":"MongoAuditLogRepository.create failed after 0ms: Cannot read properties of undefined (reading 'error')"}
{"level":50,"time":1763926240833,"type":"audit_log_error","class":"_MessagingFacade","method":"sendMessage","error":"Cannot read properties of undefined (reading 'error')","msg":"Failed to create audit log for _MessagingFacade.sendMessage"}
{"level":30,"time":1763926240833,"type":"audit","class":"_MessagingFacade","method":"sendMessage","eventType":"MESSAGE_SENT","userId":"system","executionTime":1,"msg":"Audit: MESSAGE_SENT - _MessagingFacade.sendMessage"}
{"level":30,"time":1763926240835,"hasParticipants":false,"textLength":5,"msg":"MessagingFacade.sendMessage called"}
{"level":50,"time":1763926240835,"error":{},"hasParticipants":false,"msg":"Error in MessagingFacade.sendMessage"}
{"level":20,"time":1763926240835,"type":"performance","class":"_MessagingFacade","method":"sendMessage","executionTime":0,"executionTimeNs":0.1483,"level":"good","warningThreshold":2000,"errorThreshold":5000,"msg":"Performance: _MessagingFacade.sendMessage took 0ms"}
{"level":30,"time":1763926240835,"type":"method_call","class":"MongoAuditLogRepository","method":"create","action":"start","args":[{"eventType":"MESSAGE_SENT","category":"METHOD_EXECUTION","severity":"INFO","userId":"system","metadata":{"className":"_MessagingFacade","methodName":"sendMessage","args":[{"text":"Hello","userId":"user123"}],"executionTime":0},"outcome":"SUCCESS","riskScore":0,"timestamp":"2025-11-23T19:30:40.835Z"}],"msg":"MongoAuditLogRepository.create called"}
{"level":50,"time":1763926240835,"type":"performance_error","class":"MongoAuditLogRepository","method":"create","executionTime":0,"error":"Cannot read properties of undefined (reading 'error')","msg":"Performance error in MongoAuditLogRepository.create after 0ms"}
{"level":50,"time":1763926240835,"type":"method_error","class":"MongoAuditLogRepository","method":"create","action":"error","executionTime":0,"error":{"name":"TypeError","message":"Cannot read properties of undefined (reading 'error')"},"args":[{"eventType":"MESSAGE_SENT","category":"METHOD_EXECUTION","severity":"INFO","userId":"system","metadata":{"className":"_MessagingFacade","methodName":"sendMessage","args":[{"text":"Hello","userId":"user123"}],"executionTime":0},"outcome":"SUCCESS","riskScore":0,"timestamp":"2025-11-23T19:30:40.835Z"}],"msg":"MongoAuditLogRepository.create failed after 0ms: Cannot read properties of undefined (reading 'error')"}
{"level":50,"time":1763926240835,"type":"audit_log_error","class":"_MessagingFacade","method":"sendMessage","error":"Cannot read properties of undefined (reading 'error')","msg":"Failed to create audit log for _MessagingFacade.sendMessage"}
{"level":30,"time":1763926240835,"type":"audit","class":"_MessagingFacade","method":"sendMessage","eventType":"MESSAGE_SENT","userId":"system","executionTime":0,"msg":"Audit: MESSAGE_SENT - _MessagingFacade.sendMessage"}
{"level":30,"time":1763926240836,"conversationId":"conv123","hasParticipants":false,"textLength":5,"msg":"MessagingFacade.sendMessage called"}
{"level":50,"time":1763926240836,"error":{},"conversationId":"conv123","hasParticipants":false,"msg":"Error in MessagingFacade.sendMessage"}
{"level":20,"time":1763926240836,"type":"performance","class":"_MessagingFacade","method":"sendMessage","executionTime":0,"executionTimeNs":0.0977,"level":"good","warningThreshold":2000,"errorThreshold":5000,"msg":"Performance: _MessagingFacade.sendMessage took 0ms"}
{"level":30,"time":1763926240836,"type":"method_call","class":"MongoAuditLogRepository","method":"create","action":"start","args":[{"eventType":"MESSAGE_SENT","category":"METHOD_EXECUTION","severity":"INFO","userId":"system","metadata":{"className":"_MessagingFacade","methodName":"sendMessage","args":[{"conversationId":"conv123","text":"Hello","userId":"user123"}],"executionTime":0},"outcome":"SUCCESS","riskScore":0,"timestamp":"2025-11-23T19:30:40.836Z"}],"msg":"MongoAuditLogRepository.create called"}
{"level":50,"time":1763926240836,"type":"performance_error","class":"MongoAuditLogRepository","method":"create","executionTime":0,"error":"Cannot read properties of undefined (reading 'error')","msg":"Performance error in MongoAuditLogRepository.create after 0ms"}
{"level":50,"time":1763926240836,"type":"method_error","class":"MongoAuditLogRepository","method":"create","action":"error","executionTime":0,"error":{"name":"TypeError","message":"Cannot read properties of undefined (reading 'error')"},"args":[{"eventType":"MESSAGE_SENT","category":"METHOD_EXECUTION","severity":"INFO","userId":"system","metadata":{"className":"_MessagingFacade","methodName":"sendMessage","args":[{"conversationId":"conv123","text":"Hello","userId":"user123"}],"executionTime":0},"outcome":"SUCCESS","riskScore":0,"timestamp":"2025-11-23T19:30:40.836Z"}],"msg":"MongoAuditLogRepository.create failed after 0ms: Cannot read properties of undefined (reading 'error')"}
{"level":50,"time":1763926240836,"type":"audit_log_error","class":"_MessagingFacade","method":"sendMessage","error":"Cannot read properties of undefined (reading 'error')","msg":"Failed to create audit log for _MessagingFacade.sendMessage"}
{"level":30,"time":1763926240836,"type":"audit","class":"_MessagingFacade","method":"sendMessage","eventType":"MESSAGE_SENT","userId":"system","executionTime":0,"msg":"Audit: MESSAGE_SENT - _MessagingFacade.sendMessage"}
{"level":30,"time":1763926240837,"type":"method_call","class":"_MessagingFacade","method":"execute","action":"start","args":[{"conversationId":"conv123","text":"Hello","userId":"user123"}],"msg":"_MessagingFacade.execute called"}
{"level":30,"time":1763926240839,"conversationId":"conv123","hasParticipants":false,"textLength":5,"msg":"MessagingFacade.sendMessage called"}
{"level":30,"time":1763926240839,"conversationId":"conv123","messageId":"message123","notificationSent":false,"msg":"Message sent successfully"}
{"level":20,"time":1763926240839,"type":"performance","class":"_MessagingFacade","method":"sendMessage","executionTime":0,"executionTimeNs":0.086,"level":"good","warningThreshold":2000,"errorThreshold":5000,"msg":"Performance: _MessagingFacade.sendMessage took 0ms"}
{"level":30,"time":1763926240839,"type":"method_call","class":"MongoAuditLogRepository","method":"create","action":"start","args":[{"eventType":"MESSAGE_SENT","category":"METHOD_EXECUTION","severity":"INFO","userId":"system","metadata":{"className":"_MessagingFacade","methodName":"sendMessage","args":[{"conversationId":"conv123","text":"Hello","userId":"user123"}],"executionTime":0},"outcome":"SUCCESS","riskScore":0,"timestamp":"2025-11-23T19:30:40.839Z"}],"msg":"MongoAuditLogRepository.create called"}
{"level":50,"time":1763926240839,"type":"performance_error","class":"MongoAuditLogRepository","method":"create","executionTime":0,"error":"Cannot read properties of undefined (reading 'error')","msg":"Performance error in MongoAuditLogRepository.create after 0ms"}
{"level":50,"time":1763926240839,"type":"method_error","class":"MongoAuditLogRepository","method":"create","action":"error","executionTime":0,"error":{"name":"TypeError","message":"Cannot read properties of undefined (reading 'error')"},"args":[{"eventType":"MESSAGE_SENT","category":"METHOD_EXECUTION","severity":"INFO","userId":"system","metadata":{"className":"_MessagingFacade","methodName":"sendMessage","args":[{"conversationId":"conv123","text":"Hello","userId":"user123"}],"executionTime":0},"outcome":"SUCCESS","riskScore":0,"timestamp":"2025-11-23T19:30:40.839Z"}],"msg":"MongoAuditLogRepository.create failed after 0ms: Cannot read properties of undefined (reading 'error')"}
{"level":50,"time":1763926240839,"type":"audit_log_error","class":"_MessagingFacade","method":"sendMessage","error":"Cannot read properties of undefined (reading 'error')","msg":"Failed to create audit log for _MessagingFacade.sendMessage"}
{"level":30,"time":1763926240839,"type":"audit","class":"_MessagingFacade","method":"sendMessage","eventType":"MESSAGE_SENT","userId":"system","executionTime":0,"msg":"Audit: MESSAGE_SENT - _MessagingFacade.sendMessage"}
{"level":30,"time":1763926240839,"type":"method_call","class":"_MessagingFacade","method":"execute","action":"success","executionTime":2,"msg":"_MessagingFacade.execute completed in 2ms"}
 Ô£ô tests/facades/messaging.facade.test.ts > MessagingFacade > sendMessage > devrait cr├®er une nouvelle conversation si participants est fourni 2907ms
 Ô£ô tests/facades/messaging.facade.test.ts > MessagingFacade > sendMessage > devrait envoyer une notification si sendNotification est true 3ms
 Ô£ô tests/facades/messaging.facade.test.ts > MessagingFacade > sendMessage > devrait retourner une erreur si ni conversationId ni participants ne sont fournis 1ms
 Ô£ô tests/facades/messaging.facade.test.ts > MessagingFacade > sendMessage > devrait g├®rer les erreurs de service 1ms
 Ô£ô tests/facades/messaging.facade.test.ts > MessagingFacade > execute > devrait appeler sendMessage via execute 3ms
{"level":50,"time":1763926240837,"component":"MongoUserRepository","error":{"errorLabelSet":{},"reason":{"type":"Unknown","servers":{"localhost:27017":{"address":"localhost:27017","type":"Unknown","hosts":[],"passives":[],"arbiters":[],"tags":{},"minWireVersion":0,"maxWireVersion":0,"roundTripTime":-1,"minRoundTripTime":0,"lastUpdateTime":50012758,"lastWriteDate":0,"error":{"errorLabelSet":{},"beforeHandshake":false},"topologyVersion":null,"setName":null,"setVersion":null,"electionId":null,"logicalSessionTimeoutMinutes":null,"maxMessageSizeBytes":null,"maxWriteBatchSize":null,"maxBsonObjectSize":null,"primary":null,"me":null,"$clusterTime":null,"iscryptd":false}},"stale":false,"compatible":true,"heartbeatFrequencyMS":10000,"localThresholdMS":15,"setName":null,"maxElectionId":null,"maxSetVersion":null,"commonWireVersion":0,"logicalSessionTimeoutMinutes":null}},"filters":{},"options":{"limit":10,"page":1,"offset":0},"msg":"Error in findWithPagination"}
{"level":50,"time":1763926240838,"component":"MongoUserRepository","error":{"errorLabelSet":{},"reason":{"type":"Unknown","servers":{"localhost:27017":{"address":"localhost:27017","type":"Unknown","hosts":[],"passives":[],"arbiters":[],"tags":{},"minWireVersion":0,"maxWireVersion":0,"roundTripTime":-1,"minRoundTripTime":0,"lastUpdateTime":50012758,"lastWriteDate":0,"error":{"errorLabelSet":{},"beforeHandshake":false},"topologyVersion":null,"setName":null,"setVersion":null,"electionId":null,"logicalSessionTimeoutMinutes":null,"maxMessageSizeBytes":null,"maxWriteBatchSize":null,"maxBsonObjectSize":null,"primary":null,"me":null,"$clusterTime":null,"iscryptd":false}},"stale":false,"compatible":true,"heartbeatFrequencyMS":10000,"localThresholdMS":15,"setName":null,"maxElectionId":null,"maxSetVersion":null,"commonWireVersion":0,"logicalSessionTimeoutMinutes":null}},"filters":{},"options":{"limit":10,"page":1,"offset":0},"msg":"Error in findWithPagination"}
{"level":50,"time":1763926240838,"type":"performance_error","class":"_UserFacade","method":"createUserWithKYC","executionTime":1866,"error":"connect ECONNREFUSED ::1:27017, connect ECONNREFUSED 127.0.0.1:27017","msg":"Performance error in _UserFacade.createUserWithKYC after 1866ms"}
{"level":30,"time":1763926240838,"type":"method_call","class":"MongoAuditLogRepository","method":"create","action":"start","args":[{"eventType":"USER_CREATED","category":"METHOD_EXECUTION","severity":"ERROR","userId":"system","metadata":{"className":"_UserFacade","methodName":"createUserWithKYC","args":[{"email":"test-1763926238965@example.com","name":"Test User","firstName":"Test","lastName":"User","roles":["CUSTOMER"],"status":"ACTIVE","sendWelcomeNotification":true}],"error":"connect ECONNREFUSED ::1:27017, connect ECONNREFUSED 127.0.0.1:27017","executionTime":1866},"outcome":"FAILURE","riskScore":50,"timestamp":"2025-11-23T19:30:40.838Z"}],"msg":"MongoAuditLogRepository.create called"}
{"level":50,"time":1763926240839,"type":"method_error","class":"MongoUserRepository","method":"findUsersWithFilters","action":"error","executionTime":7624,"error":{"name":"MongoServerSelectionError","message":"connect ECONNREFUSED ::1:27017, connect ECONNREFUSED 127.0.0.1:27017"},"args":[{},{"limit":10,"page":1,"offset":0,"sort":{}}],"msg":"MongoUserRepository.findUsersWithFilters failed after 7624ms: connect ECONNREFUSED ::1:27017, connect ECONNREFUSED 127.0.0.1:27017"}
{"level":50,"time":1763926240839,"type":"method_error","class":"MongoUserRepository","method":"findUsersWithFilters","action":"error","executionTime":6878,"error":{"name":"MongoServerSelectionError","message":"connect ECONNREFUSED ::1:27017, connect ECONNREFUSED 127.0.0.1:27017"},"args":[{"roles":{"$in":["CUSTOMER"]}},{"limit":10,"page":1,"offset":0,"sort":{}}],"msg":"MongoUserRepository.findUsersWithFilters failed after 6878ms: connect ECONNREFUSED ::1:27017, connect ECONNREFUSED 127.0.0.1:27017"}
{"level":50,"time":1763926240839,"error":{"errorLabelSet":{},"reason":{"type":"Unknown","servers":{"localhost:27017":{"address":"localhost:27017","type":"Unknown","hosts":[],"passives":[],"arbiters":[],"tags":{},"minWireVersion":0,"maxWireVersion":0,"roundTripTime":-1,"minRoundTripTime":0,"lastUpdateTime":50012758,"lastWriteDate":0,"error":{"errorLabelSet":{},"beforeHandshake":false},"topologyVersion":null,"setName":null,"setVersion":null,"electionId":null,"logicalSessionTimeoutMinutes":null,"maxMessageSizeBytes":null,"maxWriteBatchSize":null,"maxBsonObjectSize":null,"primary":null,"me":null,"$clusterTime":null,"iscryptd":false}},"stale":false,"compatible":true,"heartbeatFrequencyMS":10000,"localThresholdMS":15,"setName":null,"maxElectionId":null,"maxSetVersion":null,"commonWireVersion":0,"logicalSessionTimeoutMinutes":null}},"filters":{},"pagination":{"limit":10,"page":1},"msg":"Error in UserFacade.getUsers"}
{"level":50,"time":1763926240839,"error":{"errorLabelSet":{},"reason":{"type":"Unknown","servers":{"localhost:27017":{"address":"localhost:27017","type":"Unknown","hosts":[],"passives":[],"arbiters":[],"tags":{},"minWireVersion":0,"maxWireVersion":0,"roundTripTime":-1,"minRoundTripTime":0,"lastUpdateTime":50012758,"lastWriteDate":0,"error":{"errorLabelSet":{},"beforeHandshake":false},"topologyVersion":null,"setName":null,"setVersion":null,"electionId":null,"logicalSessionTimeoutMinutes":null,"maxMessageSizeBytes":null,"maxWriteBatchSize":null,"maxBsonObjectSize":null,"primary":null,"me":null,"$clusterTime":null,"iscryptd":false}},"stale":false,"compatible":true,"heartbeatFrequencyMS":10000,"localThresholdMS":15,"setName":null,"maxElectionId":null,"maxSetVersion":null,"commonWireVersion":0,"logicalSessionTimeoutMinutes":null}},"filters":{"role":"CUSTOMER"},"pagination":{"limit":10,"page":1},"msg":"Error in UserFacade.getUsers"}
{"level":50,"time":1763926240840,"component":"MongoAuditLogRepository","error":{"errorLabelSet":{},"reason":{"type":"Unknown","servers":{"localhost:27017":{"address":"localhost:27017","type":"Unknown","hosts":[],"passives":[],"arbiters":[],"tags":{},"minWireVersion":0,"maxWireVersion":0,"roundTripTime":-1,"minRoundTripTime":0,"lastUpdateTime":50012758,"lastWriteDate":0,"error":{"errorLabelSet":{},"beforeHandshake":false},"topologyVersion":null,"setName":null,"setVersion":null,"electionId":null,"logicalSessionTimeoutMinutes":null,"maxMessageSizeBytes":null,"maxWriteBatchSize":null,"maxBsonObjectSize":null,"primary":null,"me":null,"$clusterTime":null,"iscryptd":false}},"stale":false,"compatible":true,"heartbeatFrequencyMS":10000,"localThresholdMS":15,"setName":null,"maxElectionId":null,"maxSetVersion":null,"commonWireVersion":0,"logicalSessionTimeoutMinutes":null}},"data":{"eventType":"USER_CREATED","category":"METHOD_EXECUTION","severity":"ERROR","userId":"system","metadata":{"className":"_UserFacade","methodName":"createUserWithKYC","args":[{"email":"test-1763926238965@example.com","name":"Test User","firstName":"Test","lastName":"User","roles":["CUSTOMER"],"status":"ACTIVE","sendWelcomeNotification":true}],"error":"connect ECONNREFUSED ::1:27017, connect ECONNREFUSED 127.0.0.1:27017","executionTime":1866},"outcome":"FAILURE","riskScore":50,"timestamp":"2025-11-23T19:30:40.838Z"},"msg":"Error in create"}
{"level":50,"time":1763926240840,"type":"performance","class":"_UserFacade","method":"getUsers","executionTime":7626,"executionTimeNs":7625.3308,"level":"error","warningThreshold":2000,"errorThreshold":5000,"msg":"Performance error: _UserFacade.getUsers took 7626ms (threshold: 5000ms)"}
{"level":50,"time":1763926240840,"type":"performance","class":"_UserFacade","method":"getUsers","executionTime":6879,"executionTimeNs":6878.6908,"level":"error","warningThreshold":2000,"errorThreshold":5000,"msg":"Performance error: _UserFacade.getUsers took 6879ms (threshold: 5000ms)"}
{"level":30,"time":1763926240840,"type":"method_call","class":"MongoAuditLogRepository","method":"create","action":"start","args":[{"eventType":"USERS_RETRIEVED","category":"METHOD_EXECUTION","severity":"INFO","userId":"system","metadata":{"className":"_UserFacade","methodName":"getUsers","executionTime":7626},"outcome":"SUCCESS","riskScore":0,"timestamp":"2025-11-23T19:30:40.840Z"}],"msg":"MongoAuditLogRepository.create called"}
{"level":30,"time":1763926240840,"type":"method_call","class":"MongoAuditLogRepository","method":"create","action":"start","args":[{"eventType":"USERS_RETRIEVED","category":"METHOD_EXECUTION","severity":"INFO","userId":"system","metadata":{"className":"_UserFacade","methodName":"getUsers","executionTime":6879},"outcome":"SUCCESS","riskScore":0,"timestamp":"2025-11-23T19:30:40.840Z"}],"msg":"MongoAuditLogRepository.create called"}
{"level":50,"time":1763926240840,"type":"performance_error","class":"MongoAuditLogRepository","method":"create","executionTime":1,"error":"connect ECONNREFUSED ::1:27017, connect ECONNREFUSED 127.0.0.1:27017","msg":"Performance error in MongoAuditLogRepository.create after 1ms"}
{"level":50,"time":1763926240840,"type":"method_error","class":"MongoAuditLogRepository","method":"create","action":"error","executionTime":2,"error":{"name":"MongoServerSelectionError","message":"connect ECONNREFUSED ::1:27017, connect ECONNREFUSED 127.0.0.1:27017"},"args":[{"eventType":"USER_CREATED","category":"METHOD_EXECUTION","severity":"ERROR","userId":"system","metadata":{"className":"_UserFacade","methodName":"createUserWithKYC","args":[{"email":"test-1763926238965@example.com","name":"Test User","firstName":"Test","lastName":"User","roles":["CUSTOMER"],"status":"ACTIVE","sendWelcomeNotification":true}],"error":"connect ECONNREFUSED ::1:27017, connect ECONNREFUSED 127.0.0.1:27017","executionTime":1866},"outcome":"FAILURE","riskScore":50,"timestamp":"2025-11-23T19:30:40.838Z"}],"msg":"MongoAuditLogRepository.create failed after 2ms: connect ECONNREFUSED ::1:27017, connect ECONNREFUSED 127.0.0.1:27017"}
{"level":50,"time":1763926240840,"component":"MongoAuditLogRepository","error":{"errorLabelSet":{},"reason":{"type":"Unknown","servers":{"localhost:27017":{"address":"localhost:27017","type":"Unknown","hosts":[],"passives":[],"arbiters":[],"tags":{},"minWireVersion":0,"maxWireVersion":0,"roundTripTime":-1,"minRoundTripTime":0,"lastUpdateTime":50012758,"lastWriteDate":0,"error":{"errorLabelSet":{},"beforeHandshake":false},"topologyVersion":null,"setName":null,"setVersion":null,"electionId":null,"logicalSessionTimeoutMinutes":null,"maxMessageSizeBytes":null,"maxWriteBatchSize":null,"maxBsonObjectSize":null,"primary":null,"me":null,"$clusterTime":null,"iscryptd":false}},"stale":false,"compatible":true,"heartbeatFrequencyMS":10000,"localThresholdMS":15,"setName":null,"maxElectionId":null,"maxSetVersion":null,"commonWireVersion":0,"logicalSessionTimeoutMinutes":null}},"data":{"eventType":"USERS_RETRIEVED","category":"METHOD_EXECUTION","severity":"INFO","userId":"system","metadata":{"className":"_UserFacade","methodName":"getUsers","executionTime":7626},"outcome":"SUCCESS","riskScore":0,"timestamp":"2025-11-23T19:30:40.840Z"},"msg":"Error in create"}
{"level":50,"time":1763926240840,"component":"MongoAuditLogRepository","error":{"errorLabelSet":{},"reason":{"type":"Unknown","servers":{"localhost:27017":{"address":"localhost:27017","type":"Unknown","hosts":[],"passives":[],"arbiters":[],"tags":{},"minWireVersion":0,"maxWireVersion":0,"roundTripTime":-1,"minRoundTripTime":0,"lastUpdateTime":50012758,"lastWriteDate":0,"error":{"errorLabelSet":{},"beforeHandshake":false},"topologyVersion":null,"setName":null,"setVersion":null,"electionId":null,"logicalSessionTimeoutMinutes":null,"maxMessageSizeBytes":null,"maxWriteBatchSize":null,"maxBsonObjectSize":null,"primary":null,"me":null,"$clusterTime":null,"iscryptd":false}},"stale":false,"compatible":true,"heartbeatFrequencyMS":10000,"localThresholdMS":15,"setName":null,"maxElectionId":null,"maxSetVersion":null,"commonWireVersion":0,"logicalSessionTimeoutMinutes":null}},"data":{"eventType":"USERS_RETRIEVED","category":"METHOD_EXECUTION","severity":"INFO","userId":"system","metadata":{"className":"_UserFacade","methodName":"getUsers","executionTime":6879},"outcome":"SUCCESS","riskScore":0,"timestamp":"2025-11-23T19:30:40.840Z"},"msg":"Error in create"}
{"level":50,"time":1763926240840,"type":"audit_log_error","class":"_UserFacade","method":"createUserWithKYC","error":"connect ECONNREFUSED ::1:27017, connect ECONNREFUSED 127.0.0.1:27017","msg":"Failed to create audit log for _UserFacade.createUserWithKYC"}
{"level":50,"time":1763926240840,"type":"audit_error","class":"_UserFacade","method":"createUserWithKYC","eventType":"USER_CREATED","userId":"system","error":"connect ECONNREFUSED ::1:27017, connect ECONNREFUSED 127.0.0.1:27017","executionTime":1866,"msg":"Audit error: USER_CREATED - _UserFacade.createUserWithKYC"}
{"level":40,"time":1763926240841,"method":"_UserFacade.createUserWithKYC","attempt":1,"maxAttempts":2,"nextAttemptIn":1000,"error":"connect ECONNREFUSED ::1:27017, connect ECONNREFUSED 127.0.0.1:27017","msg":"Retry attempt 1/2"}
{"level":50,"time":1763926240841,"type":"performance_error","class":"MongoAuditLogRepository","method":"create","executionTime":1,"error":"connect ECONNREFUSED ::1:27017, connect ECONNREFUSED 127.0.0.1:27017","msg":"Performance error in MongoAuditLogRepository.create after 1ms"}
{"level":50,"time":1763926240841,"type":"performance_error","class":"MongoAuditLogRepository","method":"create","executionTime":1,"error":"connect ECONNREFUSED ::1:27017, connect ECONNREFUSED 127.0.0.1:27017","msg":"Performance error in MongoAuditLogRepository.create after 1ms"}
{"level":50,"time":1763926240841,"type":"method_error","class":"MongoAuditLogRepository","method":"create","action":"error","executionTime":1,"error":{"name":"MongoServerSelectionError","message":"connect ECONNREFUSED ::1:27017, connect ECONNREFUSED 127.0.0.1:27017"},"args":[{"eventType":"USERS_RETRIEVED","category":"METHOD_EXECUTION","severity":"INFO","userId":"system","metadata":{"className":"_UserFacade","methodName":"getUsers","executionTime":7626},"outcome":"SUCCESS","riskScore":0,"timestamp":"2025-11-23T19:30:40.840Z"}],"msg":"MongoAuditLogRepository.create failed after 1ms: connect ECONNREFUSED ::1:27017, connect ECONNREFUSED 127.0.0.1:27017"}
{"level":50,"time":1763926240841,"type":"method_error","class":"MongoAuditLogRepository","method":"create","action":"error","executionTime":1,"error":{"name":"MongoServerSelectionError","message":"connect ECONNREFUSED ::1:27017, connect ECONNREFUSED 127.0.0.1:27017"},"args":[{"eventType":"USERS_RETRIEVED","category":"METHOD_EXECUTION","severity":"INFO","userId":"system","metadata":{"className":"_UserFacade","methodName":"getUsers","executionTime":6879},"outcome":"SUCCESS","riskScore":0,"timestamp":"2025-11-23T19:30:40.840Z"}],"msg":"MongoAuditLogRepository.create failed after 1ms: connect ECONNREFUSED ::1:27017, connect ECONNREFUSED 127.0.0.1:27017"}
{"level":50,"time":1763926240841,"type":"audit_log_error","class":"_UserFacade","method":"getUsers","error":"connect ECONNREFUSED ::1:27017, connect ECONNREFUSED 127.0.0.1:27017","msg":"Failed to create audit log for _UserFacade.getUsers"}
{"level":30,"time":1763926240841,"type":"audit","class":"_UserFacade","method":"getUsers","eventType":"USERS_RETRIEVED","userId":"system","executionTime":7626,"msg":"Audit: USERS_RETRIEVED - _UserFacade.getUsers"}
{"level":50,"time":1763926240841,"type":"audit_log_error","class":"_UserFacade","method":"getUsers","error":"connect ECONNREFUSED ::1:27017, connect ECONNREFUSED 127.0.0.1:27017","msg":"Failed to create audit log for _UserFacade.getUsers"}
{"level":30,"time":1763926240841,"type":"audit","class":"_UserFacade","method":"getUsers","eventType":"USERS_RETRIEVED","userId":"system","executionTime":6879,"msg":"Audit: USERS_RETRIEVED - _UserFacade.getUsers"}
{"level":30,"time":1763926240841,"type":"method_call","class":"_UserFacade","method":"getUsers","action":"success","executionTime":7628,"msg":"_UserFacade.getUsers completed in 7628ms"}
{"level":30,"time":1763926240841,"type":"method_call","class":"_UserFacade","method":"getUsers","action":"success","executionTime":6880,"msg":"_UserFacade.getUsers completed in 6880ms"}
{"level":50,"time":1763926240841,"route":"api/users","error":{},"msg":"Unexpected error in API route"}
{"level":50,"time":1763926240843,"route":"api/users","error":{},"msg":"Unexpected error in API route"}
{"level":50,"time":1763926240838,"component":"MongoUserRepository","error":{"errorLabelSet":{},"reason":{"type":"Unknown","servers":{"localhost:27017":{"address":"localhost:27017","type":"Unknown","hosts":[],"passives":[],"arbiters":[],"tags":{},"minWireVersion":0,"maxWireVersion":0,"roundTripTime":-1,"minRoundTripTime":0,"lastUpdateTime":50012847,"lastWriteDate":0,"error":{"errorLabelSet":{},"beforeHandshake":false},"topologyVersion":null,"setName":null,"setVersion":null,"electionId":null,"logicalSessionTimeoutMinutes":null,"maxMessageSizeBytes":null,"maxWriteBatchSize":null,"maxBsonObjectSize":null,"primary":null,"me":null,"$clusterTime":null,"iscryptd":false}},"stale":false,"compatible":true,"heartbeatFrequencyMS":10000,"localThresholdMS":15,"setName":null,"maxElectionId":null,"maxSetVersion":null,"commonWireVersion":0,"logicalSessionTimeoutMinutes":null}},"id":"nonexistent@example.com","msg":"Error in findById"}
{"level":50,"time":1763926240839,"type":"method_error","class":"MongoUserRepository","method":"findById","action":"error","executionTime":8059,"error":{"name":"MongoServerSelectionError","message":"connect ECONNREFUSED ::1:27017, connect ECONNREFUSED 127.0.0.1:27017"},"args":["test@example.com"],"msg":"MongoUserRepository.findById failed after 8059ms: connect ECONNREFUSED ::1:27017, connect ECONNREFUSED 127.0.0.1:27017"}
{"level":50,"time":1763926240839,"type":"method_error","class":"MongoUserRepository","method":"findById","action":"error","executionTime":3067,"error":{"name":"MongoServerSelectionError","message":"connect ECONNREFUSED ::1:27017, connect ECONNREFUSED 127.0.0.1:27017"},"args":["nonexistent@example.com"],"msg":"MongoUserRepository.findById failed after 3067ms: connect ECONNREFUSED ::1:27017, connect ECONNREFUSED 127.0.0.1:27017"}
{"level":50,"time":1763926240839,"error":{"errorLabelSet":{},"reason":{"type":"Unknown","servers":{"localhost:27017":{"address":"localhost:27017","type":"Unknown","hosts":[],"passives":[],"arbiters":[],"tags":{},"minWireVersion":0,"maxWireVersion":0,"roundTripTime":-1,"minRoundTripTime":0,"lastUpdateTime":50012847,"lastWriteDate":0,"error":{"errorLabelSet":{},"beforeHandshake":false},"topologyVersion":null,"setName":null,"setVersion":null,"electionId":null,"logicalSessionTimeoutMinutes":null,"maxMessageSizeBytes":null,"maxWriteBatchSize":null,"maxBsonObjectSize":null,"primary":null,"me":null,"$clusterTime":null,"iscryptd":false}},"stale":false,"compatible":true,"heartbeatFrequencyMS":10000,"localThresholdMS":15,"setName":null,"maxElectionId":null,"maxSetVersion":null,"commonWireVersion":0,"logicalSessionTimeoutMinutes":null}},"userId":"test@example.com","msg":"Erreur getUserProfile"}
{"level":50,"time":1763926240839,"error":{"errorLabelSet":{},"reason":{"type":"Unknown","servers":{"localhost:27017":{"address":"localhost:27017","type":"Unknown","hosts":[],"passives":[],"arbiters":[],"tags":{},"minWireVersion":0,"maxWireVersion":0,"roundTripTime":-1,"minRoundTripTime":0,"lastUpdateTime":50012847,"lastWriteDate":0,"error":{"errorLabelSet":{},"beforeHandshake":false},"topologyVersion":null,"setName":null,"setVersion":null,"electionId":null,"logicalSessionTimeoutMinutes":null,"maxMessageSizeBytes":null,"maxWriteBatchSize":null,"maxBsonObjectSize":null,"primary":null,"me":null,"$clusterTime":null,"iscryptd":false}},"stale":false,"compatible":true,"heartbeatFrequencyMS":10000,"localThresholdMS":15,"setName":null,"maxElectionId":null,"maxSetVersion":null,"commonWireVersion":0,"logicalSessionTimeoutMinutes":null}},"userId":"nonexistent@example.com","msg":"Erreur getUserProfile"}
{"level":50,"time":1763926240839,"type":"method_error","class":"_UserService","method":"getUserProfile","action":"error","executionTime":8061,"error":{"name":"MongoServerSelectionError","message":"connect ECONNREFUSED ::1:27017, connect ECONNREFUSED 127.0.0.1:27017"},"args":["test@example.com"],"msg":"_UserService.getUserProfile failed after 8061ms: connect ECONNREFUSED ::1:27017, connect ECONNREFUSED 127.0.0.1:27017"}
{"level":50,"time":1763926240839,"type":"method_error","class":"_UserService","method":"getUserProfile","action":"error","executionTime":3067,"error":{"name":"MongoServerSelectionError","message":"connect ECONNREFUSED ::1:27017, connect ECONNREFUSED 127.0.0.1:27017"},"args":["nonexistent@example.com"],"msg":"_UserService.getUserProfile failed after 3067ms: connect ECONNREFUSED ::1:27017, connect ECONNREFUSED 127.0.0.1:27017"}
{"level":50,"time":1763926240839,"error":{"errorLabelSet":{},"reason":{"type":"Unknown","servers":{"localhost:27017":{"address":"localhost:27017","type":"Unknown","hosts":[],"passives":[],"arbiters":[],"tags":{},"minWireVersion":0,"maxWireVersion":0,"roundTripTime":-1,"minRoundTripTime":0,"lastUpdateTime":50012847,"lastWriteDate":0,"error":{"errorLabelSet":{},"beforeHandshake":false},"topologyVersion":null,"setName":null,"setVersion":null,"electionId":null,"logicalSessionTimeoutMinutes":null,"maxMessageSizeBytes":null,"maxWriteBatchSize":null,"maxBsonObjectSize":null,"primary":null,"me":null,"$clusterTime":null,"iscryptd":false}},"stale":false,"compatible":true,"heartbeatFrequencyMS":10000,"localThresholdMS":15,"setName":null,"maxElectionId":null,"maxSetVersion":null,"commonWireVersion":0,"logicalSessionTimeoutMinutes":null}},"msg":"Error requesting password reset"}
{"level":50,"time":1763926240841,"error":{"errorLabelSet":{},"reason":{"type":"Unknown","servers":{"localhost:27017":{"address":"localhost:27017","type":"Unknown","hosts":[],"passives":[],"arbiters":[],"tags":{},"minWireVersion":0,"maxWireVersion":0,"roundTripTime":-1,"minRoundTripTime":0,"lastUpdateTime":50012847,"lastWriteDate":0,"error":{"errorLabelSet":{},"beforeHandshake":false},"topologyVersion":null,"setName":null,"setVersion":null,"electionId":null,"logicalSessionTimeoutMinutes":null,"maxMessageSizeBytes":null,"maxWriteBatchSize":null,"maxBsonObjectSize":null,"primary":null,"me":null,"$clusterTime":null,"iscryptd":false}},"stale":false,"compatible":true,"heartbeatFrequencyMS":10000,"localThresholdMS":15,"setName":null,"maxElectionId":null,"maxSetVersion":null,"commonWireVersion":0,"logicalSessionTimeoutMinutes":null}},"msg":"Error requesting password reset"}
{"level":30,"time":1763926240845,"type":"method_call","class":"_UserService","method":"getUserProfile","action":"start","args":["test@example.com"],"msg":"_UserService.getUserProfile called"}
{"level":20,"time":1763926240845,"userId":"test@example.com","msg":"getUserProfile - ID"}
{"level":20,"time":1763926240845,"type":"method_call","class":"MongoUserRepository","method":"findById","action":"start","args":["test@example.com"],"msg":"MongoUserRepository.findById called"}
{"level":50,"time":1763926240845,"component":"MongoUserRepository","error":{"errorLabelSet":{},"reason":{"type":"Unknown","servers":{"localhost:27017":{"address":"localhost:27017","type":"Unknown","hosts":[],"passives":[],"arbiters":[],"tags":{},"minWireVersion":0,"maxWireVersion":0,"roundTripTime":-1,"minRoundTripTime":0,"lastUpdateTime":50012847,"lastWriteDate":0,"error":{"errorLabelSet":{},"beforeHandshake":false},"topologyVersion":null,"setName":null,"setVersion":null,"electionId":null,"logicalSessionTimeoutMinutes":null,"maxMessageSizeBytes":null,"maxWriteBatchSize":null,"maxBsonObjectSize":null,"primary":null,"me":null,"$clusterTime":null,"iscryptd":false}},"stale":false,"compatible":true,"heartbeatFrequencyMS":10000,"localThresholdMS":15,"setName":null,"maxElectionId":null,"maxSetVersion":null,"commonWireVersion":0,"logicalSessionTimeoutMinutes":null}},"id":"test@example.com","msg":"Error in findById"}
{"level":50,"time":1763926240845,"type":"method_error","class":"MongoUserRepository","method":"findById","action":"error","executionTime":0,"error":{"name":"MongoServerSelectionError","message":"connect ECONNREFUSED ::1:27017, connect ECONNREFUSED 127.0.0.1:27017"},"args":["test@example.com"],"msg":"MongoUserRepository.findById failed after 0ms: connect ECONNREFUSED ::1:27017, connect ECONNREFUSED 127.0.0.1:27017"}
{"level":50,"time":1763926240846,"error":{"errorLabelSet":{},"reason":{"type":"Unknown","servers":{"localhost:27017":{"address":"localhost:27017","type":"Unknown","hosts":[],"passives":[],"arbiters":[],"tags":{},"minWireVersion":0,"maxWireVersion":0,"roundTripTime":-1,"minRoundTripTime":0,"lastUpdateTime":50012847,"lastWriteDate":0,"error":{"errorLabelSet":{},"beforeHandshake":false},"topologyVersion":null,"setName":null,"setVersion":null,"electionId":null,"logicalSessionTimeoutMinutes":null,"maxMessageSizeBytes":null,"maxWriteBatchSize":null,"maxBsonObjectSize":null,"primary":null,"me":null,"$clusterTime":null,"iscryptd":false}},"stale":false,"compatible":true,"heartbeatFrequencyMS":10000,"localThresholdMS":15,"setName":null,"maxElectionId":null,"maxSetVersion":null,"commonWireVersion":0,"logicalSessionTimeoutMinutes":null}},"userId":"test@example.com","msg":"Erreur getUserProfile"}
{"level":50,"time":1763926240846,"type":"method_error","class":"_UserService","method":"getUserProfile","action":"error","executionTime":1,"error":{"name":"MongoServerSelectionError","message":"connect ECONNREFUSED ::1:27017, connect ECONNREFUSED 127.0.0.1:27017"},"args":["test@example.com"],"msg":"_UserService.getUserProfile failed after 1ms: connect ECONNREFUSED ::1:27017, connect ECONNREFUSED 127.0.0.1:27017"}
{"level":50,"time":1763926240846,"error":{"errorLabelSet":{},"reason":{"type":"Unknown","servers":{"localhost:27017":{"address":"localhost:27017","type":"Unknown","hosts":[],"passives":[],"arbiters":[],"tags":{},"minWireVersion":0,"maxWireVersion":0,"roundTripTime":-1,"minRoundTripTime":0,"lastUpdateTime":50012847,"lastWriteDate":0,"error":{"errorLabelSet":{},"beforeHandshake":false},"topologyVersion":null,"setName":null,"setVersion":null,"electionId":null,"logicalSessionTimeoutMinutes":null,"maxMessageSizeBytes":null,"maxWriteBatchSize":null,"maxBsonObjectSize":null,"primary":null,"me":null,"$clusterTime":null,"iscryptd":false}},"stale":false,"compatible":true,"heartbeatFrequencyMS":10000,"localThresholdMS":15,"setName":null,"maxElectionId":null,"maxSetVersion":null,"commonWireVersion":0,"logicalSessionTimeoutMinutes":null}},"msg":"Error requesting password reset"}
{"level":50,"time":1763926240829,"type":"performance_error","class":"MongoAuditLogRepository","method":"create","executionTime":3727,"error":"Cannot read properties of undefined (reading 'error')","msg":"Performance error in MongoAuditLogRepository.create after 3727ms"}
{"level":50,"time":1763926240829,"type":"method_error","class":"MongoAuditLogRepository","method":"create","action":"error","executionTime":8736,"error":{"name":"TypeError","message":"Cannot read properties of undefined (reading 'error')"},"args":[{"eventType":"SPECIALITY_CREATED","category":"METHOD_EXECUTION","severity":"INFO","userId":"system","metadata":{"className":"_SpecialityFacade","methodName":"createSpeciality","args":[{"name":"Cardiologie","description":"Sp├®cialit├® m├®dicale","group":"HEALTH","isActive":true}],"executionTime":3},"outcome":"SUCCESS","riskScore":0,"timestamp":"2025-11-23T19:30:32.093Z"}],"msg":"MongoAuditLogRepository.create failed after 8736ms: Cannot read properties of undefined (reading 'error')"}
{"level":50,"time":1763926240829,"type":"method_error","class":"MongoAuditLogRepository","method":"create","action":"error","executionTime":3727,"error":{"name":"TypeError","message":"Cannot read properties of undefined (reading 'error')"},"args":[{"eventType":"SPECIALITY_CREATED","category":"METHOD_EXECUTION","severity":"INFO","userId":"system","metadata":{"className":"_SpecialityFacade","methodName":"createSpeciality","args":[{"name":"Neurologie","description":"Sp├®cialit├® m├®dicale","group":"HEALTH"}],"executionTime":0},"outcome":"SUCCESS","riskScore":0,"timestamp":"2025-11-23T19:30:37.102Z"}],"msg":"MongoAuditLogRepository.create failed after 3727ms: Cannot read properties of undefined (reading 'error')"}
{"level":50,"time":1763926240829,"type":"audit_log_error","class":"_SpecialityFacade","method":"createSpeciality","error":"Cannot read properties of undefined (reading 'error')","msg":"Failed to create audit log for _SpecialityFacade.createSpeciality"}
{"level":30,"time":1763926240829,"type":"audit","class":"_SpecialityFacade","method":"createSpeciality","eventType":"SPECIALITY_CREATED","userId":"system","executionTime":3,"msg":"Audit: SPECIALITY_CREATED - _SpecialityFacade.createSpeciality"}
{"level":50,"time":1763926240829,"type":"audit_log_error","class":"_SpecialityFacade","method":"createSpeciality","error":"Cannot read properties of undefined (reading 'error')","msg":"Failed to create audit log for _SpecialityFacade.createSpeciality"}
{"level":30,"time":1763926240830,"type":"audit","class":"_SpecialityFacade","method":"createSpeciality","eventType":"SPECIALITY_CREATED","userId":"system","executionTime":0,"msg":"Audit: SPECIALITY_CREATED - _SpecialityFacade.createSpeciality"}
{"level":30,"time":1763926240842,"name":"Cardiologie","group":"HEALTH","msg":"SpecialityFacade.createSpeciality called"}
{"level":50,"time":1763926240842,"error":{},"name":"Cardiologie","group":"HEALTH","msg":"Error in SpecialityFacade.createSpeciality"}
{"level":20,"time":1763926240842,"type":"performance","class":"_SpecialityFacade","method":"createSpeciality","executionTime":0,"executionTimeNs":0.232,"level":"good","warningThreshold":1000,"errorThreshold":3000,"msg":"Performance: _SpecialityFacade.createSpeciality took 0ms"}
{"level":30,"time":1763926240842,"type":"method_call","class":"MongoAuditLogRepository","method":"create","action":"start","args":[{"eventType":"SPECIALITY_CREATED","category":"METHOD_EXECUTION","severity":"INFO","userId":"system","metadata":{"className":"_SpecialityFacade","methodName":"createSpeciality","args":[{"name":"Cardiologie","description":"Sp├®cialit├® m├®dicale","group":"HEALTH"}],"executionTime":0},"outcome":"SUCCESS","riskScore":0,"timestamp":"2025-11-23T19:30:40.842Z"}],"msg":"MongoAuditLogRepository.create called"}
{"level":50,"time":1763926240842,"type":"performance_error","class":"MongoAuditLogRepository","method":"create","executionTime":0,"error":"Cannot read properties of undefined (reading 'error')","msg":"Performance error in MongoAuditLogRepository.create after 0ms"}
{"level":50,"time":1763926240842,"type":"method_error","class":"MongoAuditLogRepository","method":"create","action":"error","executionTime":0,"error":{"name":"TypeError","message":"Cannot read properties of undefined (reading 'error')"},"args":[{"eventType":"SPECIALITY_CREATED","category":"METHOD_EXECUTION","severity":"INFO","userId":"system","metadata":{"className":"_SpecialityFacade","methodName":"createSpeciality","args":[{"name":"Cardiologie","description":"Sp├®cialit├® m├®dicale","group":"HEALTH"}],"executionTime":0},"outcome":"SUCCESS","riskScore":0,"timestamp":"2025-11-23T19:30:40.842Z"}],"msg":"MongoAuditLogRepository.create failed after 0ms: Cannot read properties of undefined (reading 'error')"}
{"level":50,"time":1763926240842,"type":"audit_log_error","class":"_SpecialityFacade","method":"createSpeciality","error":"Cannot read properties of undefined (reading 'error')","msg":"Failed to create audit log for _SpecialityFacade.createSpeciality"}
{"level":30,"time":1763926240842,"type":"audit","class":"_SpecialityFacade","method":"createSpeciality","eventType":"SPECIALITY_CREATED","userId":"system","executionTime":0,"msg":"Audit: SPECIALITY_CREATED - _SpecialityFacade.createSpeciality"}
{"level":30,"time":1763926240844,"type":"method_call","class":"_SpecialityFacade","method":"execute","action":"start","args":[{"name":"Cardiologie","description":"Sp├®cialit├® m├®dicale","group":"HEALTH"}],"msg":"_SpecialityFacade.execute called"}
{"level":40,"time":1763926240847,"type":"validation_error","class":"_SpecialityFacade","method":"execute","paramIndex":0,"paramName":"data","errors":["Invalid speciality type"],"value":{"name":"Cardiologie","description":"Sp├®cialit├® m├®dicale","group":"HEALTH"},"msg":"Validation failed for _SpecialityFacade.execute - data"}
{"level":50,"time":1763926240847,"type":"method_error","class":"_SpecialityFacade","method":"execute","action":"error","executionTime":3,"error":{"name":"Error","message":"Validation failed: data: Invalid speciality type"},"args":[{"name":"Cardiologie","description":"Sp├®cialit├® m├®dicale","group":"HEALTH"}],"msg":"_SpecialityFacade.execute failed after 3ms: Validation failed: data: Invalid speciality type"}
 Ô£ô tests/integration/api/auth/forgot-password.test.ts > Integration: /api/auth/forgot-password > POST /api/auth/forgot-password > devrait retourner un succ├¿s m├¬me si l'utilisateur n'existe pas (s├®curit├®) 3072ms
 Ô£ô tests/integration/api/auth/forgot-password.test.ts > Integration: /api/auth/forgot-password > POST /api/auth/forgot-password > devrait convertir l'email en minuscules 3ms
 Ô£ô tests/facades/speciality.facade.test.ts > SpecialityFacade > createSpeciality > devrait utiliser isActive par d├®faut ├á true si non fourni 3740ms
 Ô£ô tests/facades/speciality.facade.test.ts > SpecialityFacade > createSpeciality > devrait g├®rer les erreurs de cr├®ation 2ms
 ├ù tests/facades/speciality.facade.test.ts > SpecialityFacade > execute > devrait appeler createSpeciality via execute 6ms
   ÔåÆ Validation failed: data: Invalid speciality type
{"level":50,"time":1763926240886,"type":"performance_error","class":"MongoAuditLogRepository","method":"create","executionTime":8546,"error":"Cannot read properties of undefined (reading 'error')","msg":"Performance error in MongoAuditLogRepository.create after 8546ms"}
{"level":50,"time":1763926240908,"type":"performance_error","class":"MongoAuditLogRepository","method":"create","executionTime":8568,"error":"Cannot read properties of undefined (reading 'error')","msg":"Performance error in MongoAuditLogRepository.create after 8568ms"}
{"level":50,"time":1763926240909,"type":"performance_error","class":"MongoAuditLogRepository","method":"create","executionTime":8594,"error":"Cannot read properties of undefined (reading 'error')","msg":"Performance error in MongoAuditLogRepository.create after 8594ms"}
{"level":50,"time":1763926240888,"type":"performance_error","class":"MongoAuditLogRepository","method":"create","executionTime":3544,"error":"Cannot read properties of undefined (reading 'error')","msg":"Performance error in MongoAuditLogRepository.create after 3544ms"}
{"level":50,"time":1763926240888,"type":"method_error","class":"MongoAuditLogRepository","method":"create","action":"error","executionTime":8549,"error":{"name":"TypeError","message":"Cannot read properties of undefined (reading 'error')"},"args":[{"eventType":"BTP_OPERATION","category":"METHOD_EXECUTION","severity":"INFO","userId":"system","metadata":{"className":"_BTPFacade","methodName":"executeOperation","args":[{"operation":"searchProperties","data":{"city":"Paris"},"userId":"user123"}],"executionTime":2},"outcome":"SUCCESS","riskScore":0,"timestamp":"2025-11-23T19:30:32.339Z"}],"msg":"MongoAuditLogRepository.create failed after 8549ms: Cannot read properties of undefined (reading 'error')"}
{"level":50,"time":1763926240888,"type":"method_error","class":"MongoAuditLogRepository","method":"create","action":"error","executionTime":3544,"error":{"name":"TypeError","message":"Cannot read properties of undefined (reading 'error')"},"args":[{"eventType":"BTP_OPERATION","category":"METHOD_EXECUTION","severity":"INFO","userId":"system","metadata":{"className":"_BTPFacade","methodName":"executeOperation","args":[{"operation":"searchContractors","data":{"specialty":"Plomberie"},"userId":"user123"}],"executionTime":0},"outcome":"SUCCESS","riskScore":0,"timestamp":"2025-11-23T19:30:37.344Z"}],"msg":"MongoAuditLogRepository.create failed after 3544ms: Cannot read properties of undefined (reading 'error')"}
{"level":50,"time":1763926240889,"type":"audit_log_error","class":"_BTPFacade","method":"executeOperation","error":"Cannot read properties of undefined (reading 'error')","msg":"Failed to create audit log for _BTPFacade.executeOperation"}
{"level":30,"time":1763926240889,"type":"audit","class":"_BTPFacade","method":"executeOperation","eventType":"BTP_OPERATION","userId":"system","executionTime":2,"msg":"Audit: BTP_OPERATION - _BTPFacade.executeOperation"}
{"level":50,"time":1763926240889,"type":"audit_log_error","class":"_BTPFacade","method":"executeOperation","error":"Cannot read properties of undefined (reading 'error')","msg":"Failed to create audit log for _BTPFacade.executeOperation"}
{"level":30,"time":1763926240889,"type":"audit","class":"_BTPFacade","method":"executeOperation","eventType":"BTP_OPERATION","userId":"system","executionTime":0,"msg":"Audit: BTP_OPERATION - _BTPFacade.executeOperation"}
{"level":30,"time":1763926240900,"operation":"createQuote","userId":"user123","msg":"BTPFacade.executeOperation called"}
{"level":30,"time":1763926240900,"operation":"createQuote","success":true,"msg":"BTP operation executed successfully"}
{"level":20,"time":1763926240900,"type":"performance","class":"_BTPFacade","method":"executeOperation","executionTime":0,"executionTimeNs":0.1207,"level":"good","warningThreshold":3000,"errorThreshold":8000,"msg":"Performance: _BTPFacade.executeOperation took 0ms"}
{"level":30,"time":1763926240900,"type":"method_call","class":"MongoAuditLogRepository","method":"create","action":"start","args":[{"eventType":"BTP_OPERATION","category":"METHOD_EXECUTION","severity":"INFO","userId":"system","metadata":{"className":"_BTPFacade","methodName":"executeOperation","args":[{"operation":"createQuote","data":{"projectId":"project123","amount":5000},"userId":"user123"}],"executionTime":0},"outcome":"SUCCESS","riskScore":0,"timestamp":"2025-11-23T19:30:40.900Z"}],"msg":"MongoAuditLogRepository.create called"}
{"level":50,"time":1763926240901,"type":"performance_error","class":"MongoAuditLogRepository","method":"create","executionTime":1,"error":"Cannot read properties of undefined (reading 'error')","msg":"Performance error in MongoAuditLogRepository.create after 1ms"}
{"level":50,"time":1763926240901,"type":"method_error","class":"MongoAuditLogRepository","method":"create","action":"error","executionTime":1,"error":{"name":"TypeError","message":"Cannot read properties of undefined (reading 'error')"},"args":[{"eventType":"BTP_OPERATION","category":"METHOD_EXECUTION","severity":"INFO","userId":"system","metadata":{"className":"_BTPFacade","methodName":"executeOperation","args":[{"operation":"createQuote","data":{"projectId":"project123","amount":5000},"userId":"user123"}],"executionTime":0},"outcome":"SUCCESS","riskScore":0,"timestamp":"2025-11-23T19:30:40.900Z"}],"msg":"MongoAuditLogRepository.create failed after 1ms: Cannot read properties of undefined (reading 'error')"}
{"level":50,"time":1763926240901,"type":"audit_log_error","class":"_BTPFacade","method":"executeOperation","error":"Cannot read properties of undefined (reading 'error')","msg":"Failed to create audit log for _BTPFacade.executeOperation"}
{"level":30,"time":1763926240901,"type":"audit","class":"_BTPFacade","method":"executeOperation","eventType":"BTP_OPERATION","userId":"system","executionTime":0,"msg":"Audit: BTP_OPERATION - _BTPFacade.executeOperation"}
{"level":30,"time":1763926240904,"operation":"createProject","userId":"user123","msg":"BTPFacade.executeOperation called"}
{"level":30,"time":1763926240905,"operation":"createProject","success":true,"msg":"BTP operation executed successfully"}
{"level":20,"time":1763926240905,"type":"performance","class":"_BTPFacade","method":"executeOperation","executionTime":1,"executionTimeNs":0.1047,"level":"good","warningThreshold":3000,"errorThreshold":8000,"msg":"Performance: _BTPFacade.executeOperation took 1ms"}
{"level":30,"time":1763926240905,"type":"method_call","class":"MongoAuditLogRepository","method":"create","action":"start","args":[{"eventType":"BTP_OPERATION","category":"METHOD_EXECUTION","severity":"INFO","userId":"system","metadata":{"className":"_BTPFacade","methodName":"executeOperation","args":[{"operation":"createProject","data":{"name":"Projet test","location":"Paris"},"userId":"user123"}],"executionTime":1},"outcome":"SUCCESS","riskScore":0,"timestamp":"2025-11-23T19:30:40.905Z"}],"msg":"MongoAuditLogRepository.create called"}
{"level":50,"time":1763926240905,"type":"performance_error","class":"MongoAuditLogRepository","method":"create","executionTime":0,"error":"Cannot read properties of undefined (reading 'error')","msg":"Performance error in MongoAuditLogRepository.create after 0ms"}
{"level":50,"time":1763926240905,"type":"method_error","class":"MongoAuditLogRepository","method":"create","action":"error","executionTime":0,"error":{"name":"TypeError","message":"Cannot read properties of undefined (reading 'error')"},"args":[{"eventType":"BTP_OPERATION","category":"METHOD_EXECUTION","severity":"INFO","userId":"system","metadata":{"className":"_BTPFacade","methodName":"executeOperation","args":[{"operation":"createProject","data":{"name":"Projet test","location":"Paris"},"userId":"user123"}],"executionTime":1},"outcome":"SUCCESS","riskScore":0,"timestamp":"2025-11-23T19:30:40.905Z"}],"msg":"MongoAuditLogRepository.create failed after 0ms: Cannot read properties of undefined (reading 'error')"}
{"level":50,"time":1763926240905,"type":"audit_log_error","class":"_BTPFacade","method":"executeOperation","error":"Cannot read properties of undefined (reading 'error')","msg":"Failed to create audit log for _BTPFacade.executeOperation"}
{"level":30,"time":1763926240905,"type":"audit","class":"_BTPFacade","method":"executeOperation","eventType":"BTP_OPERATION","userId":"system","executionTime":1,"msg":"Audit: BTP_OPERATION - _BTPFacade.executeOperation"}
{"level":30,"time":1763926240907,"operation":"unknownOperation","userId":"user123","msg":"BTPFacade.executeOperation called"}
{"level":50,"time":1763926240907,"error":{},"operation":"unknownOperation","userId":"user123","msg":"Error in BTPFacade.executeOperation"}
{"level":20,"time":1763926240907,"type":"performance","class":"_BTPFacade","method":"executeOperation","executionTime":0,"executionTimeNs":0.1499,"level":"good","warningThreshold":3000,"errorThreshold":8000,"msg":"Performance: _BTPFacade.executeOperation took 0ms"}
{"level":30,"time":1763926240907,"type":"method_call","class":"MongoAuditLogRepository","method":"create","action":"start","args":[{"eventType":"BTP_OPERATION","category":"METHOD_EXECUTION","severity":"INFO","userId":"system","metadata":{"className":"_BTPFacade","methodName":"executeOperation","args":[{"operation":"unknownOperation","data":{},"userId":"user123"}],"executionTime":0},"outcome":"SUCCESS","riskScore":0,"timestamp":"2025-11-23T19:30:40.907Z"}],"msg":"MongoAuditLogRepository.create called"}
{"level":50,"time":1763926240907,"type":"performance_error","class":"MongoAuditLogRepository","method":"create","executionTime":0,"error":"Cannot read properties of undefined (reading 'error')","msg":"Performance error in MongoAuditLogRepository.create after 0ms"}
{"level":50,"time":1763926240907,"type":"method_error","class":"MongoAuditLogRepository","method":"create","action":"error","executionTime":0,"error":{"name":"TypeError","message":"Cannot read properties of undefined (reading 'error')"},"args":[{"eventType":"BTP_OPERATION","category":"METHOD_EXECUTION","severity":"INFO","userId":"system","metadata":{"className":"_BTPFacade","methodName":"executeOperation","args":[{"operation":"unknownOperation","data":{},"userId":"user123"}],"executionTime":0},"outcome":"SUCCESS","riskScore":0,"timestamp":"2025-11-23T19:30:40.907Z"}],"msg":"MongoAuditLogRepository.create failed after 0ms: Cannot read properties of undefined (reading 'error')"}
{"level":50,"time":1763926240907,"type":"audit_log_error","class":"_BTPFacade","method":"executeOperation","error":"Cannot read properties of undefined (reading 'error')","msg":"Failed to create audit log for _BTPFacade.executeOperation"}
{"level":30,"time":1763926240907,"type":"audit","class":"_BTPFacade","method":"executeOperation","eventType":"BTP_OPERATION","userId":"system","executionTime":0,"msg":"Audit: BTP_OPERATION - _BTPFacade.executeOperation"}
{"level":30,"time":1763926240908,"operation":"searchProperties","userId":"user123","msg":"BTPFacade.executeOperation called"}
{"level":50,"time":1763926240908,"error":{},"operation":"searchProperties","userId":"user123","msg":"Error in BTPFacade.executeOperation"}
{"level":20,"time":1763926240908,"type":"performance","class":"_BTPFacade","method":"executeOperation","executionTime":0,"executionTimeNs":0.134,"level":"good","warningThreshold":3000,"errorThreshold":8000,"msg":"Performance: _BTPFacade.executeOperation took 0ms"}
{"level":30,"time":1763926240908,"type":"method_call","class":"MongoAuditLogRepository","method":"create","action":"start","args":[{"eventType":"BTP_OPERATION","category":"METHOD_EXECUTION","severity":"INFO","userId":"system","metadata":{"className":"_BTPFacade","methodName":"executeOperation","args":[{"operation":"searchProperties","data":{},"userId":"user123"}],"executionTime":0},"outcome":"SUCCESS","riskScore":0,"timestamp":"2025-11-23T19:30:40.908Z"}],"msg":"MongoAuditLogRepository.create called"}
{"level":50,"time":1763926240908,"type":"performance_error","class":"MongoAuditLogRepository","method":"create","executionTime":0,"error":"Cannot read properties of undefined (reading 'error')","msg":"Performance error in MongoAuditLogRepository.create after 0ms"}
{"level":50,"time":1763926240908,"type":"method_error","class":"MongoAuditLogRepository","method":"create","action":"error","executionTime":0,"error":{"name":"TypeError","message":"Cannot read properties of undefined (reading 'error')"},"args":[{"eventType":"BTP_OPERATION","category":"METHOD_EXECUTION","severity":"INFO","userId":"system","metadata":{"className":"_BTPFacade","methodName":"executeOperation","args":[{"operation":"searchProperties","data":{},"userId":"user123"}],"executionTime":0},"outcome":"SUCCESS","riskScore":0,"timestamp":"2025-11-23T19:30:40.908Z"}],"msg":"MongoAuditLogRepository.create failed after 0ms: Cannot read properties of undefined (reading 'error')"}
{"level":50,"time":1763926240909,"type":"audit_log_error","class":"_BTPFacade","method":"executeOperation","error":"Cannot read properties of undefined (reading 'error')","msg":"Failed to create audit log for _BTPFacade.executeOperation"}
{"level":30,"time":1763926240909,"type":"audit","class":"_BTPFacade","method":"executeOperation","eventType":"BTP_OPERATION","userId":"system","executionTime":0,"msg":"Audit: BTP_OPERATION - _BTPFacade.executeOperation"}
{"level":30,"time":1763926240910,"type":"method_call","class":"_BTPFacade","method":"execute","action":"start","args":[{"operation":"searchProperties","data":{},"userId":"user123"}],"msg":"_BTPFacade.execute called"}
{"level":30,"time":1763926240912,"operation":"searchProperties","userId":"user123","msg":"BTPFacade.executeOperation called"}
{"level":30,"time":1763926240912,"operation":"searchProperties","success":true,"msg":"BTP operation executed successfully"}
{"level":20,"time":1763926240912,"type":"performance","class":"_BTPFacade","method":"executeOperation","executionTime":0,"executionTimeNs":0.0535,"level":"good","warningThreshold":3000,"errorThreshold":8000,"msg":"Performance: _BTPFacade.executeOperation took 0ms"}
{"level":30,"time":1763926240912,"type":"method_call","class":"MongoAuditLogRepository","method":"create","action":"start","args":[{"eventType":"BTP_OPERATION","category":"METHOD_EXECUTION","severity":"INFO","userId":"system","metadata":{"className":"_BTPFacade","methodName":"executeOperation","args":[{"operation":"searchProperties","data":{},"userId":"user123"}],"executionTime":0},"outcome":"SUCCESS","riskScore":0,"timestamp":"2025-11-23T19:30:40.912Z"}],"msg":"MongoAuditLogRepository.create called"}
{"level":50,"time":1763926240912,"type":"performance_error","class":"MongoAuditLogRepository","method":"create","executionTime":0,"error":"Cannot read properties of undefined (reading 'error')","msg":"Performance error in MongoAuditLogRepository.create after 0ms"}
{"level":50,"time":1763926240912,"type":"method_error","class":"MongoAuditLogRepository","method":"create","action":"error","executionTime":0,"error":{"name":"TypeError","message":"Cannot read properties of undefined (reading 'error')"},"args":[{"eventType":"BTP_OPERATION","category":"METHOD_EXECUTION","severity":"INFO","userId":"system","metadata":{"className":"_BTPFacade","methodName":"executeOperation","args":[{"operation":"searchProperties","data":{},"userId":"user123"}],"executionTime":0},"outcome":"SUCCESS","riskScore":0,"timestamp":"2025-11-23T19:30:40.912Z"}],"msg":"MongoAuditLogRepository.create failed after 0ms: Cannot read properties of undefined (reading 'error')"}
{"level":50,"time":1763926240912,"type":"audit_log_error","class":"_BTPFacade","method":"executeOperation","error":"Cannot read properties of undefined (reading 'error')","msg":"Failed to create audit log for _BTPFacade.executeOperation"}
{"level":30,"time":1763926240912,"type":"audit","class":"_BTPFacade","method":"executeOperation","eventType":"BTP_OPERATION","userId":"system","executionTime":0,"msg":"Audit: BTP_OPERATION - _BTPFacade.executeOperation"}
{"level":30,"time":1763926240912,"type":"method_call","class":"_BTPFacade","method":"execute","action":"success","executionTime":2,"msg":"_BTPFacade.execute completed in 2ms"}
 Ô£ô tests/facades/btp.facade.test.ts > BTPFacade > executeOperation > devrait ex├®cuter searchContractors avec succ├¿s 3555ms
 Ô£ô tests/facades/btp.facade.test.ts > BTPFacade > executeOperation > devrait ex├®cuter createQuote avec succ├¿s 2ms
 Ô£ô tests/facades/btp.facade.test.ts > BTPFacade > executeOperation > devrait ex├®cuter createProject avec succ├¿s 4ms
 Ô£ô tests/facades/btp.facade.test.ts > BTPFacade > executeOperation > devrait retourner une erreur pour une op├®ration inconnue 2ms
 Ô£ô tests/facades/btp.facade.test.ts > BTPFacade > executeOperation > devrait g├®rer les erreurs de service 1ms
 Ô£ô tests/facades/btp.facade.test.ts > BTPFacade > execute > devrait appeler executeOperation via execute 3ms
{"level":50,"time":1763926240910,"type":"performance_error","class":"MongoAuditLogRepository","method":"create","executionTime":3597,"error":"Cannot read properties of undefined (reading 'error')","msg":"Performance error in MongoAuditLogRepository.create after 3597ms"}
{"level":50,"time":1763926240910,"type":"method_error","class":"MongoAuditLogRepository","method":"create","action":"error","executionTime":8595,"error":{"name":"TypeError","message":"Cannot read properties of undefined (reading 'error')"},"args":[{"eventType":"NOTIFICATION_SENT","category":"METHOD_EXECUTION","severity":"INFO","userId":"system","metadata":{"className":"_NotificationFacade","methodName":"sendNotification","args":[{"recipient":"user123","type":"INFO","template":"test_template","data":{"message":"Test"},"channels":[{"type":"IN_APP","enabled":true,"priority":"HIGH"}]}],"executionTime":3},"outcome":"SUCCESS","riskScore":0,"timestamp":"2025-11-23T19:30:32.314Z"}],"msg":"MongoAuditLogRepository.create failed after 8595ms: Cannot read properties of undefined (reading 'error')"}
{"level":50,"time":1763926240910,"type":"method_error","class":"MongoAuditLogRepository","method":"create","action":"error","executionTime":3597,"error":{"name":"TypeError","message":"Cannot read properties of undefined (reading 'error')"},"args":[{"eventType":"NOTIFICATION_SENT","category":"METHOD_EXECUTION","severity":"INFO","userId":"system","metadata":{"className":"_NotificationFacade","methodName":"sendNotification","args":[{"recipient":"user123","type":"INFO","template":"test_template","data":{},"channels":[{"type":"IN_APP","enabled":true,"priority":"HIGH"},{"type":"EMAIL","enabled":false,"priority":"MEDIUM"}]}],"executionTime":0},"outcome":"SUCCESS","riskScore":0,"timestamp":"2025-11-23T19:30:37.313Z"}],"msg":"MongoAuditLogRepository.create failed after 3597ms: Cannot read properties of undefined (reading 'error')"}
{"level":50,"time":1763926240910,"type":"audit_log_error","class":"_NotificationFacade","method":"sendNotification","error":"Cannot read properties of undefined (reading 'error')","msg":"Failed to create audit log for _NotificationFacade.sendNotification"}
{"level":30,"time":1763926240910,"type":"audit","class":"_NotificationFacade","method":"sendNotification","eventType":"NOTIFICATION_SENT","userId":"system","executionTime":3,"msg":"Audit: NOTIFICATION_SENT - _NotificationFacade.sendNotification"}
{"level":50,"time":1763926240910,"type":"audit_log_error","class":"_NotificationFacade","method":"sendNotification","error":"Cannot read properties of undefined (reading 'error')","msg":"Failed to create audit log for _NotificationFacade.sendNotification"}
{"level":30,"time":1763926240910,"type":"audit","class":"_NotificationFacade","method":"sendNotification","eventType":"NOTIFICATION_SENT","userId":"system","executionTime":0,"msg":"Audit: NOTIFICATION_SENT - _NotificationFacade.sendNotification"}
{"level":30,"time":1763926240915,"recipient":"user123","type":"INFO","template":"test_template","channels":["IN_APP"],"msg":"NotificationFacade.sendNotification called"}
{"level":50,"time":1763926240916,"error":{},"recipient":"user123","type":"INFO","msg":"Error in NotificationFacade.sendNotification"}
{"level":20,"time":1763926240916,"type":"performance","class":"_NotificationFacade","method":"sendNotification","executionTime":1,"executionTimeNs":0.3,"level":"good","warningThreshold":2000,"errorThreshold":5000,"msg":"Performance: _NotificationFacade.sendNotification took 1ms"}
{"level":30,"time":1763926240916,"type":"method_call","class":"MongoAuditLogRepository","method":"create","action":"start","args":[{"eventType":"NOTIFICATION_SENT","category":"METHOD_EXECUTION","severity":"INFO","userId":"system","metadata":{"className":"_NotificationFacade","methodName":"sendNotification","args":[{"recipient":"user123","type":"INFO","template":"test_template","data":{},"channels":[{"type":"IN_APP","enabled":true,"priority":"HIGH"}]}],"executionTime":1},"outcome":"SUCCESS","riskScore":0,"timestamp":"2025-11-23T19:30:40.916Z"}],"msg":"MongoAuditLogRepository.create called"}
{"level":50,"time":1763926240916,"type":"performance_error","class":"MongoAuditLogRepository","method":"create","executionTime":0,"error":"Cannot read properties of undefined (reading 'error')","msg":"Performance error in MongoAuditLogRepository.create after 0ms"}
{"level":50,"time":1763926240916,"type":"method_error","class":"MongoAuditLogRepository","method":"create","action":"error","executionTime":0,"error":{"name":"TypeError","message":"Cannot read properties of undefined (reading 'error')"},"args":[{"eventType":"NOTIFICATION_SENT","category":"METHOD_EXECUTION","severity":"INFO","userId":"system","metadata":{"className":"_NotificationFacade","methodName":"sendNotification","args":[{"recipient":"user123","type":"INFO","template":"test_template","data":{},"channels":[{"type":"IN_APP","enabled":true,"priority":"HIGH"}]}],"executionTime":1},"outcome":"SUCCESS","riskScore":0,"timestamp":"2025-11-23T19:30:40.916Z"}],"msg":"MongoAuditLogRepository.create failed after 0ms: Cannot read properties of undefined (reading 'error')"}
{"level":50,"time":1763926240916,"type":"audit_log_error","class":"_NotificationFacade","method":"sendNotification","error":"Cannot read properties of undefined (reading 'error')","msg":"Failed to create audit log for _NotificationFacade.sendNotification"}
{"level":30,"time":1763926240916,"type":"audit","class":"_NotificationFacade","method":"sendNotification","eventType":"NOTIFICATION_SENT","userId":"system","executionTime":1,"msg":"Audit: NOTIFICATION_SENT - _NotificationFacade.sendNotification"}
{"level":30,"time":1763926240918,"type":"method_call","class":"_NotificationFacade","method":"execute","action":"start","args":[{"recipient":"user123","type":"INFO","template":"test_template","data":{},"channels":[{"type":"IN_APP","enabled":true,"priority":"HIGH"}]}],"msg":"_NotificationFacade.execute called"}
{"level":30,"time":1763926240921,"recipient":"user123","type":"INFO","template":"test_template","channels":["IN_APP"],"msg":"NotificationFacade.sendNotification called"}
{"level":30,"time":1763926240921,"notificationId":"notification123","channelsUsed":["IN_APP"],"msg":"Notification sent successfully"}
{"level":20,"time":1763926240921,"type":"performance","class":"_NotificationFacade","method":"sendNotification","executionTime":0,"executionTimeNs":0.1059,"level":"good","warningThreshold":2000,"errorThreshold":5000,"msg":"Performance: _NotificationFacade.sendNotification took 0ms"}
{"level":30,"time":1763926240921,"type":"method_call","class":"MongoAuditLogRepository","method":"create","action":"start","args":[{"eventType":"NOTIFICATION_SENT","category":"METHOD_EXECUTION","severity":"INFO","userId":"system","metadata":{"className":"_NotificationFacade","methodName":"sendNotification","args":[{"recipient":"user123","type":"INFO","template":"test_template","data":{},"channels":[{"type":"IN_APP","enabled":true,"priority":"HIGH"}]}],"executionTime":0},"outcome":"SUCCESS","riskScore":0,"timestamp":"2025-11-23T19:30:40.921Z"}],"msg":"MongoAuditLogRepository.create called"}
{"level":50,"time":1763926240921,"type":"performance_error","class":"MongoAuditLogRepository","method":"create","executionTime":0,"error":"Cannot read properties of undefined (reading 'error')","msg":"Performance error in MongoAuditLogRepository.create after 0ms"}
{"level":50,"time":1763926240921,"type":"method_error","class":"MongoAuditLogRepository","method":"create","action":"error","executionTime":0,"error":{"name":"TypeError","message":"Cannot read properties of undefined (reading 'error')"},"args":[{"eventType":"NOTIFICATION_SENT","category":"METHOD_EXECUTION","severity":"INFO","userId":"system","metadata":{"className":"_NotificationFacade","methodName":"sendNotification","args":[{"recipient":"user123","type":"INFO","template":"test_template","data":{},"channels":[{"type":"IN_APP","enabled":true,"priority":"HIGH"}]}],"executionTime":0},"outcome":"SUCCESS","riskScore":0,"timestamp":"2025-11-23T19:30:40.921Z"}],"msg":"MongoAuditLogRepository.create failed after 0ms: Cannot read properties of undefined (reading 'error')"}
{"level":50,"time":1763926240921,"type":"audit_log_error","class":"_NotificationFacade","method":"sendNotification","error":"Cannot read properties of undefined (reading 'error')","msg":"Failed to create audit log for _NotificationFacade.sendNotification"}
{"level":30,"time":1763926240921,"type":"audit","class":"_NotificationFacade","method":"sendNotification","eventType":"NOTIFICATION_SENT","userId":"system","executionTime":0,"msg":"Audit: NOTIFICATION_SENT - _NotificationFacade.sendNotification"}
{"level":30,"time":1763926240921,"type":"method_call","class":"_NotificationFacade","method":"execute","action":"success","executionTime":3,"msg":"_NotificationFacade.execute completed in 3ms"}
{"level":50,"time":1763926240909,"type":"performance_error","class":"MongoAuditLogRepository","method":"create","executionTime":3565,"error":"Cannot read properties of undefined (reading 'error')","msg":"Performance error in MongoAuditLogRepository.create after 3565ms"}
{"level":50,"time":1763926240909,"type":"method_error","class":"MongoAuditLogRepository","method":"create","action":"error","executionTime":8570,"error":{"name":"TypeError","message":"Cannot read properties of undefined (reading 'error')"},"args":[{"eventType":"EDUCATION_OPERATION","category":"METHOD_EXECUTION","severity":"INFO","userId":"system","metadata":{"className":"_EducationFacade","methodName":"executeOperation","args":[{"operation":"searchSchools","data":{"city":"Montreal"},"userId":"user123"}],"executionTime":3},"outcome":"SUCCESS","riskScore":0,"timestamp":"2025-11-23T19:30:32.339Z"}],"msg":"MongoAuditLogRepository.create failed after 8570ms: Cannot read properties of undefined (reading 'error')"}
{"level":50,"time":1763926240909,"type":"method_error","class":"MongoAuditLogRepository","method":"create","action":"error","executionTime":3565,"error":{"name":"TypeError","message":"Cannot read properties of undefined (reading 'error')"},"args":[{"eventType":"EDUCATION_OPERATION","category":"METHOD_EXECUTION","severity":"INFO","userId":"system","metadata":{"className":"_EducationFacade","methodName":"executeOperation","args":[{"operation":"enrollStudent","data":{"studentData":{"firstName":"John","lastName":"Doe"},"schoolId":"school123","programId":"program123","academicYear":"2024"},"userId":"user123"}],"executionTime":0},"outcome":"SUCCESS","riskScore":0,"timestamp":"2025-11-23T19:30:37.344Z"}],"msg":"MongoAuditLogRepository.create failed after 3565ms: Cannot read properties of undefined (reading 'error')"}
{"level":50,"time":1763926240909,"type":"audit_log_error","class":"_EducationFacade","method":"executeOperation","error":"Cannot read properties of undefined (reading 'error')","msg":"Failed to create audit log for _EducationFacade.executeOperation"}
{"level":30,"time":1763926240909,"type":"audit","class":"_EducationFacade","method":"executeOperation","eventType":"EDUCATION_OPERATION","userId":"system","executionTime":3,"msg":"Audit: EDUCATION_OPERATION - _EducationFacade.executeOperation"}
{"level":50,"time":1763926240909,"type":"audit_log_error","class":"_EducationFacade","method":"executeOperation","error":"Cannot read properties of undefined (reading 'error')","msg":"Failed to create audit log for _EducationFacade.executeOperation"}
{"level":30,"time":1763926240909,"type":"audit","class":"_EducationFacade","method":"executeOperation","eventType":"EDUCATION_OPERATION","userId":"system","executionTime":0,"msg":"Audit: EDUCATION_OPERATION - _EducationFacade.executeOperation"}
{"level":30,"time":1763926240914,"operation":"payTuition","userId":"user123","msg":"EducationFacade.executeOperation called"}
{"level":30,"time":1763926240914,"operation":"payTuition","success":true,"msg":"Education operation executed successfully"}
{"level":20,"time":1763926240915,"type":"performance","class":"_EducationFacade","method":"executeOperation","executionTime":0,"executionTimeNs":0.1164,"level":"good","warningThreshold":3000,"errorThreshold":8000,"msg":"Performance: _EducationFacade.executeOperation took 0ms"}
{"level":30,"time":1763926240916,"type":"method_call","class":"MongoAuditLogRepository","method":"create","action":"start","args":[{"eventType":"EDUCATION_OPERATION","category":"METHOD_EXECUTION","severity":"INFO","userId":"system","metadata":{"className":"_EducationFacade","methodName":"executeOperation","args":[{"operation":"payTuition","data":{"studentId":"student123","amount":5000,"currency":"EUR"},"userId":"user123"}],"executionTime":1},"outcome":"SUCCESS","riskScore":0,"timestamp":"2025-11-23T19:30:40.916Z"}],"msg":"MongoAuditLogRepository.create called"}
{"level":50,"time":1763926240916,"type":"performance_error","class":"MongoAuditLogRepository","method":"create","executionTime":0,"error":"Cannot read properties of undefined (reading 'error')","msg":"Performance error in MongoAuditLogRepository.create after 0ms"}
{"level":50,"time":1763926240916,"type":"method_error","class":"MongoAuditLogRepository","method":"create","action":"error","executionTime":0,"error":{"name":"TypeError","message":"Cannot read properties of undefined (reading 'error')"},"args":[{"eventType":"EDUCATION_OPERATION","category":"METHOD_EXECUTION","severity":"INFO","userId":"system","metadata":{"className":"_EducationFacade","methodName":"executeOperation","args":[{"operation":"payTuition","data":{"studentId":"student123","amount":5000,"currency":"EUR"},"userId":"user123"}],"executionTime":1},"outcome":"SUCCESS","riskScore":0,"timestamp":"2025-11-23T19:30:40.916Z"}],"msg":"MongoAuditLogRepository.create failed after 0ms: Cannot read properties of undefined (reading 'error')"}
{"level":50,"time":1763926240916,"type":"audit_log_error","class":"_EducationFacade","method":"executeOperation","error":"Cannot read properties of undefined (reading 'error')","msg":"Failed to create audit log for _EducationFacade.executeOperation"}
{"level":30,"time":1763926240916,"type":"audit","class":"_EducationFacade","method":"executeOperation","eventType":"EDUCATION_OPERATION","userId":"system","executionTime":1,"msg":"Audit: EDUCATION_OPERATION - _EducationFacade.executeOperation"}
{"level":30,"time":1763926240918,"operation":"createInquiry","userId":"user123","msg":"EducationFacade.executeOperation called"}
{"level":30,"time":1763926240918,"operation":"createInquiry","success":true,"msg":"Education operation executed successfully"}
{"level":20,"time":1763926240918,"type":"performance","class":"_EducationFacade","method":"executeOperation","executionTime":0,"executionTimeNs":0.0581,"level":"good","warningThreshold":3000,"errorThreshold":8000,"msg":"Performance: _EducationFacade.executeOperation took 0ms"}
{"level":30,"time":1763926240918,"type":"method_call","class":"MongoAuditLogRepository","method":"create","action":"start","args":[{"eventType":"EDUCATION_OPERATION","category":"METHOD_EXECUTION","severity":"INFO","userId":"system","metadata":{"className":"_EducationFacade","methodName":"executeOperation","args":[{"operation":"createInquiry","data":{"question":"Test question"},"userId":"user123"}],"executionTime":0},"outcome":"SUCCESS","riskScore":0,"timestamp":"2025-11-23T19:30:40.918Z"}],"msg":"MongoAuditLogRepository.create called"}
{"level":50,"time":1763926240918,"type":"performance_error","class":"MongoAuditLogRepository","method":"create","executionTime":0,"error":"Cannot read properties of undefined (reading 'error')","msg":"Performance error in MongoAuditLogRepository.create after 0ms"}
{"level":50,"time":1763926240918,"type":"method_error","class":"MongoAuditLogRepository","method":"create","action":"error","executionTime":0,"error":{"name":"TypeError","message":"Cannot read properties of undefined (reading 'error')"},"args":[{"eventType":"EDUCATION_OPERATION","category":"METHOD_EXECUTION","severity":"INFO","userId":"system","metadata":{"className":"_EducationFacade","methodName":"executeOperation","args":[{"operation":"createInquiry","data":{"question":"Test question"},"userId":"user123"}],"executionTime":0},"outcome":"SUCCESS","riskScore":0,"timestamp":"2025-11-23T19:30:40.918Z"}],"msg":"MongoAuditLogRepository.create failed after 0ms: Cannot read properties of undefined (reading 'error')"}
{"level":50,"time":1763926240918,"type":"audit_log_error","class":"_EducationFacade","method":"executeOperation","error":"Cannot read properties of undefined (reading 'error')","msg":"Failed to create audit log for _EducationFacade.executeOperation"}
{"level":30,"time":1763926240918,"type":"audit","class":"_EducationFacade","method":"executeOperation","eventType":"EDUCATION_OPERATION","userId":"system","executionTime":0,"msg":"Audit: EDUCATION_OPERATION - _EducationFacade.executeOperation"}
{"level":30,"time":1763926240919,"operation":"unknownOperation","userId":"user123","msg":"EducationFacade.executeOperation called"}
{"level":50,"time":1763926240919,"error":{},"operation":"unknownOperation","userId":"user123","msg":"Error in EducationFacade.executeOperation"}
{"level":20,"time":1763926240919,"type":"performance","class":"_EducationFacade","method":"executeOperation","executionTime":0,"executionTimeNs":0.0999,"level":"good","warningThreshold":3000,"errorThreshold":8000,"msg":"Performance: _EducationFacade.executeOperation took 0ms"}
{"level":30,"time":1763926240919,"type":"method_call","class":"MongoAuditLogRepository","method":"create","action":"start","args":[{"eventType":"EDUCATION_OPERATION","category":"METHOD_EXECUTION","severity":"INFO","userId":"system","metadata":{"className":"_EducationFacade","methodName":"executeOperation","args":[{"operation":"unknownOperation","data":{},"userId":"user123"}],"executionTime":0},"outcome":"SUCCESS","riskScore":0,"timestamp":"2025-11-23T19:30:40.919Z"}],"msg":"MongoAuditLogRepository.create called"}
{"level":50,"time":1763926240920,"type":"performance_error","class":"MongoAuditLogRepository","method":"create","executionTime":1,"error":"Cannot read properties of undefined (reading 'error')","msg":"Performance error in MongoAuditLogRepository.create after 1ms"}
{"level":50,"time":1763926240920,"type":"method_error","class":"MongoAuditLogRepository","method":"create","action":"error","executionTime":1,"error":{"name":"TypeError","message":"Cannot read properties of undefined (reading 'error')"},"args":[{"eventType":"EDUCATION_OPERATION","category":"METHOD_EXECUTION","severity":"INFO","userId":"system","metadata":{"className":"_EducationFacade","methodName":"executeOperation","args":[{"operation":"unknownOperation","data":{},"userId":"user123"}],"executionTime":0},"outcome":"SUCCESS","riskScore":0,"timestamp":"2025-11-23T19:30:40.919Z"}],"msg":"MongoAuditLogRepository.create failed after 1ms: Cannot read properties of undefined (reading 'error')"}
{"level":50,"time":1763926240920,"type":"audit_log_error","class":"_EducationFacade","method":"executeOperation","error":"Cannot read properties of undefined (reading 'error')","msg":"Failed to create audit log for _EducationFacade.executeOperation"}
{"level":30,"time":1763926240920,"type":"audit","class":"_EducationFacade","method":"executeOperation","eventType":"EDUCATION_OPERATION","userId":"system","executionTime":0,"msg":"Audit: EDUCATION_OPERATION - _EducationFacade.executeOperation"}
{"level":30,"time":1763926240921,"operation":"searchSchools","userId":"user123","msg":"EducationFacade.executeOperation called"}
{"level":50,"time":1763926240921,"error":{},"operation":"searchSchools","userId":"user123","msg":"Error in EducationFacade.executeOperation"}
{"level":20,"time":1763926240921,"type":"performance","class":"_EducationFacade","method":"executeOperation","executionTime":0,"executionTimeNs":0.1385,"level":"good","warningThreshold":3000,"errorThreshold":8000,"msg":"Performance: _EducationFacade.executeOperation took 0ms"}
{"level":30,"time":1763926240921,"type":"method_call","class":"MongoAuditLogRepository","method":"create","action":"start","args":[{"eventType":"EDUCATION_OPERATION","category":"METHOD_EXECUTION","severity":"INFO","userId":"system","metadata":{"className":"_EducationFacade","methodName":"executeOperation","args":[{"operation":"searchSchools","data":{},"userId":"user123"}],"executionTime":1},"outcome":"SUCCESS","riskScore":0,"timestamp":"2025-11-23T19:30:40.921Z"}],"msg":"MongoAuditLogRepository.create called"}
{"level":50,"time":1763926240921,"type":"performance_error","class":"MongoAuditLogRepository","method":"create","executionTime":0,"error":"Cannot read properties of undefined (reading 'error')","msg":"Performance error in MongoAuditLogRepository.create after 0ms"}
{"level":50,"time":1763926240921,"type":"method_error","class":"MongoAuditLogRepository","method":"create","action":"error","executionTime":0,"error":{"name":"TypeError","message":"Cannot read properties of undefined (reading 'error')"},"args":[{"eventType":"EDUCATION_OPERATION","category":"METHOD_EXECUTION","severity":"INFO","userId":"system","metadata":{"className":"_EducationFacade","methodName":"executeOperation","args":[{"operation":"searchSchools","data":{},"userId":"user123"}],"executionTime":1},"outcome":"SUCCESS","riskScore":0,"timestamp":"2025-11-23T19:30:40.921Z"}],"msg":"MongoAuditLogRepository.create failed after 0ms: Cannot read properties of undefined (reading 'error')"}
{"level":50,"time":1763926240922,"type":"audit_log_error","class":"_EducationFacade","method":"executeOperation","error":"Cannot read properties of undefined (reading 'error')","msg":"Failed to create audit log for _EducationFacade.executeOperation"}
{"level":30,"time":1763926240923,"type":"audit","class":"_EducationFacade","method":"executeOperation","eventType":"EDUCATION_OPERATION","userId":"system","executionTime":1,"msg":"Audit: EDUCATION_OPERATION - _EducationFacade.executeOperation"}
{"level":30,"time":1763926240924,"type":"method_call","class":"_EducationFacade","method":"execute","action":"start","args":[{"operation":"searchSchools","data":{},"userId":"user123"}],"msg":"_EducationFacade.execute called"}
{"level":30,"time":1763926240926,"operation":"searchSchools","userId":"user123","msg":"EducationFacade.executeOperation called"}
{"level":30,"time":1763926240926,"operation":"searchSchools","success":true,"msg":"Education operation executed successfully"}
{"level":20,"time":1763926240926,"type":"performance","class":"_EducationFacade","method":"executeOperation","executionTime":0,"executionTimeNs":0.0617,"level":"good","warningThreshold":3000,"errorThreshold":8000,"msg":"Performance: _EducationFacade.executeOperation took 0ms"}
{"level":30,"time":1763926240926,"type":"method_call","class":"MongoAuditLogRepository","method":"create","action":"start","args":[{"eventType":"EDUCATION_OPERATION","category":"METHOD_EXECUTION","severity":"INFO","userId":"system","metadata":{"className":"_EducationFacade","methodName":"executeOperation","args":[{"operation":"searchSchools","data":{},"userId":"user123"}],"executionTime":0},"outcome":"SUCCESS","riskScore":0,"timestamp":"2025-11-23T19:30:40.926Z"}],"msg":"MongoAuditLogRepository.create called"}
{"level":50,"time":1763926240927,"type":"performance_error","class":"MongoAuditLogRepository","method":"create","executionTime":1,"error":"Cannot read properties of undefined (reading 'error')","msg":"Performance error in MongoAuditLogRepository.create after 1ms"}
{"level":50,"time":1763926240927,"type":"method_error","class":"MongoAuditLogRepository","method":"create","action":"error","executionTime":1,"error":{"name":"TypeError","message":"Cannot read properties of undefined (reading 'error')"},"args":[{"eventType":"EDUCATION_OPERATION","category":"METHOD_EXECUTION","severity":"INFO","userId":"system","metadata":{"className":"_EducationFacade","methodName":"executeOperation","args":[{"operation":"searchSchools","data":{},"userId":"user123"}],"executionTime":0},"outcome":"SUCCESS","riskScore":0,"timestamp":"2025-11-23T19:30:40.926Z"}],"msg":"MongoAuditLogRepository.create failed after 1ms: Cannot read properties of undefined (reading 'error')"}
{"level":50,"time":1763926240927,"type":"audit_log_error","class":"_EducationFacade","method":"executeOperation","error":"Cannot read properties of undefined (reading 'error')","msg":"Failed to create audit log for _EducationFacade.executeOperation"}
{"level":30,"time":1763926240927,"type":"audit","class":"_EducationFacade","method":"executeOperation","eventType":"EDUCATION_OPERATION","userId":"system","executionTime":0,"msg":"Audit: EDUCATION_OPERATION - _EducationFacade.executeOperation"}
{"level":30,"time":1763926240927,"type":"method_call","class":"_EducationFacade","method":"execute","action":"success","executionTime":3,"msg":"_EducationFacade.execute completed in 3ms"}
 Ô£ô tests/facades/notification.facade.test.ts > NotificationFacade > sendNotification > devrait filtrer les canaux d├®sactiv├®s 3602ms
 Ô£ô tests/facades/notification.facade.test.ts > NotificationFacade > sendNotification > devrait g├®rer les erreurs de notification 2ms
 Ô£ô tests/facades/notification.facade.test.ts > NotificationFacade > execute > devrait appeler sendNotification via execute 4ms
 Ô£ô tests/facades/education.facade.test.ts > EducationFacade > executeOperation > devrait ex├®cuter enrollStudent avec succ├¿s 3570ms
 Ô£ô tests/facades/education.facade.test.ts > EducationFacade > executeOperation > devrait ex├®cuter payTuition avec succ├¿s 4ms
 Ô£ô tests/facades/education.facade.test.ts > EducationFacade > executeOperation > devrait ex├®cuter createInquiry avec succ├¿s 1ms
 Ô£ô tests/facades/education.facade.test.ts > EducationFacade > executeOperation > devrait retourner une erreur pour une op├®ration inconnue 1ms
 Ô£ô tests/facades/education.facade.test.ts > EducationFacade > executeOperation > devrait g├®rer les erreurs de service 3ms
 Ô£ô tests/facades/education.facade.test.ts > EducationFacade > execute > devrait appeler executeOperation via execute 4ms
 ├ù tests/hooks/auth/useForgotPassword.test.ts > useForgotPassword > devrait rediriger vers /login apr├¿s 3 secondes en cas de succ├¿s 5014ms
   ÔåÆ Test timed out in 5000ms.
If this is a long-running test, pass a timeout value as the last argument or configure it globally with "testTimeout".
 Ô£ô tests/hooks/auth/useForgotPassword.test.ts > useForgotPassword > devrait valider l'email 3ms
{"level":50,"time":1763926241548,"component":"MongoBookingRepository","error":{"errorLabelSet":{},"reason":{"type":"Unknown","servers":{"localhost:27017":{"address":"localhost:27017","type":"Unknown","hosts":[],"passives":[],"arbiters":[],"tags":{},"minWireVersion":0,"maxWireVersion":0,"roundTripTime":-1,"minRoundTripTime":0,"lastUpdateTime":50013599,"lastWriteDate":0,"error":{"errorLabelSet":{},"beforeHandshake":false},"topologyVersion":null,"setName":null,"setVersion":null,"electionId":null,"logicalSessionTimeoutMinutes":null,"maxMessageSizeBytes":null,"maxWriteBatchSize":null,"maxBsonObjectSize":null,"primary":null,"me":null,"$clusterTime":null,"iscryptd":false}},"stale":false,"compatible":true,"heartbeatFrequencyMS":10000,"localThresholdMS":15,"setName":null,"maxElectionId":null,"maxSetVersion":null,"commonWireVersion":0,"logicalSessionTimeoutMinutes":null}},"filters":{},"options":{"limit":10,"page":1,"offset":0,"sort":{}},"msg":"Error in findWithPagination"}
 ├ù tests/integration/api/bookings.test.ts > Integration: /api/bookings > GET /api/bookings > devrait appliquer les filtres de statut 3329ms
   ÔåÆ Cannot read properties of undefined (reading 'length')
 ├ù tests/integration/api/bookings.test.ts > Integration: /api/bookings > GET /api/bookings > devrait filtrer par requesterId 6ms
   ÔåÆ expected 500 to be 200 // Object.is equality
 ├ù tests/integration/api/bookings.test.ts > Integration: /api/bookings > POST /api/bookings > devrait cr├®er une r├®servation dans la base de donn├®es 8ms
   ÔåÆ expected [ 200, 201 ] to include 400
{"level":50,"time":1763926241553,"component":"MongoBookingRepository","error":{"errorLabelSet":{},"reason":{"type":"Unknown","servers":{"localhost:27017":{"address":"localhost:27017","type":"Unknown","hosts":[],"passives":[],"arbiters":[],"tags":{},"minWireVersion":0,"maxWireVersion":0,"roundTripTime":-1,"minRoundTripTime":0,"lastUpdateTime":50013599,"lastWriteDate":0,"error":{"errorLabelSet":{},"beforeHandshake":false},"topologyVersion":null,"setName":null,"setVersion":null,"electionId":null,"logicalSessionTimeoutMinutes":null,"maxMessageSizeBytes":null,"maxWriteBatchSize":null,"maxBsonObjectSize":null,"primary":null,"me":null,"$clusterTime":null,"iscryptd":false}},"stale":false,"compatible":true,"heartbeatFrequencyMS":10000,"localThresholdMS":15,"setName":null,"maxElectionId":null,"maxSetVersion":null,"commonWireVersion":0,"logicalSessionTimeoutMinutes":null}},"filters":{"status":"CONFIRMED"},"options":{"limit":10,"page":1,"offset":0,"sort":{}},"msg":"Error in findWithPagination"}
{"level":50,"time":1763926241553,"type":"method_error","class":"MongoBookingRepository","method":"findBookingsWithFilters","action":"error","executionTime":8323,"error":{"name":"MongoServerSelectionError","message":"connect ECONNREFUSED ::1:27017, connect ECONNREFUSED 127.0.0.1:27017"},"args":[{},{"limit":10,"page":1,"offset":0,"sort":{}}],"msg":"MongoBookingRepository.findBookingsWithFilters failed after 8323ms: connect ECONNREFUSED ::1:27017, connect ECONNREFUSED 127.0.0.1:27017"}
{"level":50,"time":1763926241554,"type":"method_error","class":"MongoBookingRepository","method":"findBookingsWithFilters","action":"error","executionTime":3318,"error":{"name":"MongoServerSelectionError","message":"connect ECONNREFUSED ::1:27017, connect ECONNREFUSED 127.0.0.1:27017"},"args":[{"status":"CONFIRMED"},{"limit":10,"page":1,"offset":0,"sort":{}}],"msg":"MongoBookingRepository.findBookingsWithFilters failed after 3318ms: connect ECONNREFUSED ::1:27017, connect ECONNREFUSED 127.0.0.1:27017"}
{"level":50,"time":1763926241554,"route":"api/bookings","error":{"errorLabelSet":{},"reason":{"type":"Unknown","servers":{"localhost:27017":{"address":"localhost:27017","type":"Unknown","hosts":[],"passives":[],"arbiters":[],"tags":{},"minWireVersion":0,"maxWireVersion":0,"roundTripTime":-1,"minRoundTripTime":0,"lastUpdateTime":50013599,"lastWriteDate":0,"error":{"errorLabelSet":{},"beforeHandshake":false},"topologyVersion":null,"setName":null,"setVersion":null,"electionId":null,"logicalSessionTimeoutMinutes":null,"maxMessageSizeBytes":null,"maxWriteBatchSize":null,"maxBsonObjectSize":null,"primary":null,"me":null,"$clusterTime":null,"iscryptd":false}},"stale":false,"compatible":true,"heartbeatFrequencyMS":10000,"localThresholdMS":15,"setName":null,"maxElectionId":null,"maxSetVersion":null,"commonWireVersion":0,"logicalSessionTimeoutMinutes":null}},"msg":"Unexpected error in API route"}
{"level":50,"time":1763926241558,"route":"api/bookings","error":{"errorLabelSet":{},"reason":{"type":"Unknown","servers":{"localhost:27017":{"address":"localhost:27017","type":"Unknown","hosts":[],"passives":[],"arbiters":[],"tags":{},"minWireVersion":0,"maxWireVersion":0,"roundTripTime":-1,"minRoundTripTime":0,"lastUpdateTime":50013599,"lastWriteDate":0,"error":{"errorLabelSet":{},"beforeHandshake":false},"topologyVersion":null,"setName":null,"setVersion":null,"electionId":null,"logicalSessionTimeoutMinutes":null,"maxMessageSizeBytes":null,"maxWriteBatchSize":null,"maxBsonObjectSize":null,"primary":null,"me":null,"$clusterTime":null,"iscryptd":false}},"stale":false,"compatible":true,"heartbeatFrequencyMS":10000,"localThresholdMS":15,"setName":null,"maxElectionId":null,"maxSetVersion":null,"commonWireVersion":0,"logicalSessionTimeoutMinutes":null}},"msg":"Unexpected error in API route"}
{"level":20,"time":1763926241564,"type":"method_call","class":"MongoBookingRepository","method":"findBookingsWithFilters","action":"start","args":[{},{"limit":10,"page":1,"offset":0,"sort":{}}],"msg":"MongoBookingRepository.findBookingsWithFilters called"}
{"level":50,"time":1763926241564,"component":"MongoBookingRepository","error":{"errorLabelSet":{},"reason":{"type":"Unknown","servers":{"localhost:27017":{"address":"localhost:27017","type":"Unknown","hosts":[],"passives":[],"arbiters":[],"tags":{},"minWireVersion":0,"maxWireVersion":0,"roundTripTime":-1,"minRoundTripTime":0,"lastUpdateTime":50013599,"lastWriteDate":0,"error":{"errorLabelSet":{},"beforeHandshake":false},"topologyVersion":null,"setName":null,"setVersion":null,"electionId":null,"logicalSessionTimeoutMinutes":null,"maxMessageSizeBytes":null,"maxWriteBatchSize":null,"maxBsonObjectSize":null,"primary":null,"me":null,"$clusterTime":null,"iscryptd":false}},"stale":false,"compatible":true,"heartbeatFrequencyMS":10000,"localThresholdMS":15,"setName":null,"maxElectionId":null,"maxSetVersion":null,"commonWireVersion":0,"logicalSessionTimeoutMinutes":null}},"filters":{},"options":{"limit":10,"page":1,"offset":0,"sort":{}},"msg":"Error in findWithPagination"}
{"level":50,"time":1763926241565,"type":"method_error","class":"MongoBookingRepository","method":"findBookingsWithFilters","action":"error","executionTime":0,"error":{"name":"MongoServerSelectionError","message":"connect ECONNREFUSED ::1:27017, connect ECONNREFUSED 127.0.0.1:27017"},"args":[{},{"limit":10,"page":1,"offset":0,"sort":{}}],"msg":"MongoBookingRepository.findBookingsWithFilters failed after 0ms: connect ECONNREFUSED ::1:27017, connect ECONNREFUSED 127.0.0.1:27017"}
{"level":50,"time":1763926241565,"route":"api/bookings","error":{"errorLabelSet":{},"reason":{"type":"Unknown","servers":{"localhost:27017":{"address":"localhost:27017","type":"Unknown","hosts":[],"passives":[],"arbiters":[],"tags":{},"minWireVersion":0,"maxWireVersion":0,"roundTripTime":-1,"minRoundTripTime":0,"lastUpdateTime":50013599,"lastWriteDate":0,"error":{"errorLabelSet":{},"beforeHandshake":false},"topologyVersion":null,"setName":null,"setVersion":null,"electionId":null,"logicalSessionTimeoutMinutes":null,"maxMessageSizeBytes":null,"maxWriteBatchSize":null,"maxBsonObjectSize":null,"primary":null,"me":null,"$clusterTime":null,"iscryptd":false}},"stale":false,"compatible":true,"heartbeatFrequencyMS":10000,"localThresholdMS":15,"setName":null,"maxElectionId":null,"maxSetVersion":null,"commonWireVersion":0,"logicalSessionTimeoutMinutes":null}},"msg":"Unexpected error in API route"}
{"level":40,"time":1763926241575,"route":"api/bookings","error":"Erreur de validation","code":"VALIDATION_ERROR","statusCode":400,"details":{"issues":[{"code":"invalid_type","expected":"string","received":"undefined","path":["requesterId"],"message":"Required"},{"code":"invalid_type","expected":"string","received":"undefined","path":["providerId"],"message":"Required"}],"name":"ZodError"},"msg":"API error"}
{"level":50,"time":1763926241839,"type":"transaction_error","class":"_TransactionFacade","method":"createTransaction","error":"connect ECONNREFUSED ::1:27017, connect ECONNREFUSED 127.0.0.1:27017","isolationLevel":"read-committed","msg":"Transaction error in _TransactionFacade.createTransaction"}
{"level":50,"time":1763926241839,"type":"performance_error","class":"_TransactionFacade","method":"createTransaction","executionTime":0,"error":"connect ECONNREFUSED ::1:27017, connect ECONNREFUSED 127.0.0.1:27017","msg":"Performance error in _TransactionFacade.createTransaction after 0ms"}
{"level":30,"time":1763926241839,"type":"method_call","class":"MongoAuditLogRepository","method":"create","action":"start","args":[{"eventType":"TRANSACTION_CREATED","category":"METHOD_EXECUTION","severity":"ERROR","userId":"system","metadata":{"className":"_TransactionFacade","methodName":"createTransaction","args":[{"payerId":"payer123","beneficiaryId":"beneficiary123","amount":100.5,"currency":"EUR","type":"PAYMENT"}],"error":"connect ECONNREFUSED ::1:27017, connect ECONNREFUSED 127.0.0.1:27017","executionTime":0},"outcome":"FAILURE","riskScore":50,"timestamp":"2025-11-23T19:30:41.839Z"}],"msg":"MongoAuditLogRepository.create called"}
{"level":50,"time":1763926241840,"type":"performance_error","class":"MongoAuditLogRepository","method":"create","executionTime":0,"error":"Cannot read properties of undefined (reading 'error')","msg":"Performance error in MongoAuditLogRepository.create after 0ms"}
{"level":50,"time":1763926241840,"type":"method_error","class":"MongoAuditLogRepository","method":"create","action":"error","executionTime":1,"error":{"name":"TypeError","message":"Cannot read properties of undefined (reading 'error')"},"args":[{"eventType":"TRANSACTION_CREATED","category":"METHOD_EXECUTION","severity":"ERROR","userId":"system","metadata":{"className":"_TransactionFacade","methodName":"createTransaction","args":[{"payerId":"payer123","beneficiaryId":"beneficiary123","amount":100.5,"currency":"EUR","type":"PAYMENT"}],"error":"connect ECONNREFUSED ::1:27017, connect ECONNREFUSED 127.0.0.1:27017","executionTime":0},"outcome":"FAILURE","riskScore":50,"timestamp":"2025-11-23T19:30:41.839Z"}],"msg":"MongoAuditLogRepository.create failed after 1ms: Cannot read properties of undefined (reading 'error')"}
{"level":50,"time":1763926241840,"type":"audit_log_error","class":"_TransactionFacade","method":"createTransaction","error":"Cannot read properties of undefined (reading 'error')","msg":"Failed to create audit log for _TransactionFacade.createTransaction"}
{"level":50,"time":1763926241840,"type":"audit_error","class":"_TransactionFacade","method":"createTransaction","eventType":"TRANSACTION_CREATED","userId":"system","error":"connect ECONNREFUSED ::1:27017, connect ECONNREFUSED 127.0.0.1:27017","executionTime":0,"msg":"Audit error: TRANSACTION_CREATED - _TransactionFacade.createTransaction"}
{"level":50,"time":1763926241841,"method":"_TransactionFacade.createTransaction","totalAttempts":2,"error":"connect ECONNREFUSED ::1:27017, connect ECONNREFUSED 127.0.0.1:27017","errorStack":"MongoServerSelectionError: connect ECONNREFUSED ::1:27017, connect ECONNREFUSED 127.0.0.1:27017\n    at Topology.selectServer (C:\\Users\\Admin\\Lab\\Diaspomoney\\diaspomoney\\node_modules\\.pnpm\\mongodb@7.0.0\\node_modules\\mongodb\\lib\\sdam\\topology.js:346:38)\n    at Topology._connect (C:\\Users\\Admin\\Lab\\Diaspomoney\\diaspomoney\\node_modules\\.pnpm\\mongodb@7.0.0\\node_modules\\mongodb\\lib\\sdam\\topology.js:219:28)\n    at Topology.connect (C:\\Users\\Admin\\Lab\\Diaspomoney\\diaspomoney\\node_modules\\.pnpm\\mongodb@7.0.0\\node_modules\\mongodb\\lib\\sdam\\topology.js:171:13)\n    at topologyConnect (C:\\Users\\Admin\\Lab\\Diaspomoney\\diaspomoney\\node_modules\\.pnpm\\mongodb@7.0.0\\node_modules\\mongodb\\lib\\mongo_client.js:258:17)\n    at MongoClient._connect (C:\\Users\\Admin\\Lab\\Diaspomoney\\diaspomoney\\node_modules\\.pnpm\\mongodb@7.0.0\\node_modules\\mongodb\\lib\\mongo_client.js:271:13)\n    at MongoClient.connect (C:\\Users\\Admin\\Lab\\Diaspomoney\\diaspomoney\\node_modules\\.pnpm\\mongodb@7.0.0\\node_modules\\mongodb\\lib\\mongo_client.js:196:13)","msg":"All 2 retry attempts failed"}
{"level":50,"time":1763926241841,"type":"method_error","class":"_TransactionFacade","method":"execute","action":"error","executionTime":9092,"error":{"name":"MongoServerSelectionError","message":"connect ECONNREFUSED ::1:27017, connect ECONNREFUSED 127.0.0.1:27017"},"args":[{"payerId":"payer123","beneficiaryId":"beneficiary123","amount":100.5,"currency":"EUR","type":"PAYMENT"}],"msg":"_TransactionFacade.execute failed after 9092ms: connect ECONNREFUSED ::1:27017, connect ECONNREFUSED 127.0.0.1:27017"}
{"level":50,"time":1763926241841,"type":"transaction_error","class":"_TransactionFacade","method":"createTransaction","error":"connect ECONNREFUSED ::1:27017, connect ECONNREFUSED 127.0.0.1:27017","isolationLevel":"read-committed","msg":"Transaction error in _TransactionFacade.createTransaction"}
{"level":50,"time":1763926241841,"type":"performance_error","class":"_TransactionFacade","method":"createTransaction","executionTime":0,"error":"connect ECONNREFUSED ::1:27017, connect ECONNREFUSED 127.0.0.1:27017","msg":"Performance error in _TransactionFacade.createTransaction after 0ms"}
{"level":30,"time":1763926241841,"type":"method_call","class":"MongoAuditLogRepository","method":"create","action":"start","args":[{"eventType":"TRANSACTION_CREATED","category":"METHOD_EXECUTION","severity":"ERROR","userId":"system","metadata":{"className":"_TransactionFacade","methodName":"createTransaction","args":[{"payerId":"payer123","beneficiaryId":"beneficiary123","amount":100.5,"currency":"EUR","type":"PAYMENT","sendNotification":true}],"error":"connect ECONNREFUSED ::1:27017, connect ECONNREFUSED 127.0.0.1:27017","executionTime":0},"outcome":"FAILURE","riskScore":50,"timestamp":"2025-11-23T19:30:41.841Z"}],"msg":"MongoAuditLogRepository.create called"}
{"level":50,"time":1763926241841,"type":"performance_error","class":"MongoAuditLogRepository","method":"create","executionTime":0,"error":"Cannot read properties of undefined (reading 'error')","msg":"Performance error in MongoAuditLogRepository.create after 0ms"}
{"level":50,"time":1763926241841,"type":"method_error","class":"MongoAuditLogRepository","method":"create","action":"error","executionTime":0,"error":{"name":"TypeError","message":"Cannot read properties of undefined (reading 'error')"},"args":[{"eventType":"TRANSACTION_CREATED","category":"METHOD_EXECUTION","severity":"ERROR","userId":"system","metadata":{"className":"_TransactionFacade","methodName":"createTransaction","args":[{"payerId":"payer123","beneficiaryId":"beneficiary123","amount":100.5,"currency":"EUR","type":"PAYMENT","sendNotification":true}],"error":"connect ECONNREFUSED ::1:27017, connect ECONNREFUSED 127.0.0.1:27017","executionTime":0},"outcome":"FAILURE","riskScore":50,"timestamp":"2025-11-23T19:30:41.841Z"}],"msg":"MongoAuditLogRepository.create failed after 0ms: Cannot read properties of undefined (reading 'error')"}
{"level":50,"time":1763926241841,"type":"audit_log_error","class":"_TransactionFacade","method":"createTransaction","error":"Cannot read properties of undefined (reading 'error')","msg":"Failed to create audit log for _TransactionFacade.createTransaction"}
{"level":50,"time":1763926241841,"type":"audit_error","class":"_TransactionFacade","method":"createTransaction","eventType":"TRANSACTION_CREATED","userId":"system","error":"connect ECONNREFUSED ::1:27017, connect ECONNREFUSED 127.0.0.1:27017","executionTime":0,"msg":"Audit error: TRANSACTION_CREATED - _TransactionFacade.createTransaction"}
{"level":50,"time":1763926241841,"method":"_TransactionFacade.createTransaction","totalAttempts":2,"error":"connect ECONNREFUSED ::1:27017, connect ECONNREFUSED 127.0.0.1:27017","errorStack":"MongoServerSelectionError: connect ECONNREFUSED ::1:27017, connect ECONNREFUSED 127.0.0.1:27017\n    at Topology.selectServer (C:\\Users\\Admin\\Lab\\Diaspomoney\\diaspomoney\\node_modules\\.pnpm\\mongodb@7.0.0\\node_modules\\mongodb\\lib\\sdam\\topology.js:346:38)\n    at Topology._connect (C:\\Users\\Admin\\Lab\\Diaspomoney\\diaspomoney\\node_modules\\.pnpm\\mongodb@7.0.0\\node_modules\\mongodb\\lib\\sdam\\topology.js:219:28)\n    at Topology.connect (C:\\Users\\Admin\\Lab\\Diaspomoney\\diaspomoney\\node_modules\\.pnpm\\mongodb@7.0.0\\node_modules\\mongodb\\lib\\sdam\\topology.js:171:13)\n    at topologyConnect (C:\\Users\\Admin\\Lab\\Diaspomoney\\diaspomoney\\node_modules\\.pnpm\\mongodb@7.0.0\\node_modules\\mongodb\\lib\\mongo_client.js:258:17)\n    at MongoClient._connect (C:\\Users\\Admin\\Lab\\Diaspomoney\\diaspomoney\\node_modules\\.pnpm\\mongodb@7.0.0\\node_modules\\mongodb\\lib\\mongo_client.js:271:13)\n    at MongoClient.connect (C:\\Users\\Admin\\Lab\\Diaspomoney\\diaspomoney\\node_modules\\.pnpm\\mongodb@7.0.0\\node_modules\\mongodb\\lib\\mongo_client.js:196:13)","msg":"All 2 retry attempts failed"}
{"level":50,"time":1763926241841,"type":"method_error","class":"_TransactionFacade","method":"execute","action":"error","executionTime":4079,"error":{"name":"MongoServerSelectionError","message":"connect ECONNREFUSED ::1:27017, connect ECONNREFUSED 127.0.0.1:27017"},"args":[{"payerId":"payer123","beneficiaryId":"beneficiary123","amount":100.5,"currency":"EUR","type":"PAYMENT","sendNotification":true}],"msg":"_TransactionFacade.execute failed after 4079ms: connect ECONNREFUSED ::1:27017, connect ECONNREFUSED 127.0.0.1:27017"}
{"level":30,"time":1763926241845,"type":"method_call","class":"_TransactionFacade","method":"execute","action":"start","args":[{"payerId":"payer123","beneficiaryId":"beneficiary123","amount":100.5,"currency":"EUR","type":"PAYMENT"}],"msg":"_TransactionFacade.execute called"}
{"level":50,"time":1763926241845,"type":"transaction_error","class":"_TransactionFacade","method":"createTransaction","error":"connect ECONNREFUSED ::1:27017, connect ECONNREFUSED 127.0.0.1:27017","isolationLevel":"read-committed","msg":"Transaction error in _TransactionFacade.createTransaction"}
{"level":50,"time":1763926241846,"type":"performance_error","class":"_TransactionFacade","method":"createTransaction","executionTime":0,"error":"connect ECONNREFUSED ::1:27017, connect ECONNREFUSED 127.0.0.1:27017","msg":"Performance error in _TransactionFacade.createTransaction after 0ms"}
{"level":30,"time":1763926241846,"type":"method_call","class":"MongoAuditLogRepository","method":"create","action":"start","args":[{"eventType":"TRANSACTION_CREATED","category":"METHOD_EXECUTION","severity":"ERROR","userId":"system","metadata":{"className":"_TransactionFacade","methodName":"createTransaction","args":[{"payerId":"payer123","beneficiaryId":"beneficiary123","amount":100.5,"currency":"EUR","type":"PAYMENT"}],"error":"connect ECONNREFUSED ::1:27017, connect ECONNREFUSED 127.0.0.1:27017","executionTime":1},"outcome":"FAILURE","riskScore":50,"timestamp":"2025-11-23T19:30:41.846Z"}],"msg":"MongoAuditLogRepository.create called"}
{"level":50,"time":1763926241846,"type":"performance_error","class":"MongoAuditLogRepository","method":"create","executionTime":0,"error":"Cannot read properties of undefined (reading 'error')","msg":"Performance error in MongoAuditLogRepository.create after 0ms"}
{"level":50,"time":1763926241846,"type":"method_error","class":"MongoAuditLogRepository","method":"create","action":"error","executionTime":0,"error":{"name":"TypeError","message":"Cannot read properties of undefined (reading 'error')"},"args":[{"eventType":"TRANSACTION_CREATED","category":"METHOD_EXECUTION","severity":"ERROR","userId":"system","metadata":{"className":"_TransactionFacade","methodName":"createTransaction","args":[{"payerId":"payer123","beneficiaryId":"beneficiary123","amount":100.5,"currency":"EUR","type":"PAYMENT"}],"error":"connect ECONNREFUSED ::1:27017, connect ECONNREFUSED 127.0.0.1:27017","executionTime":1},"outcome":"FAILURE","riskScore":50,"timestamp":"2025-11-23T19:30:41.846Z"}],"msg":"MongoAuditLogRepository.create failed after 0ms: Cannot read properties of undefined (reading 'error')"}
{"level":50,"time":1763926241846,"type":"audit_log_error","class":"_TransactionFacade","method":"createTransaction","error":"Cannot read properties of undefined (reading 'error')","msg":"Failed to create audit log for _TransactionFacade.createTransaction"}
{"level":50,"time":1763926241846,"type":"audit_error","class":"_TransactionFacade","method":"createTransaction","eventType":"TRANSACTION_CREATED","userId":"system","error":"connect ECONNREFUSED ::1:27017, connect ECONNREFUSED 127.0.0.1:27017","executionTime":1,"msg":"Audit error: TRANSACTION_CREATED - _TransactionFacade.createTransaction"}
{"level":40,"time":1763926241846,"method":"_TransactionFacade.createTransaction","attempt":1,"maxAttempts":2,"nextAttemptIn":1000,"error":"connect ECONNREFUSED ::1:27017, connect ECONNREFUSED 127.0.0.1:27017","msg":"Retry attempt 1/2"}
{"level":50,"time":1763926241852,"type":"transaction_error","class":"_UserFacade","method":"createUserWithKYC","error":"connect ECONNREFUSED ::1:27017, connect ECONNREFUSED 127.0.0.1:27017","isolationLevel":"read-committed","msg":"Transaction error in _UserFacade.createUserWithKYC"}
 ├ù tests/integration/api/users.test.ts > Integration: /api/users > POST /api/users > devrait cr├®er un utilisateur dans la base de donn├®es 2895ms
   ÔåÆ expected 500 to be 200 // Object.is equality
{"level":50,"time":1763926241852,"type":"performance_error","class":"_UserFacade","method":"createUserWithKYC","executionTime":0,"error":"connect ECONNREFUSED ::1:27017, connect ECONNREFUSED 127.0.0.1:27017","msg":"Performance error in _UserFacade.createUserWithKYC after 0ms"}
{"level":30,"time":1763926241853,"type":"method_call","class":"MongoAuditLogRepository","method":"create","action":"start","args":[{"eventType":"USER_CREATED","category":"METHOD_EXECUTION","severity":"ERROR","userId":"system","metadata":{"className":"_UserFacade","methodName":"createUserWithKYC","args":[{"email":"test-1763926238965@example.com","name":"Test User","firstName":"Test","lastName":"User","roles":["CUSTOMER"],"status":"ACTIVE","sendWelcomeNotification":true}],"error":"connect ECONNREFUSED ::1:27017, connect ECONNREFUSED 127.0.0.1:27017","executionTime":0},"outcome":"FAILURE","riskScore":50,"timestamp":"2025-11-23T19:30:41.852Z"}],"msg":"MongoAuditLogRepository.create called"}
{"level":50,"time":1763926241853,"component":"MongoAuditLogRepository","error":{"errorLabelSet":{},"reason":{"type":"Unknown","servers":{"localhost:27017":{"address":"localhost:27017","type":"Unknown","hosts":[],"passives":[],"arbiters":[],"tags":{},"minWireVersion":0,"maxWireVersion":0,"roundTripTime":-1,"minRoundTripTime":0,"lastUpdateTime":50012758,"lastWriteDate":0,"error":{"errorLabelSet":{},"beforeHandshake":false},"topologyVersion":null,"setName":null,"setVersion":null,"electionId":null,"logicalSessionTimeoutMinutes":null,"maxMessageSizeBytes":null,"maxWriteBatchSize":null,"maxBsonObjectSize":null,"primary":null,"me":null,"$clusterTime":null,"iscryptd":false}},"stale":false,"compatible":true,"heartbeatFrequencyMS":10000,"localThresholdMS":15,"setName":null,"maxElectionId":null,"maxSetVersion":null,"commonWireVersion":0,"logicalSessionTimeoutMinutes":null}},"data":{"eventType":"USER_CREATED","category":"METHOD_EXECUTION","severity":"ERROR","userId":"system","metadata":{"className":"_UserFacade","methodName":"createUserWithKYC","args":[{"email":"test-1763926238965@example.com","name":"Test User","firstName":"Test","lastName":"User","roles":["CUSTOMER"],"status":"ACTIVE","sendWelcomeNotification":true}],"error":"connect ECONNREFUSED ::1:27017, connect ECONNREFUSED 127.0.0.1:27017","executionTime":0},"outcome":"FAILURE","riskScore":50,"timestamp":"2025-11-23T19:30:41.852Z"},"msg":"Error in create"}
{"level":50,"time":1763926241853,"type":"performance_error","class":"MongoAuditLogRepository","method":"create","executionTime":0,"error":"connect ECONNREFUSED ::1:27017, connect ECONNREFUSED 127.0.0.1:27017","msg":"Performance error in MongoAuditLogRepository.create after 0ms"}
{"level":50,"time":1763926241853,"type":"method_error","class":"MongoAuditLogRepository","method":"create","action":"error","executionTime":1,"error":{"name":"MongoServerSelectionError","message":"connect ECONNREFUSED ::1:27017, connect ECONNREFUSED 127.0.0.1:27017"},"args":[{"eventType":"USER_CREATED","category":"METHOD_EXECUTION","severity":"ERROR","userId":"system","metadata":{"className":"_UserFacade","methodName":"createUserWithKYC","args":[{"email":"test-1763926238965@example.com","name":"Test User","firstName":"Test","lastName":"User","roles":["CUSTOMER"],"status":"ACTIVE","sendWelcomeNotification":true}],"error":"connect ECONNREFUSED ::1:27017, connect ECONNREFUSED 127.0.0.1:27017","executionTime":0},"outcome":"FAILURE","riskScore":50,"timestamp":"2025-11-23T19:30:41.852Z"}],"msg":"MongoAuditLogRepository.create failed after 1ms: connect ECONNREFUSED ::1:27017, connect ECONNREFUSED 127.0.0.1:27017"}
{"level":50,"time":1763926241853,"type":"audit_log_error","class":"_UserFacade","method":"createUserWithKYC","error":"connect ECONNREFUSED ::1:27017, connect ECONNREFUSED 127.0.0.1:27017","msg":"Failed to create audit log for _UserFacade.createUserWithKYC"}
{"level":50,"time":1763926241853,"type":"audit_error","class":"_UserFacade","method":"createUserWithKYC","eventType":"USER_CREATED","userId":"system","error":"connect ECONNREFUSED ::1:27017, connect ECONNREFUSED 127.0.0.1:27017","executionTime":0,"msg":"Audit error: USER_CREATED - _UserFacade.createUserWithKYC"}
{"level":50,"time":1763926241853,"method":"_UserFacade.createUserWithKYC","totalAttempts":2,"error":"connect ECONNREFUSED ::1:27017, connect ECONNREFUSED 127.0.0.1:27017","errorStack":"MongoServerSelectionError: connect ECONNREFUSED ::1:27017, connect ECONNREFUSED 127.0.0.1:27017\n    at Topology.selectServer (C:\\Users\\Admin\\Lab\\Diaspomoney\\diaspomoney\\node_modules\\.pnpm\\mongodb@7.0.0\\node_modules\\mongodb\\lib\\sdam\\topology.js:346:38)\n    at Topology._connect (C:\\Users\\Admin\\Lab\\Diaspomoney\\diaspomoney\\node_modules\\.pnpm\\mongodb@7.0.0\\node_modules\\mongodb\\lib\\sdam\\topology.js:219:28)\n    at Topology.connect (C:\\Users\\Admin\\Lab\\Diaspomoney\\diaspomoney\\node_modules\\.pnpm\\mongodb@7.0.0\\node_modules\\mongodb\\lib\\sdam\\topology.js:171:13)\n    at topologyConnect (C:\\Users\\Admin\\Lab\\Diaspomoney\\diaspomoney\\node_modules\\.pnpm\\mongodb@7.0.0\\node_modules\\mongodb\\lib\\mongo_client.js:258:17)\n    at MongoClient._connect (C:\\Users\\Admin\\Lab\\Diaspomoney\\diaspomoney\\node_modules\\.pnpm\\mongodb@7.0.0\\node_modules\\mongodb\\lib\\mongo_client.js:271:13)\n    at MongoClient.connect (C:\\Users\\Admin\\Lab\\Diaspomoney\\diaspomoney\\node_modules\\.pnpm\\mongodb@7.0.0\\node_modules\\mongodb\\lib\\mongo_client.js:196:13)","msg":"All 2 retry attempts failed"}
{"level":50,"time":1763926241853,"type":"method_error","class":"_UserFacade","method":"execute","action":"error","executionTime":2882,"error":{"name":"MongoServerSelectionError","message":"connect ECONNREFUSED ::1:27017, connect ECONNREFUSED 127.0.0.1:27017"},"args":[{"email":"test-1763926238965@example.com","name":"Test User","firstName":"Test","lastName":"User","roles":["CUSTOMER"],"status":"ACTIVE","sendWelcomeNotification":true,"metadata":{}}],"msg":"_UserFacade.execute failed after 2882ms: connect ECONNREFUSED ::1:27017, connect ECONNREFUSED 127.0.0.1:27017"}
{"level":50,"time":1763926241854,"route":"api/users","error":{"errorLabelSet":{},"reason":{"type":"Unknown","servers":{"localhost:27017":{"address":"localhost:27017","type":"Unknown","hosts":[],"passives":[],"arbiters":[],"tags":{},"minWireVersion":0,"maxWireVersion":0,"roundTripTime":-1,"minRoundTripTime":0,"lastUpdateTime":50012758,"lastWriteDate":0,"error":{"errorLabelSet":{},"beforeHandshake":false},"topologyVersion":null,"setName":null,"setVersion":null,"electionId":null,"logicalSessionTimeoutMinutes":null,"maxMessageSizeBytes":null,"maxWriteBatchSize":null,"maxBsonObjectSize":null,"primary":null,"me":null,"$clusterTime":null,"iscryptd":false}},"stale":false,"compatible":true,"heartbeatFrequencyMS":10000,"localThresholdMS":15,"setName":null,"maxElectionId":null,"maxSetVersion":null,"commonWireVersion":0,"logicalSessionTimeoutMinutes":null}},"msg":"Unexpected error in API route"}
 ├ù tests/facades/transaction.facade.test.ts > TransactionFacade > createTransaction (via execute) > devrait cr├®er une transaction avec notification si demand├® 4083ms
   ÔåÆ connect ECONNREFUSED ::1:27017, connect ECONNREFUSED 127.0.0.1:27017
{"level":50,"time":1763926242861,"type":"transaction_error","class":"_TransactionFacade","method":"createTransaction","error":"connect ECONNREFUSED ::1:27017, connect ECONNREFUSED 127.0.0.1:27017","isolationLevel":"read-committed","msg":"Transaction error in _TransactionFacade.createTransaction"}
{"level":50,"time":1763926242879,"type":"performance_error","class":"_TransactionFacade","method":"createTransaction","executionTime":18,"error":"connect ECONNREFUSED ::1:27017, connect ECONNREFUSED 127.0.0.1:27017","msg":"Performance error in _TransactionFacade.createTransaction after 18ms"}
{"level":30,"time":1763926242879,"type":"method_call","class":"MongoAuditLogRepository","method":"create","action":"start","args":[{"eventType":"TRANSACTION_CREATED","category":"METHOD_EXECUTION","severity":"ERROR","userId":"system","metadata":{"className":"_TransactionFacade","methodName":"createTransaction","args":[{"payerId":"payer123","beneficiaryId":"beneficiary123","amount":100.5,"currency":"EUR","type":"PAYMENT"}],"error":"connect ECONNREFUSED ::1:27017, connect ECONNREFUSED 127.0.0.1:27017","executionTime":18},"outcome":"FAILURE","riskScore":50,"timestamp":"2025-11-23T19:30:42.879Z"}],"msg":"MongoAuditLogRepository.create called"}
{"level":50,"time":1763926242879,"type":"performance_error","class":"MongoAuditLogRepository","method":"create","executionTime":0,"error":"Cannot read properties of undefined (reading 'error')","msg":"Performance error in MongoAuditLogRepository.create after 0ms"}
{"level":50,"time":1763926242879,"type":"method_error","class":"MongoAuditLogRepository","method":"create","action":"error","executionTime":0,"error":{"name":"TypeError","message":"Cannot read properties of undefined (reading 'error')"},"args":[{"eventType":"TRANSACTION_CREATED","category":"METHOD_EXECUTION","severity":"ERROR","userId":"system","metadata":{"className":"_TransactionFacade","methodName":"createTransaction","args":[{"payerId":"payer123","beneficiaryId":"beneficiary123","amount":100.5,"currency":"EUR","type":"PAYMENT"}],"error":"connect ECONNREFUSED ::1:27017, connect ECONNREFUSED 127.0.0.1:27017","executionTime":18},"outcome":"FAILURE","riskScore":50,"timestamp":"2025-11-23T19:30:42.879Z"}],"msg":"MongoAuditLogRepository.create failed after 0ms: Cannot read properties of undefined (reading 'error')"}
{"level":50,"time":1763926242880,"type":"audit_log_error","class":"_TransactionFacade","method":"createTransaction","error":"Cannot read properties of undefined (reading 'error')","msg":"Failed to create audit log for _TransactionFacade.createTransaction"}
{"level":50,"time":1763926242880,"type":"audit_error","class":"_TransactionFacade","method":"createTransaction","eventType":"TRANSACTION_CREATED","userId":"system","error":"connect ECONNREFUSED ::1:27017, connect ECONNREFUSED 127.0.0.1:27017","executionTime":18,"msg":"Audit error: TRANSACTION_CREATED - _TransactionFacade.createTransaction"}
{"level":50,"time":1763926242880,"method":"_TransactionFacade.createTransaction","totalAttempts":2,"error":"connect ECONNREFUSED ::1:27017, connect ECONNREFUSED 127.0.0.1:27017","errorStack":"MongoServerSelectionError: connect ECONNREFUSED ::1:27017, connect ECONNREFUSED 127.0.0.1:27017\n    at Topology.selectServer (C:\\Users\\Admin\\Lab\\Diaspomoney\\diaspomoney\\node_modules\\.pnpm\\mongodb@7.0.0\\node_modules\\mongodb\\lib\\sdam\\topology.js:346:38)\n    at Topology._connect (C:\\Users\\Admin\\Lab\\Diaspomoney\\diaspomoney\\node_modules\\.pnpm\\mongodb@7.0.0\\node_modules\\mongodb\\lib\\sdam\\topology.js:219:28)\n    at Topology.connect (C:\\Users\\Admin\\Lab\\Diaspomoney\\diaspomoney\\node_modules\\.pnpm\\mongodb@7.0.0\\node_modules\\mongodb\\lib\\sdam\\topology.js:171:13)\n    at topologyConnect (C:\\Users\\Admin\\Lab\\Diaspomoney\\diaspomoney\\node_modules\\.pnpm\\mongodb@7.0.0\\node_modules\\mongodb\\lib\\mongo_client.js:258:17)\n    at MongoClient._connect (C:\\Users\\Admin\\Lab\\Diaspomoney\\diaspomoney\\node_modules\\.pnpm\\mongodb@7.0.0\\node_modules\\mongodb\\lib\\mongo_client.js:271:13)\n    at MongoClient.connect (C:\\Users\\Admin\\Lab\\Diaspomoney\\diaspomoney\\node_modules\\.pnpm\\mongodb@7.0.0\\node_modules\\mongodb\\lib\\mongo_client.js:196:13)","msg":"All 2 retry attempts failed"}
{"level":50,"time":1763926242880,"type":"method_error","class":"_TransactionFacade","method":"execute","action":"error","executionTime":1035,"error":{"name":"MongoServerSelectionError","message":"connect ECONNREFUSED ::1:27017, connect ECONNREFUSED 127.0.0.1:27017"},"args":[{"payerId":"payer123","beneficiaryId":"beneficiary123","amount":100.5,"currency":"EUR","type":"PAYMENT"}],"msg":"_TransactionFacade.execute failed after 1035ms: connect ECONNREFUSED ::1:27017, connect ECONNREFUSED 127.0.0.1:27017"}
{"level":30,"time":1763926242882,"type":"method_call","class":"_TransactionFacade","method":"execute","action":"start","args":[{"payerId":"payer123","beneficiaryId":"beneficiary123","amount":100.5,"currency":"EUR","type":"PAYMENT","serviceType":"HEALTH"}],"msg":"_TransactionFacade.execute called"}
{"level":50,"time":1763926242883,"type":"transaction_error","class":"_TransactionFacade","method":"createTransaction","error":"connect ECONNREFUSED ::1:27017, connect ECONNREFUSED 127.0.0.1:27017","isolationLevel":"read-committed","msg":"Transaction error in _TransactionFacade.createTransaction"}
{"level":50,"time":1763926242883,"type":"performance_error","class":"_TransactionFacade","method":"createTransaction","executionTime":1,"error":"connect ECONNREFUSED ::1:27017, connect ECONNREFUSED 127.0.0.1:27017","msg":"Performance error in _TransactionFacade.createTransaction after 1ms"}
{"level":30,"time":1763926242883,"type":"method_call","class":"MongoAuditLogRepository","method":"create","action":"start","args":[{"eventType":"TRANSACTION_CREATED","category":"METHOD_EXECUTION","severity":"ERROR","userId":"system","metadata":{"className":"_TransactionFacade","methodName":"createTransaction","args":[{"payerId":"payer123","beneficiaryId":"beneficiary123","amount":100.5,"currency":"EUR","type":"PAYMENT","serviceType":"HEALTH"}],"error":"connect ECONNREFUSED ::1:27017, connect ECONNREFUSED 127.0.0.1:27017","executionTime":1},"outcome":"FAILURE","riskScore":50,"timestamp":"2025-11-23T19:30:42.883Z"}],"msg":"MongoAuditLogRepository.create called"}
{"level":50,"time":1763926242883,"type":"performance_error","class":"MongoAuditLogRepository","method":"create","executionTime":0,"error":"Cannot read properties of undefined (reading 'error')","msg":"Performance error in MongoAuditLogRepository.create after 0ms"}
{"level":50,"time":1763926242883,"type":"method_error","class":"MongoAuditLogRepository","method":"create","action":"error","executionTime":0,"error":{"name":"TypeError","message":"Cannot read properties of undefined (reading 'error')"},"args":[{"eventType":"TRANSACTION_CREATED","category":"METHOD_EXECUTION","severity":"ERROR","userId":"system","metadata":{"className":"_TransactionFacade","methodName":"createTransaction","args":[{"payerId":"payer123","beneficiaryId":"beneficiary123","amount":100.5,"currency":"EUR","type":"PAYMENT","serviceType":"HEALTH"}],"error":"connect ECONNREFUSED ::1:27017, connect ECONNREFUSED 127.0.0.1:27017","executionTime":1},"outcome":"FAILURE","riskScore":50,"timestamp":"2025-11-23T19:30:42.883Z"}],"msg":"MongoAuditLogRepository.create failed after 0ms: Cannot read properties of undefined (reading 'error')"}
{"level":50,"time":1763926242883,"type":"audit_log_error","class":"_TransactionFacade","method":"createTransaction","error":"Cannot read properties of undefined (reading 'error')","msg":"Failed to create audit log for _TransactionFacade.createTransaction"}
{"level":50,"time":1763926242883,"type":"audit_error","class":"_TransactionFacade","method":"createTransaction","eventType":"TRANSACTION_CREATED","userId":"system","error":"connect ECONNREFUSED ::1:27017, connect ECONNREFUSED 127.0.0.1:27017","executionTime":1,"msg":"Audit error: TRANSACTION_CREATED - _TransactionFacade.createTransaction"}
{"level":40,"time":1763926242883,"method":"_TransactionFacade.createTransaction","attempt":1,"maxAttempts":2,"nextAttemptIn":1000,"error":"connect ECONNREFUSED ::1:27017, connect ECONNREFUSED 127.0.0.1:27017","msg":"Retry attempt 1/2"}
 ├ù tests/facades/transaction.facade.test.ts > TransactionFacade > createTransaction (via execute) > devrait cr├®er une transaction avec diff├®rents types 1037ms
   ÔåÆ connect ECONNREFUSED ::1:27017, connect ECONNREFUSED 127.0.0.1:27017
{"level":50,"time":1763926243890,"type":"transaction_error","class":"_TransactionFacade","method":"createTransaction","error":"connect ECONNREFUSED ::1:27017, connect ECONNREFUSED 127.0.0.1:27017","isolationLevel":"read-committed","msg":"Transaction error in _TransactionFacade.createTransaction"}
{"level":50,"time":1763926243890,"type":"performance_error","class":"_TransactionFacade","method":"createTransaction","executionTime":0,"error":"connect ECONNREFUSED ::1:27017, connect ECONNREFUSED 127.0.0.1:27017","msg":"Performance error in _TransactionFacade.createTransaction after 0ms"}
{"level":30,"time":1763926243890,"type":"method_call","class":"MongoAuditLogRepository","method":"create","action":"start","args":[{"eventType":"TRANSACTION_CREATED","category":"METHOD_EXECUTION","severity":"ERROR","userId":"system","metadata":{"className":"_TransactionFacade","methodName":"createTransaction","args":[{"payerId":"payer123","beneficiaryId":"beneficiary123","amount":100.5,"currency":"EUR","type":"PAYMENT","serviceType":"HEALTH"}],"error":"connect ECONNREFUSED ::1:27017, connect ECONNREFUSED 127.0.0.1:27017","executionTime":1},"outcome":"FAILURE","riskScore":50,"timestamp":"2025-11-23T19:30:43.890Z"}],"msg":"MongoAuditLogRepository.create called"}
{"level":50,"time":1763926243890,"type":"performance_error","class":"MongoAuditLogRepository","method":"create","executionTime":0,"error":"Cannot read properties of undefined (reading 'error')","msg":"Performance error in MongoAuditLogRepository.create after 0ms"}
{"level":50,"time":1763926243890,"type":"method_error","class":"MongoAuditLogRepository","method":"create","action":"error","executionTime":0,"error":{"name":"TypeError","message":"Cannot read properties of undefined (reading 'error')"},"args":[{"eventType":"TRANSACTION_CREATED","category":"METHOD_EXECUTION","severity":"ERROR","userId":"system","metadata":{"className":"_TransactionFacade","methodName":"createTransaction","args":[{"payerId":"payer123","beneficiaryId":"beneficiary123","amount":100.5,"currency":"EUR","type":"PAYMENT","serviceType":"HEALTH"}],"error":"connect ECONNREFUSED ::1:27017, connect ECONNREFUSED 127.0.0.1:27017","executionTime":1},"outcome":"FAILURE","riskScore":50,"timestamp":"2025-11-23T19:30:43.890Z"}],"msg":"MongoAuditLogRepository.create failed after 0ms: Cannot read properties of undefined (reading 'error')"}
{"level":50,"time":1763926243890,"type":"audit_log_error","class":"_TransactionFacade","method":"createTransaction","error":"Cannot read properties of undefined (reading 'error')","msg":"Failed to create audit log for _TransactionFacade.createTransaction"}
{"level":50,"time":1763926243890,"type":"audit_error","class":"_TransactionFacade","method":"createTransaction","eventType":"TRANSACTION_CREATED","userId":"system","error":"connect ECONNREFUSED ::1:27017, connect ECONNREFUSED 127.0.0.1:27017","executionTime":1,"msg":"Audit error: TRANSACTION_CREATED - _TransactionFacade.createTransaction"}
{"level":50,"time":1763926243890,"method":"_TransactionFacade.createTransaction","totalAttempts":2,"error":"connect ECONNREFUSED ::1:27017, connect ECONNREFUSED 127.0.0.1:27017","errorStack":"MongoServerSelectionError: connect ECONNREFUSED ::1:27017, connect ECONNREFUSED 127.0.0.1:27017\n    at Topology.selectServer (C:\\Users\\Admin\\Lab\\Diaspomoney\\diaspomoney\\node_modules\\.pnpm\\mongodb@7.0.0\\node_modules\\mongodb\\lib\\sdam\\topology.js:346:38)\n    at Topology._connect (C:\\Users\\Admin\\Lab\\Diaspomoney\\diaspomoney\\node_modules\\.pnpm\\mongodb@7.0.0\\node_modules\\mongodb\\lib\\sdam\\topology.js:219:28)\n    at Topology.connect (C:\\Users\\Admin\\Lab\\Diaspomoney\\diaspomoney\\node_modules\\.pnpm\\mongodb@7.0.0\\node_modules\\mongodb\\lib\\sdam\\topology.js:171:13)\n    at topologyConnect (C:\\Users\\Admin\\Lab\\Diaspomoney\\diaspomoney\\node_modules\\.pnpm\\mongodb@7.0.0\\node_modules\\mongodb\\lib\\mongo_client.js:258:17)\n    at MongoClient._connect (C:\\Users\\Admin\\Lab\\Diaspomoney\\diaspomoney\\node_modules\\.pnpm\\mongodb@7.0.0\\node_modules\\mongodb\\lib\\mongo_client.js:271:13)\n    at MongoClient.connect (C:\\Users\\Admin\\Lab\\Diaspomoney\\diaspomoney\\node_modules\\.pnpm\\mongodb@7.0.0\\node_modules\\mongodb\\lib\\mongo_client.js:196:13)","msg":"All 2 retry attempts failed"}
{"level":50,"time":1763926243890,"type":"method_error","class":"_TransactionFacade","method":"execute","action":"error","executionTime":1008,"error":{"name":"MongoServerSelectionError","message":"connect ECONNREFUSED ::1:27017, connect ECONNREFUSED 127.0.0.1:27017"},"args":[{"payerId":"payer123","beneficiaryId":"beneficiary123","amount":100.5,"currency":"EUR","type":"PAYMENT","serviceType":"HEALTH"}],"msg":"_TransactionFacade.execute failed after 1008ms: connect ECONNREFUSED ::1:27017, connect ECONNREFUSED 127.0.0.1:27017"}
{"level":30,"time":1763926243892,"type":"method_call","class":"_TransactionFacade","method":"execute","action":"start","args":[{"payerId":"payer123","beneficiaryId":"beneficiary123","amount":100.5,"currency":"EUR","type":"PAYMENT","metadata":{"bookingId":"booking123","invoiceId":"invoice123","customField":"customValue"}}],"msg":"_TransactionFacade.execute called"}
{"level":50,"time":1763926243893,"type":"transaction_error","class":"_TransactionFacade","method":"createTransaction","error":"connect ECONNREFUSED ::1:27017, connect ECONNREFUSED 127.0.0.1:27017","isolationLevel":"read-committed","msg":"Transaction error in _TransactionFacade.createTransaction"}
{"level":50,"time":1763926243893,"type":"performance_error","class":"_TransactionFacade","method":"createTransaction","executionTime":0,"error":"connect ECONNREFUSED ::1:27017, connect ECONNREFUSED 127.0.0.1:27017","msg":"Performance error in _TransactionFacade.createTransaction after 0ms"}
{"level":30,"time":1763926243893,"type":"method_call","class":"MongoAuditLogRepository","method":"create","action":"start","args":[{"eventType":"TRANSACTION_CREATED","category":"METHOD_EXECUTION","severity":"ERROR","userId":"system","metadata":{"className":"_TransactionFacade","methodName":"createTransaction","args":[{"payerId":"payer123","beneficiaryId":"beneficiary123","amount":100.5,"currency":"EUR","type":"PAYMENT"}],"error":"connect ECONNREFUSED ::1:27017, connect ECONNREFUSED 127.0.0.1:27017","executionTime":0},"outcome":"FAILURE","riskScore":50,"timestamp":"2025-11-23T19:30:43.893Z"}],"msg":"MongoAuditLogRepository.create called"}
{"level":50,"time":1763926243893,"type":"performance_error","class":"MongoAuditLogRepository","method":"create","executionTime":0,"error":"Cannot read properties of undefined (reading 'error')","msg":"Performance error in MongoAuditLogRepository.create after 0ms"}
{"level":50,"time":1763926243893,"type":"method_error","class":"MongoAuditLogRepository","method":"create","action":"error","executionTime":0,"error":{"name":"TypeError","message":"Cannot read properties of undefined (reading 'error')"},"args":[{"eventType":"TRANSACTION_CREATED","category":"METHOD_EXECUTION","severity":"ERROR","userId":"system","metadata":{"className":"_TransactionFacade","methodName":"createTransaction","args":[{"payerId":"payer123","beneficiaryId":"beneficiary123","amount":100.5,"currency":"EUR","type":"PAYMENT"}],"error":"connect ECONNREFUSED ::1:27017, connect ECONNREFUSED 127.0.0.1:27017","executionTime":0},"outcome":"FAILURE","riskScore":50,"timestamp":"2025-11-23T19:30:43.893Z"}],"msg":"MongoAuditLogRepository.create failed after 0ms: Cannot read properties of undefined (reading 'error')"}
{"level":50,"time":1763926243893,"type":"audit_log_error","class":"_TransactionFacade","method":"createTransaction","error":"Cannot read properties of undefined (reading 'error')","msg":"Failed to create audit log for _TransactionFacade.createTransaction"}
{"level":50,"time":1763926243893,"type":"audit_error","class":"_TransactionFacade","method":"createTransaction","eventType":"TRANSACTION_CREATED","userId":"system","error":"connect ECONNREFUSED ::1:27017, connect ECONNREFUSED 127.0.0.1:27017","executionTime":0,"msg":"Audit error: TRANSACTION_CREATED - _TransactionFacade.createTransaction"}
{"level":40,"time":1763926243895,"method":"_TransactionFacade.createTransaction","attempt":1,"maxAttempts":2,"nextAttemptIn":1000,"error":"connect ECONNREFUSED ::1:27017, connect ECONNREFUSED 127.0.0.1:27017","msg":"Retry attempt 1/2"}
 ├ù tests/facades/transaction.facade.test.ts > TransactionFacade > createTransaction (via execute) > devrait cr├®er une transaction avec diff├®rents serviceType 1010ms
   ÔåÆ connect ECONNREFUSED ::1:27017, connect ECONNREFUSED 127.0.0.1:27017
{"level":50,"time":1763926244897,"type":"transaction_error","class":"_TransactionFacade","method":"createTransaction","error":"connect ECONNREFUSED ::1:27017, connect ECONNREFUSED 127.0.0.1:27017","isolationLevel":"read-committed","msg":"Transaction error in _TransactionFacade.createTransaction"}
{"level":50,"time":1763926244897,"type":"performance_error","class":"_TransactionFacade","method":"createTransaction","executionTime":1,"error":"connect ECONNREFUSED ::1:27017, connect ECONNREFUSED 127.0.0.1:27017","msg":"Performance error in _TransactionFacade.createTransaction after 1ms"}
{"level":30,"time":1763926244897,"type":"method_call","class":"MongoAuditLogRepository","method":"create","action":"start","args":[{"eventType":"TRANSACTION_CREATED","category":"METHOD_EXECUTION","severity":"ERROR","userId":"system","metadata":{"className":"_TransactionFacade","methodName":"createTransaction","args":[{"payerId":"payer123","beneficiaryId":"beneficiary123","amount":100.5,"currency":"EUR","type":"PAYMENT"}],"error":"connect ECONNREFUSED ::1:27017, connect ECONNREFUSED 127.0.0.1:27017","executionTime":1},"outcome":"FAILURE","riskScore":50,"timestamp":"2025-11-23T19:30:44.897Z"}],"msg":"MongoAuditLogRepository.create called"}
{"level":50,"time":1763926244897,"type":"performance_error","class":"MongoAuditLogRepository","method":"create","executionTime":0,"error":"Cannot read properties of undefined (reading 'error')","msg":"Performance error in MongoAuditLogRepository.create after 0ms"}
{"level":50,"time":1763926244897,"type":"method_error","class":"MongoAuditLogRepository","method":"create","action":"error","executionTime":0,"error":{"name":"TypeError","message":"Cannot read properties of undefined (reading 'error')"},"args":[{"eventType":"TRANSACTION_CREATED","category":"METHOD_EXECUTION","severity":"ERROR","userId":"system","metadata":{"className":"_TransactionFacade","methodName":"createTransaction","args":[{"payerId":"payer123","beneficiaryId":"beneficiary123","amount":100.5,"currency":"EUR","type":"PAYMENT"}],"error":"connect ECONNREFUSED ::1:27017, connect ECONNREFUSED 127.0.0.1:27017","executionTime":1},"outcome":"FAILURE","riskScore":50,"timestamp":"2025-11-23T19:30:44.897Z"}],"msg":"MongoAuditLogRepository.create failed after 0ms: Cannot read properties of undefined (reading 'error')"}
{"level":50,"time":1763926244897,"type":"audit_log_error","class":"_TransactionFacade","method":"createTransaction","error":"Cannot read properties of undefined (reading 'error')","msg":"Failed to create audit log for _TransactionFacade.createTransaction"}
{"level":50,"time":1763926244897,"type":"audit_error","class":"_TransactionFacade","method":"createTransaction","eventType":"TRANSACTION_CREATED","userId":"system","error":"connect ECONNREFUSED ::1:27017, connect ECONNREFUSED 127.0.0.1:27017","executionTime":1,"msg":"Audit error: TRANSACTION_CREATED - _TransactionFacade.createTransaction"}
{"level":50,"time":1763926244897,"method":"_TransactionFacade.createTransaction","totalAttempts":2,"error":"connect ECONNREFUSED ::1:27017, connect ECONNREFUSED 127.0.0.1:27017","errorStack":"MongoServerSelectionError: connect ECONNREFUSED ::1:27017, connect ECONNREFUSED 127.0.0.1:27017\n    at Topology.selectServer (C:\\Users\\Admin\\Lab\\Diaspomoney\\diaspomoney\\node_modules\\.pnpm\\mongodb@7.0.0\\node_modules\\mongodb\\lib\\sdam\\topology.js:346:38)\n    at Topology._connect (C:\\Users\\Admin\\Lab\\Diaspomoney\\diaspomoney\\node_modules\\.pnpm\\mongodb@7.0.0\\node_modules\\mongodb\\lib\\sdam\\topology.js:219:28)\n    at Topology.connect (C:\\Users\\Admin\\Lab\\Diaspomoney\\diaspomoney\\node_modules\\.pnpm\\mongodb@7.0.0\\node_modules\\mongodb\\lib\\sdam\\topology.js:171:13)\n    at topologyConnect (C:\\Users\\Admin\\Lab\\Diaspomoney\\diaspomoney\\node_modules\\.pnpm\\mongodb@7.0.0\\node_modules\\mongodb\\lib\\mongo_client.js:258:17)\n    at MongoClient._connect (C:\\Users\\Admin\\Lab\\Diaspomoney\\diaspomoney\\node_modules\\.pnpm\\mongodb@7.0.0\\node_modules\\mongodb\\lib\\mongo_client.js:271:13)\n    at MongoClient.connect (C:\\Users\\Admin\\Lab\\Diaspomoney\\diaspomoney\\node_modules\\.pnpm\\mongodb@7.0.0\\node_modules\\mongodb\\lib\\mongo_client.js:196:13)","msg":"All 2 retry attempts failed"}
{"level":50,"time":1763926244897,"type":"method_error","class":"_TransactionFacade","method":"execute","action":"error","executionTime":1005,"error":{"name":"MongoServerSelectionError","message":"connect ECONNREFUSED ::1:27017, connect ECONNREFUSED 127.0.0.1:27017"},"args":[{"payerId":"payer123","beneficiaryId":"beneficiary123","amount":100.5,"currency":"EUR","type":"PAYMENT","metadata":{"bookingId":"booking123","invoiceId":"invoice123","customField":"customValue"}}],"msg":"_TransactionFacade.execute failed after 1005ms: connect ECONNREFUSED ::1:27017, connect ECONNREFUSED 127.0.0.1:27017"}
{"level":30,"time":1763926244899,"type":"method_call","class":"_TransactionFacade","method":"execute","action":"start","args":[{"payerId":"payer123","beneficiaryId":"beneficiary123","amount":100.5,"currency":"EUR","type":"PAYMENT","description":"Paiement pour service de consultation"}],"msg":"_TransactionFacade.execute called"}
{"level":50,"time":1763926244899,"type":"transaction_error","class":"_TransactionFacade","method":"createTransaction","error":"connect ECONNREFUSED ::1:27017, connect ECONNREFUSED 127.0.0.1:27017","isolationLevel":"read-committed","msg":"Transaction error in _TransactionFacade.createTransaction"}
{"level":50,"time":1763926244900,"type":"performance_error","class":"_TransactionFacade","method":"createTransaction","executionTime":0,"error":"connect ECONNREFUSED ::1:27017, connect ECONNREFUSED 127.0.0.1:27017","msg":"Performance error in _TransactionFacade.createTransaction after 0ms"}
{"level":30,"time":1763926244900,"type":"method_call","class":"MongoAuditLogRepository","method":"create","action":"start","args":[{"eventType":"TRANSACTION_CREATED","category":"METHOD_EXECUTION","severity":"ERROR","userId":"system","metadata":{"className":"_TransactionFacade","methodName":"createTransaction","args":[{"payerId":"payer123","beneficiaryId":"beneficiary123","amount":100.5,"currency":"EUR","type":"PAYMENT","description":"Paiement pour service de consultation"}],"error":"connect ECONNREFUSED ::1:27017, connect ECONNREFUSED 127.0.0.1:27017","executionTime":1},"outcome":"FAILURE","riskScore":50,"timestamp":"2025-11-23T19:30:44.900Z"}],"msg":"MongoAuditLogRepository.create called"}
{"level":50,"time":1763926244900,"type":"performance_error","class":"MongoAuditLogRepository","method":"create","executionTime":0,"error":"Cannot read properties of undefined (reading 'error')","msg":"Performance error in MongoAuditLogRepository.create after 0ms"}
{"level":50,"time":1763926244900,"type":"method_error","class":"MongoAuditLogRepository","method":"create","action":"error","executionTime":0,"error":{"name":"TypeError","message":"Cannot read properties of undefined (reading 'error')"},"args":[{"eventType":"TRANSACTION_CREATED","category":"METHOD_EXECUTION","severity":"ERROR","userId":"system","metadata":{"className":"_TransactionFacade","methodName":"createTransaction","args":[{"payerId":"payer123","beneficiaryId":"beneficiary123","amount":100.5,"currency":"EUR","type":"PAYMENT","description":"Paiement pour service de consultation"}],"error":"connect ECONNREFUSED ::1:27017, connect ECONNREFUSED 127.0.0.1:27017","executionTime":1},"outcome":"FAILURE","riskScore":50,"timestamp":"2025-11-23T19:30:44.900Z"}],"msg":"MongoAuditLogRepository.create failed after 0ms: Cannot read properties of undefined (reading 'error')"}
{"level":50,"time":1763926244900,"type":"audit_log_error","class":"_TransactionFacade","method":"createTransaction","error":"Cannot read properties of undefined (reading 'error')","msg":"Failed to create audit log for _TransactionFacade.createTransaction"}
{"level":50,"time":1763926244900,"type":"audit_error","class":"_TransactionFacade","method":"createTransaction","eventType":"TRANSACTION_CREATED","userId":"system","error":"connect ECONNREFUSED ::1:27017, connect ECONNREFUSED 127.0.0.1:27017","executionTime":1,"msg":"Audit error: TRANSACTION_CREATED - _TransactionFacade.createTransaction"}
{"level":40,"time":1763926244900,"method":"_TransactionFacade.createTransaction","attempt":1,"maxAttempts":2,"nextAttemptIn":1000,"error":"connect ECONNREFUSED ::1:27017, connect ECONNREFUSED 127.0.0.1:27017","msg":"Retry attempt 1/2"}
 ├ù tests/facades/transaction.facade.test.ts > TransactionFacade > createTransaction (via execute) > devrait cr├®er une transaction avec metadata personnalis├®e 1007ms
   ÔåÆ connect ECONNREFUSED ::1:27017, connect ECONNREFUSED 127.0.0.1:27017
node.exe : stderr | tests/hooks/useQuoteActions.test.ts > useQuoteActions > deleteQuote > devrait supprimer un devis 
avec succ├¿s
Au caractère C:\Users\Admin\AppData\Roaming\npm\pnpm.ps1:24 : 5
+     & "node$exe"  "$basedir/node_modules/pnpm/bin/pnpm.cjs" $args
+     ~~~~~~~~~~~~~~~~~~~~~~~~~~~~~~~~~~~~~~~~~~~~~~~~~~~~~~~~~~~~~
    + CategoryInfo          : NotSpecified: (stderr | tests/...is avec succ├¿s:String) [], RemoteException
    + FullyQualifiedErrorId : NativeCommandError
 
Warning: An update to TestComponent inside a test was not wrapped in act(...).

When testing, code that causes React state updates should be wrapped into act(...):

act(() => {
  /* fire events that update state */
});
/* assert on the output */

This ensures that you're testing the behavior the user would see in the browser. Learn more at 
https://reactjs.org/link/wrap-tests-with-act
    at TestComponent (C:\Users\Admin\Lab\Diaspomoney\diaspomoney\node_modules\.pnpm\@testing-library+react@16.3_59c0e11
b10e1a70d511ef984e8664550\node_modules\@testing-library\react\dist\pure.js:329:5)

stderr | tests/hooks/useQuoteActions.test.ts > useQuoteActions > deleteQuote > devrait supprimer un devis avec succ├¿s
Warning: An update to TestComponent inside a test was not wrapped in act(...).

When testing, code that causes React state updates should be wrapped into act(...):

act(() => {
  /* fire events that update state */
});
/* assert on the output */

This ensures that you're testing the behavior the user would see in the browser. Learn more at 
https://reactjs.org/link/wrap-tests-with-act
    at TestComponent (C:\Users\Admin\Lab\Diaspomoney\diaspomoney\node_modules\.pnpm\@testing-library+react@16.3_59c0e11
b10e1a70d511ef984e8664550\node_modules\@testing-library\react\dist\pure.js:329:5)

stderr | tests/hooks/useQuoteActions.test.ts > useQuoteActions > deleteQuote > devrait g├®rer les erreurs de 
suppression
Warning: An update to TestComponent inside a test was not wrapped in act(...).

When testing, code that causes React state updates should be wrapped into act(...):

act(() => {
  /* fire events that update state */
});
/* assert on the output */

This ensures that you're testing the behavior the user would see in the browser. Learn more at 
https://reactjs.org/link/wrap-tests-with-act
    at TestComponent (C:\Users\Admin\Lab\Diaspomoney\diaspomoney\node_modules\.pnpm\@testing-library+react@16.3_59c0e11
b10e1a70d511ef984e8664550\node_modules\@testing-library\react\dist\pure.js:329:5)

stderr | tests/hooks/useQuoteActions.test.ts > useQuoteActions > deleteQuote > devrait g├®rer les erreurs de 
suppression
Warning: An update to TestComponent inside a test was not wrapped in act(...).

When testing, code that causes React state updates should be wrapped into act(...):

act(() => {
  /* fire events that update state */
});
/* assert on the output */

This ensures that you're testing the behavior the user would see in the browser. Learn more at 
https://reactjs.org/link/wrap-tests-with-act
    at TestComponent (C:\Users\Admin\Lab\Diaspomoney\diaspomoney\node_modules\.pnpm\@testing-library+react@16.3_59c0e11
b10e1a70d511ef984e8664550\node_modules\@testing-library\react\dist\pure.js:329:5)

stderr | tests/hooks/useQuoteActions.test.ts > useQuoteActions > deleteQuote > devrait g├®rer l'├®tat isDeleting
Warning: An update to TestComponent inside a test was not wrapped in act(...).

When testing, code that causes React state updates should be wrapped into act(...):

act(() => {
  /* fire events that update state */
});
/* assert on the output */

This ensures that you're testing the behavior the user would see in the browser. Learn more at 
https://reactjs.org/link/wrap-tests-with-act
    at TestComponent (C:\Users\Admin\Lab\Diaspomoney\diaspomoney\node_modules\.pnpm\@testing-library+react@16.3_59c0e11
b10e1a70d511ef984e8664550\node_modules\@testing-library\react\dist\pure.js:329:5)

stderr | tests/hooks/invoices/useInvoiceActions.test.ts > useInvoiceActions > downloadInvoice > devrait t├®l├®charger 
une facture (window.open)
Warning: An update to TestComponent inside a test was not wrapped in act(...).

When testing, code that causes React state updates should be wrapped into act(...):

act(() => {
  /* fire events that update state */
});
/* assert on the output */

This ensures that you're testing the behavior the user would see in the browser. Learn more at 
https://reactjs.org/link/wrap-tests-with-act
    at TestComponent (C:\Users\Admin\Lab\Diaspomoney\diaspomoney\node_modules\.pnpm\@testing-library+react@16.3_59c0e11
b10e1a70d511ef984e8664550\node_modules\@testing-library\react\dist\pure.js:329:5)
Warning: An update to TestComponent inside a test was not wrapped in act(...).

When testing, code that causes React state updates should be wrapped into act(...):

act(() => {
  /* fire events that update state */
});
/* assert on the output */

This ensures that you're testing the behavior the user would see in the browser. Learn more at 
https://reactjs.org/link/wrap-tests-with-act
    at TestComponent (C:\Users\Admin\Lab\Diaspomoney\diaspomoney\node_modules\.pnpm\@testing-library+react@16.3_59c0e11
b10e1a70d511ef984e8664550\node_modules\@testing-library\react\dist\pure.js:329:5)

stderr | tests/hooks/invoices/useInvoiceActions.test.ts > useInvoiceActions > downloadInvoice > devrait g├®rer les 
erreurs lors du t├®l├®chargement
Warning: An update to TestComponent inside a test was not wrapped in act(...).

When testing, code that causes React state updates should be wrapped into act(...):

act(() => {
  /* fire events that update state */
});
/* assert on the output */

This ensures that you're testing the behavior the user would see in the browser. Learn more at 
https://reactjs.org/link/wrap-tests-with-act
    at TestComponent (C:\Users\Admin\Lab\Diaspomoney\diaspomoney\node_modules\.pnpm\@testing-library+react@16.3_59c0e11
b10e1a70d511ef984e8664550\node_modules\@testing-library\react\dist\pure.js:329:5)
Warning: An update to TestComponent inside a test was not wrapped in act(...).

When testing, code that causes React state updates should be wrapped into act(...):

act(() => {
  /* fire events that update state */
});
/* assert on the output */

This ensures that you're testing the behavior the user would see in the browser. Learn more at 
https://reactjs.org/link/wrap-tests-with-act
    at TestComponent (C:\Users\Admin\Lab\Diaspomoney\diaspomoney\node_modules\.pnpm\@testing-library+react@16.3_59c0e11
b10e1a70d511ef984e8664550\node_modules\@testing-library\react\dist\pure.js:329:5)

stderr | tests/hooks/invoices/useInvoiceActions.test.ts > useInvoiceActions > downloadInvoice > devrait avoir 
isDownloading ├á true pendant le t├®l├®chargement
Warning: An update to TestComponent inside a test was not wrapped in act(...).

When testing, code that causes React state updates should be wrapped into act(...):

act(() => {
  /* fire events that update state */
});
/* assert on the output */

This ensures that you're testing the behavior the user would see in the browser. Learn more at 
https://reactjs.org/link/wrap-tests-with-act
    at TestComponent (C:\Users\Admin\Lab\Diaspomoney\diaspomoney\node_modules\.pnpm\@testing-library+react@16.3_59c0e11
b10e1a70d511ef984e8664550\node_modules\@testing-library\react\dist\pure.js:329:5)
Warning: An update to TestComponent inside a test was not wrapped in act(...).

When testing, code that causes React state updates should be wrapped into act(...):

act(() => {
 Ô£ô tests/hooks/invoices/useInvoiceActions.test.ts > useInvoiceActions > deleteInvoice > devrait supprimer une facture avec confirmation utilisateur 28ms
 Ô£ô tests/hooks/invoices/useInvoiceActions.test.ts > useInvoiceActions > deleteInvoice > devrait annuler la suppression si utilisateur refuse 4ms
 Ô£ô tests/hooks/invoices/useInvoiceActions.test.ts > useInvoiceActions > deleteInvoice > devrait g├®rer les erreurs lors de la suppression 3ms
 Ô£ô tests/hooks/invoices/useInvoiceActions.test.ts > useInvoiceActions > downloadInvoice > devrait t├®l├®charger une facture (window.open) 8ms
 Ô£ô tests/hooks/invoices/useInvoiceActions.test.ts > useInvoiceActions > downloadInvoice > devrait g├®rer les erreurs lors du t├®l├®chargement 7ms
 Ô£ô tests/hooks/useQuoteActions.test.ts > useQuoteActions > deleteQuote > devrait supprimer un devis avec succ├¿s 31ms
 Ô£ô tests/hooks/useQuoteActions.test.ts > useQuoteActions > deleteQuote > devrait g├®rer les erreurs de suppression 4ms
 Ô£ô tests/hooks/useQuoteActions.test.ts > useQuoteActions > deleteQuote > devrait retourner false si l'utilisateur annule 3ms
 Ô£ô tests/hooks/invoices/useInvoiceStats.test.ts > useInvoiceStats > devrait calculer les statistiques pour admin (toutes les factures) 26ms
 Ô£ô tests/hooks/invoices/useInvoiceStats.test.ts > useInvoiceStats > devrait calculer les statistiques pour provider (filtr├® par providerId) 3ms
 Ô£ô tests/hooks/invoices/useInvoiceStats.test.ts > useInvoiceStats > devrait calculer les statistiques pour customer (filtr├® par customerId) 3ms
 Ô£ô tests/hooks/invoices/useInvoiceStats.test.ts > useInvoiceStats > devrait calculer totalInvoices, paidInvoices, pendingInvoices, overdueInvoices, cancelledInvoices 3ms
 Ô£ô tests/hooks/invoices/useInvoiceStats.test.ts > useInvoiceStats > devrait calculer totalAmount, paidAmount, pendingAmount, overdueAmount 3ms
 Ô£ô tests/hooks/invoices/useInvoiceStats.test.ts > useInvoiceStats > devrait filtrer selon le r├┤le utilisateur (provider) 2ms
 Ô£ô tests/hooks/invoices/useInvoiceStats.test.ts > useInvoiceStats > devrait filtrer selon le r├┤le utilisateur (customer) 2ms
 Ô£ô tests/hooks/invoices/useInvoiceStats.test.ts > useInvoiceStats > devrait g├®rer userId sans r├┤le sp├®cifique 2ms
 Ô£ô tests/hooks/invoices/useInvoiceStats.test.ts > useInvoiceStats > devrait retourner 0 pour tous les montants si aucune facture 2ms
  /* fire events that update state */
});
/* assert on the output */

This ensures that you're testing the behavior the user would see in the browser. Learn more at 
https://reactjs.org/link/wrap-tests-with-act
    at TestComponent (C:\Users\Admin\Lab\Diaspomoney\diaspomoney\node_modules\.pnpm\@testing-library+react@16.3_59c0e11
b10e1a70d511ef984e8664550\node_modules\@testing-library\react\dist\pure.js:329:5)

stderr | tests/hooks/useQuoteActions.test.ts > useQuoteActions > deleteQuote > devrait g├®rer l'├®tat isDeleting
Warning: An update to TestComponent inside a test was not wrapped in act(...).

When testing, code that causes React state updates should be wrapped into act(...):

act(() => {
  /* fire events that update state */
});
/* assert on the output */

This ensures that you're testing the behavior the user would see in the browser. Learn more at 
https://reactjs.org/link/wrap-tests-with-act
    at TestComponent (C:\Users\Admin\Lab\Diaspomoney\diaspomoney\node_modules\.pnpm\@testing-library+react@16.3_59c0e11
b10e1a70d511ef984e8664550\node_modules\@testing-library\react\dist\pure.js:329:5)

stderr | tests/hooks/useQuoteActions.test.ts > useQuoteActions > approveQuote > devrait approuver un devis avec succ├¿s
Warning: An update to TestComponent inside a test was not wrapped in act(...).

When testing, code that causes React state updates should be wrapped into act(...):

act(() => {
  /* fire events that update state */
});
/* assert on the output */

This ensures that you're testing the behavior the user would see in the browser. Learn more at 
https://reactjs.org/link/wrap-tests-with-act
    at TestComponent (C:\Users\Admin\Lab\Diaspomoney\diaspomoney\node_modules\.pnpm\@testing-library+react@16.3_59c0e11
b10e1a70d511ef984e8664550\node_modules\@testing-library\react\dist\pure.js:329:5)

stderr | tests/hooks/useQuoteActions.test.ts > useQuoteActions > approveQuote > devrait approuver un devis avec succ├¿s
Warning: An update to TestComponent inside a test was not wrapped in act(...).

When testing, code that causes React state updates should be wrapped into act(...):

act(() => {
  /* fire events that update state */
});
/* assert on the output */

This ensures that you're testing the behavior the user would see in the browser. Learn more at 
https://reactjs.org/link/wrap-tests-with-act
    at TestComponent (C:\Users\Admin\Lab\Diaspomoney\diaspomoney\node_modules\.pnpm\@testing-library+react@16.3_59c0e11
b10e1a70d511ef984e8664550\node_modules\@testing-library\react\dist\pure.js:329:5)

stderr | tests/hooks/useQuoteActions.test.ts > useQuoteActions > approveQuote > devrait g├®rer l'├®tat isApproving
Warning: An update to TestComponent inside a test was not wrapped in act(...).

When testing, code that causes React state updates should be wrapped into act(...):

act(() => {
  /* fire events that update state */
});
/* assert on the output */

This ensures that you're testing the behavior the user would see in the browser. Learn more at 
https://reactjs.org/link/wrap-tests-with-act
    at TestComponent (C:\Users\Admin\Lab\Diaspomoney\diaspomoney\node_modules\.pnpm\@testing-library+react@16.3_59c0e11
b10e1a70d511ef984e8664550\node_modules\@testing-library\react\dist\pure.js:329:5)

 Ô£ô tests/hooks/useQuoteActions.test.ts > useQuoteActions > deleteQuote > devrait g├®rer l'├®tat isDeleting 161ms
 Ô£ô tests/hooks/useQuoteActions.test.ts > useQuoteActions > approveQuote > devrait approuver un devis avec succ├¿s 5ms
stderr | tests/hooks/useQuoteActions.test.ts > useQuoteActions > approveQuote > devrait g├®rer l'├®tat isApproving
Warning: An update to TestComponent inside a test was not wrapped in act(...).

When testing, code that causes React state updates should be wrapped into act(...):

act(() => {
  /* fire events that update state */
});
/* assert on the output */

This ensures that you're testing the behavior the user would see in the browser. Learn more at 
https://reactjs.org/link/wrap-tests-with-act
    at TestComponent (C:\Users\Admin\Lab\Diaspomoney\diaspomoney\node_modules\.pnpm\@testing-library+react@16.3_59c0e11
b10e1a70d511ef984e8664550\node_modules\@testing-library\react\dist\pure.js:329:5)

 Ô£ô tests/api/auth/verify-email/route.test.ts > POST /api/auth/verify-email > devrait v├®rifier l'email avec succ├¿s 18ms
 Ô£ô tests/api/auth/verify-email/route.test.ts > POST /api/auth/verify-email > devrait retourner 400 si le token est manquant 3ms
 Ô£ô tests/api/auth/verify-email/route.test.ts > POST /api/auth/verify-email > devrait retourner 400 si le token JWT est invalide 2ms
 Ô£ô tests/api/auth/verify-email/route.test.ts > POST /api/auth/verify-email > devrait retourner 400 si le type de token est incorrect 2ms
 Ô£ô tests/api/auth/verify-email/route.test.ts > POST /api/auth/verify-email > devrait retourner 404 si l'utilisateur n'existe pas 2ms
 Ô£ô tests/api/auth/verify-email/route.test.ts > POST /api/auth/verify-email > devrait retourner 200 si l'email est d├®j├á v├®rifi├® 2ms
 Ô£ô tests/api/auth/verify-email/route.test.ts > POST /api/auth/verify-email > devrait appeler dbConnect avant de traiter 1ms
 ├ù tests/api/auth/verify-email/route.test.ts > POST /api/auth/verify-email > devrait enregistrer une m├®trique d'├®chec en cas d'erreur 7ms
   ÔåÆ expected "vi.fn()" to be called with arguments: [ ObjectContaining{ÔÇª} ]

Number of calls: 0

 ├ù tests/api/auth/verify-email/route.test.ts > POST /api/auth/verify-email > devrait g├®rer les erreurs g├®n├®riques 5ms
   ÔåÆ expected undefined to be false // Object.is equality
 Ô£ô tests/hooks/useQuoteActions.test.ts > useQuoteActions > approveQuote > devrait g├®rer l'├®tat isApproving 240ms
 ├ù tests/hooks/useQuoteActions.test.ts > useQuoteActions > downloadQuote > devrait t├®l├®charger un devis avec succ├¿s 39ms
   ÔåÆ createRoot(...): Target container is not a DOM element.
 ├ù tests/hooks/useQuoteActions.test.ts > useQuoteActions > downloadQuote > devrait g├®rer l'├®tat isDownloading 2ms
   ÔåÆ createRoot(...): Target container is not a DOM element.
{"level":50,"time":1763926245909,"type":"transaction_error","class":"_TransactionFacade","method":"createTransaction","error":"connect ECONNREFUSED ::1:27017, connect ECONNREFUSED 127.0.0.1:27017","isolationLevel":"read-committed","msg":"Transaction error in _TransactionFacade.createTransaction"}
{"level":50,"time":1763926245909,"type":"performance_error","class":"_TransactionFacade","method":"createTransaction","executionTime":0,"error":"connect ECONNREFUSED ::1:27017, connect ECONNREFUSED 127.0.0.1:27017","msg":"Performance error in _TransactionFacade.createTransaction after 0ms"}
{"level":30,"time":1763926245909,"type":"method_call","class":"MongoAuditLogRepository","method":"create","action":"start","args":[{"eventType":"TRANSACTION_CREATED","category":"METHOD_EXECUTION","severity":"ERROR","userId":"system","metadata":{"className":"_TransactionFacade","methodName":"createTransaction","args":[{"payerId":"payer123","beneficiaryId":"beneficiary123","amount":100.5,"currency":"EUR","type":"PAYMENT","description":"Paiement pour service de consultation"}],"error":"connect ECONNREFUSED ::1:27017, connect ECONNREFUSED 127.0.0.1:27017","executionTime":0},"outcome":"FAILURE","riskScore":50,"timestamp":"2025-11-23T19:30:45.909Z"}],"msg":"MongoAuditLogRepository.create called"}
{"level":50,"time":1763926245909,"type":"performance_error","class":"MongoAuditLogRepository","method":"create","executionTime":0,"error":"Cannot read properties of undefined (reading 'error')","msg":"Performance error in MongoAuditLogRepository.create after 0ms"}
{"level":50,"time":1763926245909,"type":"method_error","class":"MongoAuditLogRepository","method":"create","action":"error","executionTime":0,"error":{"name":"TypeError","message":"Cannot read properties of undefined (reading 'error')"},"args":[{"eventType":"TRANSACTION_CREATED","category":"METHOD_EXECUTION","severity":"ERROR","userId":"system","metadata":{"className":"_TransactionFacade","methodName":"createTransaction","args":[{"payerId":"payer123","beneficiaryId":"beneficiary123","amount":100.5,"currency":"EUR","type":"PAYMENT","description":"Paiement pour service de consultation"}],"error":"connect ECONNREFUSED ::1:27017, connect ECONNREFUSED 127.0.0.1:27017","executionTime":0},"outcome":"FAILURE","riskScore":50,"timestamp":"2025-11-23T19:30:45.909Z"}],"msg":"MongoAuditLogRepository.create failed after 0ms: Cannot read properties of undefined (reading 'error')"}
{"level":50,"time":1763926245909,"type":"audit_log_error","class":"_TransactionFacade","method":"createTransaction","error":"Cannot read properties of undefined (reading 'error')","msg":"Failed to create audit log for _TransactionFacade.createTransaction"}
{"level":50,"time":1763926245909,"type":"audit_error","class":"_TransactionFacade","method":"createTransaction","eventType":"TRANSACTION_CREATED","userId":"system","error":"connect ECONNREFUSED ::1:27017, connect ECONNREFUSED 127.0.0.1:27017","executionTime":0,"msg":"Audit error: TRANSACTION_CREATED - _TransactionFacade.createTransaction"}
{"level":50,"time":1763926245910,"method":"_TransactionFacade.createTransaction","totalAttempts":2,"error":"connect ECONNREFUSED ::1:27017, connect ECONNREFUSED 127.0.0.1:27017","errorStack":"MongoServerSelectionError: connect ECONNREFUSED ::1:27017, connect ECONNREFUSED 127.0.0.1:27017\n    at Topology.selectServer (C:\\Users\\Admin\\Lab\\Diaspomoney\\diaspomoney\\node_modules\\.pnpm\\mongodb@7.0.0\\node_modules\\mongodb\\lib\\sdam\\topology.js:346:38)\n    at Topology._connect (C:\\Users\\Admin\\Lab\\Diaspomoney\\diaspomoney\\node_modules\\.pnpm\\mongodb@7.0.0\\node_modules\\mongodb\\lib\\sdam\\topology.js:219:28)\n    at Topology.connect (C:\\Users\\Admin\\Lab\\Diaspomoney\\diaspomoney\\node_modules\\.pnpm\\mongodb@7.0.0\\node_modules\\mongodb\\lib\\sdam\\topology.js:171:13)\n    at topologyConnect (C:\\Users\\Admin\\Lab\\Diaspomoney\\diaspomoney\\node_modules\\.pnpm\\mongodb@7.0.0\\node_modules\\mongodb\\lib\\mongo_client.js:258:17)\n    at MongoClient._connect (C:\\Users\\Admin\\Lab\\Diaspomoney\\diaspomoney\\node_modules\\.pnpm\\mongodb@7.0.0\\node_modules\\mongodb\\lib\\mongo_client.js:271:13)\n    at MongoClient.connect (C:\\Users\\Admin\\Lab\\Diaspomoney\\diaspomoney\\node_modules\\.pnpm\\mongodb@7.0.0\\node_modules\\mongodb\\lib\\mongo_client.js:196:13)","msg":"All 2 retry attempts failed"}
{"level":50,"time":1763926245910,"type":"method_error","class":"_TransactionFacade","method":"execute","action":"error","executionTime":1011,"error":{"name":"MongoServerSelectionError","message":"connect ECONNREFUSED ::1:27017, connect ECONNREFUSED 127.0.0.1:27017"},"args":[{"payerId":"payer123","beneficiaryId":"beneficiary123","amount":100.5,"currency":"EUR","type":"PAYMENT","description":"Paiement pour service de consultation"}],"msg":"_TransactionFacade.execute failed after 1011ms: connect ECONNREFUSED ::1:27017, connect ECONNREFUSED 127.0.0.1:27017"}
{"level":30,"time":1763926245911,"type":"method_call","class":"_TransactionFacade","method":"execute","action":"start","args":[{"payerId":"payer123","beneficiaryId":"beneficiary123","amount":100.5,"currency":"EUR","type":"PAYMENT"}],"msg":"_TransactionFacade.execute called"}
{"level":50,"time":1763926245911,"type":"transaction_error","class":"_TransactionFacade","method":"createTransaction","error":"connect ECONNREFUSED ::1:27017, connect ECONNREFUSED 127.0.0.1:27017","isolationLevel":"read-committed","msg":"Transaction error in _TransactionFacade.createTransaction"}
{"level":50,"time":1763926245911,"type":"performance_error","class":"_TransactionFacade","method":"createTransaction","executionTime":0,"error":"connect ECONNREFUSED ::1:27017, connect ECONNREFUSED 127.0.0.1:27017","msg":"Performance error in _TransactionFacade.createTransaction after 0ms"}
{"level":30,"time":1763926245911,"type":"method_call","class":"MongoAuditLogRepository","method":"create","action":"start","args":[{"eventType":"TRANSACTION_CREATED","category":"METHOD_EXECUTION","severity":"ERROR","userId":"system","metadata":{"className":"_TransactionFacade","methodName":"createTransaction","args":[{"payerId":"payer123","beneficiaryId":"beneficiary123","amount":100.5,"currency":"EUR","type":"PAYMENT"}],"error":"connect ECONNREFUSED ::1:27017, connect ECONNREFUSED 127.0.0.1:27017","executionTime":0},"outcome":"FAILURE","riskScore":50,"timestamp":"2025-11-23T19:30:45.911Z"}],"msg":"MongoAuditLogRepository.create called"}
{"level":50,"time":1763926245912,"type":"performance_error","class":"MongoAuditLogRepository","method":"create","executionTime":0,"error":"Cannot read properties of undefined (reading 'error')","msg":"Performance error in MongoAuditLogRepository.create after 0ms"}
{"level":50,"time":1763926245912,"type":"method_error","class":"MongoAuditLogRepository","method":"create","action":"error","executionTime":1,"error":{"name":"TypeError","message":"Cannot read properties of undefined (reading 'error')"},"args":[{"eventType":"TRANSACTION_CREATED","category":"METHOD_EXECUTION","severity":"ERROR","userId":"system","metadata":{"className":"_TransactionFacade","methodName":"createTransaction","args":[{"payerId":"payer123","beneficiaryId":"beneficiary123","amount":100.5,"currency":"EUR","type":"PAYMENT"}],"error":"connect ECONNREFUSED ::1:27017, connect ECONNREFUSED 127.0.0.1:27017","executionTime":0},"outcome":"FAILURE","riskScore":50,"timestamp":"2025-11-23T19:30:45.911Z"}],"msg":"MongoAuditLogRepository.create failed after 1ms: Cannot read properties of undefined (reading 'error')"}
{"level":50,"time":1763926245912,"type":"audit_log_error","class":"_TransactionFacade","method":"createTransaction","error":"Cannot read properties of undefined (reading 'error')","msg":"Failed to create audit log for _TransactionFacade.createTransaction"}
{"level":50,"time":1763926245912,"type":"audit_error","class":"_TransactionFacade","method":"createTransaction","eventType":"TRANSACTION_CREATED","userId":"system","error":"connect ECONNREFUSED ::1:27017, connect ECONNREFUSED 127.0.0.1:27017","executionTime":0,"msg":"Audit error: TRANSACTION_CREATED - _TransactionFacade.createTransaction"}
{"level":40,"time":1763926245912,"method":"_TransactionFacade.createTransaction","attempt":1,"maxAttempts":2,"nextAttemptIn":1000,"error":"connect ECONNREFUSED ::1:27017, connect ECONNREFUSED 127.0.0.1:27017","msg":"Retry attempt 1/2"}
 ├ù tests/facades/transaction.facade.test.ts > TransactionFacade > createTransaction (via execute) > devrait cr├®er une transaction avec description optionnelle 1012ms
   ÔåÆ connect ECONNREFUSED ::1:27017, connect ECONNREFUSED 127.0.0.1:27017
stderr | tests/api/complaints/route.test.ts > GET /api/complaints > devrait r├®cup├®rer les r├®clamations avec succ├¿s
[vitest] The vi.fn() mock did not use 'function' or 'class' in its implementation, see 
https://vitest.dev/api/vi#vi-spyon for examples.

stderr | tests/api/complaints/route.test.ts > GET /api/complaints > devrait appliquer les filtres de requ├¬te
[vitest] The vi.fn() mock did not use 'function' or 'class' in its implementation, see 
https://vitest.dev/api/vi#vi-spyon for examples.

stderr | tests/api/complaints/route.test.ts > GET /api/complaints > devrait utiliser la pagination par d├®faut
[vitest] The vi.fn() mock did not use 'function' or 'class' in its implementation, see 
https://vitest.dev/api/vi#vi-spyon for examples.

 ├ù tests/api/complaints/route.test.ts > GET /api/complaints > devrait r├®cup├®rer les r├®clamations avec succ├¿s 16ms
   ÔåÆ () => mockQueryBuilder is not a constructor
 ├ù tests/api/complaints/route.test.ts > GET /api/complaints > devrait appliquer les filtres de requ├¬te 3ms
   ÔåÆ () => mockQueryBuilder is not a constructor
 Ô£ô tests/api/complaints/route.test.ts > GET /api/complaints > devrait retourner 401 si non authentifi├® 3ms
 ├ù tests/api/complaints/route.test.ts > GET /api/complaints > devrait utiliser la pagination par d├®faut 2ms
   ÔåÆ () => mockQueryBuilder is not a constructor
 ├ù tests/api/complaints/route.test.ts > POST /api/complaints > devrait cr├®er une r├®clamation avec succ├¿s 11ms
   ÔåÆ expected undefined to be 200 // Object.is equality
 Ô£ô tests/api/complaints/route.test.ts > POST /api/complaints > devrait retourner 401 si non authentifi├® 2ms
 Ô£ô tests/api/complaints/route.test.ts > POST /api/complaints > devrait valider le body avec CreateComplaintSchema 17ms
 Ô£ô tests/api/complaints/route.test.ts > POST /api/complaints > devrait retourner une erreur si la cr├®ation ├®choue 11ms
stderr | tests/hooks/invoices/useInvoiceActions.test.ts > useInvoiceActions > sendInvoiceByEmail > devrait envoyer une 
facture par email avec succ├¿s
Warning: An update to TestComponent inside a test was not wrapped in act(...).

When testing, code that causes React state updates should be wrapped into act(...):

act(() => {
  /* fire events that update state */
});
/* assert on the output */

This ensures that you're testing the behavior the user would see in the browser. Learn more at 
https://reactjs.org/link/wrap-tests-with-act
    at TestComponent (C:\Users\Admin\Lab\Diaspomoney\diaspomoney\node_modules\.pnpm\@testing-library+react@16.3_59c0e11
b10e1a70d511ef984e8664550\node_modules\@testing-library\react\dist\pure.js:329:5)

stderr | tests/hooks/invoices/useInvoiceActions.test.ts > useInvoiceActions > sendInvoiceByEmail > devrait envoyer une 
facture par email avec succ├¿s
Warning: An update to TestComponent inside a test was not wrapped in act(...).

When testing, code that causes React state updates should be wrapped into act(...):

act(() => {
  /* fire events that update state */
});
/* assert on the output */

This ensures that you're testing the behavior the user would see in the browser. Learn more at 
https://reactjs.org/link/wrap-tests-with-act
    at TestComponent (C:\Users\Admin\Lab\Diaspomoney\diaspomoney\node_modules\.pnpm\@testing-library+react@16.3_59c0e11
b10e1a70d511ef984e8664550\node_modules\@testing-library\react\dist\pure.js:329:5)

stderr | tests/hooks/invoices/useInvoiceActions.test.ts > useInvoiceActions > sendInvoiceByEmail > devrait appeler 
onSuccess callback si fourni
Warning: An update to TestComponent inside a test was not wrapped in act(...).

When testing, code that causes React state updates should be wrapped into act(...):

act(() => {
  /* fire events that update state */
});
/* assert on the output */

This ensures that you're testing the behavior the user would see in the browser. Learn more at 
https://reactjs.org/link/wrap-tests-with-act
    at TestComponent (C:\Users\Admin\Lab\Diaspomoney\diaspomoney\node_modules\.pnpm\@testing-library+react@16.3_59c0e11
b10e1a70d511ef984e8664550\node_modules\@testing-library\react\dist\pure.js:329:5)

stderr | tests/hooks/invoices/useInvoiceActions.test.ts > useInvoiceActions > sendInvoiceByEmail > devrait appeler 
onSuccess callback si fourni
Warning: An update to TestComponent inside a test was not wrapped in act(...).

When testing, code that causes React state updates should be wrapped into act(...):

act(() => {
  /* fire events that update state */
});
/* assert on the output */

This ensures that you're testing the behavior the user would see in the browser. Learn more at 
https://reactjs.org/link/wrap-tests-with-act
    at TestComponent (C:\Users\Admin\Lab\Diaspomoney\diaspomoney\node_modules\.pnpm\@testing-library+react@16.3_59c0e11
b10e1a70d511ef984e8664550\node_modules\@testing-library\react\dist\pure.js:329:5)

stderr | tests/hooks/invoices/useInvoiceActions.test.ts > useInvoiceActions > sendInvoiceByEmail > devrait g├®rer les 
erreurs lors de l'envoi par email
Warning: An update to TestComponent inside a test was not wrapped in act(...).

When testing, code that causes React state updates should be wrapped into act(...):

act(() => {
  /* fire events that update state */
});
/* assert on the output */

This ensures that you're testing the behavior the user would see in the browser. Learn more at 
https://reactjs.org/link/wrap-tests-with-act
    at TestComponent (C:\Users\Admin\Lab\Diaspomoney\diaspomoney\node_modules\.pnpm\@testing-library+react@16.3_59c0e11
b10e1a70d511ef984e8664550\node_modules\@testing-library\react\dist\pure.js:329:5)

stderr | tests/hooks/invoices/useInvoiceActions.test.ts > useInvoiceActions > sendInvoiceByEmail > devrait g├®rer les 
erreurs lors de l'envoi par email
Warning: An update to TestComponent inside a test was not wrapped in act(...).

When testing, code that causes React state updates should be wrapped into act(...):

act(() => {
  /* fire events that update state */
});
/* assert on the output */

This ensures that you're testing the behavior the user would see in the browser. Learn more at 
https://reactjs.org/link/wrap-tests-with-act
    at TestComponent (C:\Users\Admin\Lab\Diaspomoney\diaspomoney\node_modules\.pnpm\@testing-library+react@16.3_59c0e11
b10e1a70d511ef984e8664550\node_modules\@testing-library\react\dist\pure.js:329:5)

stderr | tests/hooks/invoices/useInvoiceActions.test.ts > useInvoiceActions > sendInvoiceByEmail > devrait avoir 
isSending ├á true pendant l'envoi
Warning: An update to TestComponent inside a test was not wrapped in act(...).

When testing, code that causes React state updates should be wrapped into act(...):

act(() => {
  /* fire events that update state */
});
/* assert on the output */

This ensures that you're testing the behavior the user would see in the browser. Learn more at 
https://reactjs.org/link/wrap-tests-with-act
    at TestComponent (C:\Users\Admin\Lab\Diaspomoney\diaspomoney\node_modules\.pnpm\@testing-library+react@16.3_59c0e11
b10e1a70d511ef984e8664550\node_modules\@testing-library\react\dist\pure.js:329:5)

stderr | tests/hooks/invoices/useInvoiceActions.test.ts > useInvoiceActions > sendInvoiceByEmail > devrait avoir 
isSending ├á true pendant l'envoi
Warning: An update to TestComponent inside a test was not wrapped in act(...).

When testing, code that causes React state updates should be wrapped into act(...):

act(() => {
  /* fire events that update state */
});
/* assert on the output */

This ensures that you're testing the behavior the user would see in the browser. Learn more at 
https://reactjs.org/link/wrap-tests-with-act
    at TestComponent (C:\Users\Admin\Lab\Diaspomoney\diaspomoney\node_modules\.pnpm\@testing-library+react@16.3_59c0e11
b10e1a70d511ef984e8664550\node_modules\@testing-library\react\dist\pure.js:329:5)

 ├ù tests/hooks/invoices/useInvoiceActions.test.ts > useInvoiceActions > downloadInvoice > devrait avoir isDownloading ├á true pendant le t├®l├®chargement 1048ms
   ÔåÆ expected false to be true // Object.is equality

Ignored nodes: comments, script, style
[36m<html>[39m
  [36m<head />[39m
  [36m<body>[39m
    [36m<div />[39m
  [36m</body>[39m
[36m</html>[39m
 Ô£ô tests/hooks/invoices/useInvoiceActions.test.ts > useInvoiceActions > sendInvoiceByEmail > devrait envoyer une facture par email avec succ├¿s 4ms
 Ô£ô tests/hooks/invoices/useInvoiceActions.test.ts > useInvoiceActions > sendInvoiceByEmail > devrait appeler onSuccess callback si fourni 5ms
 Ô£ô tests/hooks/invoices/useInvoiceActions.test.ts > useInvoiceActions > sendInvoiceByEmail > devrait g├®rer les erreurs lors de l'envoi par email 5ms
 Ô£ô tests/hooks/invoices/useInvoiceActions.test.ts > useInvoiceActions > sendInvoiceByEmail > devrait avoir isSending ├á true pendant l'envoi 178ms
 Ô£ô tests/api/services/route.test.ts > GET /api/services > devrait r├®cup├®rer les services avec succ├¿s 12ms
 Ô£ô tests/api/services/route.test.ts > GET /api/services > devrait filtrer par cat├®gorie 2ms
 Ô£ô tests/api/services/route.test.ts > GET /api/services > devrait permettre aux admins de voir les services inactifs 1ms
 Ô£ô tests/api/services/route.test.ts > POST /api/services > devrait cr├®er un service avec succ├¿s (admin) 6ms
 Ô£ô tests/api/services/route.test.ts > POST /api/services > devrait retourner 401 si non authentifi├® 1ms
 Ô£ô tests/api/services/route.test.ts > POST /api/services > devrait retourner 403 si non admin 1ms
 Ô£ô tests/api/services/route.test.ts > POST /api/services > devrait valider le body avec CreateServiceSchema 1ms
{"level":50,"time":1763926246937,"type":"transaction_error","class":"_TransactionFacade","method":"createTransaction","error":"connect ECONNREFUSED ::1:27017, connect ECONNREFUSED 127.0.0.1:27017","isolationLevel":"read-committed","msg":"Transaction error in _TransactionFacade.createTransaction"}
{"level":50,"time":1763926246937,"type":"performance_error","class":"_TransactionFacade","method":"createTransaction","executionTime":0,"error":"connect ECONNREFUSED ::1:27017, connect ECONNREFUSED 127.0.0.1:27017","msg":"Performance error in _TransactionFacade.createTransaction after 0ms"}
{"level":30,"time":1763926246937,"type":"method_call","class":"MongoAuditLogRepository","method":"create","action":"start","args":[{"eventType":"TRANSACTION_CREATED","category":"METHOD_EXECUTION","severity":"ERROR","userId":"system","metadata":{"className":"_TransactionFacade","methodName":"createTransaction","args":[{"payerId":"payer123","beneficiaryId":"beneficiary123","amount":100.5,"currency":"EUR","type":"PAYMENT"}],"error":"connect ECONNREFUSED ::1:27017, connect ECONNREFUSED 127.0.0.1:27017","executionTime":0},"outcome":"FAILURE","riskScore":50,"timestamp":"2025-11-23T19:30:46.937Z"}],"msg":"MongoAuditLogRepository.create called"}
{"level":50,"time":1763926246938,"type":"performance_error","class":"MongoAuditLogRepository","method":"create","executionTime":1,"error":"Cannot read properties of undefined (reading 'error')","msg":"Performance error in MongoAuditLogRepository.create after 1ms"}
{"level":50,"time":1763926246938,"type":"method_error","class":"MongoAuditLogRepository","method":"create","action":"error","executionTime":1,"error":{"name":"TypeError","message":"Cannot read properties of undefined (reading 'error')"},"args":[{"eventType":"TRANSACTION_CREATED","category":"METHOD_EXECUTION","severity":"ERROR","userId":"system","metadata":{"className":"_TransactionFacade","methodName":"createTransaction","args":[{"payerId":"payer123","beneficiaryId":"beneficiary123","amount":100.5,"currency":"EUR","type":"PAYMENT"}],"error":"connect ECONNREFUSED ::1:27017, connect ECONNREFUSED 127.0.0.1:27017","executionTime":0},"outcome":"FAILURE","riskScore":50,"timestamp":"2025-11-23T19:30:46.937Z"}],"msg":"MongoAuditLogRepository.create failed after 1ms: Cannot read properties of undefined (reading 'error')"}
{"level":50,"time":1763926246938,"type":"audit_log_error","class":"_TransactionFacade","method":"createTransaction","error":"Cannot read properties of undefined (reading 'error')","msg":"Failed to create audit log for _TransactionFacade.createTransaction"}
{"level":50,"time":1763926246938,"type":"audit_error","class":"_TransactionFacade","method":"createTransaction","eventType":"TRANSACTION_CREATED","userId":"system","error":"connect ECONNREFUSED ::1:27017, connect ECONNREFUSED 127.0.0.1:27017","executionTime":0,"msg":"Audit error: TRANSACTION_CREATED - _TransactionFacade.createTransaction"}
{"level":50,"time":1763926246938,"method":"_TransactionFacade.createTransaction","totalAttempts":2,"error":"connect ECONNREFUSED ::1:27017, connect ECONNREFUSED 127.0.0.1:27017","errorStack":"MongoServerSelectionError: connect ECONNREFUSED ::1:27017, connect ECONNREFUSED 127.0.0.1:27017\n    at Topology.selectServer (C:\\Users\\Admin\\Lab\\Diaspomoney\\diaspomoney\\node_modules\\.pnpm\\mongodb@7.0.0\\node_modules\\mongodb\\lib\\sdam\\topology.js:346:38)\n    at Topology._connect (C:\\Users\\Admin\\Lab\\Diaspomoney\\diaspomoney\\node_modules\\.pnpm\\mongodb@7.0.0\\node_modules\\mongodb\\lib\\sdam\\topology.js:219:28)\n    at Topology.connect (C:\\Users\\Admin\\Lab\\Diaspomoney\\diaspomoney\\node_modules\\.pnpm\\mongodb@7.0.0\\node_modules\\mongodb\\lib\\sdam\\topology.js:171:13)\n    at topologyConnect (C:\\Users\\Admin\\Lab\\Diaspomoney\\diaspomoney\\node_modules\\.pnpm\\mongodb@7.0.0\\node_modules\\mongodb\\lib\\mongo_client.js:258:17)\n    at MongoClient._connect (C:\\Users\\Admin\\Lab\\Diaspomoney\\diaspomoney\\node_modules\\.pnpm\\mongodb@7.0.0\\node_modules\\mongodb\\lib\\mongo_client.js:271:13)\n    at MongoClient.connect (C:\\Users\\Admin\\Lab\\Diaspomoney\\diaspomoney\\node_modules\\.pnpm\\mongodb@7.0.0\\node_modules\\mongodb\\lib\\mongo_client.js:196:13)","msg":"All 2 retry attempts failed"}
{"level":50,"time":1763926246938,"type":"method_error","class":"_TransactionFacade","method":"execute","action":"error","executionTime":1027,"error":{"name":"MongoServerSelectionError","message":"connect ECONNREFUSED ::1:27017, connect ECONNREFUSED 127.0.0.1:27017"},"args":[{"payerId":"payer123","beneficiaryId":"beneficiary123","amount":100.5,"currency":"EUR","type":"PAYMENT"}],"msg":"_TransactionFacade.execute failed after 1027ms: connect ECONNREFUSED ::1:27017, connect ECONNREFUSED 127.0.0.1:27017"}
{"level":30,"time":1763926246940,"type":"method_call","class":"_TransactionFacade","method":"execute","action":"start","args":[{"payerId":"","beneficiaryId":"","amount":-100,"currency":"EU","type":""}],"msg":"_TransactionFacade.execute called"}
{"level":40,"time":1763926246941,"type":"validation_error","class":"_TransactionFacade","method":"execute","paramIndex":0,"paramName":"data","errors":["Payer ID is required","Beneficiary ID is required","Amount must be positive","Currency must be 3 characters","Transaction type is required"],"value":{"payerId":"","beneficiaryId":"","amount":-100,"currency":"EU","type":""},"msg":"Validation failed for _TransactionFacade.execute - data"}
{"level":50,"time":1763926246941,"type":"method_error","class":"_TransactionFacade","method":"execute","action":"error","executionTime":1,"error":{"name":"Error","message":"Validation failed: data: Payer ID is required, Beneficiary ID is required, Amount must be positive, Currency must be 3 characters, Transaction type is required"},"args":[{"payerId":"","beneficiaryId":"","amount":-100,"currency":"EU","type":""}],"msg":"_TransactionFacade.execute failed after 1ms: Validation failed: data: Payer ID is required, Beneficiary ID is required, Amount must be positive, Currency must be 3 characters, Transaction type is required"}
{"level":30,"time":1763926246945,"type":"method_call","class":"_TransactionFacade","method":"execute","action":"start","args":[{"payerId":"payer123","beneficiaryId":"beneficiary123","amount":100.5,"currency":"EUR","type":"PAYMENT","sendNotification":true}],"msg":"_TransactionFacade.execute called"}
{"level":50,"time":1763926246945,"type":"transaction_error","class":"_TransactionFacade","method":"createTransaction","error":"connect ECONNREFUSED ::1:27017, connect ECONNREFUSED 127.0.0.1:27017","isolationLevel":"read-committed","msg":"Transaction error in _TransactionFacade.createTransaction"}
{"level":50,"time":1763926246945,"type":"performance_error","class":"_TransactionFacade","method":"createTransaction","executionTime":0,"error":"connect ECONNREFUSED ::1:27017, connect ECONNREFUSED 127.0.0.1:27017","msg":"Performance error in _TransactionFacade.createTransaction after 0ms"}
{"level":30,"time":1763926246945,"type":"method_call","class":"MongoAuditLogRepository","method":"create","action":"start","args":[{"eventType":"TRANSACTION_CREATED","category":"METHOD_EXECUTION","severity":"ERROR","userId":"system","metadata":{"className":"_TransactionFacade","methodName":"createTransaction","args":[{"payerId":"payer123","beneficiaryId":"beneficiary123","amount":100.5,"currency":"EUR","type":"PAYMENT","sendNotification":true}],"error":"connect ECONNREFUSED ::1:27017, connect ECONNREFUSED 127.0.0.1:27017","executionTime":0},"outcome":"FAILURE","riskScore":50,"timestamp":"2025-11-23T19:30:46.945Z"}],"msg":"MongoAuditLogRepository.create called"}
{"level":50,"time":1763926246945,"type":"performance_error","class":"MongoAuditLogRepository","method":"create","executionTime":0,"error":"Cannot read properties of undefined (reading 'error')","msg":"Performance error in MongoAuditLogRepository.create after 0ms"}
{"level":50,"time":1763926246945,"type":"method_error","class":"MongoAuditLogRepository","method":"create","action":"error","executionTime":0,"error":{"name":"TypeError","message":"Cannot read properties of undefined (reading 'error')"},"args":[{"eventType":"TRANSACTION_CREATED","category":"METHOD_EXECUTION","severity":"ERROR","userId":"system","metadata":{"className":"_TransactionFacade","methodName":"createTransaction","args":[{"payerId":"payer123","beneficiaryId":"beneficiary123","amount":100.5,"currency":"EUR","type":"PAYMENT","sendNotification":true}],"error":"connect ECONNREFUSED ::1:27017, connect ECONNREFUSED 127.0.0.1:27017","executionTime":0},"outcome":"FAILURE","riskScore":50,"timestamp":"2025-11-23T19:30:46.945Z"}],"msg":"MongoAuditLogRepository.create failed after 0ms: Cannot read properties of undefined (reading 'error')"}
{"level":50,"time":1763926246945,"type":"audit_log_error","class":"_TransactionFacade","method":"createTransaction","error":"Cannot read properties of undefined (reading 'error')","msg":"Failed to create audit log for _TransactionFacade.createTransaction"}
{"level":50,"time":1763926246945,"type":"audit_error","class":"_TransactionFacade","method":"createTransaction","eventType":"TRANSACTION_CREATED","userId":"system","error":"connect ECONNREFUSED ::1:27017, connect ECONNREFUSED 127.0.0.1:27017","executionTime":0,"msg":"Audit error: TRANSACTION_CREATED - _TransactionFacade.createTransaction"}
{"level":40,"time":1763926246945,"method":"_TransactionFacade.createTransaction","attempt":1,"maxAttempts":2,"nextAttemptIn":1000,"error":"connect ECONNREFUSED ::1:27017, connect ECONNREFUSED 127.0.0.1:27017","msg":"Retry attempt 1/2"}
 ├ù tests/facades/transaction.facade.test.ts > TransactionFacade > createTransaction (via execute) > devrait g├®rer les erreurs lors de la cr├®ation de transaction 1029ms
   ÔåÆ connect ECONNREFUSED ::1:27017, connect ECONNREFUSED 127.0.0.1:27017
 ├ù tests/facades/transaction.facade.test.ts > TransactionFacade > createTransaction (via execute) > devrait valider les donn├®es d'entr├®e 5ms
   ÔåÆ Validation failed: data: Payer ID is required, Beneficiary ID is required, Amount must be positive, Currency must be 3 characters, Transaction type is required
 Ô£ô tests/api/bookings/[id]/route.test.ts > GET /api/bookings/[id] > devrait r├®cup├®rer une r├®servation par ID avec succ├¿s 18ms
 Ô£ô tests/api/bookings/[id]/route.test.ts > GET /api/bookings/[id] > devrait retourner 400 pour un ID invalide 2ms
 Ô£ô tests/api/bookings/[id]/route.test.ts > GET /api/bookings/[id] > devrait retourner 404 si la r├®servation n'existe pas 3ms
 Ô£ô tests/api/bookings/[id]/route.test.ts > GET /api/bookings/[id] > devrait g├®rer les erreurs du service 2ms
 Ô£ô tests/api/bookings/[id]/route.test.ts > GET /api/bookings/[id] > devrait g├®rer params comme Promise 2ms
 Ô£ô tests/api/bookings/[id]/route.test.ts > PUT /api/bookings/[id] > devrait mettre ├á jour une r├®servation avec succ├¿s 3ms
 ├ù tests/api/bookings/[id]/route.test.ts > PUT /api/bookings/[id] > devrait retourner 401 si non authentifi├® 14ms
   ÔåÆ expected 404 to be 401 // Object.is equality
 ├ù tests/api/bookings/[id]/route.test.ts > PUT /api/bookings/[id] > devrait retourner 400 pour un ID invalide 3ms
   ÔåÆ expected 401 to be 400 // Object.is equality
 Ô£ô tests/api/bookings/[id]/route.test.ts > PUT /api/bookings/[id] > devrait valider le body avec UpdateBookingSchema 3ms
 Ô£ô tests/api/bookings/[id]/route.test.ts > PUT /api/bookings/[id] > devrait retourner 404 si la r├®servation n'existe pas 2ms
 Ô£ô tests/api/bookings/[id]/route.test.ts > PUT /api/bookings/[id] > devrait g├®rer les erreurs du service 2ms
 Ô£ô tests/api/bookings/[id]/route.test.ts > PUT /api/bookings/[id] > devrait g├®rer params comme Promise 35ms
 Ô£ô tests/api/bookings/[id]/route.test.ts > DELETE /api/bookings/[id] > devrait annuler une r├®servation avec succ├¿s 6ms
 ├ù tests/api/bookings/[id]/route.test.ts > DELETE /api/bookings/[id] > devrait retourner 401 si non authentifi├® 4ms
   ÔåÆ expected 200 to be 401 // Object.is equality
 Ô£ô tests/api/bookings/[id]/route.test.ts > DELETE /api/bookings/[id] > devrait retourner 400 pour un ID invalide 1ms
 Ô£ô tests/api/bookings/[id]/route.test.ts > DELETE /api/bookings/[id] > devrait retourner 404 si la r├®servation n'existe pas 1ms
 ├ù tests/api/bookings/[id]/route.test.ts > DELETE /api/bookings/[id] > devrait retourner 400 si la r├®servation est d├®j├á annul├®e 2ms
   ÔåÆ expected 401 to be 400 // Object.is equality
 ├ù tests/api/bookings/[id]/route.test.ts > DELETE /api/bookings/[id] > devrait g├®rer les erreurs du service 4ms
   ÔåÆ expected 400 to be 500 // Object.is equality
 ├ù tests/api/bookings/[id]/route.test.ts > DELETE /api/bookings/[id] > devrait g├®rer params comme Promise 2ms
   ÔåÆ expected 500 to be 200 // Object.is equality
{"level":50,"time":1763926247960,"type":"transaction_error","class":"_TransactionFacade","method":"createTransaction","error":"connect ECONNREFUSED ::1:27017, connect ECONNREFUSED 127.0.0.1:27017","isolationLevel":"read-committed","msg":"Transaction error in _TransactionFacade.createTransaction"}
{"level":50,"time":1763926247961,"type":"performance_error","class":"_TransactionFacade","method":"createTransaction","executionTime":1,"error":"connect ECONNREFUSED ::1:27017, connect ECONNREFUSED 127.0.0.1:27017","msg":"Performance error in _TransactionFacade.createTransaction after 1ms"}
{"level":30,"time":1763926247961,"type":"method_call","class":"MongoAuditLogRepository","method":"create","action":"start","args":[{"eventType":"TRANSACTION_CREATED","category":"METHOD_EXECUTION","severity":"ERROR","userId":"system","metadata":{"className":"_TransactionFacade","methodName":"createTransaction","args":[{"payerId":"payer123","beneficiaryId":"beneficiary123","amount":100.5,"currency":"EUR","type":"PAYMENT","sendNotification":true}],"error":"connect ECONNREFUSED ::1:27017, connect ECONNREFUSED 127.0.0.1:27017","executionTime":1},"outcome":"FAILURE","riskScore":50,"timestamp":"2025-11-23T19:30:47.961Z"}],"msg":"MongoAuditLogRepository.create called"}
{"level":50,"time":1763926247961,"type":"performance_error","class":"MongoAuditLogRepository","method":"create","executionTime":0,"error":"Cannot read properties of undefined (reading 'error')","msg":"Performance error in MongoAuditLogRepository.create after 0ms"}
{"level":50,"time":1763926247961,"type":"method_error","class":"MongoAuditLogRepository","method":"create","action":"error","executionTime":0,"error":{"name":"TypeError","message":"Cannot read properties of undefined (reading 'error')"},"args":[{"eventType":"TRANSACTION_CREATED","category":"METHOD_EXECUTION","severity":"ERROR","userId":"system","metadata":{"className":"_TransactionFacade","methodName":"createTransaction","args":[{"payerId":"payer123","beneficiaryId":"beneficiary123","amount":100.5,"currency":"EUR","type":"PAYMENT","sendNotification":true}],"error":"connect ECONNREFUSED ::1:27017, connect ECONNREFUSED 127.0.0.1:27017","executionTime":1},"outcome":"FAILURE","riskScore":50,"timestamp":"2025-11-23T19:30:47.961Z"}],"msg":"MongoAuditLogRepository.create failed after 0ms: Cannot read properties of undefined (reading 'error')"}
{"level":50,"time":1763926247961,"type":"audit_log_error","class":"_TransactionFacade","method":"createTransaction","error":"Cannot read properties of undefined (reading 'error')","msg":"Failed to create audit log for _TransactionFacade.createTransaction"}
{"level":50,"time":1763926247961,"type":"audit_error","class":"_TransactionFacade","method":"createTransaction","eventType":"TRANSACTION_CREATED","userId":"system","error":"connect ECONNREFUSED ::1:27017, connect ECONNREFUSED 127.0.0.1:27017","executionTime":1,"msg":"Audit error: TRANSACTION_CREATED - _TransactionFacade.createTransaction"}
{"level":50,"time":1763926247961,"method":"_TransactionFacade.createTransaction","totalAttempts":2,"error":"connect ECONNREFUSED ::1:27017, connect ECONNREFUSED 127.0.0.1:27017","errorStack":"MongoServerSelectionError: connect ECONNREFUSED ::1:27017, connect ECONNREFUSED 127.0.0.1:27017\n    at Topology.selectServer (C:\\Users\\Admin\\Lab\\Diaspomoney\\diaspomoney\\node_modules\\.pnpm\\mongodb@7.0.0\\node_modules\\mongodb\\lib\\sdam\\topology.js:346:38)\n    at Topology._connect (C:\\Users\\Admin\\Lab\\Diaspomoney\\diaspomoney\\node_modules\\.pnpm\\mongodb@7.0.0\\node_modules\\mongodb\\lib\\sdam\\topology.js:219:28)\n    at Topology.connect (C:\\Users\\Admin\\Lab\\Diaspomoney\\diaspomoney\\node_modules\\.pnpm\\mongodb@7.0.0\\node_modules\\mongodb\\lib\\sdam\\topology.js:171:13)\n    at topologyConnect (C:\\Users\\Admin\\Lab\\Diaspomoney\\diaspomoney\\node_modules\\.pnpm\\mongodb@7.0.0\\node_modules\\mongodb\\lib\\mongo_client.js:258:17)\n    at MongoClient._connect (C:\\Users\\Admin\\Lab\\Diaspomoney\\diaspomoney\\node_modules\\.pnpm\\mongodb@7.0.0\\node_modules\\mongodb\\lib\\mongo_client.js:271:13)\n    at MongoClient.connect (C:\\Users\\Admin\\Lab\\Diaspomoney\\diaspomoney\\node_modules\\.pnpm\\mongodb@7.0.0\\node_modules\\mongodb\\lib\\mongo_client.js:196:13)","msg":"All 2 retry attempts failed"}
{"level":50,"time":1763926247961,"type":"method_error","class":"_TransactionFacade","method":"execute","action":"error","executionTime":1016,"error":{"name":"MongoServerSelectionError","message":"connect ECONNREFUSED ::1:27017, connect ECONNREFUSED 127.0.0.1:27017"},"args":[{"payerId":"payer123","beneficiaryId":"beneficiary123","amount":100.5,"currency":"EUR","type":"PAYMENT","sendNotification":true}],"msg":"_TransactionFacade.execute failed after 1016ms: connect ECONNREFUSED ::1:27017, connect ECONNREFUSED 127.0.0.1:27017"}
{"level":30,"time":1763926247963,"type":"method_call","class":"_TransactionFacade","method":"execute","action":"start","args":[{"payerId":"payer123","beneficiaryId":"beneficiary123","amount":100.5,"currency":"EUR","type":"PAYMENT","serviceId":"service123"}],"msg":"_TransactionFacade.execute called"}
{"level":50,"time":1763926247963,"type":"transaction_error","class":"_TransactionFacade","method":"createTransaction","error":"connect ECONNREFUSED ::1:27017, connect ECONNREFUSED 127.0.0.1:27017","isolationLevel":"read-committed","msg":"Transaction error in _TransactionFacade.createTransaction"}
{"level":50,"time":1763926247963,"type":"performance_error","class":"_TransactionFacade","method":"createTransaction","executionTime":0,"error":"connect ECONNREFUSED ::1:27017, connect ECONNREFUSED 127.0.0.1:27017","msg":"Performance error in _TransactionFacade.createTransaction after 0ms"}
{"level":30,"time":1763926247963,"type":"method_call","class":"MongoAuditLogRepository","method":"create","action":"start","args":[{"eventType":"TRANSACTION_CREATED","category":"METHOD_EXECUTION","severity":"ERROR","userId":"system","metadata":{"className":"_TransactionFacade","methodName":"createTransaction","args":[{"payerId":"payer123","beneficiaryId":"beneficiary123","amount":100.5,"currency":"EUR","type":"PAYMENT","serviceId":"service123"}],"error":"connect ECONNREFUSED ::1:27017, connect ECONNREFUSED 127.0.0.1:27017","executionTime":0},"outcome":"FAILURE","riskScore":50,"timestamp":"2025-11-23T19:30:47.963Z"}],"msg":"MongoAuditLogRepository.create called"}
{"level":50,"time":1763926247963,"type":"performance_error","class":"MongoAuditLogRepository","method":"create","executionTime":0,"error":"Cannot read properties of undefined (reading 'error')","msg":"Performance error in MongoAuditLogRepository.create after 0ms"}
{"level":50,"time":1763926247963,"type":"method_error","class":"MongoAuditLogRepository","method":"create","action":"error","executionTime":0,"error":{"name":"TypeError","message":"Cannot read properties of undefined (reading 'error')"},"args":[{"eventType":"TRANSACTION_CREATED","category":"METHOD_EXECUTION","severity":"ERROR","userId":"system","metadata":{"className":"_TransactionFacade","methodName":"createTransaction","args":[{"payerId":"payer123","beneficiaryId":"beneficiary123","amount":100.5,"currency":"EUR","type":"PAYMENT","serviceId":"service123"}],"error":"connect ECONNREFUSED ::1:27017, connect ECONNREFUSED 127.0.0.1:27017","executionTime":0},"outcome":"FAILURE","riskScore":50,"timestamp":"2025-11-23T19:30:47.963Z"}],"msg":"MongoAuditLogRepository.create failed after 0ms: Cannot read properties of undefined (reading 'error')"}
{"level":50,"time":1763926247963,"type":"audit_log_error","class":"_TransactionFacade","method":"createTransaction","error":"Cannot read properties of undefined (reading 'error')","msg":"Failed to create audit log for _TransactionFacade.createTransaction"}
{"level":50,"time":1763926247963,"type":"audit_error","class":"_TransactionFacade","method":"createTransaction","eventType":"TRANSACTION_CREATED","userId":"system","error":"connect ECONNREFUSED ::1:27017, connect ECONNREFUSED 127.0.0.1:27017","executionTime":0,"msg":"Audit error: TRANSACTION_CREATED - _TransactionFacade.createTransaction"}
{"level":40,"time":1763926247963,"method":"_TransactionFacade.createTransaction","attempt":1,"maxAttempts":2,"nextAttemptIn":1000,"error":"connect ECONNREFUSED ::1:27017, connect ECONNREFUSED 127.0.0.1:27017","msg":"Retry attempt 1/2"}
 ├ù tests/facades/transaction.facade.test.ts > TransactionFacade > createTransaction (via execute) > ne devrait pas faire ├®chouer la cr├®ation si l'envoi de notification ├®choue 1018ms
   ÔåÆ connect ECONNREFUSED ::1:27017, connect ECONNREFUSED 127.0.0.1:27017
{"level":30,"time":1763926248147,"type":"method_call","class":"_BeneficiaryFacade","method":"createBeneficiary","action":"start","args":["user123",{"firstName":"John","lastName":"Doe","relationship":"SPOUSE","country":"FR"}],"msg":"_BeneficiaryFacade.createBeneficiary called"}
{"level":30,"time":1763926248151,"userId":"user123","firstName":"John","lastName":"Doe","relationship":"SPOUSE","msg":"Creating beneficiary via BeneficiaryFacade"}
{"level":30,"time":1763926248151,"beneficiaryId":"beneficiary123","notificationSent":true,"emailSent":false,"msg":"Beneficiary created successfully via BeneficiaryFacade"}
{"level":20,"time":1763926248152,"type":"performance","class":"_BeneficiaryFacade","method":"createBeneficiary","executionTime":0,"executionTimeNs":0.5093,"level":"good","warningThreshold":1000,"errorThreshold":3000,"msg":"Performance: _BeneficiaryFacade.createBeneficiary took 0ms"}
{"level":50,"time":1763926248152,"type":"audit_log_error","class":"_BeneficiaryFacade","method":"createBeneficiary","error":"Cannot read properties of undefined (reading 'create')","msg":"Failed to create audit log for _BeneficiaryFacade.createBeneficiary"}
{"level":30,"time":1763926248152,"type":"audit","class":"_BeneficiaryFacade","method":"createBeneficiary","eventType":"BENEFICIARY_CREATED","userId":"system","executionTime":2,"msg":"Audit: BENEFICIARY_CREATED - _BeneficiaryFacade.createBeneficiary"}
{"level":30,"time":1763926248152,"type":"method_call","class":"_BeneficiaryFacade","method":"createBeneficiary","action":"success","executionTime":6,"msg":"_BeneficiaryFacade.createBeneficiary completed in 6ms"}
{"level":30,"time":1763926248155,"type":"method_call","class":"_BeneficiaryFacade","method":"createBeneficiary","action":"start","args":["user123",{"firstName":"Jane","lastName":"Doe","relationship":"SPOUSE","country":"FR","sendNotification":true}],"msg":"_BeneficiaryFacade.createBeneficiary called"}
{"level":30,"time":1763926248155,"userId":"user123","firstName":"Jane","lastName":"Doe","relationship":"SPOUSE","msg":"Creating beneficiary via BeneficiaryFacade"}
{"level":30,"time":1763926248155,"beneficiaryId":"beneficiary123","notificationSent":true,"emailSent":false,"msg":"Beneficiary created successfully via BeneficiaryFacade"}
{"level":20,"time":1763926248156,"type":"performance","class":"_BeneficiaryFacade","method":"createBeneficiary","executionTime":0,"executionTimeNs":0.138,"level":"good","warningThreshold":1000,"errorThreshold":3000,"msg":"Performance: _BeneficiaryFacade.createBeneficiary took 0ms"}
{"level":50,"time":1763926248156,"type":"audit_log_error","class":"_BeneficiaryFacade","method":"createBeneficiary","error":"Cannot read properties of undefined (reading 'create')","msg":"Failed to create audit log for _BeneficiaryFacade.createBeneficiary"}
{"level":30,"time":1763926248156,"type":"audit","class":"_BeneficiaryFacade","method":"createBeneficiary","eventType":"BENEFICIARY_CREATED","userId":"system","executionTime":1,"msg":"Audit: BENEFICIARY_CREATED - _BeneficiaryFacade.createBeneficiary"}
{"level":30,"time":1763926248156,"type":"method_call","class":"_BeneficiaryFacade","method":"createBeneficiary","action":"success","executionTime":1,"msg":"_BeneficiaryFacade.createBeneficiary completed in 1ms"}
{"level":30,"time":1763926248163,"type":"method_call","class":"_BeneficiaryFacade","method":"createBeneficiary","action":"start","args":["user123",{"firstName":"John","lastName":"Doe","relationship":"SPOUSE","country":"FR","email":"john@example.com","sendEmail":true}],"msg":"_BeneficiaryFacade.createBeneficiary called"}
{"level":30,"time":1763926248164,"userId":"user123","firstName":"John","lastName":"Doe","relationship":"SPOUSE","msg":"Creating beneficiary via BeneficiaryFacade"}
{"level":30,"time":1763926248164,"beneficiaryId":"beneficiary123","notificationSent":true,"emailSent":true,"msg":"Beneficiary created successfully via BeneficiaryFacade"}
{"level":20,"time":1763926248164,"type":"performance","class":"_BeneficiaryFacade","method":"createBeneficiary","executionTime":0,"executionTimeNs":0.3631,"level":"good","warningThreshold":1000,"errorThreshold":3000,"msg":"Performance: _BeneficiaryFacade.createBeneficiary took 0ms"}
{"level":50,"time":1763926248165,"type":"audit_log_error","class":"_BeneficiaryFacade","method":"createBeneficiary","error":"Cannot read properties of undefined (reading 'create')","msg":"Failed to create audit log for _BeneficiaryFacade.createBeneficiary"}
{"level":30,"time":1763926248165,"type":"audit","class":"_BeneficiaryFacade","method":"createBeneficiary","eventType":"BENEFICIARY_CREATED","userId":"system","executionTime":0,"msg":"Audit: BENEFICIARY_CREATED - _BeneficiaryFacade.createBeneficiary"}
{"level":30,"time":1763926248165,"type":"method_call","class":"_BeneficiaryFacade","method":"createBeneficiary","action":"success","executionTime":2,"msg":"_BeneficiaryFacade.createBeneficiary completed in 2ms"}
{"level":30,"time":1763926248177,"type":"method_call","class":"_BeneficiaryFacade","method":"deleteBeneficiary","action":"start","args":["user123","beneficiary123"],"msg":"_BeneficiaryFacade.deleteBeneficiary called"}
{"level":30,"time":1763926248177,"userId":"user123","beneficiaryId":"beneficiary123","msg":"Deleting beneficiary via BeneficiaryFacade"}
{"level":30,"time":1763926248177,"beneficiaryId":"beneficiary123","msg":"Beneficiary deleted successfully via BeneficiaryFacade"}
{"level":30,"time":1763926248177,"type":"method_call","class":"_BeneficiaryFacade","method":"deleteBeneficiary","action":"success","executionTime":0,"msg":"_BeneficiaryFacade.deleteBeneficiary completed in 0ms"}
{"level":30,"time":1763926248180,"type":"method_call","class":"_BeneficiaryFacade","method":"deleteBeneficiary","action":"start","args":["user123","beneficiary123"],"msg":"_BeneficiaryFacade.deleteBeneficiary called"}
{"level":30,"time":1763926248180,"userId":"user123","beneficiaryId":"beneficiary123","msg":"Deleting beneficiary via BeneficiaryFacade"}
{"level":50,"time":1763926248181,"error":{},"userId":"user123","beneficiaryId":"beneficiary123","msg":"Error deleting beneficiary via BeneficiaryFacade"}
{"level":30,"time":1763926248181,"type":"method_call","class":"_BeneficiaryFacade","method":"deleteBeneficiary","action":"success","executionTime":1,"msg":"_BeneficiaryFacade.deleteBeneficiary completed in 1ms"}
{"level":20,"time":1763926248182,"type":"method_call","class":"_BeneficiaryFacade","method":"getBeneficiaries","action":"start","args":["user123"],"msg":"_BeneficiaryFacade.getBeneficiaries called"}
{"level":20,"time":1763926248182,"type":"method_call","class":"_BeneficiaryFacade","method":"getBeneficiaries","action":"success","executionTime":0,"msg":"_BeneficiaryFacade.getBeneficiaries completed in 0ms"}
{"level":20,"time":1763926248183,"type":"method_call","class":"_BeneficiaryFacade","method":"getBeneficiaries","action":"start","args":["user123"],"msg":"_BeneficiaryFacade.getBeneficiaries called"}
{"level":50,"time":1763926248184,"error":{},"userId":"user123","msg":"Error getting beneficiaries via BeneficiaryFacade"}
{"level":50,"time":1763926248184,"type":"method_error","class":"_BeneficiaryFacade","method":"getBeneficiaries","action":"error","executionTime":1,"error":{"name":"Error","message":"Service error"},"args":["user123"],"msg":"_BeneficiaryFacade.getBeneficiaries failed after 1ms: Service error"}
 Ô£ô tests/facades/beneficiary.facade.test.ts > BeneficiaryFacade > createBeneficiary > devrait cr├®er un b├®n├®ficiaire avec succ├¿s 9ms
 Ô£ô tests/facades/beneficiary.facade.test.ts > BeneficiaryFacade > createBeneficiary > devrait envoyer une notification si sendNotification est true 3ms
 Ô£ô tests/facades/beneficiary.facade.test.ts > BeneficiaryFacade > createBeneficiary > devrait envoyer un email si sendEmail est true et email est fourni 9ms
 ├ù tests/facades/beneficiary.facade.test.ts > BeneficiaryFacade > updateBeneficiary > devrait mettre ├á jour un b├®n├®ficiaire avec succ├¿s 5ms
   ÔåÆ Cannot read properties of undefined (reading 'findById')
 ├ù tests/facades/beneficiary.facade.test.ts > BeneficiaryFacade > updateBeneficiary > devrait retourner une erreur si le b├®n├®ficiaire n'existe pas 4ms
   ÔåÆ Cannot read properties of undefined (reading 'findById')
 ├ù tests/facades/beneficiary.facade.test.ts > BeneficiaryFacade > updateBeneficiary > devrait retourner une erreur si le b├®n├®ficiaire n'appartient pas ├á l'utilisateur 2ms
   ÔåÆ Cannot read properties of undefined (reading 'findById')
 Ô£ô tests/facades/beneficiary.facade.test.ts > BeneficiaryFacade > deleteBeneficiary > devrait supprimer un b├®n├®ficiaire avec succ├¿s 3ms
 Ô£ô tests/facades/beneficiary.facade.test.ts > BeneficiaryFacade > deleteBeneficiary > devrait g├®rer les erreurs de suppression 1ms
 Ô£ô tests/facades/beneficiary.facade.test.ts > BeneficiaryFacade > getBeneficiaries > devrait r├®cup├®rer tous les b├®n├®ficiaires d'un utilisateur 1ms
 Ô£ô tests/facades/beneficiary.facade.test.ts > BeneficiaryFacade > getBeneficiaries > devrait propager les erreurs 4ms
{"level":30,"time":1763926248883,"type":"method_call","class":"_ComplaintFacade","method":"createComplaint","action":"start","args":[{"userId":"user123","title":"Probl├¿me de service","type":"QUALITY","priority":"HIGH","description":"Description du probl├¿me","provider":"provider123","appointmentId":"appointment123"}],"msg":"_ComplaintFacade.createComplaint called"}
{"level":30,"time":1763926248887,"userId":"user123","type":"QUALITY","priority":"HIGH","msg":"Creating complaint via ComplaintFacade"}
{"level":50,"time":1763926248887,"error":{},"complaintId":"complaint123","msg":"Failed to notify provider, continuing..."}
{"level":30,"time":1763926248888,"complaintId":"complaint123","complaintNumber":"complaint123","notificationSent":true,"emailSent":false,"msg":"Complaint created successfully via ComplaintFacade"}
{"level":20,"time":1763926248888,"type":"performance","class":"_ComplaintFacade","method":"createComplaint","executionTime":2,"executionTimeNs":1.3358,"level":"good","warningThreshold":1500,"errorThreshold":4000,"msg":"Performance: _ComplaintFacade.createComplaint took 2ms"}
{"level":50,"time":1763926248888,"type":"audit_log_error","class":"_ComplaintFacade","method":"createComplaint","error":"Cannot read properties of undefined (reading 'create')","msg":"Failed to create audit log for _ComplaintFacade.createComplaint"}
{"level":30,"time":1763926248888,"type":"audit","class":"_ComplaintFacade","method":"createComplaint","eventType":"COMPLAINT_CREATED_VIA_FACADE","userId":"system","executionTime":2,"msg":"Audit: COMPLAINT_CREATED_VIA_FACADE - _ComplaintFacade.createComplaint"}
{"level":30,"time":1763926248888,"type":"method_call","class":"_ComplaintFacade","method":"createComplaint","action":"success","executionTime":6,"msg":"_ComplaintFacade.createComplaint completed in 6ms"}
{"level":30,"time":1763926248894,"type":"method_call","class":"_ComplaintFacade","method":"createComplaint","action":"start","args":[{"userId":"user123","title":"Probl├¿me de service","type":"QUALITY","priority":"HIGH","description":"Description","provider":"provider123","appointmentId":"appointment123","sendNotification":true}],"msg":"_ComplaintFacade.createComplaint called"}
{"level":30,"time":1763926248894,"userId":"user123","type":"QUALITY","priority":"HIGH","sendNotification":true,"msg":"Creating complaint via ComplaintFacade"}
{"level":50,"time":1763926248895,"error":{},"complaintId":"complaint123","msg":"Failed to notify provider, continuing..."}
{"level":30,"time":1763926248895,"complaintId":"complaint123","complaintNumber":"complaint123","notificationSent":true,"emailSent":false,"msg":"Complaint created successfully via ComplaintFacade"}
{"level":20,"time":1763926248895,"type":"performance","class":"_ComplaintFacade","method":"createComplaint","executionTime":1,"executionTimeNs":0.3969,"level":"good","warningThreshold":1500,"errorThreshold":4000,"msg":"Performance: _ComplaintFacade.createComplaint took 1ms"}
{"level":50,"time":1763926248895,"type":"audit_log_error","class":"_ComplaintFacade","method":"createComplaint","error":"Cannot read properties of undefined (reading 'create')","msg":"Failed to create audit log for _ComplaintFacade.createComplaint"}
{"level":30,"time":1763926248895,"type":"audit","class":"_ComplaintFacade","method":"createComplaint","eventType":"COMPLAINT_CREATED_VIA_FACADE","userId":"system","executionTime":1,"msg":"Audit: COMPLAINT_CREATED_VIA_FACADE - _ComplaintFacade.createComplaint"}
{"level":30,"time":1763926248895,"type":"method_call","class":"_ComplaintFacade","method":"createComplaint","action":"success","executionTime":1,"msg":"_ComplaintFacade.createComplaint completed in 1ms"}
{"level":30,"time":1763926248910,"type":"method_call","class":"_ComplaintFacade","method":"createComplaint","action":"start","args":[{"userId":"user123","title":"Probl├¿me","type":"BILLING","priority":"LOW","description":"Description","provider":"provider123","appointmentId":"appointment123","sendEmail":true,"recipientEmail":"client@example.com"}],"msg":"_ComplaintFacade.createComplaint called"}
{"level":30,"time":1763926248910,"userId":"user123","type":"BILLING","priority":"LOW","msg":"Creating complaint via ComplaintFacade"}
{"level":50,"time":1763926248911,"error":{},"complaintId":"complaint123","msg":"Failed to notify provider, continuing..."}
{"level":30,"time":1763926248911,"complaintId":"complaint123","complaintNumber":"complaint123","notificationSent":true,"emailSent":true,"msg":"Complaint created successfully via ComplaintFacade"}
{"level":20,"time":1763926248911,"type":"performance","class":"_ComplaintFacade","method":"createComplaint","executionTime":1,"executionTimeNs":0.6037,"level":"good","warningThreshold":1500,"errorThreshold":4000,"msg":"Performance: _ComplaintFacade.createComplaint took 1ms"}
{"level":50,"time":1763926248911,"type":"audit_log_error","class":"_ComplaintFacade","method":"createComplaint","error":"Cannot read properties of undefined (reading 'create')","msg":"Failed to create audit log for _ComplaintFacade.createComplaint"}
{"level":30,"time":1763926248911,"type":"audit","class":"_ComplaintFacade","method":"createComplaint","eventType":"COMPLAINT_CREATED_VIA_FACADE","userId":"system","executionTime":1,"msg":"Audit: COMPLAINT_CREATED_VIA_FACADE - _ComplaintFacade.createComplaint"}
{"level":30,"time":1763926248911,"type":"method_call","class":"_ComplaintFacade","method":"createComplaint","action":"success","executionTime":1,"msg":"_ComplaintFacade.createComplaint completed in 1ms"}
{"level":30,"time":1763926248913,"type":"method_call","class":"_ComplaintFacade","method":"createComplaint","action":"start","args":[{"userId":"user123","title":"Probl├¿me","type":"QUALITY","priority":"HIGH","description":"Description","provider":"provider123","appointmentId":"appointment123"}],"msg":"_ComplaintFacade.createComplaint called"}
{"level":30,"time":1763926248913,"userId":"user123","type":"QUALITY","priority":"HIGH","msg":"Creating complaint via ComplaintFacade"}
{"level":50,"time":1763926248913,"error":{},"data":{"userId":"user123","type":"QUALITY","priority":"HIGH"},"msg":"Error creating complaint via ComplaintFacade"}
{"level":20,"time":1763926248913,"type":"performance","class":"_ComplaintFacade","method":"createComplaint","executionTime":0,"executionTimeNs":0.1951,"level":"good","warningThreshold":1500,"errorThreshold":4000,"msg":"Performance: _ComplaintFacade.createComplaint took 0ms"}
{"level":50,"time":1763926248913,"type":"audit_log_error","class":"_ComplaintFacade","method":"createComplaint","error":"Cannot read properties of undefined (reading 'create')","msg":"Failed to create audit log for _ComplaintFacade.createComplaint"}
{"level":30,"time":1763926248913,"type":"audit","class":"_ComplaintFacade","method":"createComplaint","eventType":"COMPLAINT_CREATED_VIA_FACADE","userId":"system","executionTime":0,"msg":"Audit: COMPLAINT_CREATED_VIA_FACADE - _ComplaintFacade.createComplaint"}
{"level":30,"time":1763926248913,"type":"method_call","class":"_ComplaintFacade","method":"createComplaint","action":"success","executionTime":0,"msg":"_ComplaintFacade.createComplaint completed in 0ms"}
{"level":30,"time":1763926248929,"type":"method_call","class":"_ComplaintFacade","method":"createComplaint","action":"start","args":[{"userId":"user123","title":"Probl├¿me","type":"QUALITY","priority":"HIGH","description":"Description","provider":"provider123","appointmentId":"appointment123","sendNotification":true}],"msg":"_ComplaintFacade.createComplaint called"}
{"level":30,"time":1763926248930,"userId":"user123","type":"QUALITY","priority":"HIGH","sendNotification":true,"msg":"Creating complaint via ComplaintFacade"}
{"level":50,"time":1763926248930,"error":{},"complaintId":"complaint123","msg":"Failed to send notification, continuing..."}
{"level":50,"time":1763926248930,"error":{},"complaintId":"complaint123","msg":"Failed to notify provider, continuing..."}
{"level":30,"time":1763926248930,"complaintId":"complaint123","complaintNumber":"complaint123","notificationSent":false,"emailSent":false,"msg":"Complaint created successfully via ComplaintFacade"}
{"level":20,"time":1763926248930,"type":"performance","class":"_ComplaintFacade","method":"createComplaint","executionTime":0,"executionTimeNs":0.3966,"level":"good","warningThreshold":1500,"errorThreshold":4000,"msg":"Performance: _ComplaintFacade.createComplaint took 0ms"}
{"level":50,"time":1763926248930,"type":"audit_log_error","class":"_ComplaintFacade","method":"createComplaint","error":"Cannot read properties of undefined (reading 'create')","msg":"Failed to create audit log for _ComplaintFacade.createComplaint"}
{"level":30,"time":1763926248930,"type":"audit","class":"_ComplaintFacade","method":"createComplaint","eventType":"COMPLAINT_CREATED_VIA_FACADE","userId":"system","executionTime":0,"msg":"Audit: COMPLAINT_CREATED_VIA_FACADE - _ComplaintFacade.createComplaint"}
{"level":30,"time":1763926248930,"type":"method_call","class":"_ComplaintFacade","method":"createComplaint","action":"success","executionTime":1,"msg":"_ComplaintFacade.createComplaint completed in 1ms"}
 Ô£ô tests/facades/complaint.facade.test.ts > ComplaintFacade > createComplaint > devrait cr├®er une r├®clamation avec succ├¿s 13ms
 Ô£ô tests/facades/complaint.facade.test.ts > ComplaintFacade > createComplaint > devrait envoyer une notification si sendNotification est true 3ms
 ├ù tests/facades/complaint.facade.test.ts > ComplaintFacade > createComplaint > devrait notifier le provider si notifyProvider est true 5ms
   ÔåÆ Cannot read properties of undefined (reading 'findById')
 Ô£ô tests/facades/complaint.facade.test.ts > ComplaintFacade > createComplaint > devrait envoyer un email si sendEmail est true et recipientEmail est fourni 11ms
 Ô£ô tests/facades/complaint.facade.test.ts > ComplaintFacade > createComplaint > devrait g├®rer les erreurs de cr├®ation de r├®clamation 2ms
 Ô£ô tests/facades/complaint.facade.test.ts > ComplaintFacade > createComplaint > devrait continuer m├¬me si la notification ├®choue 17ms
{"level":50,"time":1763926248976,"type":"transaction_error","class":"_TransactionFacade","method":"createTransaction","error":"connect ECONNREFUSED ::1:27017, connect ECONNREFUSED 127.0.0.1:27017","isolationLevel":"read-committed","msg":"Transaction error in _TransactionFacade.createTransaction"}
{"level":50,"time":1763926248976,"type":"performance_error","class":"_TransactionFacade","method":"createTransaction","executionTime":0,"error":"connect ECONNREFUSED ::1:27017, connect ECONNREFUSED 127.0.0.1:27017","msg":"Performance error in _TransactionFacade.createTransaction after 0ms"}
{"level":30,"time":1763926248976,"type":"method_call","class":"MongoAuditLogRepository","method":"create","action":"start","args":[{"eventType":"TRANSACTION_CREATED","category":"METHOD_EXECUTION","severity":"ERROR","userId":"system","metadata":{"className":"_TransactionFacade","methodName":"createTransaction","args":[{"payerId":"payer123","beneficiaryId":"beneficiary123","amount":100.5,"currency":"EUR","type":"PAYMENT","serviceId":"service123"}],"error":"connect ECONNREFUSED ::1:27017, connect ECONNREFUSED 127.0.0.1:27017","executionTime":0},"outcome":"FAILURE","riskScore":50,"timestamp":"2025-11-23T19:30:48.976Z"}],"msg":"MongoAuditLogRepository.create called"}
{"level":50,"time":1763926248977,"type":"performance_error","class":"MongoAuditLogRepository","method":"create","executionTime":1,"error":"Cannot read properties of undefined (reading 'error')","msg":"Performance error in MongoAuditLogRepository.create after 1ms"}
{"level":50,"time":1763926248977,"type":"method_error","class":"MongoAuditLogRepository","method":"create","action":"error","executionTime":1,"error":{"name":"TypeError","message":"Cannot read properties of undefined (reading 'error')"},"args":[{"eventType":"TRANSACTION_CREATED","category":"METHOD_EXECUTION","severity":"ERROR","userId":"system","metadata":{"className":"_TransactionFacade","methodName":"createTransaction","args":[{"payerId":"payer123","beneficiaryId":"beneficiary123","amount":100.5,"currency":"EUR","type":"PAYMENT","serviceId":"service123"}],"error":"connect ECONNREFUSED ::1:27017, connect ECONNREFUSED 127.0.0.1:27017","executionTime":0},"outcome":"FAILURE","riskScore":50,"timestamp":"2025-11-23T19:30:48.976Z"}],"msg":"MongoAuditLogRepository.create failed after 1ms: Cannot read properties of undefined (reading 'error')"}
{"level":50,"time":1763926248977,"type":"audit_log_error","class":"_TransactionFacade","method":"createTransaction","error":"Cannot read properties of undefined (reading 'error')","msg":"Failed to create audit log for _TransactionFacade.createTransaction"}
{"level":50,"time":1763926248977,"type":"audit_error","class":"_TransactionFacade","method":"createTransaction","eventType":"TRANSACTION_CREATED","userId":"system","error":"connect ECONNREFUSED ::1:27017, connect ECONNREFUSED 127.0.0.1:27017","executionTime":0,"msg":"Audit error: TRANSACTION_CREATED - _TransactionFacade.createTransaction"}
{"level":50,"time":1763926248977,"method":"_TransactionFacade.createTransaction","totalAttempts":2,"error":"connect ECONNREFUSED ::1:27017, connect ECONNREFUSED 127.0.0.1:27017","errorStack":"MongoServerSelectionError: connect ECONNREFUSED ::1:27017, connect ECONNREFUSED 127.0.0.1:27017\n    at Topology.selectServer (C:\\Users\\Admin\\Lab\\Diaspomoney\\diaspomoney\\node_modules\\.pnpm\\mongodb@7.0.0\\node_modules\\mongodb\\lib\\sdam\\topology.js:346:38)\n    at Topology._connect (C:\\Users\\Admin\\Lab\\Diaspomoney\\diaspomoney\\node_modules\\.pnpm\\mongodb@7.0.0\\node_modules\\mongodb\\lib\\sdam\\topology.js:219:28)\n    at Topology.connect (C:\\Users\\Admin\\Lab\\Diaspomoney\\diaspomoney\\node_modules\\.pnpm\\mongodb@7.0.0\\node_modules\\mongodb\\lib\\sdam\\topology.js:171:13)\n    at topologyConnect (C:\\Users\\Admin\\Lab\\Diaspomoney\\diaspomoney\\node_modules\\.pnpm\\mongodb@7.0.0\\node_modules\\mongodb\\lib\\mongo_client.js:258:17)\n    at MongoClient._connect (C:\\Users\\Admin\\Lab\\Diaspomoney\\diaspomoney\\node_modules\\.pnpm\\mongodb@7.0.0\\node_modules\\mongodb\\lib\\mongo_client.js:271:13)\n    at MongoClient.connect (C:\\Users\\Admin\\Lab\\Diaspomoney\\diaspomoney\\node_modules\\.pnpm\\mongodb@7.0.0\\node_modules\\mongodb\\lib\\mongo_client.js:196:13)","msg":"All 2 retry attempts failed"}
{"level":50,"time":1763926248977,"type":"method_error","class":"_TransactionFacade","method":"execute","action":"error","executionTime":1014,"error":{"name":"MongoServerSelectionError","message":"connect ECONNREFUSED ::1:27017, connect ECONNREFUSED 127.0.0.1:27017"},"args":[{"payerId":"payer123","beneficiaryId":"beneficiary123","amount":100.5,"currency":"EUR","type":"PAYMENT","serviceId":"service123"}],"msg":"_TransactionFacade.execute failed after 1014ms: connect ECONNREFUSED ::1:27017, connect ECONNREFUSED 127.0.0.1:27017"}
 ├ù tests/facades/transaction.facade.test.ts > TransactionFacade > createTransaction (via execute) > devrait cr├®er une transaction avec serviceId optionnel 1016ms
   ÔåÆ connect ECONNREFUSED ::1:27017, connect ECONNREFUSED 127.0.0.1:27017
{"level":30,"time":1763926250480,"route":"payments/create-intent","authenticated":false,"msg":"Guest user payment"}
{"level":30,"time":1763926250483,"route":"payments/create-intent","body":{"amount":5000,"currency":"EUR","metadata":{"bookingId":"test-booking-id"}},"msg":"Received payment intent request"}
{"level":30,"time":1763926250486,"route":"payments/create-intent","amount":5000,"currency":"eur","hasEmail":false,"hasMetadata":true,"msg":"Validated payment intent data"}
{"level":30,"time":1763926250486,"type":"method_call","class":"_PaymentService","method":"createPaymentIntent","action":"start","args":[50,"EUR","guest",{"bookingId":"test-booking-id","customerEmail":""}],"msg":"_PaymentService.createPaymentIntent called"}
{"level":50,"time":1763926250488,"component":"StripeConfig","hasKey":false,"msg":"Stripe secret key validation failed"}
{"level":50,"time":1763926250488,"component":"PaymentService","error":{},"amount":50,"currency":"EUR","customerId":"guest","msg":"Error in createPaymentIntent"}
{"level":50,"time":1763926250488,"type":"method_error","class":"_PaymentService","method":"createPaymentIntent","action":"error","executionTime":2,"error":{"name":"Error","message":"Stripe secret key must be set in environment variables (STRIPE_SECRET_KEY). Keys must start with sk_test_ (test mode) or sk_live_ (live mode)."},"args":[50,"EUR","guest",{"bookingId":"test-booking-id","customerEmail":""}],"msg":"_PaymentService.createPaymentIntent failed after 2ms: Stripe secret key must be set in environment variables (STRIPE_SECRET_KEY). Keys must start with sk_test_ (test mode) or sk_live_ (live mode)."}
{"level":50,"time":1763926250488,"route":"api/payments/create-intent","error":{},"msg":"Unexpected error in API route"}
{"level":40,"time":1763926250505,"route":"api/payments/process","error":"Non autoris├®","code":"UNAUTHORIZED","statusCode":401,"msg":"API error"}
 ├ù tests/integration/api/payments.test.ts > Integration: /api/payments > POST /api/payments/create-intent > devrait cr├®er un PaymentIntent avec Stripe 32ms
   ÔåÆ expected [ 200, 201 ] to include 500
 ├ù tests/integration/api/payments.test.ts > Integration: /api/payments > POST /api/payments/process > devrait traiter un paiement avec succ├¿s 3ms
   ÔåÆ expected [ 200, 400, 404 ] to include 401
 ├ù tests/integration/api/payments.test.ts > Integration: /api/payments > GET /api/payments/transactions > devrait r├®cup├®rer les transactions de paiement 7ms
   ÔåÆ expected 401 to be 200 // Object.is equality
 ├ù tests/integration/api/payments.test.ts > Integration: /api/payments > GET /api/payments/transactions > devrait filtrer par userId 2ms
   ÔåÆ expected 401 to be 200 // Object.is equality
stderr | tests/api/providers/route.test.ts > GET /api/providers > devrait r├®cup├®rer les providers avec succ├¿s
[vitest] The vi.fn() mock did not use 'function' or 'class' in its implementation, see 
https://vitest.dev/api/vi#vi-spyon for examples.

stderr | tests/api/providers/route.test.ts > GET /api/providers > devrait appliquer les filtres de requ├¬te
[vitest] The vi.fn() mock did not use 'function' or 'class' in its implementation, see 
https://vitest.dev/api/vi#vi-spyon for examples.

stderr | tests/api/providers/route.test.ts > GET /api/providers > devrait utiliser la pagination par d├®faut
[vitest] The vi.fn() mock did not use 'function' or 'class' in its implementation, see 
https://vitest.dev/api/vi#vi-spyon for examples.

 ├ù tests/api/providers/route.test.ts > GET /api/providers > devrait r├®cup├®rer les providers avec succ├¿s 15ms
   ÔåÆ () => new MockProviderQueryBuilder() is not a constructor
 ├ù tests/api/providers/route.test.ts > GET /api/providers > devrait appliquer les filtres de requ├¬te 6ms
   ÔåÆ () => new MockProviderQueryBuilder() is not a constructor
 ├ù tests/api/providers/route.test.ts > GET /api/providers > devrait utiliser la pagination par d├®faut 2ms
   ÔåÆ () => new MockProviderQueryBuilder() is not a constructor
 Ô£ô tests/api/providers/route.test.ts > POST /api/providers > devrait cr├®er un provider avec succ├¿s 6ms
 Ô£ô tests/api/providers/route.test.ts > POST /api/providers > devrait valider le body avec CreateProviderSchema 2ms
{"level":40,"time":1763926253225,"route":"api/quotes","error":"Non autoris├®","code":"UNAUTHORIZED","statusCode":401,"msg":"API error"}
{"level":40,"time":1763926253244,"route":"api/quotes","error":"Non autoris├®","code":"UNAUTHORIZED","statusCode":401,"msg":"API error"}
{"level":40,"time":1763926253248,"route":"api/quotes","error":"Non autoris├®","code":"UNAUTHORIZED","statusCode":401,"msg":"API error"}
{"level":40,"time":1763926253250,"route":"api/quotes","error":"Non autoris├®","code":"UNAUTHORIZED","statusCode":401,"msg":"API error"}
 ├ù tests/integration/api/quotes.test.ts > Integration: /api/quotes > GET /api/quotes > devrait r├®cup├®rer les devis depuis la base de donn├®es 24ms
   ÔåÆ expected 401 to be 200 // Object.is equality
 ├ù tests/integration/api/quotes.test.ts > Integration: /api/quotes > GET /api/quotes > devrait appliquer les filtres de type 5ms
   ÔåÆ Cannot read properties of undefined (reading 'length')
 ├ù tests/integration/api/quotes.test.ts > Integration: /api/quotes > GET /api/quotes > devrait appliquer les filtres de statut 2ms
   ÔåÆ expected 401 to be 200 // Object.is equality
 ├ù tests/integration/api/quotes.test.ts > Integration: /api/quotes > GET /api/quotes > devrait g├®rer la pagination correctement 2ms
   ÔåÆ Cannot read properties of undefined (reading 'page')
{"level":40,"time":1763926253837,"route":"api/transactions","error":"Non autoris├®","code":"UNAUTHORIZED","statusCode":401,"msg":"API error"}
{"level":40,"time":1763926253851,"route":"api/transactions","error":"Non autoris├®","code":"UNAUTHORIZED","statusCode":401,"msg":"API error"}
{"level":40,"time":1763926253856,"route":"api/transactions","error":"Non autoris├®","code":"UNAUTHORIZED","statusCode":401,"msg":"API error"}
{"level":40,"time":1763926253858,"route":"api/transactions","error":"Non autoris├®","code":"UNAUTHORIZED","statusCode":401,"msg":"API error"}
{"level":40,"time":1763926253861,"route":"api/transactions","error":"Non autoris├®","code":"UNAUTHORIZED","statusCode":401,"msg":"API error"}
 ├ù tests/integration/api/transactions.test.ts > Integration: /api/transactions > GET /api/transactions > devrait r├®cup├®rer les transactions depuis la base de donn├®es 20ms
   ÔåÆ expected 401 to be 200 // Object.is equality
 ├ù tests/integration/api/transactions.test.ts > Integration: /api/transactions > GET /api/transactions > devrait appliquer les filtres de type 4ms
   ÔåÆ Cannot read properties of undefined (reading 'length')
 ├ù tests/integration/api/transactions.test.ts > Integration: /api/transactions > GET /api/transactions > devrait filtrer par userId 2ms
   ÔåÆ expected 401 to be 200 // Object.is equality
 ├ù tests/integration/api/transactions.test.ts > Integration: /api/transactions > GET /api/transactions > devrait filtrer par date range 2ms
   ÔåÆ expected 401 to be 200 // Object.is equality
 ├ù tests/integration/api/transactions.test.ts > Integration: /api/transactions > POST /api/transactions > devrait cr├®er une transaction dans la base de donn├®es 5ms
   ÔåÆ expected [ 200, 201 ] to include 401
{"level":30,"time":1763926254591,"type":"method_call","class":"_InvoiceFacade","method":"createInvoice","action":"start","args":[{"userId":"user123","amount":100.5,"currency":"EUR","items":[{"description":"Service de consultation","quantity":1,"unitPrice":100.5,"total":100.5}]}],"msg":"_InvoiceFacade.createInvoice called"}
 Ô£ô tests/facades/invoice.facade.test.ts > InvoiceFacade > createInvoice > devrait cr├®er une facture avec succ├¿s 21ms
 ├ù tests/facades/invoice.facade.test.ts > InvoiceFacade > createInvoice > devrait cr├®er une facture et envoyer un email si demand├® 6ms
   ÔåÆ Cannot read properties of undefined (reading 'findById')
 Ô£ô tests/facades/invoice.facade.test.ts > InvoiceFacade > createInvoice > devrait cr├®er une facture et envoyer une notification si demand├® 6ms
 Ô£ô tests/facades/invoice.facade.test.ts > InvoiceFacade > createInvoice > devrait g├®rer les erreurs lors de la cr├®ation de facture 3ms
 ├ù tests/facades/invoice.facade.test.ts > InvoiceFacade > createInvoice > devrait valider les donn├®es d'entr├®e 4ms
   ÔåÆ Validation failed: data: User ID is required, Amount must be positive, Currency must be 3 characters, At least one item is required
 ├ù tests/facades/invoice.facade.test.ts > InvoiceFacade > createInvoice > ne devrait pas faire ├®chouer la cr├®ation si l'envoi d'email ├®choue 9ms
   ÔåÆ Cannot read properties of undefined (reading 'findById')
 Ô£ô tests/facades/invoice.facade.test.ts > InvoiceFacade > createInvoice > ne devrait pas faire ├®chouer la cr├®ation si l'envoi de notification ├®choue 5ms
{"level":30,"time":1763926254596,"userId":"user123","amount":100.5,"currency":"EUR","msg":"Creating invoice via InvoiceFacade"}
{"level":30,"time":1763926254597,"invoiceId":"invoice123","invoiceNumber":"INV-2025-001","emailSent":false,"notificationSent":true,"msg":"Invoice created successfully via InvoiceFacade"}
{"level":20,"time":1763926254598,"type":"performance","class":"_InvoiceFacade","method":"createInvoice","executionTime":1,"executionTimeNs":1.3132,"level":"good","warningThreshold":2000,"errorThreshold":5000,"msg":"Performance: _InvoiceFacade.createInvoice took 1ms"}
{"level":50,"time":1763926254598,"type":"audit_log_error","class":"_InvoiceFacade","method":"createInvoice","error":"Cannot read properties of undefined (reading 'create')","msg":"Failed to create audit log for _InvoiceFacade.createInvoice"}
{"level":30,"time":1763926254598,"type":"audit","class":"_InvoiceFacade","method":"createInvoice","eventType":"INVOICE_CREATED_VIA_FACADE","userId":"system","executionTime":3,"msg":"Audit: INVOICE_CREATED_VIA_FACADE - _InvoiceFacade.createInvoice"}
{"level":30,"time":1763926254599,"type":"method_call","class":"_InvoiceFacade","method":"createInvoice","action":"success","executionTime":8,"msg":"_InvoiceFacade.createInvoice completed in 8ms"}
{"level":30,"time":1763926254612,"type":"method_call","class":"_InvoiceFacade","method":"createInvoice","action":"start","args":[{"userId":"user123","amount":100.5,"currency":"EUR","items":[{"description":"Service de consultation","quantity":1,"unitPrice":100.5,"total":100.5}],"sendNotification":true}],"msg":"_InvoiceFacade.createInvoice called"}
{"level":30,"time":1763926254612,"userId":"user123","amount":100.5,"currency":"EUR","sendNotification":true,"msg":"Creating invoice via InvoiceFacade"}
{"level":30,"time":1763926254613,"invoiceId":"invoice123","invoiceNumber":"INV-2025-001","emailSent":false,"notificationSent":true,"msg":"Invoice created successfully via InvoiceFacade"}
{"level":20,"time":1763926254613,"type":"performance","class":"_InvoiceFacade","method":"createInvoice","executionTime":1,"executionTimeNs":0.2664,"level":"good","warningThreshold":2000,"errorThreshold":5000,"msg":"Performance: _InvoiceFacade.createInvoice took 1ms"}
{"level":50,"time":1763926254613,"type":"audit_log_error","class":"_InvoiceFacade","method":"createInvoice","error":"Cannot read properties of undefined (reading 'create')","msg":"Failed to create audit log for _InvoiceFacade.createInvoice"}
{"level":30,"time":1763926254613,"type":"audit","class":"_InvoiceFacade","method":"createInvoice","eventType":"INVOICE_CREATED_VIA_FACADE","userId":"system","executionTime":1,"msg":"Audit: INVOICE_CREATED_VIA_FACADE - _InvoiceFacade.createInvoice"}
{"level":30,"time":1763926254614,"type":"method_call","class":"_InvoiceFacade","method":"createInvoice","action":"success","executionTime":2,"msg":"_InvoiceFacade.createInvoice completed in 2ms"}
{"level":30,"time":1763926254618,"type":"method_call","class":"_InvoiceFacade","method":"createInvoice","action":"start","args":[{"userId":"user123","amount":100.5,"currency":"EUR","items":[{"description":"Service de consultation","quantity":1,"unitPrice":100.5,"total":100.5}]}],"msg":"_InvoiceFacade.createInvoice called"}
{"level":30,"time":1763926254618,"userId":"user123","amount":100.5,"currency":"EUR","msg":"Creating invoice via InvoiceFacade"}
{"level":50,"time":1763926254618,"error":{},"data":{"userId":"user123","amount":100.5,"currency":"EUR"},"msg":"Error creating invoice via InvoiceFacade"}
{"level":20,"time":1763926254618,"type":"performance","class":"_InvoiceFacade","method":"createInvoice","executionTime":0,"executionTimeNs":0.2325,"level":"good","warningThreshold":2000,"errorThreshold":5000,"msg":"Performance: _InvoiceFacade.createInvoice took 0ms"}
{"level":50,"time":1763926254619,"type":"audit_log_error","class":"_InvoiceFacade","method":"createInvoice","error":"Cannot read properties of undefined (reading 'create')","msg":"Failed to create audit log for _InvoiceFacade.createInvoice"}
{"level":30,"time":1763926254619,"type":"audit","class":"_InvoiceFacade","method":"createInvoice","eventType":"INVOICE_CREATED_VIA_FACADE","userId":"system","executionTime":0,"msg":"Audit: INVOICE_CREATED_VIA_FACADE - _InvoiceFacade.createInvoice"}
{"level":30,"time":1763926254619,"type":"method_call","class":"_InvoiceFacade","method":"createInvoice","action":"success","executionTime":1,"msg":"_InvoiceFacade.createInvoice completed in 1ms"}
{"level":30,"time":1763926254620,"type":"method_call","class":"_InvoiceFacade","method":"createInvoice","action":"start","args":[{"userId":"","amount":-100,"currency":"EU","items":[]}],"msg":"_InvoiceFacade.createInvoice called"}
{"level":40,"time":1763926254621,"type":"validation_error","class":"_InvoiceFacade","method":"createInvoice","paramIndex":0,"paramName":"data","errors":["User ID is required","Amount must be positive","Currency must be 3 characters","At least one item is required"],"value":{"userId":"","amount":-100,"currency":"EU","items":[]},"msg":"Validation failed for _InvoiceFacade.createInvoice - data"}
{"level":50,"time":1763926254622,"type":"method_error","class":"_InvoiceFacade","method":"createInvoice","action":"error","executionTime":1,"error":{"name":"Error","message":"Validation failed: data: User ID is required, Amount must be positive, Currency must be 3 characters, At least one item is required"},"args":[{"userId":"","amount":-100,"currency":"EU","items":[]}],"msg":"_InvoiceFacade.createInvoice failed after 1ms: Validation failed: data: User ID is required, Amount must be positive, Currency must be 3 characters, At least one item is required"}
{"level":30,"time":1763926254635,"type":"method_call","class":"_InvoiceFacade","method":"createInvoice","action":"start","args":[{"userId":"user123","amount":100.5,"currency":"EUR","items":[{"description":"Service de consultation","quantity":1,"unitPrice":100.5,"total":100.5}],"sendNotification":true}],"msg":"_InvoiceFacade.createInvoice called"}
{"level":30,"time":1763926254635,"userId":"user123","amount":100.5,"currency":"EUR","sendNotification":true,"msg":"Creating invoice via InvoiceFacade"}
{"level":50,"time":1763926254636,"error":{},"invoiceId":"invoice123","msg":"Failed to send notification, continuing..."}
{"level":30,"time":1763926254636,"invoiceId":"invoice123","invoiceNumber":"INV-2025-001","emailSent":false,"notificationSent":false,"msg":"Invoice created successfully via InvoiceFacade"}
{"level":20,"time":1763926254636,"type":"performance","class":"_InvoiceFacade","method":"createInvoice","executionTime":1,"executionTimeNs":0.1851,"level":"good","warningThreshold":2000,"errorThreshold":5000,"msg":"Performance: _InvoiceFacade.createInvoice took 1ms"}
{"level":50,"time":1763926254636,"type":"audit_log_error","class":"_InvoiceFacade","method":"createInvoice","error":"Cannot read properties of undefined (reading 'create')","msg":"Failed to create audit log for _InvoiceFacade.createInvoice"}
{"level":30,"time":1763926254636,"type":"audit","class":"_InvoiceFacade","method":"createInvoice","eventType":"INVOICE_CREATED_VIA_FACADE","userId":"system","executionTime":1,"msg":"Audit: INVOICE_CREATED_VIA_FACADE - _InvoiceFacade.createInvoice"}
{"level":30,"time":1763926254636,"type":"method_call","class":"_InvoiceFacade","method":"createInvoice","action":"success","executionTime":1,"msg":"_InvoiceFacade.createInvoice completed in 1ms"}
{"level":40,"time":1763926254927,"route":"api/auth/register","error":"Erreur de validation","code":"VALIDATION_ERROR","statusCode":400,"details":{"issues":[{"code":"invalid_string","validation":"datetime","message":"Invalid datetime","path":["dateOfBirth"]}],"name":"ZodError"},"msg":"API error"}
{"level":40,"time":1763926254939,"route":"api/auth/register","error":"Erreur de validation","code":"VALIDATION_ERROR","statusCode":400,"details":{"issues":[{"code":"invalid_string","validation":"datetime","message":"Invalid datetime","path":["dateOfBirth"]}],"name":"ZodError"},"msg":"API error"}
{"level":40,"time":1763926254941,"route":"api/auth/register","error":"Erreur de validation","code":"VALIDATION_ERROR","statusCode":400,"details":{"issues":[{"code":"invalid_string","validation":"datetime","message":"Invalid datetime","path":["dateOfBirth"]}],"name":"ZodError"},"msg":"API error"}
{"level":40,"time":1763926254942,"route":"api/auth/register","error":"Erreur de validation","code":"VALIDATION_ERROR","statusCode":400,"details":{"issues":[{"code":"invalid_string","validation":"datetime","message":"Invalid datetime","path":["dateOfBirth"]}],"name":"ZodError"},"msg":"API error"}
 ├ù tests/integration/api/auth/register.test.ts > Integration: /api/auth/register > POST /api/auth/register > devrait cr├®er un compte utilisateur dans la base de donn├®es 27ms
   ÔåÆ expected [ 200, 201 ] to include 400
 Ô£ô tests/integration/api/auth/register.test.ts > Integration: /api/auth/register > POST /api/auth/register > devrait sanitiser l'email en minuscules 3ms
 Ô£ô tests/integration/api/auth/register.test.ts > Integration: /api/auth/register > POST /api/auth/register > devrait retourner une erreur pour un email d├®j├á utilis├® 20ms
{"level":30,"time":1763926255638,"type":"method_call","class":"_UserFacade","method":"execute","action":"start","args":[{"email":"invalid-email","name":""}],"msg":"_UserFacade.execute called"}
 ├ù tests/facades/user.facade.test.ts > UserFacade > createUserWithKYC > devrait cr├®er un utilisateur avec succ├¿s 8ms
   ÔåÆ Cannot read properties of undefined (reading 'create')
 ├ù tests/facades/user.facade.test.ts > UserFacade > createUserWithKYC > devrait g├®rer les erreurs lors de la cr├®ation 2ms
   ÔåÆ Cannot read properties of undefined (reading 'create')
 ├ù tests/facades/user.facade.test.ts > UserFacade > createUserWithKYC > devrait valider les donn├®es d'entr├®e 7ms
   ÔåÆ Validation failed: data: Invalid email format, Name is required
 ├ù tests/facades/user.facade.test.ts > UserFacade > getUsers > devrait r├®cup├®rer les utilisateurs avec filtres 1ms
   ÔåÆ Cannot read properties of undefined (reading 'findUsersWithFilters')
 ├ù tests/facades/user.facade.test.ts > UserFacade > getUsers > devrait g├®rer la pagination correctement 1ms
   ÔåÆ Cannot read properties of undefined (reading 'findUsersWithFilters')
 ├ù tests/facades/user.facade.test.ts > UserFacade > getUsers > devrait g├®rer les erreurs lors de la r├®cup├®ration 2ms
   ÔåÆ Cannot read properties of undefined (reading 'findUsersWithFilters')
{"level":40,"time":1763926255642,"type":"validation_error","class":"_UserFacade","method":"execute","paramIndex":0,"paramName":"data","errors":["Invalid email format","Name is required"],"value":{"email":"invalid-email","name":""},"msg":"Validation failed for _UserFacade.execute - data"}
{"level":50,"time":1763926255642,"type":"method_error","class":"_UserFacade","method":"execute","action":"error","executionTime":5,"error":{"name":"Error","message":"Validation failed: data: Invalid email format, Name is required"},"args":[{"email":"invalid-email","name":""}],"msg":"_UserFacade.execute failed after 5ms: Validation failed: data: Invalid email format, Name is required"}
{"level":40,"time":1763926255731,"route":"api/invoices","error":"Non autoris├®","code":"UNAUTHORIZED","statusCode":401,"msg":"API error"}
{"level":40,"time":1763926255749,"route":"api/invoices","error":"Non autoris├®","code":"UNAUTHORIZED","statusCode":401,"msg":"API error"}
{"level":40,"time":1763926255754,"route":"api/invoices","error":"Non autoris├®","code":"UNAUTHORIZED","statusCode":401,"msg":"API error"}
{"level":40,"time":1763926255758,"route":"api/invoices","error":"Non autoris├®","code":"UNAUTHORIZED","statusCode":401,"msg":"API error"}
 ├ù tests/integration/api/invoices.test.ts > Integration: /api/invoices > GET /api/invoices > devrait r├®cup├®rer les factures depuis la base de donn├®es 22ms
   ÔåÆ expected 401 to be 200 // Object.is equality
 ├ù tests/integration/api/invoices.test.ts > Integration: /api/invoices > GET /api/invoices > devrait appliquer les filtres de statut 6ms
   ÔåÆ Cannot read properties of undefined (reading 'length')
 ├ù tests/integration/api/invoices.test.ts > Integration: /api/invoices > GET /api/invoices > devrait filtrer par clientId 2ms
   ÔåÆ expected 401 to be 200 // Object.is equality
 ├ù tests/integration/api/invoices.test.ts > Integration: /api/invoices > POST /api/invoices > devrait cr├®er une facture dans la base de donn├®es 5ms
   ÔåÆ expected [ 200, 201 ] to include 401
 Ô£ô tests/hooks/transactions/useTransactions.test.ts > useTransactions > devrait r├®cup├®rer les transactions avec succ├¿s 127ms
 Ô£ô tests/hooks/transactions/useTransactions.test.ts > useTransactions > devrait g├®rer la pagination avec page 109ms
 Ô£ô tests/hooks/transactions/useTransactions.test.ts > useTransactions > devrait convertir automatiquement offset en page 65ms
 Ô£ô tests/hooks/transactions/useTransactions.test.ts > useTransactions > devrait filtrer par status (string unique) 15ms
 Ô£ô tests/hooks/transactions/useTransactions.test.ts > useTransactions > devrait filtrer par status (tableau de statuts) 16ms
 Ô£ô tests/hooks/transactions/useTransactions.test.ts > useTransactions > devrait filtrer par serviceType (HEALTH, BTP, EDUCATION) 21ms
 Ô£ô tests/hooks/transactions/useTransactions.test.ts > useTransactions > devrait filtrer par currency 7ms
 Ô£ô tests/hooks/transactions/useTransactions.test.ts > useTransactions > devrait filtrer par dateFrom et dateTo 4ms
 Ô£ô tests/hooks/transactions/useTransactions.test.ts > useTransactions > devrait filtrer par minAmount et maxAmount 3ms
 Ô£ô tests/hooks/transactions/useTransactions.test.ts > useTransactions > devrait filtrer par userId 5ms
 Ô£ô tests/hooks/transactions/useTransactions.test.ts > useTransactions > devrait g├®rer les erreurs de r├®cup├®ration 94ms
stderr | tests/hooks/transactions/useTransactions.test.ts > useTransactions > devrait permettre de recharger les 
donn├®es avec refetch
Warning: An update to TestComponent inside a test was not wrapped in act(...).

When testing, code that causes React state updates should be wrapped into act(...):

act(() => {
  /* fire events that update state */
});
/* assert on the output */

This ensures that you're testing the behavior the user would see in the browser. Learn more at 
https://reactjs.org/link/wrap-tests-with-act
    at TestComponent (C:\Users\Admin\Lab\Diaspomoney\diaspomoney\node_modules\.pnpm\@testing-library+react@16.3_59c0e11
b10e1a70d511ef984e8664550\node_modules\@testing-library\react\dist\pure.js:329:5)
Warning: An update to TestComponent inside a test was not wrapped in act(...).

When testing, code that causes React state updates should be wrapped into act(...):

act(() => {
  /* fire events that update state */
});
/* assert on the output */

This ensures that you're testing the behavior the user would see in the browser. Learn more at 
https://reactjs.org/link/wrap-tests-with-act
    at TestComponent (C:\Users\Admin\Lab\Diaspomoney\diaspomoney\node_modules\.pnpm\@testing-library+react@16.3_59c0e11
b10e1a70d511ef984e8664550\node_modules\@testing-library\react\dist\pure.js:329:5)

stderr | tests/hooks/transactions/useTransactions.test.ts > useTransactions > devrait permettre de recharger les 
donn├®es avec refetch
Warning: An update to TestComponent inside a test was not wrapped in act(...).

When testing, code that causes React state updates should be wrapped into act(...):

act(() => {
  /* fire events that update state */
});
/* assert on the output */

This ensures that you're testing the behavior the user would see in the browser. Learn more at 
https://reactjs.org/link/wrap-tests-with-act
    at TestComponent (C:\Users\Admin\Lab\Diaspomoney\diaspomoney\node_modules\.pnpm\@testing-library+react@16.3_59c0e11
b10e1a70d511ef984e8664550\node_modules\@testing-library\react\dist\pure.js:329:5)
Warning: An update to TestComponent inside a test was not wrapped in act(...).

When testing, code that causes React state updates should be wrapped into act(...):

act(() => {
  /* fire events that update state */
});
/* assert on the output */

This ensures that you're testing the behavior the user would see in the browser. Learn more at 
https://reactjs.org/link/wrap-tests-with-act
    at TestComponent (C:\Users\Admin\Lab\Diaspomoney\diaspomoney\node_modules\.pnpm\@testing-library+react@16.3_59c0e11
b10e1a70d511ef984e8664550\node_modules\@testing-library\react\dist\pure.js:329:5)
Warning: An update to TestComponent inside a test was not wrapped in act(...).

When testing, code that causes React state updates should be wrapped into act(...):

act(() => {
  /* fire events that update state */
});
/* assert on the output */

This ensures that you're testing the behavior the user would see in the browser. Learn more at 
https://reactjs.org/link/wrap-tests-with-act
    at TestComponent (C:\Users\Admin\Lab\Diaspomoney\diaspomoney\node_modules\.pnpm\@testing-library+react@16.3_59c0e11
b10e1a70d511ef984e8664550\node_modules\@testing-library\react\dist\pure.js:329:5)

 Ô£ô tests/hooks/transactions/useTransactions.test.ts > useTransactions > devrait avoir un ├®tat de chargement initial et apr├¿s r├®cup├®ration 102ms
 Ô£ô tests/hooks/transactions/useTransactions.test.ts > useTransactions > devrait permettre de recharger les donn├®es avec refetch 195ms
 Ô£ô tests/hooks/transactions/useTransactions.test.ts > useTransactions > devrait g├®rer les r├®ponses API avec format standardis├® 162ms
 Ô£ô tests/hooks/transactions/useTransactions.test.ts > useTransactions > devrait g├®rer pagination.total et metadata.count 237ms
 Ô£ô tests/hooks/auth/useAuth.test.ts > useAuth > devrait r├®cup├®rer l'utilisateur depuis le cache partag├® 34ms
 Ô£ô tests/hooks/auth/useAuth.test.ts > useAuth > devrait r├®cup├®rer l'utilisateur depuis une requ├¬te en cours (promise partag├®e) 76ms
 Ô£ô tests/hooks/auth/useAuth.test.ts > useAuth > devrait r├®cup├®rer l'utilisateur via fetch /api/users/me 105ms
 Ô£ô tests/hooks/auth/useAuth.test.ts > useAuth > devrait g├®rer le timeout (5 secondes) 145ms
 Ô£ô tests/hooks/auth/useAuth.test.ts > useAuth > devrait g├®rer les erreurs 401 109ms
 Ô£ô tests/hooks/auth/useAuth.test.ts > useAuth > devrait g├®rer les erreurs r├®seau 85ms
 Ô£ô tests/hooks/auth/useAuth.test.ts > useAuth > devrait g├®rer les ├®tats de chargement (isLoading) 2ms
 Ô£ô tests/hooks/auth/useAuth.test.ts > useAuth > devrait g├®rer l'├®tat d'authentification (isAuthenticated) 3ms
 Ô£ô tests/hooks/auth/useAuth.test.ts > useAuth > devrait v├®rifier les r├┤les (isAdmin, isProvider, isCSM, isCustomer) 7ms
 Ô£ô tests/hooks/invoices/useInvoices.test.ts > useInvoices > devrait r├®cup├®rer les factures avec succ├¿s 123ms
stderr | tests/hooks/auth/useAuth.test.ts > useAuth > devrait ex├®cuter refreshAuth avec succ├¿s
Warning: An update to TestComponent inside a test was not wrapped in act(...).

When testing, code that causes React state updates should be wrapped into act(...):

act(() => {
  /* fire events that update state */
});
/* assert on the output */

This ensures that you're testing the behavior the user would see in the browser. Learn more at 
https://reactjs.org/link/wrap-tests-with-act
    at TestComponent (C:\Users\Admin\Lab\Diaspomoney\diaspomoney\node_modules\.pnpm\@testing-library+react@16.3_59c0e11
b10e1a70d511ef984e8664550\node_modules\@testing-library\react\dist\pure.js:329:5)

stderr | tests/hooks/auth/useAuth.test.ts > useAuth > devrait ex├®cuter refreshAuth avec succ├¿s
Warning: An update to TestComponent inside a test was not wrapped in act(...).

When testing, code that causes React state updates should be wrapped into act(...):

act(() => {
  /* fire events that update state */
});
/* assert on the output */

This ensures that you're testing the behavior the user would see in the browser. Learn more at 
https://reactjs.org/link/wrap-tests-with-act
    at TestComponent (C:\Users\Admin\Lab\Diaspomoney\diaspomoney\node_modules\.pnpm\@testing-library+react@16.3_59c0e11
b10e1a70d511ef984e8664550\node_modules\@testing-library\react\dist\pure.js:329:5)
Warning: An update to TestComponent inside a test was not wrapped in act(...).

When testing, code that causes React state updates should be wrapped into act(...):

act(() => {
  /* fire events that update state */
});
/* assert on the output */

This ensures that you're testing the behavior the user would see in the browser. Learn more at 
https://reactjs.org/link/wrap-tests-with-act
    at TestComponent (C:\Users\Admin\Lab\Diaspomoney\diaspomoney\node_modules\.pnpm\@testing-library+react@16.3_59c0e11
b10e1a70d511ef984e8664550\node_modules\@testing-library\react\dist\pure.js:329:5)
Warning: An update to TestComponent inside a test was not wrapped in act(...).

When testing, code that causes React state updates should be wrapped into act(...):

act(() => {
  /* fire events that update state */
});
/* assert on the output */

This ensures that you're testing the behavior the user would see in the browser. Learn more at 
https://reactjs.org/link/wrap-tests-with-act
    at TestComponent (C:\Users\Admin\Lab\Diaspomoney\diaspomoney\node_modules\.pnpm\@testing-library+react@16.3_59c0e11
b10e1a70d511ef984e8664550\node_modules\@testing-library\react\dist\pure.js:329:5)

 Ô£ô tests/hooks/auth/useAuth.test.ts > useAuth > devrait ex├®cuter refreshAuth avec succ├¿s 85ms
 Ô£ô tests/hooks/auth/useAuth.test.ts > useAuth > devrait g├®rer le statut utilisateur INACTIVE 4ms
 Ô£ô tests/hooks/invoices/useInvoices.test.ts > useInvoices > devrait g├®rer la pagination avec page 90ms
 Ô£ô tests/hooks/invoices/useInvoices.test.ts > useInvoices > devrait convertir automatiquement offset en page 78ms
 Ô£ô tests/hooks/auth/useAuth.test.ts > useAuth > devrait g├®rer les donn├®es OAuth 17ms
 Ô£ô tests/hooks/auth/useAuth.test.ts > useAuth > devrait pr├®venir les appels multiples (didFetchRef) 123ms
 Ô£ô tests/hooks/invoices/useInvoices.test.ts > useInvoices > devrait filtrer par status (excluant ALL) 61ms
 Ô£ô tests/hooks/invoices/useInvoices.test.ts > useInvoices > ne devrait pas ajouter le param├¿tre status si ALL 20ms
 Ô£ô tests/hooks/invoices/useInvoices.test.ts > useInvoices > devrait g├®rer les erreurs de r├®cup├®ration 102ms
 Ô£ô tests/hooks/invoices/useInvoices.test.ts > useInvoices > devrait avoir un ├®tat de chargement initial 49ms
stderr | tests/hooks/invoices/useInvoices.test.ts > useInvoices > devrait permettre de recharger les donn├®es avec 
refetch
Warning: An update to TestComponent inside a test was not wrapped in act(...).

When testing, code that causes React state updates should be wrapped into act(...):

act(() => {
  /* fire events that update state */
});
/* assert on the output */

This ensures that you're testing the behavior the user would see in the browser. Learn more at 
https://reactjs.org/link/wrap-tests-with-act
    at TestComponent (C:\Users\Admin\Lab\Diaspomoney\diaspomoney\node_modules\.pnpm\@testing-library+react@16.3_59c0e11
b10e1a70d511ef984e8664550\node_modules\@testing-library\react\dist\pure.js:329:5)
Warning: An update to TestComponent inside a test was not wrapped in act(...).

When testing, code that causes React state updates should be wrapped into act(...):

act(() => {
  /* fire events that update state */
});
/* assert on the output */

This ensures that you're testing the behavior the user would see in the browser. Learn more at 
https://reactjs.org/link/wrap-tests-with-act
    at TestComponent (C:\Users\Admin\Lab\Diaspomoney\diaspomoney\node_modules\.pnpm\@testing-library+react@16.3_59c0e11
b10e1a70d511ef984e8664550\node_modules\@testing-library\react\dist\pure.js:329:5)

stderr | tests/hooks/invoices/useInvoices.test.ts > useInvoices > devrait permettre de recharger les donn├®es avec 
refetch
Warning: An update to TestComponent inside a test was not wrapped in act(...).

When testing, code that causes React state updates should be wrapped into act(...):

act(() => {
  /* fire events that update state */
});
/* assert on the output */

This ensures that you're testing the behavior the user would see in the browser. Learn more at 
https://reactjs.org/link/wrap-tests-with-act
    at TestComponent (C:\Users\Admin\Lab\Diaspomoney\diaspomoney\node_modules\.pnpm\@testing-library+react@16.3_59c0e11
b10e1a70d511ef984e8664550\node_modules\@testing-library\react\dist\pure.js:329:5)
Warning: An update to TestComponent inside a test was not wrapped in act(...).

When testing, code that causes React state updates should be wrapped into act(...):

act(() => {
  /* fire events that update state */
});
/* assert on the output */

This ensures that you're testing the behavior the user would see in the browser. Learn more at 
https://reactjs.org/link/wrap-tests-with-act
    at TestComponent (C:\Users\Admin\Lab\Diaspomoney\diaspomoney\node_modules\.pnpm\@testing-library+react@16.3_59c0e11
b10e1a70d511ef984e8664550\node_modules\@testing-library\react\dist\pure.js:329:5)
Warning: An update to TestComponent inside a test was not wrapped in act(...).

When testing, code that causes React state updates should be wrapped into act(...):

act(() => {
  /* fire events that update state */
});
/* assert on the output */

This ensures that you're testing the behavior the user would see in the browser. Learn more at 
https://reactjs.org/link/wrap-tests-with-act
    at TestComponent (C:\Users\Admin\Lab\Diaspomoney\diaspomoney\node_modules\.pnpm\@testing-library+react@16.3_59c0e11
b10e1a70d511ef984e8664550\node_modules\@testing-library\react\dist\pure.js:329:5)

 Ô£ô tests/hooks/invoices/useInvoices.test.ts > useInvoices > devrait avoir un ├®tat de chargement false apr├¿s r├®cup├®ration 123ms
 Ô£ô tests/hooks/invoices/useInvoices.test.ts > useInvoices > devrait permettre de recharger les donn├®es avec refetch 116ms
 Ô£ô tests/hooks/invoices/useInvoices.test.ts > useInvoices > devrait g├®rer les r├®ponses API avec format standardis├® 77ms
 Ô£ô tests/hooks/invoices/useInvoices.test.ts > useInvoices > devrait g├®rer les r├®ponses API avec data non-array (tableau vide) 81ms
 Ô£ô tests/hooks/quotes/useQuotes.test.ts > useQuotes > devrait r├®cup├®rer les devis avec succ├¿s 120ms
 Ô£ô tests/hooks/quotes/useQuotes.test.ts > useQuotes > devrait g├®rer la pagination avec page 93ms
 Ô£ô tests/hooks/quotes/useQuotes.test.ts > useQuotes > devrait convertir automatiquement offset en page 109ms
 Ô£ô tests/hooks/quotes/useQuotes.test.ts > useQuotes > devrait filtrer par status (excluant ALL) 5ms
 Ô£ô tests/hooks/quotes/useQuotes.test.ts > useQuotes > ne devrait pas ajouter le param├¿tre status si ALL 20ms
 Ô£ô tests/hooks/quotes/useQuotes.test.ts > useQuotes > devrait filtrer par userId si non admin 16ms
 Ô£ô tests/hooks/quotes/useQuotes.test.ts > useQuotes > ne devrait pas filtrer par userId si isAdmin 8ms
stderr | tests/hooks/bookings/useBookingPayment.test.ts > useBookingPayment > confirmPayment > devrait confirmer un 
paiement avec succ├¿s
Warning: An update to TestComponent inside a test was not wrapped in act(...).

When testing, code that causes React state updates should be wrapped into act(...):

act(() => {
  /* fire events that update state */
});
/* assert on the output */

This ensures that you're testing the behavior the user would see in the browser. Learn more at 
https://reactjs.org/link/wrap-tests-with-act
    at TestComponent (C:\Users\Admin\Lab\Diaspomoney\diaspomoney\node_modules\.pnpm\@testing-library+react@16.3_59c0e11
b10e1a70d511ef984e8664550\node_modules\@testing-library\react\dist\pure.js:329:5)
Warning: An update to TestComponent inside a test was not wrapped in act(...).

When testing, code that causes React state updates should be wrapped into act(...):

act(() => {
  /* fire events that update state */
});
/* assert on the output */

This ensures that you're testing the behavior the user would see in the browser. Learn more at 
https://reactjs.org/link/wrap-tests-with-act
    at TestComponent (C:\Users\Admin\Lab\Diaspomoney\diaspomoney\node_modules\.pnpm\@testing-library+react@16.3_59c0e11
b10e1a70d511ef984e8664550\node_modules\@testing-library\react\dist\pure.js:329:5)

 Ô£ô tests/hooks/auth/useLogin.test.ts > useLogin > devrait se connecter avec succ├¿s avec signIn NextAuth 36ms
 Ô£ô tests/hooks/auth/useLogin.test.ts > useLogin > devrait g├®rer les erreurs CredentialsSignin 8ms
 Ô£ô tests/hooks/auth/useLogin.test.ts > useLogin > devrait g├®rer les erreurs Callback 3ms
 Ô£ô tests/hooks/auth/useLogin.test.ts > useLogin > devrait g├®rer les erreurs r├®seau 10ms
 Ô£ô tests/hooks/auth/useLogin.test.ts > useLogin > devrait g├®rer les timeouts (AbortError) 6ms
stderr | tests/hooks/bookings/useBookingPayment.test.ts > useBookingPayment > confirmPayment > devrait confirmer un 
paiement avec succ├¿s
Warning: An update to TestComponent inside a test was not wrapped in act(...).

When testing, code that causes React state updates should be wrapped into act(...):

act(() => {
  /* fire events that update state */
});
/* assert on the output */

This ensures that you're testing the behavior the user would see in the browser. Learn more at 
https://reactjs.org/link/wrap-tests-with-act
    at TestComponent (C:\Users\Admin\Lab\Diaspomoney\diaspomoney\node_modules\.pnpm\@testing-library+react@16.3_59c0e11
b10e1a70d511ef984e8664550\node_modules\@testing-library\react\dist\pure.js:329:5)

stderr | tests/hooks/bookings/useBookingPayment.test.ts > useBookingPayment > confirmPayment > devrait retourner 
reservationNumber apr├¿s confirmation
Warning: An update to TestComponent inside a test was not wrapped in act(...).

When testing, code that causes React state updates should be wrapped into act(...):

act(() => {
  /* fire events that update state */
});
/* assert on the output */

This ensures that you're testing the behavior the user would see in the browser. Learn more at 
https://reactjs.org/link/wrap-tests-with-act
    at TestComponent (C:\Users\Admin\Lab\Diaspomoney\diaspomoney\node_modules\.pnpm\@testing-library+react@16.3_59c0e11
b10e1a70d511ef984e8664550\node_modules\@testing-library\react\dist\pure.js:329:5)
Warning: An update to TestComponent inside a test was not wrapped in act(...).

When testing, code that causes React state updates should be wrapped into act(...):

act(() => {
  /* fire events that update state */
});
/* assert on the output */

This ensures that you're testing the behavior the user would see in the browser. Learn more at 
https://reactjs.org/link/wrap-tests-with-act
    at TestComponent (C:\Users\Admin\Lab\Diaspomoney\diaspomoney\node_modules\.pnpm\@testing-library+react@16.3_59c0e11
b10e1a70d511ef984e8664550\node_modules\@testing-library\react\dist\pure.js:329:5)

stderr | tests/hooks/bookings/useBookingPayment.test.ts > useBookingPayment > confirmPayment > devrait retourner 
reservationNumber apr├¿s confirmation
Warning: An update to TestComponent inside a test was not wrapped in act(...).

When testing, code that causes React state updates should be wrapped into act(...):

act(() => {
  /* fire events that update state */
});
/* assert on the output */

This ensures that you're testing the behavior the user would see in the browser. Learn more at 
https://reactjs.org/link/wrap-tests-with-act
    at TestComponent (C:\Users\Admin\Lab\Diaspomoney\diaspomoney\node_modules\.pnpm\@testing-library+react@16.3_59c0e11
b10e1a70d511ef984e8664550\node_modules\@testing-library\react\dist\pure.js:329:5)

stderr | tests/hooks/bookings/useBookingPayment.test.ts > useBookingPayment > confirmPayment > devrait ├®mettre un 
├®v├®nement paymentSucceeded (EventObserver)
Warning: An update to TestComponent inside a test was not wrapped in act(...).

When testing, code that causes React state updates should be wrapped into act(...):

act(() => {
  /* fire events that update state */
});
/* assert on the output */

This ensures that you're testing the behavior the user would see in the browser. Learn more at 
https://reactjs.org/link/wrap-tests-with-act
    at TestComponent (C:\Users\Admin\Lab\Diaspomoney\diaspomoney\node_modules\.pnpm\@testing-library+react@16.3_59c0e11
b10e1a70d511ef984e8664550\node_modules\@testing-library\react\dist\pure.js:329:5)
Warning: An update to TestComponent inside a test was not wrapped in act(...).

When testing, code that causes React state updates should be wrapped into act(...):

act(() => {
  /* fire events that update state */
});
/* assert on the output */

This ensures that you're testing the behavior the user would see in the browser. Learn more at 
https://reactjs.org/link/wrap-tests-with-act
    at TestComponent (C:\Users\Admin\Lab\Diaspomoney\diaspomoney\node_modules\.pnpm\@testing-library+react@16.3_59c0e11
b10e1a70d511ef984e8664550\node_modules\@testing-library\react\dist\pure.js:329:5)

stderr | tests/hooks/bookings/useBookingPayment.test.ts > useBookingPayment > confirmPayment > devrait ├®mettre un 
├®v├®nement paymentSucceeded (EventObserver)
Warning: An update to TestComponent inside a test was not wrapped in act(...).

When testing, code that causes React state updates should be wrapped into act(...):

act(() => {
  /* fire events that update state */
});
/* assert on the output */

This ensures that you're testing the behavior the user would see in the browser. Learn more at 
https://reactjs.org/link/wrap-tests-with-act
    at TestComponent (C:\Users\Admin\Lab\Diaspomoney\diaspomoney\node_modules\.pnpm\@testing-library+react@16.3_59c0e11
b10e1a70d511ef984e8664550\node_modules\@testing-library\react\dist\pure.js:329:5)

stderr | tests/hooks/bookings/useBookingPayment.test.ts > useBookingPayment > confirmPayment > devrait ├®mettre un 
├®v├®nement bookingConfirmed (EventObserver)
Warning: An update to TestComponent inside a test was not wrapped in act(...).

When testing, code that causes React state updates should be wrapped into act(...):

act(() => {
  /* fire events that update state */
});
/* assert on the output */

This ensures that you're testing the behavior the user would see in the browser. Learn more at 
https://reactjs.org/link/wrap-tests-with-act
    at TestComponent (C:\Users\Admin\Lab\Diaspomoney\diaspomoney\node_modules\.pnpm\@testing-library+react@16.3_59c0e11
b10e1a70d511ef984e8664550\node_modules\@testing-library\react\dist\pure.js:329:5)
Warning: An update to TestComponent inside a test was not wrapped in act(...).

When testing, code that causes React state updates should be wrapped into act(...):

act(() => {
  /* fire events that update state */
});
/* assert on the output */

This ensures that you're testing the behavior the user would see in the browser. Learn more at 
https://reactjs.org/link/wrap-tests-with-act
    at TestComponent (C:\Users\Admin\Lab\Diaspomoney\diaspomoney\node_modules\.pnpm\@testing-library+react@16.3_59c0e11
b10e1a70d511ef984e8664550\node_modules\@testing-library\react\dist\pure.js:329:5)

stderr | tests/hooks/bookings/useBookingPayment.test.ts > useBookingPayment > confirmPayment > devrait ├®mettre un 
├®v├®nement bookingConfirmed (EventObserver)
Warning: An update to TestComponent inside a test was not wrapped in act(...).

When testing, code that causes React state updates should be wrapped into act(...):

act(() => {
  /* fire events that update state */
});
/* assert on the output */

This ensures that you're testing the behavior the user would see in the browser. Learn more at 
https://reactjs.org/link/wrap-tests-with-act
    at TestComponent (C:\Users\Admin\Lab\Diaspomoney\diaspomoney\node_modules\.pnpm\@testing-library+react@16.3_59c0e11
b10e1a70d511ef984e8664550\node_modules\@testing-library\react\dist\pure.js:329:5)

stderr | tests/hooks/bookings/useBookingCancel.test.ts > useBookingCancel > devrait annuler une r├®servation avec 
succ├¿s
Warning: An update to TestComponent inside a test was not wrapped in act(...).

When testing, code that causes React state updates should be wrapped into act(...):

act(() => {
  /* fire events that update state */
});
/* assert on the output */

This ensures that you're testing the behavior the user would see in the browser. Learn more at 
https://reactjs.org/link/wrap-tests-with-act
    at TestComponent (C:\Users\Admin\Lab\Diaspomoney\diaspomoney\node_modules\.pnpm\@testing-library+react@16.3_59c0e11
b10e1a70d511ef984e8664550\node_modules\@testing-library\react\dist\pure.js:329:5)
Warning: An update to TestComponent inside a test was not wrapped in act(...).

When testing, code that causes React state updates should be wrapped into act(...):

act(() => {
  /* fire events that update state */
});
/* assert on the output */

This ensures that you're testing the behavior the user would see in the browser. Learn more at 
https://reactjs.org/link/wrap-tests-with-act
    at TestComponent (C:\Users\Admin\Lab\Diaspomoney\diaspomoney\node_modules\.pnpm\@testing-library+react@16.3_59c0e11
b10e1a70d511ef984e8664550\node_modules\@testing-library\react\dist\pure.js:329:5)

stderr | tests/hooks/bookings/useBookingCancel.test.ts > useBookingCancel > devrait annuler une r├®servation avec 
succ├¿s
Warning: An update to TestComponent inside a test was not wrapped in act(...).

When testing, code that causes React state updates should be wrapped into act(...):

act(() => {
  /* fire events that update state */
});
/* assert on the output */

This ensures that you're testing the behavior the user would see in the browser. Learn more at 
https://reactjs.org/link/wrap-tests-with-act
    at TestComponent (C:\Users\Admin\Lab\Diaspomoney\diaspomoney\node_modules\.pnpm\@testing-library+react@16.3_59c0e11
b10e1a70d511ef984e8664550\node_modules\@testing-library\react\dist\pure.js:329:5)

stderr | tests/hooks/bookings/useBookingCancel.test.ts > useBookingCancel > devrait retourner la r├®servation annul├®e
Warning: An update to TestComponent inside a test was not wrapped in act(...).

When testing, code that causes React state updates should be wrapped into act(...):

act(() => {
  /* fire events that update state */
});
/* assert on the output */

This ensures that you're testing the behavior the user would see in the browser. Learn more at 
https://reactjs.org/link/wrap-tests-with-act
    at TestComponent (C:\Users\Admin\Lab\Diaspomoney\diaspomoney\node_modules\.pnpm\@testing-library+react@16.3_59c0e11
b10e1a70d511ef984e8664550\node_modules\@testing-library\react\dist\pure.js:329:5)
Warning: An update to TestComponent inside a test was not wrapped in act(...).

When testing, code that causes React state updates should be wrapped into act(...):

act(() => {
  /* fire events that update state */
});
/* assert on the output */

This ensures that you're testing the behavior the user would see in the browser. Learn more at 
https://reactjs.org/link/wrap-tests-with-act
    at TestComponent (C:\Users\Admin\Lab\Diaspomoney\diaspomoney\node_modules\.pnpm\@testing-library+react@16.3_59c0e11
b10e1a70d511ef984e8664550\node_modules\@testing-library\react\dist\pure.js:329:5)

stderr | tests/hooks/bookings/useBookingCancel.test.ts > useBookingCancel > devrait retourner la r├®servation annul├®e
Warning: An update to TestComponent inside a test was not wrapped in act(...).

When testing, code that causes React state updates should be wrapped into act(...):

act(() => {
  /* fire events that update state */
});
/* assert on the output */

This ensures that you're testing the behavior the user would see in the browser. Learn more at 
https://reactjs.org/link/wrap-tests-with-act
    at TestComponent (C:\Users\Admin\Lab\Diaspomoney\diaspomoney\node_modules\.pnpm\@testing-library+react@16.3_59c0e11
b10e1a70d511ef984e8664550\node_modules\@testing-library\react\dist\pure.js:329:5)

stderr | tests/hooks/bookings/useBookingCancel.test.ts > useBookingCancel > devrait g├®rer les erreurs lors de 
l'annulation (response.ok = false)
Warning: An update to TestComponent inside a test was not wrapped in act(...).

When testing, code that causes React state updates should be wrapped into act(...):

act(() => {
  /* fire events that update state */
});
/* assert on the output */

This ensures that you're testing the behavior the user would see in the browser. Learn more at 
https://reactjs.org/link/wrap-tests-with-act
    at TestComponent (C:\Users\Admin\Lab\Diaspomoney\diaspomoney\node_modules\.pnpm\@testing-library+react@16.3_59c0e11
b10e1a70d511ef984e8664550\node_modules\@testing-library\react\dist\pure.js:329:5)
Warning: An update to TestComponent inside a test was not wrapped in act(...).

When testing, code that causes React state updates should be wrapped into act(...):

act(() => {
  /* fire events that update state */
});
/* assert on the output */

This ensures that you're testing the behavior the user would see in the browser. Learn more at 
https://reactjs.org/link/wrap-tests-with-act
    at TestComponent (C:\Users\Admin\Lab\Diaspomoney\diaspomoney\node_modules\.pnpm\@testing-library+react@16.3_59c0e11
b10e1a70d511ef984e8664550\node_modules\@testing-library\react\dist\pure.js:329:5)

stderr | tests/hooks/bookings/useBookingCancel.test.ts > useBookingCancel > devrait g├®rer les erreurs lors de 
l'annulation (response.ok = false)
Warning: An update to TestComponent inside a test was not wrapped in act(...).

When testing, code that causes React state updates should be wrapped into act(...):

act(() => {
  /* fire events that update state */
});
/* assert on the output */

This ensures that you're testing the behavior the user would see in the browser. Learn more at 
https://reactjs.org/link/wrap-tests-with-act
    at TestComponent (C:\Users\Admin\Lab\Diaspomoney\diaspomoney\node_modules\.pnpm\@testing-library+react@16.3_59c0e11
b10e1a70d511ef984e8664550\node_modules\@testing-library\react\dist\pure.js:329:5)
Warning: An update to TestComponent inside a test was not wrapped in act(...).

When testing, code that causes React state updates should be wrapped into act(...):

act(() => {
  /* fire events that update state */
});
/* assert on the output */

This ensures that you're testing the behavior the user would see in the browser. Learn more at 
https://reactjs.org/link/wrap-tests-with-act
    at TestComponent (C:\Users\Admin\Lab\Diaspomoney\diaspomoney\node_modules\.pnpm\@testing-library+react@16.3_59c0e11
b10e1a70d511ef984e8664550\node_modules\@testing-library\react\dist\pure.js:329:5)

stderr | tests/hooks/bookings/useBookingCancel.test.ts > useBookingCancel > devrait g├®rer les erreurs avec message 
d'erreur personnalis├®
Warning: An update to TestComponent inside a test was not wrapped in act(...).

When testing, code that causes React state updates should be wrapped into act(...):

act(() => {
  /* fire events that update state */
});
/* assert on the output */

This ensures that you're testing the behavior the user would see in the browser. Learn more at 
https://reactjs.org/link/wrap-tests-with-act
    at TestComponent (C:\Users\Admin\Lab\Diaspomoney\diaspomoney\node_modules\.pnpm\@testing-library+react@16.3_59c0e11
b10e1a70d511ef984e8664550\node_modules\@testing-library\react\dist\pure.js:329:5)
Warning: An update to TestComponent inside a test was not wrapped in act(...).

When testing, code that causes React state updates should be wrapped into act(...):

act(() => {
  /* fire events that update state */
});
/* assert on the output */

This ensures that you're testing the behavior the user would see in the browser. Learn more at 
https://reactjs.org/link/wrap-tests-with-act
    at TestComponent (C:\Users\Admin\Lab\Diaspomoney\diaspomoney\node_modules\.pnpm\@testing-library+react@16.3_59c0e11
b10e1a70d511ef984e8664550\node_modules\@testing-library\react\dist\pure.js:329:5)

stderr | tests/hooks/bookings/useBookingCancel.test.ts > useBookingCancel > devrait g├®rer les erreurs avec message 
d'erreur personnalis├®
Warning: An update to TestComponent inside a test was not wrapped in act(...).

When testing, code that causes React state updates should be wrapped into act(...):

act(() => {
  /* fire events that update state */
});
/* assert on the output */

This ensures that you're testing the behavior the user would see in the browser. Learn more at 
https://reactjs.org/link/wrap-tests-with-act
    at TestComponent (C:\Users\Admin\Lab\Diaspomoney\diaspomoney\node_modules\.pnpm\@testing-library+react@16.3_59c0e11
b10e1a70d511ef984e8664550\node_modules\@testing-library\react\dist\pure.js:329:5)
Warning: An update to TestComponent inside a test was not wrapped in act(...).

When testing, code that causes React state updates should be wrapped into act(...):

act(() => {
  /* fire events that update state */
});
/* assert on the output */

This ensures that you're testing the behavior the user would see in the browser. Learn more at 
https://reactjs.org/link/wrap-tests-with-act
    at TestComponent (C:\Users\Admin\Lab\Diaspomoney\diaspomoney\node_modules\.pnpm\@testing-library+react@16.3_59c0e11
b10e1a70d511ef984e8664550\node_modules\@testing-library\react\dist\pure.js:329:5)

stderr | tests/hooks/bookings/useBookingPayment.test.ts > useBookingPayment > confirmPayment > devrait g├®rer les 
erreurs lors de la confirmation (response.ok = false)
Warning: An update to TestComponent inside a test was not wrapped in act(...).

When testing, code that causes React state updates should be wrapped into act(...):

act(() => {
  /* fire events that update state */
});
/* assert on the output */

This ensures that you're testing the behavior the user would see in the browser. Learn more at 
https://reactjs.org/link/wrap-tests-with-act
    at TestComponent (C:\Users\Admin\Lab\Diaspomoney\diaspomoney\node_modules\.pnpm\@testing-library+react@16.3_59c0e11
b10e1a70d511ef984e8664550\node_modules\@testing-library\react\dist\pure.js:329:5)
Warning: An update to TestComponent inside a test was not wrapped in act(...).

When testing, code that causes React state updates should be wrapped into act(...):

act(() => {
  /* fire events that update state */
});
/* assert on the output */

This ensures that you're testing the behavior the user would see in the browser. Learn more at 
https://reactjs.org/link/wrap-tests-with-act
    at TestComponent (C:\Users\Admin\Lab\Diaspomoney\diaspomoney\node_modules\.pnpm\@testing-library+react@16.3_59c0e11
b10e1a70d511ef984e8664550\node_modules\@testing-library\react\dist\pure.js:329:5)

stderr | tests/hooks/bookings/useBookingPayment.test.ts > useBookingPayment > confirmPayment > devrait g├®rer les 
erreurs lors de la confirmation (response.ok = false)
Warning: An update to TestComponent inside a test was not wrapped in act(...).

When testing, code that causes React state updates should be wrapped into act(...):

act(() => {
  /* fire events that update state */
});
/* assert on the output */

This ensures that you're testing the behavior the user would see in the browser. Learn more at 
https://reactjs.org/link/wrap-tests-with-act
    at TestComponent (C:\Users\Admin\Lab\Diaspomoney\diaspomoney\node_modules\.pnpm\@testing-library+react@16.3_59c0e11
b10e1a70d511ef984e8664550\node_modules\@testing-library\react\dist\pure.js:329:5)
Warning: An update to TestComponent inside a test was not wrapped in act(...).

When testing, code that causes React state updates should be wrapped into act(...):

act(() => {
  /* fire events that update state */
});
/* assert on the output */

This ensures that you're testing the behavior the user would see in the browser. Learn more at 
https://reactjs.org/link/wrap-tests-with-act
    at TestComponent (C:\Users\Admin\Lab\Diaspomoney\diaspomoney\node_modules\.pnpm\@testing-library+react@16.3_59c0e11
b10e1a70d511ef984e8664550\node_modules\@testing-library\react\dist\pure.js:329:5)

 Ô£ô tests/hooks/bookings/useBookingPayment.test.ts > useBookingPayment > confirmPayment > devrait confirmer un paiement avec succ├¿s 34ms
 Ô£ô tests/hooks/bookings/useBookingPayment.test.ts > useBookingPayment > confirmPayment > devrait retourner reservationNumber apr├¿s confirmation 5ms
 Ô£ô tests/hooks/bookings/useBookingPayment.test.ts > useBookingPayment > confirmPayment > devrait ├®mettre un ├®v├®nement paymentSucceeded (EventObserver) 13ms
 Ô£ô tests/hooks/bookings/useBookingPayment.test.ts > useBookingPayment > confirmPayment > devrait ├®mettre un ├®v├®nement bookingConfirmed (EventObserver) 13ms
 Ô£ô tests/hooks/quotes/useQuotes.test.ts > useQuotes > devrait g├®rer les erreurs de r├®cup├®ration 63ms
 Ô£ô tests/hooks/quotes/useQuotes.test.ts > useQuotes > devrait avoir un ├®tat de chargement initial et apr├¿s r├®cup├®ration 79ms
stderr | tests/hooks/bookings/useBookingPayment.test.ts > useBookingPayment > confirmPayment > devrait g├®rer les 
erreurs avec message d'erreur personnalis├®
Warning: An update to TestComponent inside a test was not wrapped in act(...).

When testing, code that causes React state updates should be wrapped into act(...):

act(() => {
  /* fire events that update state */
});
/* assert on the output */

This ensures that you're testing the behavior the user would see in the browser. Learn more at 
https://reactjs.org/link/wrap-tests-with-act
    at TestComponent (C:\Users\Admin\Lab\Diaspomoney\diaspomoney\node_modules\.pnpm\@testing-library+react@16.3_59c0e11
b10e1a70d511ef984e8664550\node_modules\@testing-library\react\dist\pure.js:329:5)
Warning: An update to TestComponent inside a test was not wrapped in act(...).

When testing, code that causes React state updates should be wrapped into act(...):

act(() => {
  /* fire events that update state */
});
/* assert on the output */

This ensures that you're testing the behavior the user would see in the browser. Learn more at 
https://reactjs.org/link/wrap-tests-with-act
    at TestComponent (C:\Users\Admin\Lab\Diaspomoney\diaspomoney\node_modules\.pnpm\@testing-library+react@16.3_59c0e11
b10e1a70d511ef984e8664550\node_modules\@testing-library\react\dist\pure.js:329:5)

stderr | tests/hooks/bookings/useBookingPayment.test.ts > useBookingPayment > confirmPayment > devrait g├®rer les 
erreurs avec message d'erreur personnalis├®
Warning: An update to TestComponent inside a test was not wrapped in act(...).

When testing, code that causes React state updates should be wrapped into act(...):

act(() => {
  /* fire events that update state */
});
/* assert on the output */

This ensures that you're testing the behavior the user would see in the browser. Learn more at 
https://reactjs.org/link/wrap-tests-with-act
    at TestComponent (C:\Users\Admin\Lab\Diaspomoney\diaspomoney\node_modules\.pnpm\@testing-library+react@16.3_59c0e11
b10e1a70d511ef984e8664550\node_modules\@testing-library\react\dist\pure.js:329:5)
Warning: An update to TestComponent inside a test was not wrapped in act(...).

When testing, code that causes React state updates should be wrapped into act(...):

act(() => {
  /* fire events that update state */
});
/* assert on the output */

This ensures that you're testing the behavior the user would see in the browser. Learn more at 
https://reactjs.org/link/wrap-tests-with-act
    at TestComponent (C:\Users\Admin\Lab\Diaspomoney\diaspomoney\node_modules\.pnpm\@testing-library+react@16.3_59c0e11
b10e1a70d511ef984e8664550\node_modules\@testing-library\react\dist\pure.js:329:5)

stderr | tests/hooks/bookings/useBookingPayment.test.ts > useBookingPayment > confirmPayment > devrait ├®mettre un 
├®v├®nement paymentFailed en cas d'erreur
Warning: An update to TestComponent inside a test was not wrapped in act(...).

When testing, code that causes React state updates should be wrapped into act(...):

act(() => {
  /* fire events that update state */
});
/* assert on the output */

This ensures that you're testing the behavior the user would see in the browser. Learn more at 
https://reactjs.org/link/wrap-tests-with-act
    at TestComponent (C:\Users\Admin\Lab\Diaspomoney\diaspomoney\node_modules\.pnpm\@testing-library+react@16.3_59c0e11
b10e1a70d511ef984e8664550\node_modules\@testing-library\react\dist\pure.js:329:5)
Warning: An update to TestComponent inside a test was not wrapped in act(...).

When testing, code that causes React state updates should be wrapped into act(...):

act(() => {
  /* fire events that update state */
});
/* assert on the output */

This ensures that you're testing the behavior the user would see in the browser. Learn more at 
https://reactjs.org/link/wrap-tests-with-act
    at TestComponent (C:\Users\Admin\Lab\Diaspomoney\diaspomoney\node_modules\.pnpm\@testing-library+react@16.3_59c0e11
b10e1a70d511ef984e8664550\node_modules\@testing-library\react\dist\pure.js:329:5)

stderr | tests/hooks/bookings/useBookingPayment.test.ts > useBookingPayment > confirmPayment > devrait ├®mettre un 
├®v├®nement paymentFailed en cas d'erreur
Warning: An update to TestComponent inside a test was not wrapped in act(...).

When testing, code that causes React state updates should be wrapped into act(...):

act(() => {
  /* fire events that update state */
});
/* assert on the output */

This ensures that you're testing the behavior the user would see in the browser. Learn more at 
https://reactjs.org/link/wrap-tests-with-act
    at TestComponent (C:\Users\Admin\Lab\Diaspomoney\diaspomoney\node_modules\.pnpm\@testing-library+react@16.3_59c0e11
b10e1a70d511ef984e8664550\node_modules\@testing-library\react\dist\pure.js:329:5)
Warning: An update to TestComponent inside a test was not wrapped in act(...).

When testing, code that causes React state updates should be wrapped into act(...):

act(() => {
  /* fire events that update state */
});
/* assert on the output */

This ensures that you're testing the behavior the user would see in the browser. Learn more at 
https://reactjs.org/link/wrap-tests-with-act
    at TestComponent (C:\Users\Admin\Lab\Diaspomoney\diaspomoney\node_modules\.pnpm\@testing-library+react@16.3_59c0e11
b10e1a70d511ef984e8664550\node_modules\@testing-library\react\dist\pure.js:329:5)

 Ô£ô tests/hooks/bookings/useBookingCancel.test.ts > useBookingCancel > devrait annuler une r├®servation avec succ├¿s 36ms
 Ô£ô tests/hooks/bookings/useBookingCancel.test.ts > useBookingCancel > devrait retourner la r├®servation annul├®e 6ms
 Ô£ô tests/hooks/bookings/useBookingCancel.test.ts > useBookingCancel > devrait g├®rer les erreurs lors de l'annulation (response.ok = false) 24ms
stderr | tests/hooks/quotes/useQuotes.test.ts > useQuotes > devrait permettre de recharger les donn├®es avec refetch
Warning: An update to TestComponent inside a test was not wrapped in act(...).

When testing, code that causes React state updates should be wrapped into act(...):

act(() => {
  /* fire events that update state */
});
/* assert on the output */

This ensures that you're testing the behavior the user would see in the browser. Learn more at 
https://reactjs.org/link/wrap-tests-with-act
    at TestComponent (C:\Users\Admin\Lab\Diaspomoney\diaspomoney\node_modules\.pnpm\@testing-library+react@16.3_59c0e11
b10e1a70d511ef984e8664550\node_modules\@testing-library\react\dist\pure.js:329:5)
Warning: An update to TestComponent inside a test was not wrapped in act(...).

When testing, code that causes React state updates should be wrapped into act(...):

act(() => {
  /* fire events that update state */
});
/* assert on the output */

This ensures that you're testing the behavior the user would see in the browser. Learn more at 
https://reactjs.org/link/wrap-tests-with-act
    at TestComponent (C:\Users\Admin\Lab\Diaspomoney\diaspomoney\node_modules\.pnpm\@testing-library+react@16.3_59c0e11
b10e1a70d511ef984e8664550\node_modules\@testing-library\react\dist\pure.js:329:5)

stderr | tests/hooks/quotes/useQuotes.test.ts > useQuotes > devrait permettre de recharger les donn├®es avec refetch
Warning: An update to TestComponent inside a test was not wrapped in act(...).

When testing, code that causes React state updates should be wrapped into act(...):

act(() => {
  /* fire events that update state */
});
/* assert on the output */

This ensures that you're testing the behavior the user would see in the browser. Learn more at 
https://reactjs.org/link/wrap-tests-with-act
    at TestComponent (C:\Users\Admin\Lab\Diaspomoney\diaspomoney\node_modules\.pnpm\@testing-library+react@16.3_59c0e11
b10e1a70d511ef984e8664550\node_modules\@testing-library\react\dist\pure.js:329:5)
Warning: An update to TestComponent inside a test was not wrapped in act(...).

When testing, code that causes React state updates should be wrapped into act(...):

act(() => {
  /* fire events that update state */
});
/* assert on the output */

This ensures that you're testing the behavior the user would see in the browser. Learn more at 
https://reactjs.org/link/wrap-tests-with-act
    at TestComponent (C:\Users\Admin\Lab\Diaspomoney\diaspomoney\node_modules\.pnpm\@testing-library+react@16.3_59c0e11
b10e1a70d511ef984e8664550\node_modules\@testing-library\react\dist\pure.js:329:5)
Warning: An update to TestComponent inside a test was not wrapped in act(...).

When testing, code that causes React state updates should be wrapped into act(...):

act(() => {
  /* fire events that update state */
});
/* assert on the output */

This ensures that you're testing the behavior the user would see in the browser. Learn more at 
https://reactjs.org/link/wrap-tests-with-act
    at TestComponent (C:\Users\Admin\Lab\Diaspomoney\diaspomoney\node_modules\.pnpm\@testing-library+react@16.3_59c0e11
b10e1a70d511ef984e8664550\node_modules\@testing-library\react\dist\pure.js:329:5)

 Ô£ô tests/hooks/useBookings.test.ts > useBookings > devrait r├®cup├®rer les r├®servations avec succ├¿s 119ms
stderr | tests/hooks/bookings/useBookingCancel.test.ts > useBookingCancel > devrait g├®rer les erreurs avec 
result.success = false
Warning: An update to TestComponent inside a test was not wrapped in act(...).

When testing, code that causes React state updates should be wrapped into act(...):

act(() => {
  /* fire events that update state */
});
/* assert on the output */

This ensures that you're testing the behavior the user would see in the browser. Learn more at 
https://reactjs.org/link/wrap-tests-with-act
    at TestComponent (C:\Users\Admin\Lab\Diaspomoney\diaspomoney\node_modules\.pnpm\@testing-library+react@16.3_59c0e11
b10e1a70d511ef984e8664550\node_modules\@testing-library\react\dist\pure.js:329:5)
Warning: An update to TestComponent inside a test was not wrapped in act(...).

When testing, code that causes React state updates should be wrapped into act(...):

act(() => {
  /* fire events that update state */
});
/* assert on the output */

This ensures that you're testing the behavior the user would see in the browser. Learn more at 
https://reactjs.org/link/wrap-tests-with-act
    at TestComponent (C:\Users\Admin\Lab\Diaspomoney\diaspomoney\node_modules\.pnpm\@testing-library+react@16.3_59c0e11
b10e1a70d511ef984e8664550\node_modules\@testing-library\react\dist\pure.js:329:5)

stderr | tests/hooks/bookings/useBookingCancel.test.ts > useBookingCancel > devrait g├®rer les erreurs avec 
result.success = false
Warning: An update to TestComponent inside a test was not wrapped in act(...).

When testing, code that causes React state updates should be wrapped into act(...):

act(() => {
  /* fire events that update state */
});
/* assert on the output */

This ensures that you're testing the behavior the user would see in the browser. Learn more at 
https://reactjs.org/link/wrap-tests-with-act
    at TestComponent (C:\Users\Admin\Lab\Diaspomoney\diaspomoney\node_modules\.pnpm\@testing-library+react@16.3_59c0e11
b10e1a70d511ef984e8664550\node_modules\@testing-library\react\dist\pure.js:329:5)
Warning: An update to TestComponent inside a test was not wrapped in act(...).

When testing, code that causes React state updates should be wrapped into act(...):

act(() => {
  /* fire events that update state */
});
/* assert on the output */

This ensures that you're testing the behavior the user would see in the browser. Learn more at 
https://reactjs.org/link/wrap-tests-with-act
    at TestComponent (C:\Users\Admin\Lab\Diaspomoney\diaspomoney\node_modules\.pnpm\@testing-library+react@16.3_59c0e11
b10e1a70d511ef984e8664550\node_modules\@testing-library\react\dist\pure.js:329:5)

stderr | tests/hooks/bookings/useBookingCancel.test.ts > useBookingCancel > devrait avoir un ├®tat de chargement 
pendant l'annulation
Warning: An update to TestComponent inside a test was not wrapped in act(...).

When testing, code that causes React state updates should be wrapped into act(...):

act(() => {
  /* fire events that update state */
});
/* assert on the output */

This ensures that you're testing the behavior the user would see in the browser. Learn more at 
https://reactjs.org/link/wrap-tests-with-act
    at TestComponent (C:\Users\Admin\Lab\Diaspomoney\diaspomoney\node_modules\.pnpm\@testing-library+react@16.3_59c0e11
b10e1a70d511ef984e8664550\node_modules\@testing-library\react\dist\pure.js:329:5)
Warning: An update to TestComponent inside a test was not wrapped in act(...).

When testing, code that causes React state updates should be wrapped into act(...):

act(() => {
  /* fire events that update state */
});
/* assert on the output */

This ensures that you're testing the behavior the user would see in the browser. Learn more at 
https://reactjs.org/link/wrap-tests-with-act
    at TestComponent (C:\Users\Admin\Lab\Diaspomoney\diaspomoney\node_modules\.pnpm\@testing-library+react@16.3_59c0e11
b10e1a70d511ef984e8664550\node_modules\@testing-library\react\dist\pure.js:329:5)

stderr | tests/hooks/bookings/useBookingPayment.test.ts > useBookingPayment > confirmPayment > devrait avoir un ├®tat 
de chargement pendant la confirmation
Warning: An update to TestComponent inside a test was not wrapped in act(...).

When testing, code that causes React state updates should be wrapped into act(...):

act(() => {
  /* fire events that update state */
});
/* assert on the output */

This ensures that you're testing the behavior the user would see in the browser. Learn more at 
https://reactjs.org/link/wrap-tests-with-act
    at TestComponent (C:\Users\Admin\Lab\Diaspomoney\diaspomoney\node_modules\.pnpm\@testing-library+react@16.3_59c0e11
b10e1a70d511ef984e8664550\node_modules\@testing-library\react\dist\pure.js:329:5)
Warning: An update to TestComponent inside a test was not wrapped in act(...).

When testing, code that causes React state updates should be wrapped into act(...):

act(() => {
  /* fire events that update state */
});
/* assert on the output */

This ensures that you're testing the behavior the user would see in the browser. Learn more at 
https://reactjs.org/link/wrap-tests-with-act
    at TestComponent (C:\Users\Admin\Lab\Diaspomoney\diaspomoney\node_modules\.pnpm\@testing-library+react@16.3_59c0e11
b10e1a70d511ef984e8664550\node_modules\@testing-library\react\dist\pure.js:329:5)

 Ô£ô tests/hooks/bookings/useBookingPayment.test.ts > useBookingPayment > confirmPayment > devrait g├®rer les erreurs lors de la confirmation (response.ok = false) 50ms
 Ô£ô tests/hooks/bookings/useBookingPayment.test.ts > useBookingPayment > confirmPayment > devrait g├®rer les erreurs avec message d'erreur personnalis├® 3ms
 Ô£ô tests/hooks/bookings/useBookingPayment.test.ts > useBookingPayment > confirmPayment > devrait ├®mettre un ├®v├®nement paymentFailed en cas d'erreur 33ms
 Ô£ô tests/hooks/beneficiaries/useBeneficiaries.test.ts > useBeneficiaries > devrait r├®cup├®rer les b├®n├®ficiaires (fetchBeneficiaries) 138ms
 Ô£ô tests/hooks/bookings/useBookingCancel.test.ts > useBookingCancel > devrait g├®rer les erreurs avec message d'erreur personnalis├® 45ms
 Ô£ô tests/hooks/bookings/useBookingCancel.test.ts > useBookingCancel > devrait g├®rer les erreurs avec result.success = false 71ms
stderr | tests/hooks/bookings/useBookingPayment.test.ts > useBookingPayment > confirmPayment > devrait avoir un ├®tat 
de chargement pendant la confirmation
Warning: An update to TestComponent inside a test was not wrapped in act(...).

When testing, code that causes React state updates should be wrapped into act(...):

act(() => {
  /* fire events that update state */
});
/* assert on the output */

This ensures that you're testing the behavior the user would see in the browser. Learn more at 
https://reactjs.org/link/wrap-tests-with-act
    at TestComponent (C:\Users\Admin\Lab\Diaspomoney\diaspomoney\node_modules\.pnpm\@testing-library+react@16.3_59c0e11
b10e1a70d511ef984e8664550\node_modules\@testing-library\react\dist\pure.js:329:5)

 Ô£ô tests/hooks/quotes/useQuotes.test.ts > useQuotes > devrait permettre de recharger les donn├®es avec refetch 104ms
 Ô£ô tests/hooks/quotes/useQuotes.test.ts > useQuotes > devrait g├®rer les r├®ponses API avec format standardis├® 107ms
 Ô£ô tests/hooks/useBookings.test.ts > useBookings > devrait g├®rer les erreurs de r├®cup├®ration 133ms
 Ô£ô tests/hooks/useBookings.test.ts > useBookings > devrait appliquer les filtres correctement 87ms
 Ô£ô tests/hooks/useBookings.test.ts > useBookings > devrait g├®rer la pagination 82ms
stderr | tests/hooks/bookings/useBookingCancel.test.ts > useBookingCancel > devrait avoir un ├®tat de chargement 
pendant l'annulation
Warning: An update to TestComponent inside a test was not wrapped in act(...).

When testing, code that causes React state updates should be wrapped into act(...):

act(() => {
  /* fire events that update state */
});
/* assert on the output */

This ensures that you're testing the behavior the user would see in the browser. Learn more at 
https://reactjs.org/link/wrap-tests-with-act
    at TestComponent (C:\Users\Admin\Lab\Diaspomoney\diaspomoney\node_modules\.pnpm\@testing-library+react@16.3_59c0e11
b10e1a70d511ef984e8664550\node_modules\@testing-library\react\dist\pure.js:329:5)

 Ô£ô tests/hooks/beneficiaries/useBeneficiaries.test.ts > useBeneficiaries > devrait cr├®er un b├®n├®ficiaire (createBeneficiary) 258ms
 Ô£ô tests/hooks/auth/useLogin.test.ts > useLogin > devrait v├®rifier la session si signIn retourne undefined 504ms
 Ô£ô tests/hooks/auth/useLogin.test.ts > useLogin > devrait ├®mettre l'├®v├®nement authEvents.emitUserLoggedIn 4ms
 Ô£ô tests/hooks/auth/useLogin.test.ts > useLogin > devrait rediriger vers /dashboard apr├¿s connexion 2ms
 Ô£ô tests/hooks/auth/useLogin.test.ts > useLogin > devrait rediriger vers callbackUrl depuis sessionStorage 3ms
 Ô£ô tests/hooks/auth/useLogin.test.ts > useLogin > devrait g├®rer les ├®tats de chargement (isLoading) 7ms
 Ô£ô tests/hooks/auth/useLogin.test.ts > useLogin > devrait masquer l'email dans les logs 2ms
 Ô£ô tests/hooks/auth/useLogin.test.ts > useLogin > devrait g├®rer les URLs localhost dans result.url 3ms
 Ô£ô tests/hooks/auth/useLogin.test.ts > useLogin > devrait g├®rer les redirections vers /api/auth/error 2ms
stderr | tests/hooks/bookings/useBookingPayment.test.ts > useBookingPayment > confirmPayment > devrait avoir un ├®tat 
de chargement false apr├¿s confirmation
Warning: An update to TestComponent inside a test was not wrapped in act(...).

When testing, code that causes React state updates should be wrapped into act(...):

act(() => {
  /* fire events that update state */
});
/* assert on the output */

This ensures that you're testing the behavior the user would see in the browser. Learn more at 
https://reactjs.org/link/wrap-tests-with-act
    at TestComponent (C:\Users\Admin\Lab\Diaspomoney\diaspomoney\node_modules\.pnpm\@testing-library+react@16.3_59c0e11
b10e1a70d511ef984e8664550\node_modules\@testing-library\react\dist\pure.js:329:5)
Warning: An update to TestComponent inside a test was not wrapped in act(...).

When testing, code that causes React state updates should be wrapped into act(...):

act(() => {
  /* fire events that update state */
});
/* assert on the output */

This ensures that you're testing the behavior the user would see in the browser. Learn more at 
https://reactjs.org/link/wrap-tests-with-act
    at TestComponent (C:\Users\Admin\Lab\Diaspomoney\diaspomoney\node_modules\.pnpm\@testing-library+react@16.3_59c0e11
b10e1a70d511ef984e8664550\node_modules\@testing-library\react\dist\pure.js:329:5)

stderr | tests/hooks/bookings/useBookingPayment.test.ts > useBookingPayment > confirmPayment > devrait avoir un ├®tat 
de chargement false apr├¿s confirmation
Warning: An update to TestComponent inside a test was not wrapped in act(...).

When testing, code that causes React state updates should be wrapped into act(...):

act(() => {
  /* fire events that update state */
});
/* assert on the output */

This ensures that you're testing the behavior the user would see in the browser. Learn more at 
https://reactjs.org/link/wrap-tests-with-act
    at TestComponent (C:\Users\Admin\Lab\Diaspomoney\diaspomoney\node_modules\.pnpm\@testing-library+react@16.3_59c0e11
b10e1a70d511ef984e8664550\node_modules\@testing-library\react\dist\pure.js:329:5)

stderr | tests/hooks/bookings/useBookingPayment.test.ts > useBookingPayment > confirmPayment > devrait g├®rer l'erreur 
dans l'├®tat (error state)
Warning: An update to TestComponent inside a test was not wrapped in act(...).

When testing, code that causes React state updates should be wrapped into act(...):

act(() => {
  /* fire events that update state */
});
/* assert on the output */

This ensures that you're testing the behavior the user would see in the browser. Learn more at 
https://reactjs.org/link/wrap-tests-with-act
    at TestComponent (C:\Users\Admin\Lab\Diaspomoney\diaspomoney\node_modules\.pnpm\@testing-library+react@16.3_59c0e11
b10e1a70d511ef984e8664550\node_modules\@testing-library\react\dist\pure.js:329:5)
Warning: An update to TestComponent inside a test was not wrapped in act(...).

When testing, code that causes React state updates should be wrapped into act(...):

act(() => {
  /* fire events that update state */
});
/* assert on the output */

This ensures that you're testing the behavior the user would see in the browser. Learn more at 
https://reactjs.org/link/wrap-tests-with-act
    at TestComponent (C:\Users\Admin\Lab\Diaspomoney\diaspomoney\node_modules\.pnpm\@testing-library+react@16.3_59c0e11
b10e1a70d511ef984e8664550\node_modules\@testing-library\react\dist\pure.js:329:5)

stderr | tests/hooks/bookings/useBookingPayment.test.ts > useBookingPayment > confirmPayment > devrait g├®rer l'erreur 
dans l'├®tat (error state)
Warning: An update to TestComponent inside a test was not wrapped in act(...).

When testing, code that causes React state updates should be wrapped into act(...):

act(() => {
  /* fire events that update state */
});
/* assert on the output */

This ensures that you're testing the behavior the user would see in the browser. Learn more at 
https://reactjs.org/link/wrap-tests-with-act
    at TestComponent (C:\Users\Admin\Lab\Diaspomoney\diaspomoney\node_modules\.pnpm\@testing-library+react@16.3_59c0e11
b10e1a70d511ef984e8664550\node_modules\@testing-library\react\dist\pure.js:329:5)
Warning: An update to TestComponent inside a test was not wrapped in act(...).

When testing, code that causes React state updates should be wrapped into act(...):

act(() => {
  /* fire events that update state */
});
/* assert on the output */

This ensures that you're testing the behavior the user would see in the browser. Learn more at 
https://reactjs.org/link/wrap-tests-with-act
    at TestComponent (C:\Users\Admin\Lab\Diaspomoney\diaspomoney\node_modules\.pnpm\@testing-library+react@16.3_59c0e11
b10e1a70d511ef984e8664550\node_modules\@testing-library\react\dist\pure.js:329:5)

stderr | tests/hooks/bookings/useBookingPayment.test.ts > useBookingPayment > confirmPayment > devrait logger les 
informations de paiement (logger.info)
Warning: An update to TestComponent inside a test was not wrapped in act(...).

When testing, code that causes React state updates should be wrapped into act(...):

act(() => {
  /* fire events that update state */
});
/* assert on the output */

This ensures that you're testing the behavior the user would see in the browser. Learn more at 
https://reactjs.org/link/wrap-tests-with-act
    at TestComponent (C:\Users\Admin\Lab\Diaspomoney\diaspomoney\node_modules\.pnpm\@testing-library+react@16.3_59c0e11
b10e1a70d511ef984e8664550\node_modules\@testing-library\react\dist\pure.js:329:5)
Warning: An update to TestComponent inside a test was not wrapped in act(...).

When testing, code that causes React state updates should be wrapped into act(...):

act(() => {
  /* fire events that update state */
});
/* assert on the output */

This ensures that you're testing the behavior the user would see in the browser. Learn more at 
https://reactjs.org/link/wrap-tests-with-act
    at TestComponent (C:\Users\Admin\Lab\Diaspomoney\diaspomoney\node_modules\.pnpm\@testing-library+react@16.3_59c0e11
b10e1a70d511ef984e8664550\node_modules\@testing-library\react\dist\pure.js:329:5)

stderr | tests/hooks/bookings/useBookingPayment.test.ts > useBookingPayment > confirmPayment > devrait logger les 
informations de paiement (logger.info)
Warning: An update to TestComponent inside a test was not wrapped in act(...).

When testing, code that causes React state updates should be wrapped into act(...):

act(() => {
  /* fire events that update state */
});
/* assert on the output */

This ensures that you're testing the behavior the user would see in the browser. Learn more at 
https://reactjs.org/link/wrap-tests-with-act
    at TestComponent (C:\Users\Admin\Lab\Diaspomoney\diaspomoney\node_modules\.pnpm\@testing-library+react@16.3_59c0e11
b10e1a70d511ef984e8664550\node_modules\@testing-library\react\dist\pure.js:329:5)

stderr | tests/hooks/bookings/useBookingCancel.test.ts > useBookingCancel > devrait avoir un ├®tat de chargement false 
apr├¿s annulation
Warning: An update to TestComponent inside a test was not wrapped in act(...).

When testing, code that causes React state updates should be wrapped into act(...):

act(() => {
  /* fire events that update state */
});
/* assert on the output */

This ensures that you're testing the behavior the user would see in the browser. Learn more at 
https://reactjs.org/link/wrap-tests-with-act
    at TestComponent (C:\Users\Admin\Lab\Diaspomoney\diaspomoney\node_modules\.pnpm\@testing-library+react@16.3_59c0e11
b10e1a70d511ef984e8664550\node_modules\@testing-library\react\dist\pure.js:329:5)
Warning: An update to TestComponent inside a test was not wrapped in act(...).

When testing, code that causes React state updates should be wrapped into act(...):

act(() => {
  /* fire events that update state */
});
/* assert on the output */

This ensures that you're testing the behavior the user would see in the browser. Learn more at 
https://reactjs.org/link/wrap-tests-with-act
    at TestComponent (C:\Users\Admin\Lab\Diaspomoney\diaspomoney\node_modules\.pnpm\@testing-library+react@16.3_59c0e11
b10e1a70d511ef984e8664550\node_modules\@testing-library\react\dist\pure.js:329:5)

stderr | tests/hooks/bookings/useBookingCancel.test.ts > useBookingCancel > devrait avoir un ├®tat de chargement false 
apr├¿s annulation
Warning: An update to TestComponent inside a test was not wrapped in act(...).

When testing, code that causes React state updates should be wrapped into act(...):

act(() => {
  /* fire events that update state */
});
/* assert on the output */

This ensures that you're testing the behavior the user would see in the browser. Learn more at 
https://reactjs.org/link/wrap-tests-with-act
    at TestComponent (C:\Users\Admin\Lab\Diaspomoney\diaspomoney\node_modules\.pnpm\@testing-library+react@16.3_59c0e11
b10e1a70d511ef984e8664550\node_modules\@testing-library\react\dist\pure.js:329:5)

stderr | tests/hooks/bookings/useBookingCancel.test.ts > useBookingCancel > devrait g├®rer l'erreur dans l'├®tat 
(error state)
Warning: An update to TestComponent inside a test was not wrapped in act(...).

When testing, code that causes React state updates should be wrapped into act(...):

act(() => {
  /* fire events that update state */
});
/* assert on the output */

This ensures that you're testing the behavior the user would see in the browser. Learn more at 
https://reactjs.org/link/wrap-tests-with-act
    at TestComponent (C:\Users\Admin\Lab\Diaspomoney\diaspomoney\node_modules\.pnpm\@testing-library+react@16.3_59c0e11
b10e1a70d511ef984e8664550\node_modules\@testing-library\react\dist\pure.js:329:5)
Warning: An update to TestComponent inside a test was not wrapped in act(...).

When testing, code that causes React state updates should be wrapped into act(...):

act(() => {
  /* fire events that update state */
});
/* assert on the output */

This ensures that you're testing the behavior the user would see in the browser. Learn more at 
https://reactjs.org/link/wrap-tests-with-act
    at TestComponent (C:\Users\Admin\Lab\Diaspomoney\diaspomoney\node_modules\.pnpm\@testing-library+react@16.3_59c0e11
b10e1a70d511ef984e8664550\node_modules\@testing-library\react\dist\pure.js:329:5)

stderr | tests/hooks/bookings/useBookingCancel.test.ts > useBookingCancel > devrait g├®rer l'erreur dans l'├®tat 
(error state)
Warning: An update to TestComponent inside a test was not wrapped in act(...).

When testing, code that causes React state updates should be wrapped into act(...):

act(() => {
  /* fire events that update state */
});
/* assert on the output */

This ensures that you're testing the behavior the user would see in the browser. Learn more at 
https://reactjs.org/link/wrap-tests-with-act
    at TestComponent (C:\Users\Admin\Lab\Diaspomoney\diaspomoney\node_modules\.pnpm\@testing-library+react@16.3_59c0e11
b10e1a70d511ef984e8664550\node_modules\@testing-library\react\dist\pure.js:329:5)
Warning: An update to TestComponent inside a test was not wrapped in act(...).

When testing, code that causes React state updates should be wrapped into act(...):

act(() => {
  /* fire events that update state */
});
/* assert on the output */

This ensures that you're testing the behavior the user would see in the browser. Learn more at 
https://reactjs.org/link/wrap-tests-with-act
    at TestComponent (C:\Users\Admin\Lab\Diaspomoney\diaspomoney\node_modules\.pnpm\@testing-library+react@16.3_59c0e11
b10e1a70d511ef984e8664550\node_modules\@testing-library\react\dist\pure.js:329:5)

 Ô£ô tests/hooks/bookings/useBookingPayment.test.ts > useBookingPayment > confirmPayment > devrait avoir un ├®tat de chargement pendant la confirmation 363ms
 Ô£ô tests/hooks/bookings/useBookingPayment.test.ts > useBookingPayment > confirmPayment > devrait avoir un ├®tat de chargement false apr├¿s confirmation 57ms
 Ô£ô tests/hooks/bookings/useBookingPayment.test.ts > useBookingPayment > confirmPayment > devrait g├®rer l'erreur dans l'├®tat (error state) 4ms
 Ô£ô tests/hooks/beneficiaries/useBeneficiaries.test.ts > useBeneficiaries > devrait mettre ├á jour un b├®n├®ficiaire (updateBeneficiary) 139ms
stderr | tests/hooks/bookings/useBookingPayment.test.ts > useBookingPayment > confirmPayment > devrait logger les 
erreurs (logger.error)
Warning: An update to TestComponent inside a test was not wrapped in act(...).

When testing, code that causes React state updates should be wrapped into act(...):

act(() => {
  /* fire events that update state */
});
/* assert on the output */

This ensures that you're testing the behavior the user would see in the browser. Learn more at 
https://reactjs.org/link/wrap-tests-with-act
    at TestComponent (C:\Users\Admin\Lab\Diaspomoney\diaspomoney\node_modules\.pnpm\@testing-library+react@16.3_59c0e11
b10e1a70d511ef984e8664550\node_modules\@testing-library\react\dist\pure.js:329:5)
Warning: An update to TestComponent inside a test was not wrapped in act(...).

When testing, code that causes React state updates should be wrapped into act(...):

act(() => {
  /* fire events that update state */
});
/* assert on the output */

This ensures that you're testing the behavior the user would see in the browser. Learn more at 
https://reactjs.org/link/wrap-tests-with-act
    at TestComponent (C:\Users\Admin\Lab\Diaspomoney\diaspomoney\node_modules\.pnpm\@testing-library+react@16.3_59c0e11
b10e1a70d511ef984e8664550\node_modules\@testing-library\react\dist\pure.js:329:5)

stderr | tests/hooks/bookings/useBookingPayment.test.ts > useBookingPayment > confirmPayment > devrait logger les 
erreurs (logger.error)
Warning: An update to TestComponent inside a test was not wrapped in act(...).

When testing, code that causes React state updates should be wrapped into act(...):

act(() => {
  /* fire events that update state */
});
/* assert on the output */

This ensures that you're testing the behavior the user would see in the browser. Learn more at 
https://reactjs.org/link/wrap-tests-with-act
    at TestComponent (C:\Users\Admin\Lab\Diaspomoney\diaspomoney\node_modules\.pnpm\@testing-library+react@16.3_59c0e11
b10e1a70d511ef984e8664550\node_modules\@testing-library\react\dist\pure.js:329:5)
Warning: An update to TestComponent inside a test was not wrapped in act(...).

When testing, code that causes React state updates should be wrapped into act(...):

act(() => {
  /* fire events that update state */
});
/* assert on the output */

This ensures that you're testing the behavior the user would see in the browser. Learn more at 
https://reactjs.org/link/wrap-tests-with-act
    at TestComponent (C:\Users\Admin\Lab\Diaspomoney\diaspomoney\node_modules\.pnpm\@testing-library+react@16.3_59c0e11
b10e1a70d511ef984e8664550\node_modules\@testing-library\react\dist\pure.js:329:5)

stderr | tests/hooks/bookings/useBookingPayment.test.ts > useBookingPayment > confirmPayment > devrait avoir les 
headers Content-Type corrects
Warning: An update to TestComponent inside a test was not wrapped in act(...).

When testing, code that causes React state updates should be wrapped into act(...):

act(() => {
  /* fire events that update state */
});
/* assert on the output */

This ensures that you're testing the behavior the user would see in the browser. Learn more at 
https://reactjs.org/link/wrap-tests-with-act
    at TestComponent (C:\Users\Admin\Lab\Diaspomoney\diaspomoney\node_modules\.pnpm\@testing-library+react@16.3_59c0e11
b10e1a70d511ef984e8664550\node_modules\@testing-library\react\dist\pure.js:329:5)
Warning: An update to TestComponent inside a test was not wrapped in act(...).

When testing, code that causes React state updates should be wrapped into act(...):

act(() => {
  /* fire events that update state */
});
/* assert on the output */

This ensures that you're testing the behavior the user would see in the browser. Learn more at 
https://reactjs.org/link/wrap-tests-with-act
    at TestComponent (C:\Users\Admin\Lab\Diaspomoney\diaspomoney\node_modules\.pnpm\@testing-library+react@16.3_59c0e11
b10e1a70d511ef984e8664550\node_modules\@testing-library\react\dist\pure.js:329:5)

stderr | tests/hooks/bookings/useBookingPayment.test.ts > useBookingPayment > confirmPayment > devrait avoir les 
headers Content-Type corrects
Warning: An update to TestComponent inside a test was not wrapped in act(...).

When testing, code that causes React state updates should be wrapped into act(...):

act(() => {
  /* fire events that update state */
});
/* assert on the output */

This ensures that you're testing the behavior the user would see in the browser. Learn more at 
https://reactjs.org/link/wrap-tests-with-act
    at TestComponent (C:\Users\Admin\Lab\Diaspomoney\diaspomoney\node_modules\.pnpm\@testing-library+react@16.3_59c0e11
b10e1a70d511ef984e8664550\node_modules\@testing-library\react\dist\pure.js:329:5)

stderr | tests/hooks/bookings/useBookingPayment.test.ts > useBookingPayment > confirmPayment > devrait avoir le body 
JSON correctement format├®
Warning: An update to TestComponent inside a test was not wrapped in act(...).

When testing, code that causes React state updates should be wrapped into act(...):

act(() => {
  /* fire events that update state */
});
/* assert on the output */

This ensures that you're testing the behavior the user would see in the browser. Learn more at 
https://reactjs.org/link/wrap-tests-with-act
    at TestComponent (C:\Users\Admin\Lab\Diaspomoney\diaspomoney\node_modules\.pnpm\@testing-library+react@16.3_59c0e11
b10e1a70d511ef984e8664550\node_modules\@testing-library\react\dist\pure.js:329:5)
Warning: An update to TestComponent inside a test was not wrapped in act(...).

When testing, code that causes React state updates should be wrapped into act(...):

act(() => {
  /* fire events that update state */
});
/* assert on the output */

This ensures that you're testing the behavior the user would see in the browser. Learn more at 
https://reactjs.org/link/wrap-tests-with-act
    at TestComponent (C:\Users\Admin\Lab\Diaspomoney\diaspomoney\node_modules\.pnpm\@testing-library+react@16.3_59c0e11
b10e1a70d511ef984e8664550\node_modules\@testing-library\react\dist\pure.js:329:5)

stderr | tests/hooks/bookings/useBookingPayment.test.ts > useBookingPayment > confirmPayment > devrait avoir le body 
JSON correctement format├®
Warning: An update to TestComponent inside a test was not wrapped in act(...).

When testing, code that causes React state updates should be wrapped into act(...):

act(() => {
  /* fire events that update state */
});
/* assert on the output */

This ensures that you're testing the behavior the user would see in the browser. Learn more at 
https://reactjs.org/link/wrap-tests-with-act
    at TestComponent (C:\Users\Admin\Lab\Diaspomoney\diaspomoney\node_modules\.pnpm\@testing-library+react@16.3_59c0e11
b10e1a70d511ef984e8664550\node_modules\@testing-library\react\dist\pure.js:329:5)

stderr | tests/hooks/bookings/useBookingPayment.test.ts > useBookingPayment > sendPaymentError > devrait g├®rer les 
erreurs lors de l'envoi d'email d'erreur
Warning: An update to TestComponent inside a test was not wrapped in act(...).

When testing, code that causes React state updates should be wrapped into act(...):

act(() => {
  /* fire events that update state */
});
/* assert on the output */

This ensures that you're testing the behavior the user would see in the browser. Learn more at 
https://reactjs.org/link/wrap-tests-with-act
    at TestComponent (C:\Users\Admin\Lab\Diaspomoney\diaspomoney\node_modules\.pnpm\@testing-library+react@16.3_59c0e11
b10e1a70d511ef984e8664550\node_modules\@testing-library\react\dist\pure.js:329:5)

 Ô£ô tests/hooks/bookings/useBookingPayment.test.ts > useBookingPayment > confirmPayment > devrait logger les informations de paiement (logger.info) 67ms
 Ô£ô tests/hooks/bookings/useBookingPayment.test.ts > useBookingPayment > confirmPayment > devrait logger les erreurs (logger.error) 9ms
 Ô£ô tests/hooks/bookings/useBookingPayment.test.ts > useBookingPayment > confirmPayment > devrait avoir les headers Content-Type corrects 4ms
 Ô£ô tests/hooks/bookings/useBookingPayment.test.ts > useBookingPayment > confirmPayment > devrait avoir le body JSON correctement format├® 7ms
 Ô£ô tests/hooks/bookings/useBookingPayment.test.ts > useBookingPayment > sendPaymentError > devrait envoyer un email d'erreur de paiement avec succ├¿s 3ms
 Ô£ô tests/hooks/bookings/useBookingPayment.test.ts > useBookingPayment > sendPaymentError > devrait g├®rer les erreurs lors de l'envoi d'email d'erreur 2ms
 Ô£ô tests/hooks/bookings/useBookingCancel.test.ts > useBookingCancel > devrait avoir un ├®tat de chargement pendant l'annulation 360ms
 Ô£ô tests/hooks/bookings/useBookingCancel.test.ts > useBookingCancel > devrait avoir un ├®tat de chargement false apr├¿s annulation 41ms
stderr | tests/hooks/bookings/useBookingCancel.test.ts > useBookingCancel > devrait propager l'erreur (throw)
Warning: An update to TestComponent inside a test was not wrapped in act(...).

When testing, code that causes React state updates should be wrapped into act(...):

act(() => {
  /* fire events that update state */
});
/* assert on the output */

This ensures that you're testing the behavior the user would see in the browser. Learn more at 
https://reactjs.org/link/wrap-tests-with-act
    at TestComponent (C:\Users\Admin\Lab\Diaspomoney\diaspomoney\node_modules\.pnpm\@testing-library+react@16.3_59c0e11
b10e1a70d511ef984e8664550\node_modules\@testing-library\react\dist\pure.js:329:5)
Warning: An update to TestComponent inside a test was not wrapped in act(...).

When testing, code that causes React state updates should be wrapped into act(...):

act(() => {
  /* fire events that update state */
});
/* assert on the output */

This ensures that you're testing the behavior the user would see in the browser. Learn more at 
https://reactjs.org/link/wrap-tests-with-act
    at TestComponent (C:\Users\Admin\Lab\Diaspomoney\diaspomoney\node_modules\.pnpm\@testing-library+react@16.3_59c0e11
b10e1a70d511ef984e8664550\node_modules\@testing-library\react\dist\pure.js:329:5)

stderr | tests/hooks/bookings/useBookingCancel.test.ts > useBookingCancel > devrait propager l'erreur (throw)
Warning: An update to TestComponent inside a test was not wrapped in act(...).

When testing, code that causes React state updates should be wrapped into act(...):

act(() => {
  /* fire events that update state */
});
/* assert on the output */

This ensures that you're testing the behavior the user would see in the browser. Learn more at 
https://reactjs.org/link/wrap-tests-with-act
    at TestComponent (C:\Users\Admin\Lab\Diaspomoney\diaspomoney\node_modules\.pnpm\@testing-library+react@16.3_59c0e11
b10e1a70d511ef984e8664550\node_modules\@testing-library\react\dist\pure.js:329:5)
Warning: An update to TestComponent inside a test was not wrapped in act(...).

When testing, code that causes React state updates should be wrapped into act(...):

act(() => {
  /* fire events that update state */
});
/* assert on the output */

This ensures that you're testing the behavior the user would see in the browser. Learn more at 
https://reactjs.org/link/wrap-tests-with-act
    at TestComponent (C:\Users\Admin\Lab\Diaspomoney\diaspomoney\node_modules\.pnpm\@testing-library+react@16.3_59c0e11
b10e1a70d511ef984e8664550\node_modules\@testing-library\react\dist\pure.js:329:5)

stderr | tests/hooks/bookings/useBookingCancel.test.ts > useBookingCancel > devrait avoir les headers Content-Type 
corrects
Warning: An update to TestComponent inside a test was not wrapped in act(...).

When testing, code that causes React state updates should be wrapped into act(...):

act(() => {
  /* fire events that update state */
});
/* assert on the output */

This ensures that you're testing the behavior the user would see in the browser. Learn more at 
https://reactjs.org/link/wrap-tests-with-act
    at TestComponent (C:\Users\Admin\Lab\Diaspomoney\diaspomoney\node_modules\.pnpm\@testing-library+react@16.3_59c0e11
b10e1a70d511ef984e8664550\node_modules\@testing-library\react\dist\pure.js:329:5)
Warning: An update to TestComponent inside a test was not wrapped in act(...).

When testing, code that causes React state updates should be wrapped into act(...):

act(() => {
  /* fire events that update state */
});
/* assert on the output */

This ensures that you're testing the behavior the user would see in the browser. Learn more at 
https://reactjs.org/link/wrap-tests-with-act
    at TestComponent (C:\Users\Admin\Lab\Diaspomoney\diaspomoney\node_modules\.pnpm\@testing-library+react@16.3_59c0e11
b10e1a70d511ef984e8664550\node_modules\@testing-library\react\dist\pure.js:329:5)

stderr | tests/hooks/bookings/useBookingCancel.test.ts > useBookingCancel > devrait avoir les headers Content-Type 
corrects
Warning: An update to TestComponent inside a test was not wrapped in act(...).

When testing, code that causes React state updates should be wrapped into act(...):

act(() => {
  /* fire events that update state */
});
/* assert on the output */

This ensures that you're testing the behavior the user would see in the browser. Learn more at 
https://reactjs.org/link/wrap-tests-with-act
    at TestComponent (C:\Users\Admin\Lab\Diaspomoney\diaspomoney\node_modules\.pnpm\@testing-library+react@16.3_59c0e11
b10e1a70d511ef984e8664550\node_modules\@testing-library\react\dist\pure.js:329:5)

 Ô£ô tests/hooks/bookings/useBookingCancel.test.ts > useBookingCancel > devrait g├®rer l'erreur dans l'├®tat (error state) 71ms
 Ô£ô tests/hooks/bookings/useBookingCancel.test.ts > useBookingCancel > devrait propager l'erreur (throw) 9ms
 Ô£ô tests/hooks/bookings/useBookingCancel.test.ts > useBookingCancel > devrait avoir les headers Content-Type corrects 6ms
 Ô£ô tests/hooks/beneficiaries/useBeneficiaries.test.ts > useBeneficiaries > devrait supprimer un b├®n├®ficiaire (deleteBeneficiary) 149ms
 Ô£ô tests/hooks/beneficiaries/useBeneficiaries.test.ts > useBeneficiaries > devrait g├®rer les erreurs API 127ms
 Ô£ô tests/hooks/beneficiaries/useBeneficiaries.test.ts > useBeneficiaries > devrait g├®rer les ├®tats de chargement (loading) 6ms
 Ô£ô tests/hooks/beneficiaries/useBeneficiaries.test.ts > useBeneficiaries > devrait utiliser le format de r├®ponse standardis├® (data.success, data.data) 90ms
stdout | tests/integration/auth/authorization.test.tsx > Integration: Syst├¿me d'autorisation > Sc├®nario 1: Utilisateur non authentifi├® > devrait rediriger vers /login depuis AuthorizedRoute
[useAuthorization] Appel├® {
  roles: [],
  isAuthenticated: false,
  isLoading: false,
  userId: undefined
}
[useAuthorization] useMemo recalcul├® { isLoading: false, isAuthenticated: false, userId: undefined }

stdout | tests/integration/auth/authorization.test.tsx > Integration: Syst├¿me d'autorisation > Sc├®nario 1: Utilisateur non authentifi├® > devrait retourner isAuthorized: false dans useAuthorization
[useAuthorization] Appel├® {
  roles: [ 'ADMIN' ],
  isAuthenticated: false,
  isLoading: false,
  userId: undefined
}
[useAuthorization] useMemo recalcul├® { isLoading: false, isAuthenticated: false, userId: undefined }

 Ô£ô tests/integration/auth/authorization.test.tsx > Integration: Syst├¿me d'autorisation > Sc├®nario 1: Utilisateur non authentifi├® > devrait rediriger vers /login depuis AuthorizedRoute 64ms
 Ô£ô tests/integration/auth/authorization.test.tsx > Integration: Syst├¿me d'autorisation > Sc├®nario 1: Utilisateur non authentifi├® > devrait retourner isAuthorized: false dans useAuthorization 30ms
stdout | tests/integration/auth/authorization.test.tsx > Integration: Syst├¿me d'autorisation > Sc├®nario 1: Utilisateur non authentifi├® > ne devrait pas afficher le contenu dans AuthorizedContent
[useAuthorization] Appel├® {
  roles: [ 'ADMIN' ],
  isAuthenticated: false,
  isLoading: false,
  userId: undefined
}
[useAuthorization] useMemo recalcul├® { isLoading: false, isAuthenticated: false, userId: undefined }

stdout | tests/integration/auth/authorization.test.tsx > Integration: Syst├¿me d'autorisation > Sc├®nario 2: Utilisateur CUSTOMER acc├®dant ├á une page ADMIN > devrait afficher un message d'erreur dans AuthorizedRoute
[useAuthorization] Appel├® {
  roles: [ 'ADMIN' ],
  isAuthenticated: true,
  isLoading: false,
  userId: 'customer123'
}
[useAuthorization] useMemo recalcul├® { isLoading: false, isAuthenticated: true, userId: 'customer123' }

stdout | tests/integration/auth/authorization.test.tsx > Integration: Syst├¿me d'autorisation > Sc├®nario 2: Utilisateur CUSTOMER acc├®dant ├á une page ADMIN > devrait retourner isAuthorized: false avec reason insufficient_roles
[useAuthorization] Appel├® {
  roles: [ 'ADMIN' ],
  isAuthenticated: true,
  isLoading: false,
  userId: 'customer123'
}
[useAuthorization] useMemo recalcul├® { isLoading: false, isAuthenticated: true, userId: 'customer123' }

 Ô£ô tests/integration/auth/authorization.test.tsx > Integration: Syst├¿me d'autorisation > Sc├®nario 1: Utilisateur non authentifi├® > ne devrait pas afficher le contenu dans AuthorizedContent 38ms
 Ô£ô tests/integration/auth/authorization.test.tsx > Integration: Syst├¿me d'autorisation > Sc├®nario 2: Utilisateur CUSTOMER acc├®dant ├á une page ADMIN > devrait afficher un message d'erreur dans AuthorizedRoute 25ms
stdout | tests/integration/auth/authorization.test.tsx > Integration: Syst├¿me d'autorisation > Sc├®nario 2: Utilisateur CUSTOMER acc├®dant ├á une page ADMIN > ne devrait pas afficher le contenu dans AuthorizedContent
[useAuthorization] Appel├® {
  roles: [ 'ADMIN' ],
  isAuthenticated: true,
  isLoading: false,
  userId: 'customer123'
}
[useAuthorization] useMemo recalcul├® { isLoading: false, isAuthenticated: true, userId: 'customer123' }

stdout | tests/integration/auth/authorization.test.tsx > Integration: Syst├¿me d'autorisation > Sc├®nario 3: Utilisateur ADMIN acc├®dant ├á une page ADMIN > devrait afficher le contenu dans AuthorizedRoute
[useAuthorization] Appel├® {
  roles: [ 'ADMIN' ],
  isAuthenticated: true,
  isLoading: false,
  userId: 'admin123'
}
[useAuthorization] useMemo recalcul├® { isLoading: false, isAuthenticated: true, userId: 'admin123' }

stdout | tests/integration/auth/authorization.test.tsx > Integration: Syst├¿me d'autorisation > Sc├®nario 3: Utilisateur ADMIN acc├®dant ├á une page ADMIN > devrait retourner isAuthorized: true dans useAuthorization
[useAuthorization] Appel├® {
  roles: [ 'ADMIN' ],
  isAuthenticated: true,
  isLoading: false,
  userId: 'admin123'
}
[useAuthorization] useMemo recalcul├® { isLoading: false, isAuthenticated: true, userId: 'admin123' }

stdout | tests/integration/auth/authorization.test.tsx > Integration: Syst├¿me d'autorisation > Sc├®nario 3: Utilisateur ADMIN acc├®dant ├á une page ADMIN > devrait afficher le contenu dans AuthorizedContent
[useAuthorization] Appel├® {
  roles: [ 'ADMIN' ],
  isAuthenticated: true,
  isLoading: false,
  userId: 'admin123'
}
[useAuthorization] useMemo recalcul├® { isLoading: false, isAuthenticated: true, userId: 'admin123' }

stdout | tests/integration/auth/authorization.test.tsx > Integration: Syst├¿me d'autorisation > Sc├®nario 4: Utilisateur avec permissions insuffisantes > devrait afficher un message d'erreur pour permissions insuffisantes
[useAuthorization] Appel├® {
  roles: [],
  isAuthenticated: true,
  isLoading: false,
  userId: 'user123'
}
[useAuthorization] useMemo recalcul├® { isLoading: false, isAuthenticated: true, userId: 'user123' }

stdout | tests/integration/auth/authorization.test.tsx > Integration: Syst├¿me d'autorisation > Sc├®nario 4: Utilisateur avec permissions insuffisantes > devrait retourner isAuthorized: false avec reason insufficient_permissions
[useAuthorization] Appel├® {
  roles: [],
  isAuthenticated: true,
  isLoading: false,
  userId: 'user123'
}
[useAuthorization] useMemo recalcul├® { isLoading: false, isAuthenticated: true, userId: 'user123' }

stdout | tests/integration/auth/authorization.test.tsx > Integration: Syst├¿me d'autorisation > Sc├®nario 5: V├®rification de propri├®t├® (ownership) > devrait autoriser si l'utilisateur est propri├®taire
[useAuthorization] Appel├® {
  roles: [],
  isAuthenticated: true,
  isLoading: false,
  userId: 'user123'
}
[useAuthorization] useMemo recalcul├® { isLoading: false, isAuthenticated: true, userId: 'user123' }

 Ô£ô tests/integration/auth/authorization.test.tsx > Integration: Syst├¿me d'autorisation > Sc├®nario 2: Utilisateur CUSTOMER acc├®dant ├á une page ADMIN > devrait retourner isAuthorized: false avec reason insufficient_roles 70ms
 Ô£ô tests/integration/auth/authorization.test.tsx > Integration: Syst├¿me d'autorisation > Sc├®nario 2: Utilisateur CUSTOMER acc├®dant ├á une page ADMIN > ne devrait pas afficher le contenu dans AuthorizedContent 4ms
 Ô£ô tests/integration/auth/authorization.test.tsx > Integration: Syst├¿me d'autorisation > Sc├®nario 3: Utilisateur ADMIN acc├®dant ├á une page ADMIN > devrait afficher le contenu dans AuthorizedRoute 5ms
 Ô£ô tests/integration/auth/authorization.test.tsx > Integration: Syst├¿me d'autorisation > Sc├®nario 3: Utilisateur ADMIN acc├®dant ├á une page ADMIN > devrait retourner isAuthorized: true dans useAuthorization 3ms
 Ô£ô tests/integration/auth/authorization.test.tsx > Integration: Syst├¿me d'autorisation > Sc├®nario 3: Utilisateur ADMIN acc├®dant ├á une page ADMIN > devrait afficher le contenu dans AuthorizedContent 21ms
 Ô£ô tests/integration/auth/authorization.test.tsx > Integration: Syst├¿me d'autorisation > Sc├®nario 4: Utilisateur avec permissions insuffisantes > devrait afficher un message d'erreur pour permissions insuffisantes 11ms
 Ô£ô tests/integration/auth/authorization.test.tsx > Integration: Syst├¿me d'autorisation > Sc├®nario 4: Utilisateur avec permissions insuffisantes > devrait retourner isAuthorized: false avec reason insufficient_permissions 28ms
stdout | tests/integration/auth/authorization.test.tsx > Integration: Syst├¿me d'autorisation > Sc├®nario 5: V├®rification de propri├®t├® (ownership) > devrait refuser si l'utilisateur n'est pas propri├®taire
[useAuthorization] Appel├® {
  roles: [],
  isAuthenticated: true,
  isLoading: false,
  userId: 'user123'
}
[useAuthorization] useMemo recalcul├® { isLoading: false, isAuthenticated: true, userId: 'user123' }

stdout | tests/integration/auth/authorization.test.tsx > Integration: Syst├¿me d'autorisation > Sc├®nario 5: V├®rification de propri├®t├® (ownership) > devrait autoriser les admins m├¬me s'ils ne sont pas propri├®taires
[useAuthorization] Appel├® {
  roles: [],
  isAuthenticated: true,
  isLoading: false,
  userId: 'admin123'
}
[useAuthorization] useMemo recalcul├® { isLoading: false, isAuthenticated: true, userId: 'admin123' }

stdout | tests/integration/auth/authorization.test.tsx > Integration: Syst├¿me d'autorisation > Sc├®nario 6: R├┤les multiples (ADMIN ou CSM) > devrait autoriser si l'utilisateur a l'un des r├┤les requis
[useAuthorization] Appel├® {
  roles: [ 'ADMIN', 'CSM' ],
  isAuthenticated: true,
  isLoading: false,
  userId: 'csm123'
}
[useAuthorization] useMemo recalcul├® { isLoading: false, isAuthenticated: true, userId: 'csm123' }

stdout | tests/integration/auth/authorization.test.tsx > Integration: Syst├¿me d'autorisation > Sc├®nario 6: R├┤les multiples (ADMIN ou CSM) > devrait afficher le contenu dans AuthorizedRoute avec r├┤les multiples
[useAuthorization] Appel├® {
  roles: [ 'ADMIN', 'CSM' ],
  isAuthenticated: true,
  isLoading: false,
  userId: 'csm123'
}
[useAuthorization] useMemo recalcul├® { isLoading: false, isAuthenticated: true, userId: 'csm123' }

stdout | tests/integration/auth/authorization.test.tsx > Integration: Syst├¿me d'autorisation > Sc├®nario 7: Mode invert dans AuthorizedContent > devrait afficher le contenu si non autoris├® quand invert est true
[useAuthorization] Appel├® {
  roles: [ 'ADMIN' ],
  isAuthenticated: true,
  isLoading: false,
  userId: 'customer123'
}
[useAuthorization] useMemo recalcul├® { isLoading: false, isAuthenticated: true, userId: 'customer123' }

stdout | tests/integration/auth/authorization.test.tsx > Integration: Syst├¿me d'autorisation > Sc├®nario 7: Mode invert dans AuthorizedContent > ne devrait pas afficher le contenu si autoris├® quand invert est true
[useAuthorization] Appel├® {
  roles: [ 'ADMIN' ],
  isAuthenticated: true,
  isLoading: false,
  userId: 'admin123'
}
[useAuthorization] useMemo recalcul├® { isLoading: false, isAuthenticated: true, userId: 'admin123' }

stdout | tests/integration/auth/authorization.test.tsx > Integration: Syst├¿me d'autorisation > Sc├®nario 8: Fallback personnalis├® > devrait afficher le fallback dans AuthorizedRoute si non autoris├®
[useAuthorization] Appel├® {
  roles: [ 'ADMIN' ],
  isAuthenticated: true,
  isLoading: false,
  userId: 'customer123'
}
[useAuthorization] useMemo recalcul├® { isLoading: false, isAuthenticated: true, userId: 'customer123' }

stdout | tests/integration/auth/authorization.test.tsx > Integration: Syst├¿me d'autorisation > Sc├®nario 8: Fallback personnalis├® > devrait afficher le fallback dans AuthorizedContent si non autoris├®
[useAuthorization] Appel├® {
  roles: [ 'ADMIN' ],
  isAuthenticated: true,
  isLoading: false,
  userId: 'customer123'
}
[useAuthorization] useMemo recalcul├® { isLoading: false, isAuthenticated: true, userId: 'customer123' }

stdout | tests/integration/auth/authorization.test.tsx > Integration: Syst├¿me d'autorisation > Sc├®nario 9: ├ëtat de chargement > devrait afficher un loader pendant la v├®rification dans AuthorizedRoute
[useAuthorization] Appel├® {
  roles: [],
  isAuthenticated: false,
  isLoading: true,
  userId: undefined
}
[useAuthorization] useMemo recalcul├® { isLoading: true, isAuthenticated: false, userId: undefined }

stdout | tests/integration/auth/authorization.test.tsx > Integration: Syst├¿me d'autorisation > Sc├®nario 9: ├ëtat de chargement > devrait retourner isAuthorized: false pendant le chargement dans useAuthorization
[useAuthorization] Appel├® {
  roles: [],
  isAuthenticated: false,
  isLoading: true,
  userId: undefined
}
[useAuthorization] useMemo recalcul├® { isLoading: true, isAuthenticated: false, userId: undefined }

stdout | tests/integration/auth/authorization.test.tsx > Integration: Syst├¿me d'autorisation > Sc├®nario 10: Redirection personnalis├®e > devrait rediriger vers redirectTo personnalis├® si non authentifi├®
[useAuthorization] Appel├® {
  roles: [],
  isAuthenticated: false,
  isLoading: false,
  userId: undefined
}
[useAuthorization] useMemo recalcul├® { isLoading: false, isAuthenticated: false, userId: undefined }

stdout | tests/integration/auth/authorization.test.tsx > Integration: Syst├¿me d'autorisation > Sc├®nario 10: Redirection personnalis├®e > devrait rediriger vers redirectTo personnalis├® si non autoris├®
[useAuthorization] Appel├® {
  roles: [ 'ADMIN' ],
  isAuthenticated: true,
  isLoading: false,
  userId: 'customer123'
}
[useAuthorization] useMemo recalcul├® { isLoading: false, isAuthenticated: true, userId: 'customer123' }

 Ô£ô tests/integration/auth/authorization.test.tsx > Integration: Syst├¿me d'autorisation > Sc├®nario 5: V├®rification de propri├®t├® (ownership) > devrait autoriser si l'utilisateur est propri├®taire 29ms
 Ô£ô tests/integration/auth/authorization.test.tsx > Integration: Syst├¿me d'autorisation > Sc├®nario 5: V├®rification de propri├®t├® (ownership) > devrait refuser si l'utilisateur n'est pas propri├®taire 3ms
 Ô£ô tests/integration/auth/authorization.test.tsx > Integration: Syst├¿me d'autorisation > Sc├®nario 5: V├®rification de propri├®t├® (ownership) > devrait autoriser les admins m├¬me s'ils ne sont pas propri├®taires 6ms
 Ô£ô tests/integration/auth/authorization.test.tsx > Integration: Syst├¿me d'autorisation > Sc├®nario 6: R├┤les multiples (ADMIN ou CSM) > devrait autoriser si l'utilisateur a l'un des r├┤les requis 2ms
 Ô£ô tests/integration/auth/authorization.test.tsx > Integration: Syst├¿me d'autorisation > Sc├®nario 6: R├┤les multiples (ADMIN ou CSM) > devrait afficher le contenu dans AuthorizedRoute avec r├┤les multiples 7ms
 Ô£ô tests/integration/auth/authorization.test.tsx > Integration: Syst├¿me d'autorisation > Sc├®nario 7: Mode invert dans AuthorizedContent > devrait afficher le contenu si non autoris├® quand invert est true 3ms
 Ô£ô tests/integration/auth/authorization.test.tsx > Integration: Syst├¿me d'autorisation > Sc├®nario 7: Mode invert dans AuthorizedContent > ne devrait pas afficher le contenu si autoris├® quand invert est true 2ms
 Ô£ô tests/integration/auth/authorization.test.tsx > Integration: Syst├¿me d'autorisation > Sc├®nario 8: Fallback personnalis├® > devrait afficher le fallback dans AuthorizedRoute si non autoris├® 4ms
 Ô£ô tests/integration/auth/authorization.test.tsx > Integration: Syst├¿me d'autorisation > Sc├®nario 8: Fallback personnalis├® > devrait afficher le fallback dans AuthorizedContent si non autoris├® 3ms
 Ô£ô tests/integration/auth/authorization.test.tsx > Integration: Syst├¿me d'autorisation > Sc├®nario 9: ├ëtat de chargement > devrait afficher un loader pendant la v├®rification dans AuthorizedRoute 3ms
 Ô£ô tests/integration/auth/authorization.test.tsx > Integration: Syst├¿me d'autorisation > Sc├®nario 9: ├ëtat de chargement > devrait retourner isAuthorized: false pendant le chargement dans useAuthorization 2ms
 Ô£ô tests/integration/auth/authorization.test.tsx > Integration: Syst├¿me d'autorisation > Sc├®nario 10: Redirection personnalis├®e > devrait rediriger vers redirectTo personnalis├® si non authentifi├® 8ms
 Ô£ô tests/integration/auth/authorization.test.tsx > Integration: Syst├¿me d'autorisation > Sc├®nario 10: Redirection personnalis├®e > devrait rediriger vers redirectTo personnalis├® si non autoris├® 12ms
 Ô£ô tests/components/auth/AuthorizedRoute.test.tsx > AuthorizedRoute > Authentification > devrait rediriger vers /login si l'utilisateur n'est pas authentifi├® 51ms
 Ô£ô tests/components/auth/AuthorizedRoute.test.tsx > AuthorizedRoute > Authentification > devrait rediriger vers redirectTo si sp├®cifi├® et non authentifi├® 14ms
 Ô£ô tests/components/auth/AuthorizedRoute.test.tsx > AuthorizedRoute > Authentification > devrait afficher un loader pendant le chargement 18ms
 Ô£ô tests/components/auth/AuthorizedRoute.test.tsx > AuthorizedRoute > Autorisation par r├┤les > devrait afficher le contenu si l'utilisateur a le r├┤le requis 9ms
 Ô£ô tests/components/auth/AuthorizedRoute.test.tsx > AuthorizedRoute > Autorisation par r├┤les > devrait afficher un message d'erreur si l'utilisateur n'a pas le r├┤le requis 40ms
 Ô£ô tests/components/auth/AuthorizedRoute.test.tsx > AuthorizedRoute > Autorisation par r├┤les > devrait rediriger si redirectTo est sp├®cifi├® et non autoris├® 31ms
 Ô£ô tests/components/auth/AuthorizedRoute.test.tsx > AuthorizedRoute > Autorisation par permissions > devrait afficher le contenu si l'utilisateur a la permission requise 8ms
 Ô£ô tests/components/auth/AuthorizedRoute.test.tsx > AuthorizedRoute > Autorisation par permissions > devrait afficher un message d'erreur si l'utilisateur n'a pas la permission requise 10ms
 Ô£ô tests/components/auth/AuthorizedRoute.test.tsx > AuthorizedRoute > V├®rification de la propri├®t├® (ownership) > devrait afficher le contenu si l'utilisateur est propri├®taire 11ms
 Ô£ô tests/components/auth/AuthorizedRoute.test.tsx > AuthorizedRoute > V├®rification de la propri├®t├® (ownership) > devrait afficher un message d'erreur si l'utilisateur n'est pas propri├®taire 21ms
 Ô£ô tests/components/auth/AuthorizedRoute.test.tsx > AuthorizedRoute > Fallback personnalis├® > devrait afficher le fallback si fourni et non autoris├® 3ms
 Ô£ô tests/components/auth/AuthorizedRoute.test.tsx > AuthorizedRoute > D├®sactivation du message d'erreur > devrait ne rien afficher si showError est false et non autoris├® 2ms
 Ô£ô tests/components/auth/AuthorizedRoute.test.tsx > AuthorizedRoute > Bouton de retour > devrait afficher un bouton de retour au tableau de bord 12ms
 Ô£ô tests/integration/pages/authorized-pages.test.tsx > Integration: Pages avec autorisation > Page Admin uniquement (ex: /dashboard/specialities) > devrait afficher le contenu pour un utilisateur ADMIN 43ms
 Ô£ô tests/integration/pages/authorized-pages.test.tsx > Integration: Pages avec autorisation > Page Admin uniquement (ex: /dashboard/specialities) > devrait refuser l'acc├¿s ├á un utilisateur CUSTOMER 26ms
 Ô£ô tests/integration/pages/authorized-pages.test.tsx > Integration: Pages avec autorisation > Page Admin uniquement (ex: /dashboard/specialities) > devrait rediriger vers /dashboard si non autoris├® 43ms
 Ô£ô tests/integration/pages/authorized-pages.test.tsx > Integration: Pages avec autorisation > Page avec r├┤les multiples (ex: /dashboard/providers) > devrait afficher le contenu pour un utilisateur ADMIN 5ms
 Ô£ô tests/integration/pages/authorized-pages.test.tsx > Integration: Pages avec autorisation > Page avec r├┤les multiples (ex: /dashboard/providers) > devrait afficher le contenu pour un utilisateur CSM 4ms
 Ô£ô tests/integration/pages/authorized-pages.test.tsx > Integration: Pages avec autorisation > Page avec r├┤les multiples (ex: /dashboard/providers) > devrait refuser l'acc├¿s ├á un utilisateur CUSTOMER 5ms
 Ô£ô tests/integration/pages/authorized-pages.test.tsx > Integration: Pages avec autorisation > Page avec authentification uniquement (ex: /dashboard/settings/faq) > devrait afficher le contenu pour un utilisateur authentifi├® 2ms
 Ô£ô tests/integration/pages/authorized-pages.test.tsx > Integration: Pages avec autorisation > Page avec authentification uniquement (ex: /dashboard/settings/faq) > devrait rediriger vers /login si non authentifi├® 50ms
 Ô£ô tests/integration/pages/authorized-pages.test.tsx > Integration: Pages avec autorisation > Page Provider uniquement (ex: /dashboard/provider) > devrait afficher le contenu pour un utilisateur PROVIDER 4ms
 Ô£ô tests/integration/pages/authorized-pages.test.tsx > Integration: Pages avec autorisation > Page Provider uniquement (ex: /dashboard/provider) > devrait refuser l'acc├¿s ├á un utilisateur CUSTOMER 26ms
 Ô£ô tests/integration/pages/authorized-pages.test.tsx > Integration: Pages avec autorisation > Page Customer uniquement (ex: /dashboard/customer) > devrait afficher le contenu pour un utilisateur CUSTOMER 2ms
 Ô£ô tests/integration/pages/authorized-pages.test.tsx > Integration: Pages avec autorisation > Page Customer uniquement (ex: /dashboard/customer) > devrait refuser l'acc├¿s ├á un utilisateur PROVIDER 5ms
 Ô£ô tests/integration/pages/authorized-pages.test.tsx > Integration: Pages avec autorisation > Page avec tous les r├┤les (ex: /dashboard/appointments) > devrait afficher le contenu pour un utilisateur ADMIN 2ms
 Ô£ô tests/integration/pages/authorized-pages.test.tsx > Integration: Pages avec autorisation > Page avec tous les r├┤les (ex: /dashboard/appointments) > devrait afficher le contenu pour un utilisateur CUSTOMER 2ms
 Ô£ô tests/api/transactions/route.test.ts > GET /api/transactions > devrait r├®cup├®rer les transactions avec succ├¿s 82ms
 Ô£ô tests/api/transactions/route.test.ts > GET /api/transactions > devrait exiger une authentification (UNAUTHORIZED) 4ms
 Ô£ô tests/api/transactions/route.test.ts > GET /api/transactions > devrait filtrer par userId (session.user.id) 4ms
 Ô£ô tests/api/transactions/route.test.ts > GET /api/transactions > devrait filtrer par status (string unique) 2ms
 Ô£ô tests/api/transactions/route.test.ts > GET /api/transactions > devrait filtrer par serviceType 2ms
 Ô£ô tests/api/transactions/route.test.ts > GET /api/transactions > devrait filtrer par dateFrom et dateTo 2ms
 Ô£ô tests/api/transactions/route.test.ts > GET /api/transactions > devrait filtrer par dateFrom seul 1ms
 Ô£ô tests/api/transactions/route.test.ts > GET /api/transactions > devrait filtrer par dateTo seul 1ms
 Ô£ô tests/api/transactions/route.test.ts > GET /api/transactions > devrait filtrer par minAmount et maxAmount 1ms
 Ô£ô tests/api/transactions/route.test.ts > GET /api/transactions > devrait filtrer par minAmount seul 2ms
 Ô£ô tests/api/transactions/route.test.ts > GET /api/transactions > devrait filtrer par maxAmount seul 1ms
 Ô£ô tests/api/transactions/route.test.ts > GET /api/transactions > devrait filtrer par currency 1ms
 Ô£ô tests/api/transactions/route.test.ts > GET /api/transactions > devrait utiliser TransactionQueryBuilder 1ms
 Ô£ô tests/api/transactions/route.test.ts > GET /api/transactions > devrait g├®rer la pagination avec page et limit (d├®faut: 50) 1ms
 Ô£ô tests/api/transactions/route.test.ts > GET /api/transactions > devrait enregistrer des m├®triques (monitoringManager.recordMetric) 1ms
 Ô£ô tests/components/auth/AuthorizedContent.test.tsx > AuthorizedContent > Affichage conditionnel par r├┤les > devrait afficher le contenu si l'utilisateur a le r├┤le requis 37ms
 Ô£ô tests/components/auth/AuthorizedContent.test.tsx > AuthorizedContent > Affichage conditionnel par r├┤les > ne devrait pas afficher le contenu si l'utilisateur n'a pas le r├┤le requis 4ms
 Ô£ô tests/components/auth/AuthorizedContent.test.tsx > AuthorizedContent > Affichage conditionnel par r├┤les > devrait afficher le fallback si fourni et non autoris├® 6ms
 Ô£ô tests/components/auth/AuthorizedContent.test.tsx > AuthorizedContent > Affichage conditionnel par permissions > devrait afficher le contenu si l'utilisateur a la permission requise 22ms
 Ô£ô tests/components/auth/AuthorizedContent.test.tsx > AuthorizedContent > Affichage conditionnel par permissions > ne devrait pas afficher le contenu si l'utilisateur n'a pas la permission requise 10ms
 Ô£ô tests/components/auth/AuthorizedContent.test.tsx > AuthorizedContent > Mode invert > devrait afficher le contenu si non autoris├® quand invert est true 5ms
 Ô£ô tests/components/auth/AuthorizedContent.test.tsx > AuthorizedContent > Mode invert > ne devrait pas afficher le contenu si autoris├® quand invert est true 2ms
 Ô£ô tests/components/auth/AuthorizedContent.test.tsx > AuthorizedContent > Mode invert > devrait afficher le fallback si autoris├® quand invert est true 4ms
 Ô£ô tests/components/auth/AuthorizedContent.test.tsx > AuthorizedContent > V├®rification de la propri├®t├® (ownership) > devrait afficher le contenu si l'utilisateur est propri├®taire 3ms
 Ô£ô tests/components/auth/AuthorizedContent.test.tsx > AuthorizedContent > V├®rification de la propri├®t├® (ownership) > ne devrait pas afficher le contenu si l'utilisateur n'est pas propri├®taire 2ms
 Ô£ô tests/components/auth/AuthorizedContent.test.tsx > AuthorizedContent > Combinaison de v├®rifications > devrait afficher le contenu si l'utilisateur a le r├┤le ET la permission 48ms
 Ô£ô tests/components/auth/AuthorizedContent.test.tsx > AuthorizedContent > Combinaison de v├®rifications > ne devrait pas afficher le contenu si l'utilisateur n'a pas le r├┤le ET la permission 2ms
 Ô£ô tests/components/auth/AuthorizedContent.test.tsx > AuthorizedContent > Fallback par d├®faut > devrait ne rien afficher si fallback n'est pas fourni et non autoris├® 2ms
stdout | tests/hooks/auth/useAuthorization.test.ts > useAuthorization > V├®rification de base > devrait autoriser si aucune restriction n'est sp├®cifi├®e
[useAuthorization] Appel├® {
  roles: [],
  isAuthenticated: true,
  isLoading: false,
  userId: 'user123'
}
[useAuthorization] useMemo recalcul├® { isLoading: false, isAuthenticated: true, userId: 'user123' }

stdout | tests/hooks/auth/useAuthorization.test.ts > useAuthorization > V├®rification de base > devrait autoriser si enabled est false
[useAuthorization] Appel├® {
  roles: [],
  isAuthenticated: false,
  isLoading: false,
  userId: undefined
}
[useAuthorization] useMemo recalcul├® { isLoading: false, isAuthenticated: false, userId: undefined }

stdout | tests/hooks/auth/useAuthorization.test.ts > useAuthorization > V├®rification de base > devrait retourner false si isLoading est true
[useAuthorization] Appel├® {
  roles: [],
  isAuthenticated: false,
  isLoading: true,
  userId: undefined
}
[useAuthorization] useMemo recalcul├® { isLoading: true, isAuthenticated: false, userId: undefined }

stdout | tests/hooks/auth/useAuthorization.test.ts > useAuthorization > V├®rification de session > devrait refuser l'acc├¿s si l'utilisateur n'est pas authentifi├®
[useAuthorization] Appel├® {
  roles: [ 'ADMIN' ],
  isAuthenticated: false,
  isLoading: false,
  userId: undefined
}
[useAuthorization] useMemo recalcul├® { isLoading: false, isAuthenticated: false, userId: undefined }

stdout | tests/hooks/auth/useAuthorization.test.ts > useAuthorization > V├®rification de session > devrait refuser l'acc├¿s si user est null
[useAuthorization] Appel├® {
  roles: [ 'ADMIN' ],
  isAuthenticated: true,
  isLoading: false,
  userId: undefined
}
[useAuthorization] useMemo recalcul├® { isLoading: false, isAuthenticated: true, userId: undefined }

stdout | tests/hooks/auth/useAuthorization.test.ts > useAuthorization > V├®rification des r├┤les > devrait autoriser si l'utilisateur a le r├┤le requis
[useAuthorization] Appel├® {
  roles: [ 'ADMIN' ],
  isAuthenticated: true,
  isLoading: false,
  userId: 'user123'
}
[useAuthorization] useMemo recalcul├® { isLoading: false, isAuthenticated: true, userId: 'user123' }

stdout | tests/hooks/auth/useAuthorization.test.ts > useAuthorization > V├®rification des r├┤les > devrait autoriser si l'utilisateur a l'un des r├┤les requis
[useAuthorization] Appel├® {
  roles: [ 'ADMIN', 'CSM' ],
  isAuthenticated: true,
  isLoading: false,
  userId: 'user123'
}
[useAuthorization] useMemo recalcul├® { isLoading: false, isAuthenticated: true, userId: 'user123' }

stdout | tests/hooks/auth/useAuthorization.test.ts > useAuthorization > V├®rification des r├┤les > devrait refuser si l'utilisateur n'a pas le r├┤le requis
[useAuthorization] Appel├® {
  roles: [ 'ADMIN' ],
  isAuthenticated: true,
  isLoading: false,
  userId: 'user123'
}
[useAuthorization] useMemo recalcul├® { isLoading: false, isAuthenticated: true, userId: 'user123' }

stdout | tests/hooks/auth/useAuthorization.test.ts > useAuthorization > V├®rification des r├┤les > devrait autoriser les admins m├¬me sans le r├┤le sp├®cifique
[useAuthorization] Appel├® {
  roles: [ 'PROVIDER' ],
  isAuthenticated: true,
  isLoading: false,
  userId: 'user123'
}
[useAuthorization] useMemo recalcul├® { isLoading: false, isAuthenticated: true, userId: 'user123' }

stdout | tests/hooks/auth/useAuthorization.test.ts > useAuthorization > V├®rification des r├┤les > devrait autoriser les superadmins m├¬me sans le r├┤le sp├®cifique
[useAuthorization] Appel├® {
  roles: [ 'PROVIDER' ],
  isAuthenticated: true,
  isLoading: false,
  userId: 'user123'
}
[useAuthorization] useMemo recalcul├® { isLoading: false, isAuthenticated: true, userId: 'user123' }

 Ô£ô tests/hooks/payments/usePayments.test.ts > usePayments > devrait r├®cup├®rer les m├®thodes de paiement 29ms
 Ô£ô tests/hooks/payments/usePayments.test.ts > usePayments > devrait r├®cup├®rer les adresses de facturation 4ms
 Ô£ô tests/hooks/payments/usePayments.test.ts > usePayments > devrait r├®cup├®rer le solde 4ms
 Ô£ô tests/hooks/payments/usePayments.test.ts > usePayments > devrait d├®finir une m├®thode de paiement par d├®faut 4ms
 Ô£ô tests/hooks/payments/usePayments.test.ts > usePayments > devrait d├®finir une adresse par d├®faut 3ms
 Ô£ô tests/hooks/payments/usePayments.test.ts > usePayments > devrait supprimer une m├®thode de paiement 3ms
 Ô£ô tests/hooks/payments/usePayments.test.ts > usePayments > devrait supprimer une adresse 4ms
 Ô£ô tests/hooks/payments/usePayments.test.ts > usePayments > devrait g├®rer les erreurs API 3ms
 Ô£ô tests/hooks/payments/usePayments.test.ts > usePayments > devrait g├®rer les ├®tats de chargement 7ms
 Ô£ô tests/hooks/payments/usePayments.test.ts > usePayments > devrait g├®rer les erreurs 3ms
stdout | tests/hooks/auth/useAuthorization.test.ts > useAuthorization > V├®rification des permissions > devrait autoriser si l'utilisateur a la permission requise
[useAuthorization] Appel├® {
  roles: [],
  isAuthenticated: true,
  isLoading: false,
  userId: 'user123'
}
[useAuthorization] useMemo recalcul├® { isLoading: false, isAuthenticated: true, userId: 'user123' }

stdout | tests/hooks/auth/useAuthorization.test.ts > useAuthorization > V├®rification des permissions > devrait autoriser si l'utilisateur a l'une des permissions requises
[useAuthorization] Appel├® {
  roles: [],
  isAuthenticated: true,
  isLoading: false,
  userId: 'user123'
}
[useAuthorization] useMemo recalcul├® { isLoading: false, isAuthenticated: true, userId: 'user123' }

stdout | tests/hooks/auth/useAuthorization.test.ts > useAuthorization > V├®rification des permissions > devrait refuser si l'utilisateur n'a pas la permission requise
[useAuthorization] Appel├® {
  roles: [],
  isAuthenticated: true,
  isLoading: false,
  userId: 'user123'
}
[useAuthorization] useMemo recalcul├® { isLoading: false, isAuthenticated: true, userId: 'user123' }

stdout | tests/hooks/auth/useAuthorization.test.ts > useAuthorization > V├®rification des permissions > devrait autoriser les admins m├¬me sans la permission sp├®cifique
[useAuthorization] Appel├® {
  roles: [],
  isAuthenticated: true,
  isLoading: false,
  userId: 'user123'
}
[useAuthorization] useMemo recalcul├® { isLoading: false, isAuthenticated: true, userId: 'user123' }

stdout | tests/hooks/auth/useAuthorization.test.ts > useAuthorization > V├®rification de la propri├®t├® (ownership) > devrait autoriser si l'utilisateur est propri├®taire de la ressource
[useAuthorization] Appel├® {
  roles: [],
  isAuthenticated: true,
  isLoading: false,
  userId: 'user123'
}
[useAuthorization] useMemo recalcul├® { isLoading: false, isAuthenticated: true, userId: 'user123' }

stdout | tests/hooks/auth/useAuthorization.test.ts > useAuthorization > V├®rification de la propri├®t├® (ownership) > devrait refuser si l'utilisateur n'est pas propri├®taire de la ressource
[useAuthorization] Appel├® {
  roles: [],
  isAuthenticated: true,
  isLoading: false,
  userId: 'user123'
}
[useAuthorization] useMemo recalcul├® { isLoading: false, isAuthenticated: true, userId: 'user123' }

stdout | tests/hooks/auth/useAuthorization.test.ts > useAuthorization > V├®rification de la propri├®t├® (ownership) > devrait autoriser les admins m├¬me s'ils ne sont pas propri├®taires
[useAuthorization] Appel├® {
  roles: [],
  isAuthenticated: true,
  isLoading: false,
  userId: 'admin123'
}
[useAuthorization] useMemo recalcul├® { isLoading: false, isAuthenticated: true, userId: 'admin123' }

stdout | tests/hooks/auth/useAuthorization.test.ts > useAuthorization > V├®rification de la propri├®t├® (ownership) > devrait ignorer checkOwnership si resourceOwnerId n'est pas fourni
[useAuthorization] Appel├® {
  roles: [],
  isAuthenticated: true,
  isLoading: false,
  userId: 'user123'
}
[useAuthorization] useMemo recalcul├® { isLoading: false, isAuthenticated: true, userId: 'user123' }

 Ô£ô tests/hooks/auth/useAuthorization.test.ts > useAuthorization > V├®rification de base > devrait autoriser si aucune restriction n'est sp├®cifi├®e 27ms
 Ô£ô tests/hooks/auth/useAuthorization.test.ts > useAuthorization > V├®rification de base > devrait autoriser si enabled est false 4ms
 Ô£ô tests/hooks/auth/useAuthorization.test.ts > useAuthorization > V├®rification de base > devrait retourner false si isLoading est true 3ms
 Ô£ô tests/hooks/auth/useAuthorization.test.ts > useAuthorization > V├®rification de session > devrait refuser l'acc├¿s si l'utilisateur n'est pas authentifi├® 4ms
 Ô£ô tests/hooks/auth/useAuthorization.test.ts > useAuthorization > V├®rification de session > devrait refuser l'acc├¿s si user est null 18ms
 Ô£ô tests/hooks/auth/useAuthorization.test.ts > useAuthorization > V├®rification des r├┤les > devrait autoriser si l'utilisateur a le r├┤le requis 5ms
 Ô£ô tests/hooks/auth/useAuthorization.test.ts > useAuthorization > V├®rification des r├┤les > devrait autoriser si l'utilisateur a l'un des r├┤les requis 4ms
 Ô£ô tests/hooks/auth/useAuthorization.test.ts > useAuthorization > V├®rification des r├┤les > devrait refuser si l'utilisateur n'a pas le r├┤le requis 3ms
 Ô£ô tests/hooks/auth/useAuthorization.test.ts > useAuthorization > V├®rification des r├┤les > devrait autoriser les admins m├¬me sans le r├┤le sp├®cifique 9ms
 Ô£ô tests/hooks/auth/useAuthorization.test.ts > useAuthorization > V├®rification des r├┤les > devrait autoriser les superadmins m├¬me sans le r├┤le sp├®cifique 5ms
 Ô£ô tests/hooks/auth/useAuthorization.test.ts > useAuthorization > V├®rification des permissions > devrait autoriser si l'utilisateur a la permission requise 3ms
 Ô£ô tests/hooks/auth/useAuthorization.test.ts > useAuthorization > V├®rification des permissions > devrait autoriser si l'utilisateur a l'une des permissions requises 2ms
 Ô£ô tests/hooks/auth/useAuthorization.test.ts > useAuthorization > V├®rification des permissions > devrait refuser si l'utilisateur n'a pas la permission requise 2ms
 Ô£ô tests/hooks/auth/useAuthorization.test.ts > useAuthorization > V├®rification des permissions > devrait autoriser les admins m├¬me sans la permission sp├®cifique 2ms
 Ô£ô tests/hooks/auth/useAuthorization.test.ts > useAuthorization > V├®rification de la propri├®t├® (ownership) > devrait autoriser si l'utilisateur est propri├®taire de la ressource 2ms
 Ô£ô tests/hooks/auth/useAuthorization.test.ts > useAuthorization > V├®rification de la propri├®t├® (ownership) > devrait refuser si l'utilisateur n'est pas propri├®taire de la ressource 2ms
 Ô£ô tests/hooks/auth/useAuthorization.test.ts > useAuthorization > V├®rification de la propri├®t├® (ownership) > devrait autoriser les admins m├¬me s'ils ne sont pas propri├®taires 3ms
stdout | tests/hooks/auth/useAuthorization.test.ts > useAuthorization > Combinaison de v├®rifications > devrait autoriser si l'utilisateur a le r├┤le ET la permission
[useAuthorization] Appel├® {
  roles: [ 'CSM' ],
  isAuthenticated: true,
  isLoading: false,
  userId: 'user123'
}
[useAuthorization] useMemo recalcul├® { isLoading: false, isAuthenticated: true, userId: 'user123' }

stdout | tests/hooks/auth/useAuthorization.test.ts > useAuthorization > Combinaison de v├®rifications > devrait refuser si l'utilisateur a le r├┤le mais pas la permission
[useAuthorization] Appel├® {
  roles: [ 'CSM' ],
  isAuthenticated: true,
  isLoading: false,
  userId: 'user123'
}
[useAuthorization] useMemo recalcul├® { isLoading: false, isAuthenticated: true, userId: 'user123' }

stdout | tests/hooks/auth/useAuthorization.test.ts > useAuthorization > Combinaison de v├®rifications > devrait refuser si l'utilisateur a la permission mais pas le r├┤le
[useAuthorization] Appel├® {
  roles: [ 'CSM' ],
  isAuthenticated: true,
  isLoading: false,
  userId: 'user123'
}
[useAuthorization] useMemo recalcul├® { isLoading: false, isAuthenticated: true, userId: 'user123' }

 Ô£ô tests/hooks/auth/useAuthorization.test.ts > useAuthorization > V├®rification de la propri├®t├® (ownership) > devrait ignorer checkOwnership si resourceOwnerId n'est pas fourni 5ms
 Ô£ô tests/hooks/auth/useAuthorization.test.ts > useAuthorization > Combinaison de v├®rifications > devrait autoriser si l'utilisateur a le r├┤le ET la permission 3ms
 Ô£ô tests/hooks/auth/useAuthorization.test.ts > useAuthorization > Combinaison de v├®rifications > devrait refuser si l'utilisateur a le r├┤le mais pas la permission 4ms
 Ô£ô tests/hooks/auth/useAuthorization.test.ts > useAuthorization > Combinaison de v├®rifications > devrait refuser si l'utilisateur a la permission mais pas le r├┤le 2ms
 Ô£ô tests/hooks/auth/useAuthorization.test.ts > useAuthorization > useHasRole > devrait retourner true si l'utilisateur a le r├┤le 3ms
 Ô£ô tests/hooks/auth/useAuthorization.test.ts > useAuthorization > useHasRole > devrait retourner true si l'utilisateur est admin 1ms
 Ô£ô tests/hooks/auth/useAuthorization.test.ts > useAuthorization > useHasRole > devrait retourner false si l'utilisateur n'a pas le r├┤le 1ms
 Ô£ô tests/hooks/auth/useAuthorization.test.ts > useAuthorization > useHasPermission > devrait retourner true si l'utilisateur a la permission 1ms
 Ô£ô tests/hooks/auth/useAuthorization.test.ts > useAuthorization > useHasPermission > devrait retourner true si l'utilisateur est admin 1ms
 Ô£ô tests/hooks/auth/useAuthorization.test.ts > useAuthorization > useHasPermission > devrait retourner false si l'utilisateur n'a pas la permission 1ms
 Ô£ô tests/hooks/bookings/useBookingFilters.test.ts > useBookingFilters > devrait filtrer par searchTerm (reservationNumber) 25ms
 Ô£ô tests/hooks/bookings/useBookingFilters.test.ts > useBookingFilters > devrait filtrer par searchTerm (recipient) 4ms
 Ô£ô tests/hooks/bookings/useBookingFilters.test.ts > useBookingFilters > devrait filtrer par searchTerm (serviceId) 3ms
 Ô£ô tests/hooks/bookings/useBookingFilters.test.ts > useBookingFilters > devrait filtrer par status 3ms
 Ô£ô tests/hooks/bookings/useBookingFilters.test.ts > useBookingFilters > devrait filtrer par paymentStatus 3ms
 Ô£ô tests/hooks/bookings/useBookingFilters.test.ts > useBookingFilters > devrait filtrer par date (dateRange) 2ms
 Ô£ô tests/hooks/bookings/useBookingFilters.test.ts > useBookingFilters > devrait combiner plusieurs filtres 2ms
 Ô£ô tests/hooks/bookings/useBookingFilters.test.ts > useBookingFilters > devrait mettre ├á jour un filtre avec updateFilter 2ms
 Ô£ô tests/hooks/bookings/useBookingFilters.test.ts > useBookingFilters > devrait r├®initialiser tous les filtres avec clearFilters 3ms
 Ô£ô tests/hooks/bookings/useBookingFilters.test.ts > useBookingFilters > devrait d├®tecter les filtres actifs (hasActiveFilters) 3ms
 Ô£ô tests/hooks/bookings/useBookingFilters.test.ts > useBookingFilters > devrait g├®rer bookings null/undefined 5ms
 Ô£ô tests/hooks/bookings/useBookingFilters.test.ts > useBookingFilters > devrait extraire les statuts disponibles 2ms
 Ô£ô tests/hooks/bookings/useBookingFilters.test.ts > useBookingFilters > devrait extraire les statuts de paiement disponibles 1ms
 Ô£ô tests/hooks/invoices/useInvoiceFilters.test.ts > useInvoiceFilters > devrait filtrer par searchTerm (invoiceNumber) 25ms
 Ô£ô tests/hooks/invoices/useInvoiceFilters.test.ts > useInvoiceFilters > devrait filtrer par searchTerm (customerId) 4ms
 Ô£ô tests/hooks/invoices/useInvoiceFilters.test.ts > useInvoiceFilters > devrait filtrer par searchTerm (providerId) 3ms
 Ô£ô tests/hooks/invoices/useInvoiceFilters.test.ts > useInvoiceFilters > devrait filtrer par statusFilter (PENDING) 3ms
 Ô£ô tests/hooks/invoices/useInvoiceFilters.test.ts > useInvoiceFilters > devrait filtrer par statusFilter (PAID) 3ms
 Ô£ô tests/hooks/invoices/useInvoiceFilters.test.ts > useInvoiceFilters > devrait filtrer par statusFilter (ALL) 2ms
 Ô£ô tests/hooks/invoices/useInvoiceFilters.test.ts > useInvoiceFilters > devrait filtrer par dateFilter 3ms
 Ô£ô tests/hooks/invoices/useInvoiceFilters.test.ts > useInvoiceFilters > devrait combiner plusieurs filtres 2ms
 Ô£ô tests/hooks/invoices/useInvoiceFilters.test.ts > useInvoiceFilters > devrait mettre ├á jour un filtre avec updateFilter 2ms
 Ô£ô tests/hooks/invoices/useInvoiceFilters.test.ts > useInvoiceFilters > devrait r├®initialiser tous les filtres avec clearFilters 2ms
 Ô£ô tests/hooks/invoices/useInvoiceFilters.test.ts > useInvoiceFilters > devrait d├®tecter les filtres actifs (hasActiveFilters) 2ms
 Ô£ô tests/hooks/invoices/useInvoiceFilters.test.ts > useInvoiceFilters > devrait g├®rer invoices null/undefined (safeInvoices) 3ms
 Ô£ô tests/hooks/invoices/useInvoiceFilters.test.ts > useInvoiceFilters > devrait ├¬tre insensible ├á la casse pour searchTerm 3ms
 Ô£ô tests/hooks/quotes/useQuoteFilters.test.ts > useQuoteFilters > devrait filtrer par searchTerm 29ms
 Ô£ô tests/hooks/quotes/useQuoteFilters.test.ts > useQuoteFilters > devrait filtrer par type (BTP) 3ms
 Ô£ô tests/hooks/quotes/useQuoteFilters.test.ts > useQuoteFilters > devrait filtrer par status 3ms
 Ô£ô tests/hooks/quotes/useQuoteFilters.test.ts > useQuoteFilters > devrait combiner plusieurs filtres 3ms
 Ô£ô tests/hooks/quotes/useQuoteFilters.test.ts > useQuoteFilters > devrait mettre ├á jour un filtre avec updateFilter 3ms
 Ô£ô tests/hooks/quotes/useQuoteFilters.test.ts > useQuoteFilters > devrait r├®initialiser tous les filtres avec clearFilters 3ms
 Ô£ô tests/hooks/quotes/useQuoteFilters.test.ts > useQuoteFilters > devrait d├®tecter les filtres actifs (hasActiveFilters) 2ms
 Ô£ô tests/hooks/quotes/useQuoteFilters.test.ts > useQuoteFilters > devrait g├®rer quotes null/undefined 3ms
 Ô£ô tests/api/invoices/route.test.ts > GET /api/invoices > devrait r├®cup├®rer les factures avec succ├¿s 8ms
 Ô£ô tests/api/invoices/route.test.ts > GET /api/invoices > devrait exiger une authentification (session.user.id) 3ms
 Ô£ô tests/api/invoices/route.test.ts > GET /api/invoices > devrait filtrer par userId si non admin 4ms
 Ô£ô tests/api/invoices/route.test.ts > GET /api/invoices > ne devrait pas filtrer par userId si admin 1ms
 Ô£ô tests/api/invoices/route.test.ts > GET /api/invoices > devrait filtrer par status 1ms
 Ô£ô tests/api/invoices/route.test.ts > GET /api/invoices > devrait g├®rer la pagination avec page et limit 1ms
 Ô£ô tests/api/invoices/route.test.ts > POST /api/invoices > devrait cr├®er une facture avec succ├¿s 5ms
 Ô£ô tests/api/invoices/route.test.ts > POST /api/invoices > devrait exiger une authentification 2ms
 Ô£ô tests/api/invoices/route.test.ts > POST /api/invoices > devrait v├®rifier le r├┤le admin (FORBIDDEN si non admin) 1ms
 Ô£ô tests/api/invoices/route.test.ts > POST /api/invoices > devrait calculer le montant total depuis items 2ms
 Ô£ô tests/api/invoices/route.test.ts > POST /api/invoices > devrait utiliser invoiceFacade.createInvoice 1ms
 Ô£ô tests/api/invoices/route.test.ts > POST /api/invoices > devrait g├®rer les erreurs (result.success = false) 1ms
 Ô£ô tests/api/invoices/route.test.ts > GET /api/invoices/[id] > devrait r├®cup├®rer une facture par ID 27ms
 Ô£ô tests/api/invoices/route.test.ts > GET /api/invoices/[id] > devrait exiger une authentification 2ms
 Ô£ô tests/api/invoices/route.test.ts > GET /api/invoices/[id] > devrait v├®rifier les permissions (userId ou admin) 2ms
 Ô£ô tests/api/invoices/route.test.ts > GET /api/invoices/[id]/download > devrait t├®l├®charger une facture 3ms
 Ô£ô tests/api/invoices/route.test.ts > GET /api/invoices/[id]/download > devrait exiger une authentification 1ms
 Ô£ô tests/api/invoices/route.test.ts > POST /api/invoices/[id]/send-email > devrait envoyer une facture par email 2ms
 Ô£ô tests/api/invoices/route.test.ts > POST /api/invoices/[id]/send-email > devrait exiger une authentification 1ms
 Ô£ô tests/hooks/users/useUserEdit.test.ts > useUserEdit > devrait modifier un utilisateur avec succ├¿s 32ms
 Ô£ô tests/hooks/users/useUserEdit.test.ts > useUserEdit > devrait g├®rer les erreurs API 6ms
 Ô£ô tests/hooks/users/useUserEdit.test.ts > useUserEdit > devrait g├®rer les erreurs r├®seau 4ms
 Ô£ô tests/hooks/users/useUserEdit.test.ts > useUserEdit > devrait g├®rer les ├®tats de chargement (loading) 4ms
 Ô£ô tests/hooks/users/useUserEdit.test.ts > useUserEdit > devrait retourner l'utilisateur mis ├á jour 4ms
 Ô£ô tests/hooks/users/useUserEdit.test.ts > useUserEdit > devrait appeler fetch avec la bonne URL et m├®thode 5ms
 Ô£ô tests/hooks/complaints/useComplaints.test.ts > useComplaints > devrait r├®cup├®rer les r├®clamations avec filtres (fetchComplaints) 33ms
 Ô£ô tests/hooks/complaints/useComplaints.test.ts > useComplaints > devrait filtrer par userId, provider, appointmentId 8ms
 Ô£ô tests/hooks/complaints/useComplaints.test.ts > useComplaints > devrait filtrer par type, priority, status 4ms
 Ô£ô tests/hooks/complaints/useComplaints.test.ts > useComplaints > devrait g├®rer la pagination (limit, offset) 4ms
 Ô£ô tests/hooks/complaints/useComplaints.test.ts > useComplaints > devrait convertir les dates string en Date objects 25ms
 Ô£ô tests/hooks/complaints/useComplaints.test.ts > useComplaints > devrait g├®rer le total (pagination) 15ms
 Ô£ô tests/hooks/complaints/useComplaints.test.ts > useComplaints > devrait g├®rer les erreurs API 2ms
 Ô£ô tests/hooks/complaints/useComplaints.test.ts > useComplaints > devrait g├®rer les ├®tats de chargement (loading) 3ms
 Ô£ô tests/hooks/complaints/useComplaints.test.ts > useComplaints > devrait g├®rer les erreurs (error) 51ms
 Ô£ô tests/hooks/notifications/useNotifications.test.ts > useNotifications > devrait r├®cup├®rer les notifications 33ms
 Ô£ô tests/hooks/notifications/useNotifications.test.ts > useNotifications > devrait marquer une notification comme lue 5ms
 Ô£ô tests/hooks/notifications/useNotifications.test.ts > useNotifications > devrait marquer toutes les notifications comme lues 4ms
 Ô£ô tests/hooks/notifications/useNotifications.test.ts > useNotifications > devrait filtrer les notifications (all, unread, read) 5ms
 Ô£ô tests/hooks/notifications/useNotifications.test.ts > useNotifications > devrait g├®rer la pagination 3ms
 Ô£ô tests/hooks/notifications/useNotifications.test.ts > useNotifications > devrait g├®rer les erreurs API 2ms
 Ô£ô tests/hooks/notifications/useNotifications.test.ts > useNotifications > devrait g├®rer les ├®tats de chargement 6ms
 Ô£ô tests/hooks/notifications/useNotifications.test.ts > useNotifications > devrait g├®rer les erreurs 15ms
 Ô£ô tests/hooks/messaging/useMessaging.test.ts > useMessaging > devrait r├®cup├®rer les conversations 29ms
 Ô£ô tests/hooks/messaging/useMessaging.test.ts > useMessaging > devrait cr├®er une conversation 5ms
 Ô£ô tests/hooks/messaging/useMessaging.test.ts > useMessaging > devrait r├®cup├®rer les messages d'une conversation 3ms
 Ô£ô tests/hooks/messaging/useMessaging.test.ts > useMessaging > devrait envoyer un message 4ms
 Ô£ô tests/hooks/messaging/useMessaging.test.ts > useMessaging > devrait g├®rer les pi├¿ces jointes 5ms
 Ô£ô tests/hooks/messaging/useMessaging.test.ts > useMessaging > devrait g├®rer les erreurs API 2ms
 Ô£ô tests/hooks/messaging/useMessaging.test.ts > useMessaging > devrait g├®rer les ├®tats de chargement 3ms
 Ô£ô tests/hooks/messaging/useMessaging.test.ts > useMessaging > devrait g├®rer les erreurs 3ms
 Ô£ô tests/hooks/users/useUser.test.ts > useUser > devrait r├®cup├®rer un utilisateur avec succ├¿s 31ms
 Ô£ô tests/hooks/users/useUser.test.ts > useUser > devrait g├®rer les erreurs 404 (utilisateur non trouv├®) 4ms
 Ô£ô tests/hooks/users/useUser.test.ts > useUser > devrait g├®rer les erreurs API 3ms
 Ô£ô tests/hooks/users/useUser.test.ts > useUser > devrait convertir les dates string en Date objects 4ms
 Ô£ô tests/hooks/users/useUser.test.ts > useUser > devrait g├®rer les ├®tats de chargement (loading) 3ms
 Ô£ô tests/hooks/users/useUser.test.ts > useUser > devrait g├®rer les erreurs (error) 2ms
 Ô£ô tests/hooks/users/useUser.test.ts > useUser > devrait appeler fetchUser avec le bon userId 4ms
 Ô£ô tests/hooks/bookings/useBookingStats.test.ts > useBookingStats > devrait calculer totalBookings, confirmedBookings, pendingBookings, cancelledBookings 29ms
 Ô£ô tests/hooks/bookings/useBookingStats.test.ts > useBookingStats > devrait calculer totalRevenue (r├®servations pay├®es) 3ms
 Ô£ô tests/hooks/bookings/useBookingStats.test.ts > useBookingStats > devrait calculer averageAmount 2ms
 Ô£ô tests/hooks/bookings/useBookingStats.test.ts > useBookingStats > devrait g├®rer un tableau vide 3ms
 Ô£ô tests/hooks/bookings/useBookingStats.test.ts > useBookingStats > devrait g├®rer bookings null/undefined 4ms
 Ô£ô tests/hooks/bookings/useBookingStats.test.ts > useBookingStats > devrait calculer correctement avec seulement des r├®servations confirm├®es 2ms
 Ô£ô tests/hooks/bookings/useBookingStats.test.ts > useBookingStats > devrait calculer correctement avec seulement des r├®servations pay├®es 2ms
 Ô£ô tests/hooks/users/useCreateUser.test.ts > useCreateUser > devrait cr├®er un utilisateur avec succ├¿s 26ms
 Ô£ô tests/hooks/users/useCreateUser.test.ts > useCreateUser > devrait transformer name en firstName/lastName 5ms
 Ô£ô tests/hooks/users/useCreateUser.test.ts > useCreateUser > devrait g├®rer les champs optionnels 4ms
 Ô£ô tests/hooks/users/useCreateUser.test.ts > useCreateUser > devrait g├®rer les erreurs API 4ms
 Ô£ô tests/hooks/users/useCreateUser.test.ts > useCreateUser > devrait g├®rer les erreurs r├®seau 4ms
 Ô£ô tests/hooks/users/useCreateUser.test.ts > useCreateUser > devrait g├®rer les ├®tats de chargement (loading) 3ms
 Ô£ô tests/hooks/users/useCreateUser.test.ts > useCreateUser > devrait logger avec logger 4ms
 Ô£ô tests/hooks/users/useCreateUser.test.ts > useCreateUser > devrait retourner CreateUserResult 19ms
 Ô£ô tests/hooks/dashboard/useDashboardStats.test.ts > useDashboardStats > devrait calculer les statistiques pour admin 25ms
 Ô£ô tests/hooks/dashboard/useDashboardStats.test.ts > useDashboardStats > devrait calculer les statistiques pour CSM 3ms
 Ô£ô tests/hooks/dashboard/useDashboardStats.test.ts > useDashboardStats > devrait calculer les statistiques pour utilisateur non-admin 3ms
 Ô£ô tests/hooks/dashboard/useDashboardStats.test.ts > useDashboardStats > devrait filtrer les utilisateurs par r├┤le (CUSTOMER) 3ms
 Ô£ô tests/hooks/dashboard/useDashboardStats.test.ts > useDashboardStats > devrait filtrer les utilisateurs par r├┤le (PROVIDER) 5ms
 Ô£ô tests/hooks/dashboard/useDashboardStats.test.ts > useDashboardStats > devrait filtrer les r├®servations par requesterId pour non-admin 2ms
 Ô£ô tests/hooks/dashboard/useDashboardStats.test.ts > useDashboardStats > devrait utiliser useUsers, useBookings, useInvoices 2ms
 Ô£ô tests/hooks/dashboard/useDashboardStats.test.ts > useDashboardStats > devrait g├®rer un userId undefined pour non-admin 2ms
 Ô£ô tests/api/auth/register/route.test.ts > POST /api/auth/register > devrait cr├®er un compte utilisateur avec succ├¿s 23ms
 Ô£ô tests/api/auth/register/route.test.ts > POST /api/auth/register > devrait sanitiser les donn├®es (email en minuscules, trim) 3ms
 Ô£ô tests/api/auth/register/route.test.ts > POST /api/auth/register > devrait valider le body avec RegisterSchema 2ms
 Ô£ô tests/api/auth/register/route.test.ts > POST /api/auth/register > devrait g├®rer les erreurs du service 4ms
 Ô£ô tests/api/auth/register/route.test.ts > POST /api/auth/register > devrait extraire IP depuis x-forwarded-for 2ms
 Ô£ô tests/api/auth/register/route.test.ts > POST /api/auth/register > devrait utiliser x-real-ip si x-forwarded-for est absent 17ms
 Ô£ô tests/api/auth/register/route.test.ts > POST /api/auth/register > devrait utiliser "unknown" si aucune IP n'est disponible 4ms
 Ô£ô tests/api/auth/register/route.test.ts > POST /api/auth/register > devrait g├®rer marketingConsent par d├®faut ├á false 40ms
 Ô£ô tests/api/bookings/route.test.ts > GET /api/bookings > devrait r├®cup├®rer les r├®servations avec succ├¿s 11ms
 Ô£ô tests/api/bookings/route.test.ts > GET /api/bookings > devrait filtrer par userId 8ms
 Ô£ô tests/api/bookings/route.test.ts > GET /api/bookings > devrait filtrer par providerId 2ms
 Ô£ô tests/api/bookings/route.test.ts > GET /api/bookings > devrait filtrer par status (VALID_STATUSES) 2ms
 Ô£ô tests/api/bookings/route.test.ts > GET /api/bookings > devrait g├®rer la pagination avec limit et offset 2ms
 Ô£ô tests/api/bookings/route.test.ts > GET /api/bookings > devrait convertir automatiquement offset en page 2ms
 Ô£ô tests/api/bookings/route.test.ts > GET /api/bookings > devrait utiliser BookingQueryBuilder 2ms
 Ô£ô tests/api/bookings/route.test.ts > GET /api/bookings > devrait mapper avec bookingMapper 2ms
 Ô£ô tests/api/bookings/route.test.ts > GET /api/bookings > devrait retourner une r├®ponse pagin├®e avec format standardis├® 1ms
 Ô£ô tests/api/bookings/route.test.ts > POST /api/bookings > devrait cr├®er une r├®servation avec paiement 8ms
 Ô£ô tests/api/bookings/route.test.ts > POST /api/bookings > devrait cr├®er une r├®servation sans paiement 2ms
 Ô£ô tests/api/bookings/route.test.ts > POST /api/bookings > devrait valider avec CreateBookingSchema 4ms
 Ô£ô tests/api/bookings/route.test.ts > POST /api/bookings > devrait construire BookingFacadeData 2ms
 Ô£ô tests/api/bookings/route.test.ts > POST /api/bookings > devrait g├®rer les erreurs (result.success = false) 3ms
 Ô£ô tests/api/bookings/route.test.ts > POST /api/bookings > devrait logger avec logger.info 2ms
 Ô£ô tests/api/bookings/route.test.ts > POST /api/bookings > devrait retourner paymentResult dans metadata si paiement 1ms
 Ô£ô tests/api/bookings/route.test.ts > POST /api/bookings > devrait ne pas retourner paymentResult si pas de paiement 1ms
stderr | tests/api/payments/transactions/route.test.ts > GET /api/payments/transactions > devrait g├®rer les erreurs 
(500)
Error fetching transactions: Error: Database error
    at C:/Users/Admin/Lab/Diaspomoney/diaspomoney/tests/api/payments/transactions/route.test.ts:227:7
    at processTicksAndRejections (node:internal/process/task_queues:103:5)
    at file:///C:/Users/Admin/Lab/Diaspomoney/diaspomoney/node_modules/.pnpm/@vitest+runner@4.0.13/node_modules/@vitest
/runner/dist/index.js:912:20

 Ô£ô tests/api/payments/transactions/route.test.ts > GET /api/payments/transactions > devrait r├®cup├®rer les transactions avec succ├¿s 16ms
 Ô£ô tests/api/payments/transactions/route.test.ts > GET /api/payments/transactions > devrait exiger une authentification (401) 2ms
 Ô£ô tests/api/payments/transactions/route.test.ts > GET /api/payments/transactions > devrait filtrer par payerId (userId) 6ms
 Ô£ô tests/api/payments/transactions/route.test.ts > GET /api/payments/transactions > devrait transformer en PaymentTransaction 3ms
 Ô£ô tests/api/payments/transactions/route.test.ts > GET /api/payments/transactions > devrait g├®rer refundedAt et refundAmount pour les transactions rembours├®es 2ms
 Ô£ô tests/api/payments/transactions/route.test.ts > GET /api/payments/transactions > devrait g├®rer les erreurs (500) 8ms
 Ô£ô tests/api/auth/forgot-password/route.test.ts > POST /api/auth/forgot-password > devrait g├®n├®rer un token de r├®initialisation avec succ├¿s 19ms
 Ô£ô tests/api/auth/forgot-password/route.test.ts > POST /api/auth/forgot-password > devrait convertir l'email en minuscules 3ms
 Ô£ô tests/api/auth/forgot-password/route.test.ts > POST /api/auth/forgot-password > devrait envoyer un email si RESEND_API_KEY est configur├® 2ms
 Ô£ô tests/api/auth/forgot-password/route.test.ts > POST /api/auth/forgot-password > ne devrait pas envoyer d'email si RESEND_API_KEY n'est pas configur├® 2ms
 Ô£ô tests/api/auth/forgot-password/route.test.ts > POST /api/auth/forgot-password > devrait retourner un succ├¿s m├¬me si l'utilisateur n'existe pas (s├®curit├®) 2ms
 Ô£ô tests/api/auth/forgot-password/route.test.ts > POST /api/auth/forgot-password > devrait valider le body avec ForgotPasswordSchema 2ms
 Ô£ô tests/api/auth/forgot-password/route.test.ts > POST /api/auth/forgot-password > devrait g├®n├®rer un token avec expiration de 1 heure 2ms
 Ô£ô tests/api/auth/forgot-password/route.test.ts > POST /api/auth/forgot-password > devrait retourner 503 pendant le build time 1ms
 Ô£ô tests/api/payments/create-intent/route.test.ts > POST /api/payments/create-intent > devrait cr├®er un PaymentIntent avec succ├¿s 9ms
 Ô£ô tests/api/payments/create-intent/route.test.ts > POST /api/payments/create-intent > devrait permettre l'authentification optionnelle (guest) 5ms
 Ô£ô tests/api/payments/create-intent/route.test.ts > POST /api/payments/create-intent > devrait valider avec CreatePaymentIntentSchema 3ms
 Ô£ô tests/api/payments/create-intent/route.test.ts > POST /api/payments/create-intent > devrait convertir le montant (centimes ÔåÆ euros) 2ms
 Ô£ô tests/api/payments/create-intent/route.test.ts > POST /api/payments/create-intent > devrait ajouter metadata (customerEmail, userId) 2ms
 Ô£ô tests/api/payments/create-intent/route.test.ts > POST /api/payments/create-intent > devrait v├®rifier que clientSecret est pr├®sent 1ms
 Ô£ô tests/api/payments/create-intent/route.test.ts > POST /api/payments/create-intent > devrait convertir le montant retour (euros ÔåÆ centimes) 1ms
 Ô£ô tests/api/payments/create-intent/route.test.ts > POST /api/payments/create-intent > devrait retourner clientSecret, paymentIntentId, currency, amount, status 1ms
 Ô£ô tests/api/payments/create-intent/route.test.ts > POST /api/payments/create-intent > devrait logger avec childLogger 3ms
 Ô£ô tests/api/auth/reset-password/route.test.ts > POST /api/auth/reset-password > devrait r├®initialiser le mot de passe avec succ├¿s 23ms
 Ô£ô tests/api/auth/reset-password/route.test.ts > POST /api/auth/reset-password > devrait retourner 400 si le token est invalide 3ms
 Ô£ô tests/api/auth/reset-password/route.test.ts > POST /api/auth/reset-password > devrait retourner 400 si le token a expir├® 2ms
 Ô£ô tests/api/auth/reset-password/route.test.ts > POST /api/auth/reset-password > devrait accepter un token sans expiration d├®finie 2ms
 Ô£ô tests/api/auth/reset-password/route.test.ts > POST /api/auth/reset-password > devrait retourner 500 si la mise ├á jour ├®choue 2ms
 Ô£ô tests/api/auth/reset-password/route.test.ts > POST /api/auth/reset-password > devrait valider le body avec ResetPasswordSchema 2ms
 Ô£ô tests/api/auth/reset-password/route.test.ts > POST /api/auth/reset-password > devrait utiliser 12 rounds de salt pour bcrypt 2ms
 Ô£ô tests/api/auth/reset-password/route.test.ts > POST /api/auth/reset-password > devrait supprimer passwordResetToken et passwordResetExpires apr├¿s succ├¿s 2ms
 Ô£ô tests/api/payments/process/route.test.ts > POST /api/payments/process > devrait traiter un paiement avec succ├¿s 15ms
 Ô£ô tests/api/payments/process/route.test.ts > POST /api/payments/process > devrait exiger une authentification (UNAUTHORIZED) 4ms
 Ô£ô tests/api/payments/process/route.test.ts > POST /api/payments/process > devrait v├®rifier le r├┤le CUSTOMER (FORBIDDEN) 1ms
 Ô£ô tests/api/payments/process/route.test.ts > POST /api/payments/process > devrait valider avec CreatePaymentSchema 2ms
 Ô£ô tests/api/payments/process/route.test.ts > POST /api/payments/process > devrait construire PaymentFacadeData 5ms
 Ô£ô tests/api/payments/process/route.test.ts > POST /api/payments/process > devrait utiliser CreatePaymentCommand 2ms
 Ô£ô tests/api/payments/process/route.test.ts > POST /api/payments/process > devrait g├®rer les erreurs (commandResult.success = false) 2ms
 Ô£ô tests/api/payments/process/route.test.ts > POST /api/payments/process > devrait g├®rer requiresAction (3D Secure) 1ms
 Ô£ô tests/api/payments/process/route.test.ts > POST /api/payments/process > devrait logger avec logger.info 2ms
 Ô£ô tests/api/users/route.test.ts > GET /api/users > devrait retourner une liste pagin├®e d'utilisateurs 10ms
 Ô£ô tests/api/users/route.test.ts > GET /api/users > devrait appliquer les filtres correctement 5ms
 Ô£ô tests/api/users/route.test.ts > GET /api/users > devrait g├®rer les erreurs correctement 3ms
 Ô£ô tests/api/users/route.test.ts > POST /api/users > devrait cr├®er un utilisateur avec succ├¿s 5ms
 Ô£ô tests/api/users/route.test.ts > POST /api/users > devrait valider les donn├®es d'entr├®e 2ms
 Ô£ô tests/integration/api/auth/signin.test.ts > Integration: /api/auth/signin (NextAuth) > POST /api/auth/signin (via NextAuth) > devrait authentifier un utilisateur existant 8ms
 Ô£ô tests/integration/api/auth/signin.test.ts > Integration: /api/auth/signin (NextAuth) > POST /api/auth/signin (via NextAuth) > devrait rejeter des identifiants invalides 1ms
 Ô£ô tests/integration/api/auth/signin.test.ts > Integration: /api/auth/signin (NextAuth) > Flux d'authentification complet > devrait permettre l'inscription puis la connexion 1ms
 Ô£ô tests/api/notifications/route.test.ts > GET /api/notifications > devrait r├®cup├®rer les notifications avec succ├¿s 12ms
 Ô£ô tests/api/notifications/route.test.ts > GET /api/notifications > devrait filtrer par statut (unread) 2ms
 Ô£ô tests/api/notifications/route.test.ts > GET /api/notifications > devrait retourner 401 si non authentifi├® 3ms
 Ô£ô tests/api/notifications/route.test.ts > PATCH /api/notifications > devrait marquer une notification comme lue 3ms
 Ô£ô tests/api/notifications/route.test.ts > PATCH /api/notifications > devrait retourner 404 si la notification n'existe pas 1ms
 Ô£ô tests/api/notifications/route.test.ts > PUT /api/notifications > devrait marquer toutes les notifications comme lues 2ms
 Ô£ô tests/api/notifications/route.test.ts > PUT /api/notifications > devrait retourner une erreur si markAllAsRead est false 1ms
 Ô£ô tests/api/quotes/route.test.ts > GET /api/quotes > devrait r├®cup├®rer les devis avec succ├¿s 9ms
 Ô£ô tests/api/quotes/route.test.ts > GET /api/quotes > devrait exiger une authentification 3ms
 Ô£ô tests/api/quotes/route.test.ts > GET /api/quotes > devrait valider les param├¿tres avec QuoteFiltersSchema 2ms
 Ô£ô tests/api/quotes/route.test.ts > GET /api/quotes > devrait filtrer par type (BTP, EDUCATION) 1ms
 Ô£ô tests/api/quotes/route.test.ts > GET /api/quotes > devrait filtrer par status 1ms
 Ô£ô tests/api/quotes/route.test.ts > GET /api/quotes > devrait filtrer par providerId 1ms
 Ô£ô tests/api/quotes/route.test.ts > GET /api/quotes > devrait filtrer par schoolId 1ms
 Ô£ô tests/api/quotes/route.test.ts > GET /api/quotes > devrait g├®rer la pagination avec page et limit 1ms
 Ô£ô tests/api/quotes/route.test.ts > GET /api/quotes > devrait utiliser QuoteQueryBuilder 1ms
 Ô£ô tests/api/quotes/route.test.ts > GET /api/quotes > devrait mapper avec quoteMapper 2ms
 Ô£ô tests/api/quotes/route.test.ts > GET /api/quotes > devrait retourner une r├®ponse pagin├®e avec format standardis├® 1ms

ÔÄ»ÔÄ»ÔÄ»ÔÄ»ÔÄ»ÔÄ» Failed Suites 4 ÔÄ»ÔÄ»ÔÄ»ÔÄ»ÔÄ»ÔÄ»ÔÄ»

 FAIL  tests/facades/payment.facade.test.ts [ tests/facades/payment.facade.test.ts ]
ReferenceError: Cannot access 'mockPaymentServiceInstance' before initialization
 ÔØ» Object.<anonymous> tests/facades/payment.facade.test.ts:26:30
     24| vi.mock('@/services/payment/payment.service', () => ({
     25|   PaymentService: {
     26|     getInstance: vi.fn(() => mockPaymentServiceInstance),
       |                              ^
     27|   },
     28| }));
 ÔØ» new _PaymentFacade facades/payment.facade.ts:36:42
 ÔØ» _PaymentFacade.getInstance facades/payment.facade.ts:41:32
 ÔØ» facades/payment.facade.ts:310:44
 ÔØ» tests/facades/payment.facade.test.ts:12:1

ÔÄ»ÔÄ»ÔÄ»ÔÄ»ÔÄ»ÔÄ»ÔÄ»ÔÄ»ÔÄ»ÔÄ»ÔÄ»ÔÄ»ÔÄ»ÔÄ»ÔÄ»ÔÄ»ÔÄ»ÔÄ»ÔÄ»ÔÄ»ÔÄ»ÔÄ»ÔÄ»[1/81]ÔÄ»

 FAIL  tests/facades/service-booking.facade.test.ts [ tests/facades/service-booking.facade.test.ts ]
ReferenceError: Cannot access 'mockPaymentServiceInstance' before initialization
 ÔØ» Object.<anonymous> tests/facades/service-booking.facade.test.ts:26:30
     24| vi.mock('@/services/payment/payment.service.strategy', () => ({
     25|   PaymentService: {
     26|     getInstance: vi.fn(() => mockPaymentServiceInstance),
       |                              ^
     27|   },
     28| }));
 ÔØ» new _ServiceBookingFacade facades/service-booking.facade.ts:58:42
 ÔØ» _ServiceBookingFacade.getInstance facades/service-booking.facade.ts:63:39
 ÔØ» facades/service-booking.facade.ts:736:58
 ÔØ» tests/facades/service-booking.facade.test.ts:11:1

ÔÄ»ÔÄ»ÔÄ»ÔÄ»ÔÄ»ÔÄ»ÔÄ»ÔÄ»ÔÄ»ÔÄ»ÔÄ»ÔÄ»ÔÄ»ÔÄ»ÔÄ»ÔÄ»ÔÄ»ÔÄ»ÔÄ»ÔÄ»ÔÄ»ÔÄ»ÔÄ»[2/81]ÔÄ»

 FAIL  tests/api/beneficiaries/route.test.ts [ tests/api/beneficiaries/route.test.ts ]
Error: [vitest] There was an error when mocking a module. If you are using "vi.mock" factory, make sure there are no 
top level variables inside, since this call is hoisted to top of the file. Read more: 
https://vitest.dev/api/vi.html#vi-mock
 ÔØ» app/api/beneficiaries/route.ts:13:1
     11| import { handleApiRoute, ApiErrors, validateBody } from '@/lib/api/errÔÇª
     12| import { createListResponse, createResourceResponse } from '@/lib/api/ÔÇª
     13| import { beneficiaryFacade } from '@/facades';
       | ^
     14| import { getUserRepository } from '@/repositories';
     15| import {

Caused by: ReferenceError: Cannot access 'mockGetBeneficiaries' before initialization
 ÔØ» tests/api/beneficiaries/route.test.ts:33:23

ÔÄ»ÔÄ»ÔÄ»ÔÄ»ÔÄ»ÔÄ»ÔÄ»ÔÄ»ÔÄ»ÔÄ»ÔÄ»ÔÄ»ÔÄ»ÔÄ»ÔÄ»ÔÄ»ÔÄ»ÔÄ»ÔÄ»ÔÄ»ÔÄ»ÔÄ»ÔÄ»[3/81]ÔÄ»

 FAIL  tests/api/messaging/route.test.ts [ tests/api/messaging/route.test.ts ]
Error: [vitest] There was an error when mocking a module. If you are using "vi.mock" factory, make sure there are no 
top level variables inside, since this call is hoisted to top of the file. Read more: 
https://vitest.dev/api/vi.html#vi-mock
 ÔØ» app/api/messaging/conversations/route.ts:12:1
     10| import dbConnect from '@/lib/mongodb';
     11| import Conversation from '@/models/Conversation';
     12| import Message from '@/models/Message';
       | ^
     13| import mongoose from 'mongoose';
     14| import { NextRequest, NextResponse } from 'next/server';

Caused by: ReferenceError: Cannot access 'mockMessageFind' before initialization
 ÔØ» tests/api/messaging/route.test.ts:63:36

ÔÄ»ÔÄ»ÔÄ»ÔÄ»ÔÄ»ÔÄ»ÔÄ»ÔÄ»ÔÄ»ÔÄ»ÔÄ»ÔÄ»ÔÄ»ÔÄ»ÔÄ»ÔÄ»ÔÄ»ÔÄ»ÔÄ»ÔÄ»ÔÄ»ÔÄ»ÔÄ»[4/81]ÔÄ»


ÔÄ»ÔÄ»ÔÄ»ÔÄ»ÔÄ»ÔÄ» Failed Tests 77 ÔÄ»ÔÄ»ÔÄ»ÔÄ»ÔÄ»ÔÄ»ÔÄ»

 FAIL  tests/facades/beneficiary.facade.test.ts > BeneficiaryFacade > updateBeneficiary > devrait mettre ├á jour un 
b├®n├®ficiaire avec succ├¿s
TypeError: Cannot read properties of undefined (reading 'findById')
 ÔØ» tests/facades/beneficiary.facade.test.ts:149:32
    147|       const { getBeneficiaryRepository } = await import('@/repositorieÔÇª
    148|       const mockRepository = getBeneficiaryRepository();
    149|       vi.mocked(mockRepository.findById).mockResolvedValue(mockExistinÔÇª
       |                                ^
    150|       vi.mocked(mockRepository.findByPayer).mockResolvedValue({
    151|         data: [mockExistingBeneficiary],

ÔÄ»ÔÄ»ÔÄ»ÔÄ»ÔÄ»ÔÄ»ÔÄ»ÔÄ»ÔÄ»ÔÄ»ÔÄ»ÔÄ»ÔÄ»ÔÄ»ÔÄ»ÔÄ»ÔÄ»ÔÄ»ÔÄ»ÔÄ»ÔÄ»ÔÄ»ÔÄ»[5/81]ÔÄ»

 FAIL  tests/facades/beneficiary.facade.test.ts > BeneficiaryFacade > updateBeneficiary > devrait retourner une erreur 
si le b├®n├®ficiaire n'existe pas
TypeError: Cannot read properties of undefined (reading 'findById')
 ÔØ» tests/facades/beneficiary.facade.test.ts:171:32
    169|       const { getBeneficiaryRepository } = await import('@/repositorieÔÇª
    170|       const mockRepository = getBeneficiaryRepository();
    171|       vi.mocked(mockRepository.findById).mockResolvedValue(null);
       |                                ^
    172| 
    173|       const result = await beneficiaryFacade.updateBeneficiary(

ÔÄ»ÔÄ»ÔÄ»ÔÄ»ÔÄ»ÔÄ»ÔÄ»ÔÄ»ÔÄ»ÔÄ»ÔÄ»ÔÄ»ÔÄ»ÔÄ»ÔÄ»ÔÄ»ÔÄ»ÔÄ»ÔÄ»ÔÄ»ÔÄ»ÔÄ»ÔÄ»[6/81]ÔÄ»

 FAIL  tests/facades/beneficiary.facade.test.ts > BeneficiaryFacade > updateBeneficiary > devrait retourner une erreur 
si le b├®n├®ficiaire n'appartient pas ├á l'utilisateur
TypeError: Cannot read properties of undefined (reading 'findById')
 ÔØ» tests/facades/beneficiary.facade.test.ts:191:32
    189|       const { getBeneficiaryRepository } = await import('@/repositorieÔÇª
    190|       const mockRepository = getBeneficiaryRepository();
    191|       vi.mocked(mockRepository.findById).mockResolvedValue(mockExistinÔÇª
       |                                ^
    192| 
    193|       const result = await beneficiaryFacade.updateBeneficiary(

ÔÄ»ÔÄ»ÔÄ»ÔÄ»ÔÄ»ÔÄ»ÔÄ»ÔÄ»ÔÄ»ÔÄ»ÔÄ»ÔÄ»ÔÄ»ÔÄ»ÔÄ»ÔÄ»ÔÄ»ÔÄ»ÔÄ»ÔÄ»ÔÄ»ÔÄ»ÔÄ»[7/81]ÔÄ»

 FAIL  tests/facades/btp.facade.test.ts > BTPFacade > executeOperation > devrait ex├®cuter searchProperties avec 
succ├¿s
Error: Test timed out in 5000ms.
If this is a long-running test, pass a timeout value as the last argument or configure it globally with "testTimeout".
 ÔØ» tests/facades/btp.facade.test.ts:31:5
     29| 
     30|   describe('executeOperation', () => {
     31|     it('devrait ex├®cuter searchProperties avec succ├¿s', async () => {
       |     ^
     32|       const btpData: BTPFacadeData = {
     33|         operation: 'searchProperties',

ÔÄ»ÔÄ»ÔÄ»ÔÄ»ÔÄ»ÔÄ»ÔÄ»ÔÄ»ÔÄ»ÔÄ»ÔÄ»ÔÄ»ÔÄ»ÔÄ»ÔÄ»ÔÄ»ÔÄ»ÔÄ»ÔÄ»ÔÄ»ÔÄ»ÔÄ»ÔÄ»[8/81]ÔÄ»

 FAIL  tests/facades/complaint.facade.test.ts > ComplaintFacade > createComplaint > devrait notifier le provider si 
notifyProvider est true
TypeError: Cannot read properties of undefined (reading 'findById')
 ÔØ» tests/facades/complaint.facade.test.ts:131:32
    129|       const { getUserRepository } = await import('@/repositories');
    130|       const mockRepository = getUserRepository();
    131|       vi.mocked(mockRepository.findById).mockResolvedValue({
       |                                ^
    132|         id: 'provider123',
    133|       } as any);

ÔÄ»ÔÄ»ÔÄ»ÔÄ»ÔÄ»ÔÄ»ÔÄ»ÔÄ»ÔÄ»ÔÄ»ÔÄ»ÔÄ»ÔÄ»ÔÄ»ÔÄ»ÔÄ»ÔÄ»ÔÄ»ÔÄ»ÔÄ»ÔÄ»ÔÄ»ÔÄ»[9/81]ÔÄ»

 FAIL  tests/facades/education.facade.test.ts > EducationFacade > executeOperation > devrait ex├®cuter searchSchools 
avec succ├¿s
Error: Test timed out in 5000ms.
If this is a long-running test, pass a timeout value as the last argument or configure it globally with "testTimeout".
 ÔØ» tests/facades/education.facade.test.ts:31:5
     29| 
     30|   describe('executeOperation', () => {
     31|     it('devrait ex├®cuter searchSchools avec succ├¿s', async () => {
       |     ^
     32|       const educationData: EducationFacadeData = {
     33|         operation: 'searchSchools',

ÔÄ»ÔÄ»ÔÄ»ÔÄ»ÔÄ»ÔÄ»ÔÄ»ÔÄ»ÔÄ»ÔÄ»ÔÄ»ÔÄ»ÔÄ»ÔÄ»ÔÄ»ÔÄ»ÔÄ»ÔÄ»ÔÄ»ÔÄ»ÔÄ»ÔÄ»[10/81]ÔÄ»

 FAIL  tests/facades/invoice.facade.test.ts > InvoiceFacade > createInvoice > devrait cr├®er une facture et envoyer un 
email si demand├®
TypeError: Cannot read properties of undefined (reading 'findById')
 ÔØ» tests/facades/invoice.facade.test.ts:121:32
    119|       const { getUserRepository } = await import('@/repositories');
    120|       const mockRepository = getUserRepository();
    121|       vi.mocked(mockRepository.findById).mockResolvedValue({
       |                                ^
    122|         _id: 'user123',
    123|         email: 'user@example.com',

ÔÄ»ÔÄ»ÔÄ»ÔÄ»ÔÄ»ÔÄ»ÔÄ»ÔÄ»ÔÄ»ÔÄ»ÔÄ»ÔÄ»ÔÄ»ÔÄ»ÔÄ»ÔÄ»ÔÄ»ÔÄ»ÔÄ»ÔÄ»ÔÄ»ÔÄ»[11/81]ÔÄ»

 FAIL  tests/facades/invoice.facade.test.ts > InvoiceFacade > createInvoice > devrait valider les donn├®es d'entr├®e
Error: Validation failed: data: User ID is required, Amount must be positive, Currency must be 3 characters, At least 
one item is required
 ÔØ» _InvoiceFacade.descriptor.value lib/decorators/validate.decorator.ts:100:33
     98|           .join('; ');
     99| 
    100|         const validationError = new Error(`Validation failed: ${errorMÔÇª
       |                                 ^
    101| 
    102|         // Envoyer ├á Sentry
 ÔØ» _InvoiceFacade.descriptor.value lib/decorators/log.decorator.ts:89:24
 ÔØ» tests/facades/invoice.facade.test.ts:231:22

ÔÄ»ÔÄ»ÔÄ»ÔÄ»ÔÄ»ÔÄ»ÔÄ»ÔÄ»ÔÄ»ÔÄ»ÔÄ»ÔÄ»ÔÄ»ÔÄ»ÔÄ»ÔÄ»ÔÄ»ÔÄ»ÔÄ»ÔÄ»ÔÄ»ÔÄ»[12/81]ÔÄ»

 FAIL  tests/facades/invoice.facade.test.ts > InvoiceFacade > createInvoice > ne devrait pas faire ├®chouer la 
cr├®ation si l'envoi d'email ├®choue
TypeError: Cannot read properties of undefined (reading 'findById')
 ÔØ» tests/facades/invoice.facade.test.ts:275:32
    273|       const { getUserRepository } = await import('@/repositories');
    274|       const mockRepository = getUserRepository();
    275|       vi.mocked(mockRepository.findById).mockResolvedValue({
       |                                ^
    276|         _id: 'user123',
    277|         email: 'user@example.com',

ÔÄ»ÔÄ»ÔÄ»ÔÄ»ÔÄ»ÔÄ»ÔÄ»ÔÄ»ÔÄ»ÔÄ»ÔÄ»ÔÄ»ÔÄ»ÔÄ»ÔÄ»ÔÄ»ÔÄ»ÔÄ»ÔÄ»ÔÄ»ÔÄ»ÔÄ»[13/81]ÔÄ»

 FAIL  tests/facades/messaging.facade.test.ts > MessagingFacade > sendMessage > devrait envoyer un message avec 
conversationId existant
Error: Test timed out in 5000ms.
If this is a long-running test, pass a timeout value as the last argument or configure it globally with "testTimeout".
 ÔØ» tests/facades/messaging.facade.test.ts:33:5
     31| 
     32|   describe('sendMessage', () => {
     33|     it('devrait envoyer un message avec conversationId existant', asynÔÇª
       |     ^
     34|       const messageData: MessagingFacadeData = {
     35|         conversationId: 'conv123',

ÔÄ»ÔÄ»ÔÄ»ÔÄ»ÔÄ»ÔÄ»ÔÄ»ÔÄ»ÔÄ»ÔÄ»ÔÄ»ÔÄ»ÔÄ»ÔÄ»ÔÄ»ÔÄ»ÔÄ»ÔÄ»ÔÄ»ÔÄ»ÔÄ»ÔÄ»[14/81]ÔÄ»

 FAIL  tests/facades/notification.facade.test.ts > NotificationFacade > sendNotification > devrait envoyer une 
notification avec succ├¿s
Error: Test timed out in 5000ms.
If this is a long-running test, pass a timeout value as the last argument or configure it globally with "testTimeout".
 ÔØ» tests/facades/notification.facade.test.ts:33:5
     31| 
     32|   describe('sendNotification', () => {
     33|     it('devrait envoyer une notification avec succ├¿s', async () => {
       |     ^
     34|       const notificationData: NotificationFacadeData = {
     35|         recipient: 'user123',

ÔÄ»ÔÄ»ÔÄ»ÔÄ»ÔÄ»ÔÄ»ÔÄ»ÔÄ»ÔÄ»ÔÄ»ÔÄ»ÔÄ»ÔÄ»ÔÄ»ÔÄ»ÔÄ»ÔÄ»ÔÄ»ÔÄ»ÔÄ»ÔÄ»ÔÄ»[15/81]ÔÄ»

 FAIL  tests/facades/speciality.facade.test.ts > SpecialityFacade > createSpeciality > devrait cr├®er une sp├®cialit├® 
avec succ├¿s
Error: Test timed out in 5000ms.
If this is a long-running test, pass a timeout value as the last argument or configure it globally with "testTimeout".
 ÔØ» tests/facades/speciality.facade.test.ts:32:5
     30| 
     31|   describe('createSpeciality', () => {
     32|     it('devrait cr├®er une sp├®cialit├® avec succ├¿s', async () => {
       |     ^
     33|       const specialityData: SpecialityFacadeData = {
     34|         name: 'Cardiologie',

ÔÄ»ÔÄ»ÔÄ»ÔÄ»ÔÄ»ÔÄ»ÔÄ»ÔÄ»ÔÄ»ÔÄ»ÔÄ»ÔÄ»ÔÄ»ÔÄ»ÔÄ»ÔÄ»ÔÄ»ÔÄ»ÔÄ»ÔÄ»ÔÄ»ÔÄ»[16/81]ÔÄ»

 FAIL  tests/facades/speciality.facade.test.ts > SpecialityFacade > execute > devrait appeler createSpeciality via 
execute
Error: Validation failed: data: Invalid speciality type
 ÔØ» _SpecialityFacade.descriptor.value lib/decorators/validate.decorator.ts:100:33
     98|           .join('; ');
     99| 
    100|         const validationError = new Error(`Validation failed: ${errorMÔÇª
       |                                 ^
    101| 
    102|         // Envoyer ├á Sentry
 ÔØ» _SpecialityFacade.descriptor.value lib/decorators/log.decorator.ts:89:24
 ÔØ» tests/facades/speciality.facade.test.ts:139:22

ÔÄ»ÔÄ»ÔÄ»ÔÄ»ÔÄ»ÔÄ»ÔÄ»ÔÄ»ÔÄ»ÔÄ»ÔÄ»ÔÄ»ÔÄ»ÔÄ»ÔÄ»ÔÄ»ÔÄ»ÔÄ»ÔÄ»ÔÄ»ÔÄ»ÔÄ»[17/81]ÔÄ»

 FAIL  tests/facades/statistics.facade.test.ts > StatisticsFacade > getStatistics > devrait r├®cup├®rer les 
statistiques personnelles avec succ├¿s
Error: Test timed out in 5000ms.
If this is a long-running test, pass a timeout value as the last argument or configure it globally with "testTimeout".
 ÔØ» tests/facades/statistics.facade.test.ts:33:5
     31| 
     32|   describe('getStatistics', () => {
     33|     it('devrait r├®cup├®rer les statistiques personnelles avec succ├¿s', ÔÇª
       |     ^
     34|       const statisticsData: StatisticsFacadeData = {
     35|         userId: 'user123',

ÔÄ»ÔÄ»ÔÄ»ÔÄ»ÔÄ»ÔÄ»ÔÄ»ÔÄ»ÔÄ»ÔÄ»ÔÄ»ÔÄ»ÔÄ»ÔÄ»ÔÄ»ÔÄ»ÔÄ»ÔÄ»ÔÄ»ÔÄ»ÔÄ»ÔÄ»[18/81]ÔÄ»

 FAIL  tests/facades/transaction.facade.test.ts > TransactionFacade > createTransaction (via execute) > devrait cr├®er 
une transaction avec succ├¿s
Error: Test timed out in 5000ms.
If this is a long-running test, pass a timeout value as the last argument or configure it globally with "testTimeout".
 ÔØ» tests/facades/transaction.facade.test.ts:34:5
     32| 
     33|   describe('createTransaction (via execute)', () => {
     34|     it('devrait cr├®er une transaction avec succ├¿s', async () => {
       |     ^
     35|       const transactionData: TransactionFacadeData = {
     36|         payerId: 'payer123',

ÔÄ»ÔÄ»ÔÄ»ÔÄ»ÔÄ»ÔÄ»ÔÄ»ÔÄ»ÔÄ»ÔÄ»ÔÄ»ÔÄ»ÔÄ»ÔÄ»ÔÄ»ÔÄ»ÔÄ»ÔÄ»ÔÄ»ÔÄ»ÔÄ»ÔÄ»[19/81]ÔÄ»

 FAIL  tests/facades/transaction.facade.test.ts > TransactionFacade > createTransaction (via execute) > devrait cr├®er 
une transaction avec notification si demand├®
 FAIL  tests/facades/transaction.facade.test.ts > TransactionFacade > createTransaction (via execute) > devrait cr├®er 
une transaction avec diff├®rents types
 FAIL  tests/facades/transaction.facade.test.ts > TransactionFacade > createTransaction (via execute) > devrait cr├®er 
une transaction avec diff├®rents serviceType
 FAIL  tests/facades/transaction.facade.test.ts > TransactionFacade > createTransaction (via execute) > devrait cr├®er 
une transaction avec metadata personnalis├®e
 FAIL  tests/facades/transaction.facade.test.ts > TransactionFacade > createTransaction (via execute) > devrait cr├®er 
une transaction avec description optionnelle
 FAIL  tests/facades/transaction.facade.test.ts > TransactionFacade > createTransaction (via execute) > devrait g├®rer 
les erreurs lors de la cr├®ation de transaction
 FAIL  tests/facades/transaction.facade.test.ts > TransactionFacade > createTransaction (via execute) > ne devrait pas 
faire ├®chouer la cr├®ation si l'envoi de notification ├®choue
 FAIL  tests/facades/transaction.facade.test.ts > TransactionFacade > createTransaction (via execute) > devrait cr├®er 
une transaction avec serviceId optionnel
MongoServerSelectionError: connect ECONNREFUSED ::1:27017, connect ECONNREFUSED 127.0.0.1:27017
 ÔØ» Topology.selectServer node_modules/.pnpm/mongodb@7.0.0/node_modules/mongodb/lib/sdam/topology.js:346:38
 ÔØ» Topology._connect node_modules/.pnpm/mongodb@7.0.0/node_modules/mongodb/lib/sdam/topology.js:219:28
 ÔØ» Topology.connect node_modules/.pnpm/mongodb@7.0.0/node_modules/mongodb/lib/sdam/topology.js:171:13
 ÔØ» topologyConnect node_modules/.pnpm/mongodb@7.0.0/node_modules/mongodb/lib/mongo_client.js:258:17
 ÔØ» MongoClient._connect node_modules/.pnpm/mongodb@7.0.0/node_modules/mongodb/lib/mongo_client.js:271:13
 ÔØ» MongoClient.connect node_modules/.pnpm/mongodb@7.0.0/node_modules/mongodb/lib/mongo_client.js:196:13

ÔÄ»ÔÄ»ÔÄ»ÔÄ»ÔÄ»ÔÄ»ÔÄ»ÔÄ»ÔÄ»ÔÄ»ÔÄ»ÔÄ»ÔÄ»ÔÄ»ÔÄ»ÔÄ»ÔÄ»ÔÄ»ÔÄ»ÔÄ»ÔÄ»ÔÄ»ÔÄ»ÔÄ»ÔÄ»ÔÄ»ÔÄ»ÔÄ»ÔÄ»ÔÄ»
Serialized Error: { errorLabelSet: { constructor: 'Function<Set>', has: 'Function<has>', add: 'Function<add>', delete: 
'Function<delete>', difference: 'Function<difference>', clear: 'Function<clear>', entries: 'Function<entries>', 
forEach: 'Function<forEach>', intersection: 'Function<intersection>', isSubsetOf: 'Function<isSubsetOf>', 
isSupersetOf: 'Function<isSupersetOf>', isDisjointFrom: 'Function<isDisjointFrom>', size: +0, symmetricDifference: 
'Function<symmetricDifference>', union: 'Function<union>', values: 'Function<values>', keys: 'Function<values>' }, 
reason: { type: 'Unknown', servers: { 'localhost:27017': { address: 'localhost:27017', type: 'Unknown', hosts: [], 
passives: [], arbiters: [], tags: {}, minWireVersion: +0, maxWireVersion: +0, roundTripTime: -1, minRoundTripTime: +0, 
lastUpdateTime: 50012729, lastWriteDate: +0, error: { errorLabelSet: {}, beforeHandshake: false }, topologyVersion: 
null, setName: null, setVersion: null, electionId: null, logicalSessionTimeoutMinutes: null, maxMessageSizeBytes: 
null, maxWriteBatchSize: null, maxBsonObjectSize: null, primary: null, me: null, '$clusterTime': null, iscryptd: false 
} }, stale: false, compatible: true, heartbeatFrequencyMS: 10000, localThresholdMS: 15, setName: null, maxElectionId: 
null, maxSetVersion: null, commonWireVersion: +0, logicalSessionTimeoutMinutes: null }, code: undefined, errorLabels: 
[], errmsg: 'connect ECONNREFUSED ::1:27017, connect ECONNREFUSED 127.0.0.1:27017', hasErrorLabel: 
'Function<hasErrorLabel>', addErrorLabel: 'Function<addErrorLabel>' }
Caused by: MongoNetworkError: connect ECONNREFUSED ::1:27017, connect ECONNREFUSED 127.0.0.1:27017
 ÔØ» Socket.<anonymous> node_modules/.pnpm/mongodb@7.0.0/node_modules/mongodb/lib/cmap/connect.js:286:44

ÔÄ»ÔÄ»ÔÄ»ÔÄ»ÔÄ»ÔÄ»ÔÄ»ÔÄ»ÔÄ»ÔÄ»ÔÄ»ÔÄ»ÔÄ»ÔÄ»ÔÄ»ÔÄ»ÔÄ»ÔÄ»ÔÄ»ÔÄ»ÔÄ»ÔÄ»ÔÄ»ÔÄ»ÔÄ»ÔÄ»ÔÄ»ÔÄ»ÔÄ»ÔÄ»
Serialized Error: { errorLabelSet: { constructor: 'Function<Set>', has: 'Function<has>', add: 'Function<add>', delete: 
'Function<delete>', difference: 'Function<difference>', clear: 'Function<clear>', entries: 'Function<entries>', 
forEach: 'Function<forEach>', intersection: 'Function<intersection>', isSubsetOf: 'Function<isSubsetOf>', 
isSupersetOf: 'Function<isSupersetOf>', isDisjointFrom: 'Function<isDisjointFrom>', size: 1, symmetricDifference: 
'Function<symmetricDifference>', union: 'Function<union>', values: 'Function<values>', keys: 'Function<values>' }, 
beforeHandshake: false, errorLabels: [ 'ResetPool' ], errmsg: 'connect ECONNREFUSED ::1:27017, connect ECONNREFUSED 
127.0.0.1:27017', hasErrorLabel: 'Function<hasErrorLabel>', addErrorLabel: 'Function<addErrorLabel>' }
{
  stack: 'AggregateError: \n' +
    '    at internalConnectMultiple (node:net:1134:18)\n' +
    '    at afterConnectMultiple (node:net:1715:7)',
  errors: [
    {
      stack: 'Error: connect ECONNREFUSED ::1:27017\n' +
        '    at createConnectionError (node:net:1678:14)\n' +
        '    at afterConnectMultiple (node:net:1708:16)',
      message: 'connect ECONNREFUSED ::1:27017',
      errno: -4078,
      code: 'ECONNREFUSED',
      syscall: 'connect',
      address: '::1',
      port: 27017,
      constructor: 'Function<Error>',
      name: 'Error',
      toString: 'Function<toString>'
    },
    {
      stack: 'Error: connect ECONNREFUSED 127.0.0.1:27017\n' +
        '    at createConnectionError (node:net:1678:14)\n' +
        '    at afterConnectMultiple (node:net:1708:16)',
      message: 'connect ECONNREFUSED 127.0.0.1:27017',
      errno: -4078,
      code: 'ECONNREFUSED',
      syscall: 'connect',
      address: '127.0.0.1',
      port: 27017,
      constructor: 'Function<Error>',
      name: 'Error',
      toString: 'Function<toString>'
    }
  ],
  code: 'ECONNREFUSED',
  constructor: 'Function<AggregateError>',
  name: 'Caused by: AggregateError',
  message: '',
  toString: 'Function<toString>',
  stacks: []
}
ÔÄ»ÔÄ»ÔÄ»ÔÄ»ÔÄ»ÔÄ»ÔÄ»ÔÄ»ÔÄ»ÔÄ»ÔÄ»ÔÄ»ÔÄ»ÔÄ»ÔÄ»ÔÄ»ÔÄ»ÔÄ»ÔÄ»ÔÄ»ÔÄ»ÔÄ»ÔÄ»ÔÄ»ÔÄ»ÔÄ»ÔÄ»ÔÄ»ÔÄ»ÔÄ»
Serialized Error: { errors: [ { stack: 'Error: connect ECONNREFUSED ::1:27017\n    at createConnectionError 
(node:net:1678:14)\n    at afterConnectMultiple (node:net:1708:16)', message: 'connect ECONNREFUSED ::1:27017', errno: 
-4078, code: 'ECONNREFUSED', syscall: 'connect', address: '::1', port: 27017, constructor: 'Function<Error>', name: 
'Error', toString: 'Function<toString>' }, { stack: 'Error: connect ECONNREFUSED 127.0.0.1:27017\n    at 
createConnectionError (node:net:1678:14)\n    at afterConnectMultiple (node:net:1708:16)', message: 'connect 
ECONNREFUSED 127.0.0.1:27017', errno: -4078, code: 'ECONNREFUSED', syscall: 'connect', address: '127.0.0.1', port: 
27017, constructor: 'Function<Error>', name: 'Error', toString: 'Function<toString>' } ], code: 'ECONNREFUSED' }
ÔÄ»ÔÄ»ÔÄ»ÔÄ»ÔÄ»ÔÄ»ÔÄ»ÔÄ»ÔÄ»ÔÄ»ÔÄ»ÔÄ»ÔÄ»ÔÄ»ÔÄ»ÔÄ»ÔÄ»ÔÄ»ÔÄ»ÔÄ»ÔÄ»ÔÄ»[20/81]ÔÄ»

 FAIL  tests/facades/transaction.facade.test.ts > TransactionFacade > createTransaction (via execute) > devrait 
valider les donn├®es d'entr├®e
Error: Validation failed: data: Payer ID is required, Beneficiary ID is required, Amount must be positive, Currency 
must be 3 characters, Transaction type is required
 ÔØ» _TransactionFacade.descriptor.value lib/decorators/validate.decorator.ts:100:33
     98|           .join('; ');
     99| 
    100|         const validationError = new Error(`Validation failed: ${errorMÔÇª
       |                                 ^
    101| 
    102|         // Envoyer ├á Sentry
 ÔØ» _TransactionFacade.descriptor.value lib/decorators/log.decorator.ts:89:24
 ÔØ» tests/facades/transaction.facade.test.ts:336:22

ÔÄ»ÔÄ»ÔÄ»ÔÄ»ÔÄ»ÔÄ»ÔÄ»ÔÄ»ÔÄ»ÔÄ»ÔÄ»ÔÄ»ÔÄ»ÔÄ»ÔÄ»ÔÄ»ÔÄ»ÔÄ»ÔÄ»ÔÄ»ÔÄ»ÔÄ»[21/81]ÔÄ»

 FAIL  tests/facades/user.facade.test.ts > UserFacade > createUserWithKYC > devrait cr├®er un utilisateur avec succ├¿s
TypeError: Cannot read properties of undefined (reading 'create')
 ÔØ» tests/facades/user.facade.test.ts:57:32
     55|       const { getUserRepository } = await import('@/repositories');
     56|       const mockRepository = getUserRepository();
     57|       vi.mocked(mockRepository.create).mockResolvedValue(mockUser as aÔÇª
       |                                ^
     58| 
     59|       const { userMapper } = await import('@/lib/mappers');

ÔÄ»ÔÄ»ÔÄ»ÔÄ»ÔÄ»ÔÄ»ÔÄ»ÔÄ»ÔÄ»ÔÄ»ÔÄ»ÔÄ»ÔÄ»ÔÄ»ÔÄ»ÔÄ»ÔÄ»ÔÄ»ÔÄ»ÔÄ»ÔÄ»ÔÄ»[22/81]ÔÄ»

 FAIL  tests/facades/user.facade.test.ts > UserFacade > createUserWithKYC > devrait g├®rer les erreurs lors de la 
cr├®ation
TypeError: Cannot read properties of undefined (reading 'create')
 ÔØ» tests/facades/user.facade.test.ts:77:32
     75|       const { getUserRepository } = await import('@/repositories');
     76|       const mockRepository = getUserRepository();
     77|       vi.mocked(mockRepository.create).mockRejectedValue(
       |                                ^
     78|         new Error('Email d├®j├á utilis├®'),
     79|       );

ÔÄ»ÔÄ»ÔÄ»ÔÄ»ÔÄ»ÔÄ»ÔÄ»ÔÄ»ÔÄ»ÔÄ»ÔÄ»ÔÄ»ÔÄ»ÔÄ»ÔÄ»ÔÄ»ÔÄ»ÔÄ»ÔÄ»ÔÄ»ÔÄ»ÔÄ»[23/81]ÔÄ»

 FAIL  tests/facades/user.facade.test.ts > UserFacade > createUserWithKYC > devrait valider les donn├®es d'entr├®e
Error: Validation failed: data: Invalid email format, Name is required
 ÔØ» _UserFacade.descriptor.value lib/decorators/validate.decorator.ts:100:33
     98|           .join('; ');
     99| 
    100|         const validationError = new Error(`Validation failed: ${errorMÔÇª
       |                                 ^
    101| 
    102|         // Envoyer ├á Sentry
 ÔØ» _UserFacade.descriptor.value lib/decorators/log.decorator.ts:89:24
 ÔØ» tests/facades/user.facade.test.ts:93:22

ÔÄ»ÔÄ»ÔÄ»ÔÄ»ÔÄ»ÔÄ»ÔÄ»ÔÄ»ÔÄ»ÔÄ»ÔÄ»ÔÄ»ÔÄ»ÔÄ»ÔÄ»ÔÄ»ÔÄ»ÔÄ»ÔÄ»ÔÄ»ÔÄ»ÔÄ»[24/81]ÔÄ»

 FAIL  tests/facades/user.facade.test.ts > UserFacade > getUsers > devrait r├®cup├®rer les utilisateurs avec filtres
TypeError: Cannot read properties of undefined (reading 'findUsersWithFilters')
 ÔØ» tests/facades/user.facade.test.ts:132:32
    130|       const { getUserRepository } = await import('@/repositories');
    131|       const mockRepository = getUserRepository();
    132|       vi.mocked(mockRepository.findUsersWithFilters).mockResolvedValueÔÇª
       |                                ^
    133|         data: mockUsers as any,
    134|         total: 2,

ÔÄ»ÔÄ»ÔÄ»ÔÄ»ÔÄ»ÔÄ»ÔÄ»ÔÄ»ÔÄ»ÔÄ»ÔÄ»ÔÄ»ÔÄ»ÔÄ»ÔÄ»ÔÄ»ÔÄ»ÔÄ»ÔÄ»ÔÄ»ÔÄ»ÔÄ»[25/81]ÔÄ»

 FAIL  tests/facades/user.facade.test.ts > UserFacade > getUsers > devrait g├®rer la pagination correctement
TypeError: Cannot read properties of undefined (reading 'findUsersWithFilters')
 ÔØ» tests/facades/user.facade.test.ts:165:32
    163|       const { getUserRepository } = await import('@/repositories');
    164|       const mockRepository = getUserRepository();
    165|       vi.mocked(mockRepository.findUsersWithFilters).mockResolvedValueÔÇª
       |                                ^
    166|         data: [] as any,
    167|         total: 25,

ÔÄ»ÔÄ»ÔÄ»ÔÄ»ÔÄ»ÔÄ»ÔÄ»ÔÄ»ÔÄ»ÔÄ»ÔÄ»ÔÄ»ÔÄ»ÔÄ»ÔÄ»ÔÄ»ÔÄ»ÔÄ»ÔÄ»ÔÄ»ÔÄ»ÔÄ»[26/81]ÔÄ»

 FAIL  tests/facades/user.facade.test.ts > UserFacade > getUsers > devrait g├®rer les erreurs lors de la r├®cup├®ration
TypeError: Cannot read properties of undefined (reading 'findUsersWithFilters')
 ÔØ» tests/facades/user.facade.test.ts:190:32
    188|       const { getUserRepository } = await import('@/repositories');
    189|       const mockRepository = getUserRepository();
    190|       vi.mocked(mockRepository.findUsersWithFilters).mockRejectedValue(
       |                                ^
    191|         new Error('Erreur de connexion ├á la base de donn├®es'),
    192|       );

ÔÄ»ÔÄ»ÔÄ»ÔÄ»ÔÄ»ÔÄ»ÔÄ»ÔÄ»ÔÄ»ÔÄ»ÔÄ»ÔÄ»ÔÄ»ÔÄ»ÔÄ»ÔÄ»ÔÄ»ÔÄ»ÔÄ»ÔÄ»ÔÄ»ÔÄ»[27/81]ÔÄ»

 FAIL  tests/hooks/useQuoteActions.test.ts > useQuoteActions > downloadQuote > devrait t├®l├®charger un devis avec 
succ├¿s
Error: createRoot(...): Target container is not a DOM element.
 ÔØ» createRoot 
node_modules/.pnpm/react-dom@18.3.1_react@18.3.1/node_modules/react-dom/cjs/react-dom.development.js:29384:11
 ÔØ» Object.createRoot$1 [as createRoot] 
node_modules/.pnpm/react-dom@18.3.1_react@18.3.1/node_modules/react-dom/cjs/react-dom.development.js:29855:10
 ÔØ» Object.exports.createRoot node_modules/.pnpm/react-dom@18.3.1_react@18.3.1/node_modules/react-dom/client.js:12:16
 ÔØ» createConcurrentRoot node_modules/.pnpm/@testing-library+react@16.3_59c0e11b10e1a70d511ef984e8664550/node_modules/
@testing-library/react/dist/pure.js:147:27
 ÔØ» render node_modules/.pnpm/@testing-library+react@16.3_59c0e11b10e1a70d511ef984e8664550/node_modules/@testing-libra
ry/react/dist/pure.js:266:12
 ÔØ» Proxy.renderHook node_modules/.pnpm/@testing-library+react@16.3_59c0e11b10e1a70d511ef984e8664550/node_modules/@tes
ting-library/react/dist/pure.js:340:7
 ÔØ» tests/hooks/useQuoteActions.test.ts:178:26
    176|       global.URL.revokeObjectURL = vi.fn();
    177| 
    178|       const { result } = renderHook(() => useQuoteActions());
       |                          ^
    179| 
    180|       await result.current.downloadQuote('quote-123');

ÔÄ»ÔÄ»ÔÄ»ÔÄ»ÔÄ»ÔÄ»ÔÄ»ÔÄ»ÔÄ»ÔÄ»ÔÄ»ÔÄ»ÔÄ»ÔÄ»ÔÄ»ÔÄ»ÔÄ»ÔÄ»ÔÄ»ÔÄ»ÔÄ»ÔÄ»[28/81]ÔÄ»

 FAIL  tests/hooks/useQuoteActions.test.ts > useQuoteActions > downloadQuote > devrait g├®rer l'├®tat isDownloading
Error: createRoot(...): Target container is not a DOM element.
 ÔØ» createRoot 
node_modules/.pnpm/react-dom@18.3.1_react@18.3.1/node_modules/react-dom/cjs/react-dom.development.js:29384:11
 ÔØ» Object.createRoot$1 [as createRoot] 
node_modules/.pnpm/react-dom@18.3.1_react@18.3.1/node_modules/react-dom/cjs/react-dom.development.js:29855:10
 ÔØ» Object.exports.createRoot node_modules/.pnpm/react-dom@18.3.1_react@18.3.1/node_modules/react-dom/client.js:12:16
 ÔØ» createConcurrentRoot node_modules/.pnpm/@testing-library+react@16.3_59c0e11b10e1a70d511ef984e8664550/node_modules/
@testing-library/react/dist/pure.js:147:27
 ÔØ» render node_modules/.pnpm/@testing-library+react@16.3_59c0e11b10e1a70d511ef984e8664550/node_modules/@testing-libra
ry/react/dist/pure.js:266:12
 ÔØ» Proxy.renderHook node_modules/.pnpm/@testing-library+react@16.3_59c0e11b10e1a70d511ef984e8664550/node_modules/@tes
ting-library/react/dist/pure.js:340:7
 ÔØ» tests/hooks/useQuoteActions.test.ts:212:26
    210|       global.URL.revokeObjectURL = vi.fn();
    211| 
    212|       const { result } = renderHook(() => useQuoteActions(), {
       |                          ^
    213|         wrapper: ({ children }) => {
    214|           const div = document.createElement('div');

ÔÄ»ÔÄ»ÔÄ»ÔÄ»ÔÄ»ÔÄ»ÔÄ»ÔÄ»ÔÄ»ÔÄ»ÔÄ»ÔÄ»ÔÄ»ÔÄ»ÔÄ»ÔÄ»ÔÄ»ÔÄ»ÔÄ»ÔÄ»ÔÄ»ÔÄ»[29/81]ÔÄ»

 FAIL  tests/api/complaints/route.test.ts > GET /api/complaints > devrait r├®cup├®rer les r├®clamations avec succ├¿s
 FAIL  tests/api/complaints/route.test.ts > GET /api/complaints > devrait appliquer les filtres de requ├¬te
 FAIL  tests/api/complaints/route.test.ts > GET /api/complaints > devrait utiliser la pagination par d├®faut
TypeError: () => mockQueryBuilder is not a constructor
 ÔØ» app/api/complaints/route.ts:53:26
     51| 
     52|     // Utiliser ComplaintQueryBuilder pour construire la requ├¬te (BuilÔÇª
     53|     const queryBuilder = new ComplaintQueryBuilder();
       |                          ^
     54| 
     55|     // Par d├®faut, r├®cup├®rer les r├®clamations de l'utilisateur connect├®

ÔÄ»ÔÄ»ÔÄ»ÔÄ»ÔÄ»ÔÄ»ÔÄ»ÔÄ»ÔÄ»ÔÄ»ÔÄ»ÔÄ»ÔÄ»ÔÄ»ÔÄ»ÔÄ»ÔÄ»ÔÄ»ÔÄ»ÔÄ»ÔÄ»ÔÄ»[30/81]ÔÄ»

 FAIL  tests/api/complaints/route.test.ts > POST /api/complaints > devrait cr├®er une r├®clamation avec succ├¿s
AssertionError: expected undefined to be 200 // Object.is equality

- Expected: 
200

+ Received: 
undefined

 ÔØ» tests/api/complaints/route.test.ts:213:29
    211|     const data = await response.json();
    212| 
    213|     expect(response.status).toBe(200);
       |                             ^
    214|     expect(data.success).toBe(true);
    215|     // R├®utiliser complaintFacade d├®j├á import├® plus haut

ÔÄ»ÔÄ»ÔÄ»ÔÄ»ÔÄ»ÔÄ»ÔÄ»ÔÄ»ÔÄ»ÔÄ»ÔÄ»ÔÄ»ÔÄ»ÔÄ»ÔÄ»ÔÄ»ÔÄ»ÔÄ»ÔÄ»ÔÄ»ÔÄ»ÔÄ»[31/81]ÔÄ»

 FAIL  tests/api/providers/route.test.ts > GET /api/providers > devrait r├®cup├®rer les providers avec succ├¿s
TypeError: () => new MockProviderQueryBuilder() is not a constructor
 ÔØ» app/api/providers/route.ts:51:26
     49| 
     50|     // Utiliser ProviderQueryBuilder pour construire la requ├¬te (BuildÔÇª
     51|     const queryBuilder = new ProviderQueryBuilder();
       |                          ^
     52| 
     53|     // Appliquer les filtres de base
 ÔØ» tests/api/providers/route.test.ts:57:26
 ÔØ» Module.GET app/api/providers/route.ts:36:10
 ÔØ» tests/api/providers/route.test.ts:119:28

ÔÄ»ÔÄ»ÔÄ»ÔÄ»ÔÄ»ÔÄ»ÔÄ»ÔÄ»ÔÄ»ÔÄ»ÔÄ»ÔÄ»ÔÄ»ÔÄ»ÔÄ»ÔÄ»ÔÄ»ÔÄ»ÔÄ»ÔÄ»ÔÄ»ÔÄ»[32/81]ÔÄ»

 FAIL  tests/api/providers/route.test.ts > GET /api/providers > devrait appliquer les filtres de requ├¬te
TypeError: () => new MockProviderQueryBuilder() is not a constructor
 ÔØ» app/api/providers/route.ts:51:26
     49| 
     50|     // Utiliser ProviderQueryBuilder pour construire la requ├¬te (BuildÔÇª
     51|     const queryBuilder = new ProviderQueryBuilder();
       |                          ^
     52| 
     53|     // Appliquer les filtres de base
 ÔØ» tests/api/providers/route.test.ts:57:26
 ÔØ» Module.GET app/api/providers/route.ts:36:10
 ÔØ» tests/api/providers/route.test.ts:139:11

ÔÄ»ÔÄ»ÔÄ»ÔÄ»ÔÄ»ÔÄ»ÔÄ»ÔÄ»ÔÄ»ÔÄ»ÔÄ»ÔÄ»ÔÄ»ÔÄ»ÔÄ»ÔÄ»ÔÄ»ÔÄ»ÔÄ»ÔÄ»ÔÄ»ÔÄ»[33/81]ÔÄ»

 FAIL  tests/api/providers/route.test.ts > GET /api/providers > devrait utiliser la pagination par d├®faut
TypeError: () => new MockProviderQueryBuilder() is not a constructor
 ÔØ» app/api/providers/route.ts:51:26
     49| 
     50|     // Utiliser ProviderQueryBuilder pour construire la requ├¬te (BuildÔÇª
     51|     const queryBuilder = new ProviderQueryBuilder();
       |                          ^
     52| 
     53|     // Appliquer les filtres de base
 ÔØ» tests/api/providers/route.test.ts:57:26
 ÔØ» Module.GET app/api/providers/route.ts:36:10
 ÔØ» tests/api/providers/route.test.ts:156:11

ÔÄ»ÔÄ»ÔÄ»ÔÄ»ÔÄ»ÔÄ»ÔÄ»ÔÄ»ÔÄ»ÔÄ»ÔÄ»ÔÄ»ÔÄ»ÔÄ»ÔÄ»ÔÄ»ÔÄ»ÔÄ»ÔÄ»ÔÄ»ÔÄ»ÔÄ»[34/81]ÔÄ»

 FAIL  tests/hooks/auth/useForgotPassword.test.ts > useForgotPassword > devrait rediriger vers /login apr├¿s 3 
secondes en cas de succ├¿s
Error: Test timed out in 5000ms.
If this is a long-running test, pass a timeout value as the last argument or configure it globally with "testTimeout".
 ÔØ» tests/hooks/auth/useForgotPassword.test.ts:147:3
    145|   });
    146| 
    147|   it('devrait rediriger vers /login apr├¿s 3 secondes en cas de succ├¿s'ÔÇª
       |   ^
    148|     vi.mocked(fetch).mockResolvedValueOnce({
    149|       ok: true,

ÔÄ»ÔÄ»ÔÄ»ÔÄ»ÔÄ»ÔÄ»ÔÄ»ÔÄ»ÔÄ»ÔÄ»ÔÄ»ÔÄ»ÔÄ»ÔÄ»ÔÄ»ÔÄ»ÔÄ»ÔÄ»ÔÄ»ÔÄ»ÔÄ»ÔÄ»[35/81]ÔÄ»

 FAIL  tests/hooks/auth/useSignOut.test.ts > useSignOut > devrait g├®rer les ├®tats de chargement (isSigningOut)
Error: Test timed out in 5000ms.
If this is a long-running test, pass a timeout value as the last argument or configure it globally with "testTimeout".
 ÔØ» tests/hooks/auth/useSignOut.test.ts:254:3
    252|   });
    253| 
    254|   it('devrait g├®rer les ├®tats de chargement (isSigningOut)', async () ÔÇª
       |   ^
    255|     let resolvePromise: (value: any) => void;
    256|     const promise = new Promise(resolve => {

ÔÄ»ÔÄ»ÔÄ»ÔÄ»ÔÄ»ÔÄ»ÔÄ»ÔÄ»ÔÄ»ÔÄ»ÔÄ»ÔÄ»ÔÄ»ÔÄ»ÔÄ»ÔÄ»ÔÄ»ÔÄ»ÔÄ»ÔÄ»ÔÄ»ÔÄ»[36/81]ÔÄ»

 FAIL  tests/hooks/auth/useSignOut.test.ts > useSignOut > devrait pr├®venir les d├®connexions multiples
AssertionError: expected +0 to be 1 // Object.is equality

- Expected
+ Received

- 1
+ 0

 ÔØ» tests/hooks/auth/useSignOut.test.ts:303:58
    301| 
    302|     // Le nombre d'appels ├á nextAuthSignOut ne devrait pas augmenter
    303|     expect(vi.mocked(nextAuthSignOut).mock.calls.length).toBe(1);
       |                                                          ^
    304|   });
    305| 

ÔÄ»ÔÄ»ÔÄ»ÔÄ»ÔÄ»ÔÄ»ÔÄ»ÔÄ»ÔÄ»ÔÄ»ÔÄ»ÔÄ»ÔÄ»ÔÄ»ÔÄ»ÔÄ»ÔÄ»ÔÄ»ÔÄ»ÔÄ»ÔÄ»ÔÄ»[37/81]ÔÄ»

 FAIL  tests/hooks/invoices/useInvoiceActions.test.ts > useInvoiceActions > downloadInvoice > devrait avoir 
isDownloading ├á true pendant le t├®l├®chargement
AssertionError: expected false to be true // Object.is equality

Ignored nodes: comments, script, style
[36m<html>[39m
  [36m<head />[39m
  [36m<body>[39m
    [36m<div />[39m
  [36m</body>[39m
[36m</html>[39m

- Expected
+ Received

- true
+ false

 ÔØ» tests/hooks/invoices/useInvoiceActions.test.ts:123:46
    121|       // V├®rifier que isDownloading est true pendant le t├®l├®chargement
    122|       await waitFor(() => {
    123|         expect(result.current.isDownloading).toBe(true);
       |                                              ^
    124|       });
    125| 
 ÔØ» runWithExpensiveErrorDiagnosticsDisabled 
node_modules/.pnpm/@testing-library+dom@10.4.1/node_modules/@testing-library/dom/dist/config.js:47:12
 ÔØ» checkCallback 
node_modules/.pnpm/@testing-library+dom@10.4.1/node_modules/@testing-library/dom/dist/wait-for.js:124:77
 ÔØ» Timeout.checkRealTimersCallback 
node_modules/.pnpm/@testing-library+dom@10.4.1/node_modules/@testing-library/dom/dist/wait-for.js:118:16

ÔÄ»ÔÄ»ÔÄ»ÔÄ»ÔÄ»ÔÄ»ÔÄ»ÔÄ»ÔÄ»ÔÄ»ÔÄ»ÔÄ»ÔÄ»ÔÄ»ÔÄ»ÔÄ»ÔÄ»ÔÄ»ÔÄ»ÔÄ»ÔÄ»ÔÄ»[38/81]ÔÄ»

 FAIL  tests/integration/api/bookings.test.ts > Integration: /api/bookings > GET /api/bookings > devrait r├®cup├®rer 
les r├®servations depuis la base de donn├®es
Error: Test timed out in 5000ms.
If this is a long-running test, pass a timeout value as the last argument or configure it globally with "testTimeout".
 ÔØ» tests/integration/api/bookings.test.ts:25:5
     23| 
     24|   describe('GET /api/bookings', () => {
     25|     it('devrait r├®cup├®rer les r├®servations depuis la base de donn├®es',ÔÇª
       |     ^
     26|       const request = new NextRequest('http://localhost:3000/api/bookiÔÇª
     27|       const response = await GET(request);

ÔÄ»ÔÄ»ÔÄ»ÔÄ»ÔÄ»ÔÄ»ÔÄ»ÔÄ»ÔÄ»ÔÄ»ÔÄ»ÔÄ»ÔÄ»ÔÄ»ÔÄ»ÔÄ»ÔÄ»ÔÄ»ÔÄ»ÔÄ»ÔÄ»ÔÄ»[39/81]ÔÄ»

 FAIL  tests/integration/api/bookings.test.ts > Integration: /api/bookings > GET /api/bookings > devrait appliquer les 
filtres de statut
TypeError: Cannot read properties of undefined (reading 'length')
 ÔØ» tests/integration/api/bookings.test.ts:44:21
     42|       
     43|       const data = await response.json();
     44|       if (data.data.length > 0) {
       |                     ^
     45|         expect(data.data[0].status).toBe('CONFIRMED');
     46|       }

ÔÄ»ÔÄ»ÔÄ»ÔÄ»ÔÄ»ÔÄ»ÔÄ»ÔÄ»ÔÄ»ÔÄ»ÔÄ»ÔÄ»ÔÄ»ÔÄ»ÔÄ»ÔÄ»ÔÄ»ÔÄ»ÔÄ»ÔÄ»ÔÄ»ÔÄ»[40/81]ÔÄ»

 FAIL  tests/integration/api/bookings.test.ts > Integration: /api/bookings > GET /api/bookings > devrait filtrer par 
requesterId
AssertionError: expected 500 to be 200 // Object.is equality

- Expected
+ Received

- 200
+ 500

 ÔØ» tests/integration/api/bookings.test.ts:55:31
     53|       const response = await GET(request);
     54|       
     55|       expect(response.status).toBe(200);
       |                               ^
     56|       const data = await response.json();
     57|       expect(data.success).toBe(true);

ÔÄ»ÔÄ»ÔÄ»ÔÄ»ÔÄ»ÔÄ»ÔÄ»ÔÄ»ÔÄ»ÔÄ»ÔÄ»ÔÄ»ÔÄ»ÔÄ»ÔÄ»ÔÄ»ÔÄ»ÔÄ»ÔÄ»ÔÄ»ÔÄ»ÔÄ»[41/81]ÔÄ»

 FAIL  tests/integration/api/bookings.test.ts > Integration: /api/bookings > POST /api/bookings > devrait cr├®er une 
r├®servation dans la base de donn├®es
AssertionError: expected [ 200, 201 ] to include 400
 ÔØ» tests/integration/api/bookings.test.ts:93:26
     91|       
     92|       // Peut retourner 200 ou 201 selon l'impl├®mentation
     93|       expect([200, 201]).toContain(response.status);
       |                          ^
     94|       
     95|       const data = await response.json();

ÔÄ»ÔÄ»ÔÄ»ÔÄ»ÔÄ»ÔÄ»ÔÄ»ÔÄ»ÔÄ»ÔÄ»ÔÄ»ÔÄ»ÔÄ»ÔÄ»ÔÄ»ÔÄ»ÔÄ»ÔÄ»ÔÄ»ÔÄ»ÔÄ»ÔÄ»[42/81]ÔÄ»

 FAIL  tests/integration/api/invoices.test.ts > Integration: /api/invoices > GET /api/invoices > devrait r├®cup├®rer 
les factures depuis la base de donn├®es
AssertionError: expected 401 to be 200 // Object.is equality

- Expected
+ Received

- 200
+ 401

 ÔØ» tests/integration/api/invoices.test.ts:29:31
     27|       const response = await GET(request);
     28|       
     29|       expect(response.status).toBe(200);
       |                               ^
     30|       
     31|       const data = await response.json();

ÔÄ»ÔÄ»ÔÄ»ÔÄ»ÔÄ»ÔÄ»ÔÄ»ÔÄ»ÔÄ»ÔÄ»ÔÄ»ÔÄ»ÔÄ»ÔÄ»ÔÄ»ÔÄ»ÔÄ»ÔÄ»ÔÄ»ÔÄ»ÔÄ»ÔÄ»[43/81]ÔÄ»

 FAIL  tests/integration/api/invoices.test.ts > Integration: /api/invoices > GET /api/invoices > devrait appliquer les 
filtres de statut
TypeError: Cannot read properties of undefined (reading 'length')
 ÔØ» tests/integration/api/invoices.test.ts:44:21
     42|       
     43|       const data = await response.json();
     44|       if (data.data.length > 0) {
       |                     ^
     45|         expect(data.data[0].status).toBe('PAID');
     46|       }

ÔÄ»ÔÄ»ÔÄ»ÔÄ»ÔÄ»ÔÄ»ÔÄ»ÔÄ»ÔÄ»ÔÄ»ÔÄ»ÔÄ»ÔÄ»ÔÄ»ÔÄ»ÔÄ»ÔÄ»ÔÄ»ÔÄ»ÔÄ»ÔÄ»ÔÄ»[44/81]ÔÄ»

 FAIL  tests/integration/api/invoices.test.ts > Integration: /api/invoices > GET /api/invoices > devrait filtrer par 
clientId
AssertionError: expected 401 to be 200 // Object.is equality

- Expected
+ Received

- 200
+ 401

 ÔØ» tests/integration/api/invoices.test.ts:55:31
     53|       const response = await GET(request);
     54|       
     55|       expect(response.status).toBe(200);
       |                               ^
     56|       const data = await response.json();
     57|       expect(data.success).toBe(true);

ÔÄ»ÔÄ»ÔÄ»ÔÄ»ÔÄ»ÔÄ»ÔÄ»ÔÄ»ÔÄ»ÔÄ»ÔÄ»ÔÄ»ÔÄ»ÔÄ»ÔÄ»ÔÄ»ÔÄ»ÔÄ»ÔÄ»ÔÄ»ÔÄ»ÔÄ»[45/81]ÔÄ»

 FAIL  tests/integration/api/invoices.test.ts > Integration: /api/invoices > POST /api/invoices > devrait cr├®er une 
facture dans la base de donn├®es
AssertionError: expected [ 200, 201 ] to include 401
 ÔØ» tests/integration/api/invoices.test.ts:86:26
     84|       
     85|       // Peut retourner 200 ou 201 selon l'impl├®mentation
     86|       expect([200, 201]).toContain(response.status);
       |                          ^
     87|       
     88|       const data = await response.json();

ÔÄ»ÔÄ»ÔÄ»ÔÄ»ÔÄ»ÔÄ»ÔÄ»ÔÄ»ÔÄ»ÔÄ»ÔÄ»ÔÄ»ÔÄ»ÔÄ»ÔÄ»ÔÄ»ÔÄ»ÔÄ»ÔÄ»ÔÄ»ÔÄ»ÔÄ»[46/81]ÔÄ»

 FAIL  tests/integration/api/payments.test.ts > Integration: /api/payments > POST /api/payments/create-intent > 
devrait cr├®er un PaymentIntent avec Stripe
AssertionError: expected [ 200, 201 ] to include 500
 ÔØ» tests/integration/api/payments.test.ts:48:26
     46|       
     47|       // Peut retourner 200 ou 201 selon l'impl├®mentation
     48|       expect([200, 201]).toContain(response.status);
       |                          ^
     49|       
     50|       const data = await response.json();

ÔÄ»ÔÄ»ÔÄ»ÔÄ»ÔÄ»ÔÄ»ÔÄ»ÔÄ»ÔÄ»ÔÄ»ÔÄ»ÔÄ»ÔÄ»ÔÄ»ÔÄ»ÔÄ»ÔÄ»ÔÄ»ÔÄ»ÔÄ»ÔÄ»ÔÄ»[47/81]ÔÄ»

 FAIL  tests/integration/api/payments.test.ts > Integration: /api/payments > POST /api/payments/process > devrait 
traiter un paiement avec succ├¿s
AssertionError: expected [ 200, 400, 404 ] to include 401
 ÔØ» tests/integration/api/payments.test.ts:76:31
     74|       
     75|       // Le statut peut varier selon l'├®tat du PaymentIntent
     76|       expect([200, 400, 404]).toContain(response.status);
       |                               ^
     77|       
     78|       const data = await response.json();

ÔÄ»ÔÄ»ÔÄ»ÔÄ»ÔÄ»ÔÄ»ÔÄ»ÔÄ»ÔÄ»ÔÄ»ÔÄ»ÔÄ»ÔÄ»ÔÄ»ÔÄ»ÔÄ»ÔÄ»ÔÄ»ÔÄ»ÔÄ»ÔÄ»ÔÄ»[48/81]ÔÄ»

 FAIL  tests/integration/api/payments.test.ts > Integration: /api/payments > GET /api/payments/transactions > devrait 
r├®cup├®rer les transactions de paiement
AssertionError: expected 401 to be 200 // Object.is equality

- Expected
+ Received

- 200
+ 401

 ÔØ» tests/integration/api/payments.test.ts:91:31
     89|       const response = await GET_TRANSACTIONS(request);
     90|       
     91|       expect(response.status).toBe(200);
       |                               ^
     92|       
     93|       const data = await response.json();

ÔÄ»ÔÄ»ÔÄ»ÔÄ»ÔÄ»ÔÄ»ÔÄ»ÔÄ»ÔÄ»ÔÄ»ÔÄ»ÔÄ»ÔÄ»ÔÄ»ÔÄ»ÔÄ»ÔÄ»ÔÄ»ÔÄ»ÔÄ»ÔÄ»ÔÄ»[49/81]ÔÄ»

 FAIL  tests/integration/api/payments.test.ts > Integration: /api/payments > GET /api/payments/transactions > devrait 
filtrer par userId
AssertionError: expected 401 to be 200 // Object.is equality

- Expected
+ Received

- 200
+ 401

 ÔØ» tests/integration/api/payments.test.ts:104:31
    102|       const response = await GET_TRANSACTIONS(request);
    103|       
    104|       expect(response.status).toBe(200);
       |                               ^
    105|       const data = await response.json();
    106|       expect(data.success).toBe(true);

ÔÄ»ÔÄ»ÔÄ»ÔÄ»ÔÄ»ÔÄ»ÔÄ»ÔÄ»ÔÄ»ÔÄ»ÔÄ»ÔÄ»ÔÄ»ÔÄ»ÔÄ»ÔÄ»ÔÄ»ÔÄ»ÔÄ»ÔÄ»ÔÄ»ÔÄ»[50/81]ÔÄ»

 FAIL  tests/integration/api/quotes.test.ts > Integration: /api/quotes > GET /api/quotes > devrait r├®cup├®rer les 
devis depuis la base de donn├®es
AssertionError: expected 401 to be 200 // Object.is equality

- Expected
+ Received

- 200
+ 401

 ÔØ» tests/integration/api/quotes.test.ts:29:31
     27|       const response = await GET(request);
     28|       
     29|       expect(response.status).toBe(200);
       |                               ^
     30|       
     31|       const data = await response.json();

ÔÄ»ÔÄ»ÔÄ»ÔÄ»ÔÄ»ÔÄ»ÔÄ»ÔÄ»ÔÄ»ÔÄ»ÔÄ»ÔÄ»ÔÄ»ÔÄ»ÔÄ»ÔÄ»ÔÄ»ÔÄ»ÔÄ»ÔÄ»ÔÄ»ÔÄ»[51/81]ÔÄ»

 FAIL  tests/integration/api/quotes.test.ts > Integration: /api/quotes > GET /api/quotes > devrait appliquer les 
filtres de type
TypeError: Cannot read properties of undefined (reading 'length')
 ÔØ» tests/integration/api/quotes.test.ts:44:21
     42|       
     43|       const data = await response.json();
     44|       if (data.data.length > 0) {
       |                     ^
     45|         expect(data.data[0].type).toBe('HEALTH');
     46|       }

ÔÄ»ÔÄ»ÔÄ»ÔÄ»ÔÄ»ÔÄ»ÔÄ»ÔÄ»ÔÄ»ÔÄ»ÔÄ»ÔÄ»ÔÄ»ÔÄ»ÔÄ»ÔÄ»ÔÄ»ÔÄ»ÔÄ»ÔÄ»ÔÄ»ÔÄ»[52/81]ÔÄ»

 FAIL  tests/integration/api/quotes.test.ts > Integration: /api/quotes > GET /api/quotes > devrait appliquer les 
filtres de statut
AssertionError: expected 401 to be 200 // Object.is equality

- Expected
+ Received

- 200
+ 401

 ÔØ» tests/integration/api/quotes.test.ts:55:31
     53|       const response = await GET(request);
     54|       
     55|       expect(response.status).toBe(200);
       |                               ^
     56|       const data = await response.json();
     57|       expect(data.success).toBe(true);

ÔÄ»ÔÄ»ÔÄ»ÔÄ»ÔÄ»ÔÄ»ÔÄ»ÔÄ»ÔÄ»ÔÄ»ÔÄ»ÔÄ»ÔÄ»ÔÄ»ÔÄ»ÔÄ»ÔÄ»ÔÄ»ÔÄ»ÔÄ»ÔÄ»ÔÄ»[53/81]ÔÄ»

 FAIL  tests/integration/api/quotes.test.ts > Integration: /api/quotes > GET /api/quotes > devrait g├®rer la 
pagination correctement
TypeError: Cannot read properties of undefined (reading 'page')
 ÔØ» tests/integration/api/quotes.test.ts:67:30
     65|       
     66|       const data = await response.json();
     67|       expect(data.pagination.page).toBe(2);
       |                              ^
     68|       expect(data.pagination.limit).toBe(5);
     69|     });

ÔÄ»ÔÄ»ÔÄ»ÔÄ»ÔÄ»ÔÄ»ÔÄ»ÔÄ»ÔÄ»ÔÄ»ÔÄ»ÔÄ»ÔÄ»ÔÄ»ÔÄ»ÔÄ»ÔÄ»ÔÄ»ÔÄ»ÔÄ»ÔÄ»ÔÄ»[54/81]ÔÄ»

 FAIL  tests/integration/api/transactions.test.ts > Integration: /api/transactions > GET /api/transactions > devrait 
r├®cup├®rer les transactions depuis la base de donn├®es
AssertionError: expected 401 to be 200 // Object.is equality

- Expected
+ Received

- 200
+ 401

 ÔØ» tests/integration/api/transactions.test.ts:29:31
     27|       const response = await GET(request);
     28|       
     29|       expect(response.status).toBe(200);
       |                               ^
     30|       
     31|       const data = await response.json();

ÔÄ»ÔÄ»ÔÄ»ÔÄ»ÔÄ»ÔÄ»ÔÄ»ÔÄ»ÔÄ»ÔÄ»ÔÄ»ÔÄ»ÔÄ»ÔÄ»ÔÄ»ÔÄ»ÔÄ»ÔÄ»ÔÄ»ÔÄ»ÔÄ»ÔÄ»[55/81]ÔÄ»

 FAIL  tests/integration/api/transactions.test.ts > Integration: /api/transactions > GET /api/transactions > devrait 
appliquer les filtres de type
TypeError: Cannot read properties of undefined (reading 'length')
 ÔØ» tests/integration/api/transactions.test.ts:44:21
     42|       
     43|       const data = await response.json();
     44|       if (data.data.length > 0) {
       |                     ^
     45|         expect(data.data[0].type).toBe('PAYMENT');
     46|       }

ÔÄ»ÔÄ»ÔÄ»ÔÄ»ÔÄ»ÔÄ»ÔÄ»ÔÄ»ÔÄ»ÔÄ»ÔÄ»ÔÄ»ÔÄ»ÔÄ»ÔÄ»ÔÄ»ÔÄ»ÔÄ»ÔÄ»ÔÄ»ÔÄ»ÔÄ»[56/81]ÔÄ»

 FAIL  tests/integration/api/transactions.test.ts > Integration: /api/transactions > GET /api/transactions > devrait 
filtrer par userId
AssertionError: expected 401 to be 200 // Object.is equality

- Expected
+ Received

- 200
+ 401

 ÔØ» tests/integration/api/transactions.test.ts:55:31
     53|       const response = await GET(request);
     54|       
     55|       expect(response.status).toBe(200);
       |                               ^
     56|       const data = await response.json();
     57|       expect(data.success).toBe(true);

ÔÄ»ÔÄ»ÔÄ»ÔÄ»ÔÄ»ÔÄ»ÔÄ»ÔÄ»ÔÄ»ÔÄ»ÔÄ»ÔÄ»ÔÄ»ÔÄ»ÔÄ»ÔÄ»ÔÄ»ÔÄ»ÔÄ»ÔÄ»ÔÄ»ÔÄ»[57/81]ÔÄ»

 FAIL  tests/integration/api/transactions.test.ts > Integration: /api/transactions > GET /api/transactions > devrait 
filtrer par date range
AssertionError: expected 401 to be 200 // Object.is equality

- Expected
+ Received

- 200
+ 401

 ÔØ» tests/integration/api/transactions.test.ts:68:31
     66|       const response = await GET(request);
     67|       
     68|       expect(response.status).toBe(200);
       |                               ^
     69|       const data = await response.json();
     70|       expect(data.success).toBe(true);

ÔÄ»ÔÄ»ÔÄ»ÔÄ»ÔÄ»ÔÄ»ÔÄ»ÔÄ»ÔÄ»ÔÄ»ÔÄ»ÔÄ»ÔÄ»ÔÄ»ÔÄ»ÔÄ»ÔÄ»ÔÄ»ÔÄ»ÔÄ»ÔÄ»ÔÄ»[58/81]ÔÄ»

 FAIL  tests/integration/api/transactions.test.ts > Integration: /api/transactions > POST /api/transactions > devrait 
cr├®er une transaction dans la base de donn├®es
AssertionError: expected [ 200, 201 ] to include 401
 ÔØ» tests/integration/api/transactions.test.ts:98:26
     96|       
     97|       // Peut retourner 200 ou 201 selon l'impl├®mentation
     98|       expect([200, 201]).toContain(response.status);
       |                          ^
     99|       
    100|       const data = await response.json();

ÔÄ»ÔÄ»ÔÄ»ÔÄ»ÔÄ»ÔÄ»ÔÄ»ÔÄ»ÔÄ»ÔÄ»ÔÄ»ÔÄ»ÔÄ»ÔÄ»ÔÄ»ÔÄ»ÔÄ»ÔÄ»ÔÄ»ÔÄ»ÔÄ»ÔÄ»[59/81]ÔÄ»

 FAIL  tests/integration/api/users.test.ts > Integration: /api/users > GET /api/users > devrait r├®cup├®rer les 
utilisateurs depuis la base de donn├®es
Error: Test timed out in 5000ms.
If this is a long-running test, pass a timeout value as the last argument or configure it globally with "testTimeout".
 ÔØ» tests/integration/api/users.test.ts:25:5
     23| 
     24|   describe('GET /api/users', () => {
     25|     it('devrait r├®cup├®rer les utilisateurs depuis la base de donn├®es',ÔÇª
       |     ^
     26|       const request = new NextRequest('http://localhost:3000/api/usersÔÇª
     27|       const response = await GET(request);

ÔÄ»ÔÄ»ÔÄ»ÔÄ»ÔÄ»ÔÄ»ÔÄ»ÔÄ»ÔÄ»ÔÄ»ÔÄ»ÔÄ»ÔÄ»ÔÄ»ÔÄ»ÔÄ»ÔÄ»ÔÄ»ÔÄ»ÔÄ»ÔÄ»ÔÄ»[60/81]ÔÄ»

 FAIL  tests/integration/api/users.test.ts > Integration: /api/users > GET /api/users > devrait appliquer les filtres 
de r├┤le
Error: Test timed out in 5000ms.
If this is a long-running test, pass a timeout value as the last argument or configure it globally with "testTimeout".
 ÔØ» tests/integration/api/users.test.ts:37:5
     35|     });
     36| 
     37|     it('devrait appliquer les filtres de r├┤le', async () => {
       |     ^
     38|       const request = new NextRequest(
     39|         'http://localhost:3000/api/users?role=CUSTOMER&limit=10',

ÔÄ»ÔÄ»ÔÄ»ÔÄ»ÔÄ»ÔÄ»ÔÄ»ÔÄ»ÔÄ»ÔÄ»ÔÄ»ÔÄ»ÔÄ»ÔÄ»ÔÄ»ÔÄ»ÔÄ»ÔÄ»ÔÄ»ÔÄ»ÔÄ»ÔÄ»[61/81]ÔÄ»

 FAIL  tests/integration/api/users.test.ts > Integration: /api/users > POST /api/users > devrait cr├®er un utilisateur 
dans la base de donn├®es
AssertionError: expected 500 to be 200 // Object.is equality

- Expected
+ Received

- 200
+ 500

 ÔØ» tests/integration/api/users.test.ts:70:31
     68|       const response = await POST(request);
     69|       
     70|       expect(response.status).toBe(200);
       |                               ^
     71|       
     72|       const data = await response.json();

ÔÄ»ÔÄ»ÔÄ»ÔÄ»ÔÄ»ÔÄ»ÔÄ»ÔÄ»ÔÄ»ÔÄ»ÔÄ»ÔÄ»ÔÄ»ÔÄ»ÔÄ»ÔÄ»ÔÄ»ÔÄ»ÔÄ»ÔÄ»ÔÄ»ÔÄ»[62/81]ÔÄ»

 FAIL  tests/api/auth/verify-email/route.test.ts > POST /api/auth/verify-email > devrait enregistrer une m├®trique 
d'├®chec en cas d'erreur
AssertionError: expected "vi.fn()" to be called with arguments: [ ObjectContaining{ÔÇª} ]

Number of calls: 0

 ÔØ» tests/api/auth/verify-email/route.test.ts:279:55
    277| 
    278|     const { monitoringManager } = await import('@/lib/monitoring/advanÔÇª
    279|     expect(vi.mocked(monitoringManager.recordMetric)).toHaveBeenCalledÔÇª
       |                                                       ^
    280|       expect.objectContaining({
    281|         name: 'auth_email_verifications_failed',

ÔÄ»ÔÄ»ÔÄ»ÔÄ»ÔÄ»ÔÄ»ÔÄ»ÔÄ»ÔÄ»ÔÄ»ÔÄ»ÔÄ»ÔÄ»ÔÄ»ÔÄ»ÔÄ»ÔÄ»ÔÄ»ÔÄ»ÔÄ»ÔÄ»ÔÄ»[63/81]ÔÄ»


 FAIL  tests/api/auth/verify-email/route.test.ts > POST /api/auth/verify-email > devrait g├®rer les erreurs 
g├®n├®riques
AssertionError: expected undefined to be false // Object.is equality

- Expected: 
false

+ Received: 
undefined

 ÔØ» tests/api/auth/verify-email/route.test.ts:305:26
    303| 
    304|     expect(response.status).toBe(400);
    305|     expect(data.success).toBe(false);
       |                          ^
    306|     expect(data.error).toBeDefined();
    307|   });

ÔÄ»ÔÄ»ÔÄ»ÔÄ»ÔÄ»ÔÄ»ÔÄ»ÔÄ»ÔÄ»ÔÄ»ÔÄ»ÔÄ»ÔÄ»ÔÄ»ÔÄ»ÔÄ»ÔÄ»ÔÄ»ÔÄ»ÔÄ»ÔÄ»ÔÄ»[64/81]ÔÄ»

 FAIL  tests/api/bookings/[id]/route.test.ts > PUT /api/bookings/[id] > devrait retourner 401 si non authentifi├®
AssertionError: expected 404 to be 401 // Object.is equality

- Expected
+ Received

- 401
+ 404

 ÔØ» tests/api/bookings/[id]/route.test.ts:220:29
    218|     const data = await response.json();
    219| 
    220|     expect(response.status).toBe(401);
       |                             ^
    221|     expect(data.error).toBe('Non autoris├®');
    222|     expect(vi.mocked(bookingService.updateBooking)).not.toHaveBeenCallÔÇª

ÔÄ»ÔÄ»ÔÄ»ÔÄ»ÔÄ»ÔÄ»ÔÄ»ÔÄ»ÔÄ»ÔÄ»ÔÄ»ÔÄ»ÔÄ»ÔÄ»ÔÄ»ÔÄ»ÔÄ»ÔÄ»ÔÄ»ÔÄ»ÔÄ»ÔÄ»[65/81]ÔÄ»

 FAIL  tests/api/bookings/[id]/route.test.ts > PUT /api/bookings/[id] > devrait retourner 400 pour un ID invalide
AssertionError: expected 401 to be 400 // Object.is equality

- Expected
+ Received

- 400
+ 401

 ÔØ» tests/api/bookings/[id]/route.test.ts:240:29
    238|     const data = await response.json();
    239| 
    240|     expect(response.status).toBe(400);
       |                             ^
    241|     expect(data.error).toBe('ID de r├®servation invalide');
    242|   });

ÔÄ»ÔÄ»ÔÄ»ÔÄ»ÔÄ»ÔÄ»ÔÄ»ÔÄ»ÔÄ»ÔÄ»ÔÄ»ÔÄ»ÔÄ»ÔÄ»ÔÄ»ÔÄ»ÔÄ»ÔÄ»ÔÄ»ÔÄ»ÔÄ»ÔÄ»[66/81]ÔÄ»

 FAIL  tests/api/bookings/[id]/route.test.ts > DELETE /api/bookings/[id] > devrait retourner 401 si non authentifi├®
AssertionError: expected 200 to be 401 // Object.is equality

- Expected
+ Received

- 401
+ 200

 ÔØ» tests/api/bookings/[id]/route.test.ts:379:29
    377|     const data = await response.json();
    378| 
    379|     expect(response.status).toBe(401);
       |                             ^
    380|     expect(data.error).toBe('Non autoris├®');
    381|     expect(vi.mocked(bookingService.cancelBooking)).not.toHaveBeenCallÔÇª

ÔÄ»ÔÄ»ÔÄ»ÔÄ»ÔÄ»ÔÄ»ÔÄ»ÔÄ»ÔÄ»ÔÄ»ÔÄ»ÔÄ»ÔÄ»ÔÄ»ÔÄ»ÔÄ»ÔÄ»ÔÄ»ÔÄ»ÔÄ»ÔÄ»ÔÄ»[67/81]ÔÄ»

 FAIL  tests/api/bookings/[id]/route.test.ts > DELETE /api/bookings/[id] > devrait retourner 400 si la r├®servation 
est d├®j├á annul├®e
AssertionError: expected 401 to be 400 // Object.is equality
 Test Files  31 failed | 41 passed (72)
      Tests  77 failed | 541 passed (618)
   Start at  20:30:23
   Duration  51.43s (transform 28.82s, setup 74.17s, collect 86.52s, tests 118.88s, environment 203.89s, prepare 5.90s)


- Expected
+ Received

- 400
+ 401

 ÔØ» tests/api/bookings/[id]/route.test.ts:437:29
    435|     const data = await response.json();
    436| 
    437|     expect(response.status).toBe(400);
       |                             ^
    438|     expect(data.error).toBe('R├®servation d├®j├á annul├®e');
    439|   });

ÔÄ»ÔÄ»ÔÄ»ÔÄ»ÔÄ»ÔÄ»ÔÄ»ÔÄ»ÔÄ»ÔÄ»ÔÄ»ÔÄ»ÔÄ»ÔÄ»ÔÄ»ÔÄ»ÔÄ»ÔÄ»ÔÄ»ÔÄ»ÔÄ»ÔÄ»[68/81]ÔÄ»

 FAIL  tests/api/bookings/[id]/route.test.ts > DELETE /api/bookings/[id] > devrait g├®rer les erreurs du service
AssertionError: expected 400 to be 500 // Object.is equality

- Expected
+ Received

- 500
+ 400

 ÔØ» tests/api/bookings/[id]/route.test.ts:459:29
    457|     const data = await response.json();
    458| 
    459|     expect(response.status).toBe(500);
       |                             ^
    460|     expect(data.error).toBe("Erreur lors de l'annulation de la r├®servaÔÇª
    461|   });

ÔÄ»ÔÄ»ÔÄ»ÔÄ»ÔÄ»ÔÄ»ÔÄ»ÔÄ»ÔÄ»ÔÄ»ÔÄ»ÔÄ»ÔÄ»ÔÄ»ÔÄ»ÔÄ»ÔÄ»ÔÄ»ÔÄ»ÔÄ»ÔÄ»ÔÄ»[69/81]ÔÄ»

 FAIL  tests/api/bookings/[id]/route.test.ts > DELETE /api/bookings/[id] > devrait g├®rer params comme Promise
AssertionError: expected 500 to be 200 // Object.is equality

- Expected
+ Received

- 200
+ 500

 ÔØ» tests/api/bookings/[id]/route.test.ts:493:29
    491|     const data = await response.json();
    492| 
    493|     expect(response.status).toBe(200);
       |                             ^
    494|     expect(data.success).toBe(true);
    495|   });

ÔÄ»ÔÄ»ÔÄ»ÔÄ»ÔÄ»ÔÄ»ÔÄ»ÔÄ»ÔÄ»ÔÄ»ÔÄ»ÔÄ»ÔÄ»ÔÄ»ÔÄ»ÔÄ»ÔÄ»ÔÄ»ÔÄ»ÔÄ»ÔÄ»ÔÄ»[70/81]ÔÄ»

 FAIL  tests/integration/api/auth/forgot-password.test.ts > Integration: /api/auth/forgot-password > POST 
/api/auth/forgot-password > devrait g├®n├®rer un token de r├®initialisation pour un utilisateur existant
Error: Test timed out in 5000ms.
If this is a long-running test, pass a timeout value as the last argument or configure it globally with "testTimeout".
 ÔØ» tests/integration/api/auth/forgot-password.test.ts:25:5
     23| 
     24|   describe('POST /api/auth/forgot-password', () => {
     25|     it('devrait g├®n├®rer un token de r├®initialisation pour un utilisateÔÇª
       |     ^
     26|       // Note: Cet utilisateur doit exister dans la base de donn├®es deÔÇª
     27|       const request = new NextRequest('http://localhost:3000/api/auth/ÔÇª

ÔÄ»ÔÄ»ÔÄ»ÔÄ»ÔÄ»ÔÄ»ÔÄ»ÔÄ»ÔÄ»ÔÄ»ÔÄ»ÔÄ»ÔÄ»ÔÄ»ÔÄ»ÔÄ»ÔÄ»ÔÄ»ÔÄ»ÔÄ»ÔÄ»ÔÄ»[71/81]ÔÄ»

 FAIL  tests/integration/api/auth/register.test.ts > Integration: /api/auth/register > POST /api/auth/register > 
devrait cr├®er un compte utilisateur dans la base de donn├®es
AssertionError: expected [ 200, 201 ] to include 400
 ÔØ» tests/integration/api/auth/register.test.ts:52:26
     50|       
     51|       // Peut retourner 200 ou 201 selon l'impl├®mentation
     52|       expect([200, 201]).toContain(response.status);
       |                          ^
     53|       
     54|       const data = await response.json();

ÔÄ»ÔÄ»ÔÄ»ÔÄ»ÔÄ»ÔÄ»ÔÄ»ÔÄ»ÔÄ»ÔÄ»ÔÄ»ÔÄ»ÔÄ»ÔÄ»ÔÄ»ÔÄ»ÔÄ»ÔÄ»ÔÄ»ÔÄ»ÔÄ»ÔÄ»[72/81]ÔÄ»

ÔÇëELIFECYCLEÔÇë Command failed with exit code 1.
