88.126.89.194 - admin [25/Aug/2025:02:41:51 +0000] "GET /grafana/api/prometheus/grafana/api/v1/rules?dashboard_uid=cd93ac9f-12c6-4208-b4f6-2f8cf4a96e11 HTTP/2.0" 200 41 "-" "-" 560 "grafana@docker" "http://172.19.0.7:3000" 9ms
88.126.89.194 - admin [25/Aug/2025:02:41:51 +0000] "GET /grafana/api/annotations?from=1756068107355&to=1756089707355&limit=100&matchAny=false&dashboardUID=cd93ac9f-12c6-4208-b4f6-2f8cf4a96e11 HTTP/2.0" 200 2 "-" "-" 561 "grafana@docker" "http://172.19.0.7:3000" 12ms
88.126.89.194 - admin [25/Aug/2025:02:41:51 +0000] "GET /grafana/api/prometheus/grafana/api/v1/rules?dashboard_uid=cd93ac9f-12c6-4208-b4f6-2f8cf4a96e11&panel_id=1 HTTP/2.0" 200 41 "-" "-" 562 "grafana@docker" "http://172.19.0.7:3000" 9ms
88.126.89.194 - admin [25/Aug/2025:02:41:51 +0000] "GET /grafana/api/ruler/grafana/api/v1/rules?subtype=cortex&dashboard_uid=cd93ac9f-12c6-4208-b4f6-2f8cf4a96e11&panel_id=1 HTTP/2.0" 200 2 "-" "-" 563 "grafana@docker" "http://172.19.0.7:3000" 9ms
88.126.89.194 - admin [25/Aug/2025:02:41:51 +0000] "GET /grafana/api/search?limit=50&page=1&type=dash-db&folderUIDs=general HTTP/2.0" 200 1257 "-" "-" 564 "grafana@docker" "http://172.19.0.7:3000" 10ms
172.21.0.1 - admin [25/Aug/2025:02:41:51 +0000] "POST /prometheus/api/v1/labels HTTP/1.1" 200 837 "-" "-" 566 "prometheus@docker" "http://172.19.0.4:9090" 3ms
88.126.89.194 - admin [25/Aug/2025:02:41:51 +0000] "POST /grafana/api/datasources/uid/aew10kr4h8oowf/resources/api/v1/labels HTTP/2.0" 200 837 "-" "-" 565 "grafana@docker" "http://172.19.0.7:3000" 13ms
88.126.89.194 - admin [25/Aug/2025:02:41:54 +0000] "GET /grafana/apis/provisioning.grafana.app/v0alpha1/namespaces/default/settings HTTP/2.0" 404 19 "-" "-" 567 "grafana@docker" "http://172.19.0.7:3000" 9ms
88.126.89.194 - admin [25/Aug/2025:02:41:54 +0000] "GET /grafana/api/search/sorting HTTP/2.0" 200 291 "-" "-" 568 "grafana@docker" "http://172.19.0.7:3000" 9ms
88.126.89.194 - admin [25/Aug/2025:02:41:54 +0000] "GET /grafana/api/folders/general?accesscontrol=true HTTP/2.0" 200 991 "-" "-" 569 "grafana@docker" "http://172.19.0.7:3000" 9ms
88.126.89.194 - admin [25/Aug/2025:02:41:58 +0000] "POST /grafana/api/frontend-metrics HTTP/2.0" 200 0 "-" "-" 570 "grafana@docker" "http://172.19.0.7:3000" 9ms
88.126.89.194 - admin [25/Aug/2025:02:42:06 +0000] "GET /grafana/api/dashboards/uid/isFoa0z7k HTTP/2.0" 200 14094 "-" "-" 571 "grafana@docker" "http://172.19.0.7:3000" 24ms
88.126.89.194 - admin [25/Aug/2025:02:42:06 +0000] "GET /grafana/api/prometheus/grafana/api/v1/rules?dashboard_uid=isFoa0z7k HTTP/2.0" 200 41 "-" "-" 572 "grafana@docker" "http://172.19.0.7:3000" 9ms
88.126.89.194 - admin [25/Aug/2025:02:42:06 +0000] "GET /grafana/api/annotations?from=1756068122864&to=1756089722864&limit=100&matchAny=false&dashboardUID=isFoa0z7k HTTP/2.0" 200 2 "-" "-" 573 "grafana@docker" "http://172.19.0.7:3000" 14ms
172.21.0.1 - admin [25/Aug/2025:02:42:06 +0000] "POST /prometheus/api/v1/query HTTP/1.1" 200 93 "-" "-" 576 "prometheus@docker" "http://172.19.0.4:9090" 3ms
88.126.89.194 - admin [25/Aug/2025:02:42:06 +0000] "POST /grafana/api/ds/query?ds_type=prometheus&requestId=SQR121 HTTP/2.0" 200 194 "-" "-" 574 "grafana@docker" "http://172.19.0.7:3000" 15ms
172.21.0.1 - admin [25/Aug/2025:02:42:06 +0000] "POST /prometheus/api/v1/query HTTP/1.1" 200 93 "-" "-" 579 "prometheus@docker" "http://172.19.0.4:9090" 3ms
88.126.89.194 - admin [25/Aug/2025:02:42:06 +0000] "POST /grafana/api/ds/query?ds_type=prometheus&requestId=SQR122 HTTP/2.0" 200 204 "-" "-" 575 "grafana@docker" "http://172.19.0.7:3000" 14ms
172.21.0.1 - admin [25/Aug/2025:02:42:06 +0000] "POST /prometheus/api/v1/query HTTP/1.1" 200 93 "-" "-" 580 "prometheus@docker" "http://172.19.0.4:9090" 3ms
88.126.89.194 - admin [25/Aug/2025:02:42:06 +0000] "POST /grafana/api/ds/query?ds_type=prometheus&requestId=SQR123 HTTP/2.0" 200 199 "-" "-" 577 "grafana@docker" "http://172.19.0.7:3000" 14ms
172.21.0.1 - admin [25/Aug/2025:02:42:06 +0000] "POST /prometheus/api/v1/query HTTP/1.1" 200 93 "-" "-" 581 "prometheus@docker" "http://172.19.0.4:9090" 2ms
88.126.89.194 - admin [25/Aug/2025:02:42:06 +0000] "POST /grafana/api/ds/query?ds_type=prometheus&requestId=SQR124 HTTP/2.0" 200 203 "-" "-" 578 "grafana@docker" "http://172.19.0.7:3000" 15ms
172.21.0.1 - admin [25/Aug/2025:02:42:06 +0000] "POST /prometheus/api/v1/query HTTP/1.1" 200 93 "-" "-" 583 "prometheus@docker" "http://172.19.0.4:9090" 3ms
88.126.89.194 - admin [25/Aug/2025:02:42:06 +0000] "POST /grafana/api/ds/query?ds_type=prometheus&requestId=SQR125 HTTP/2.0" 200 217 "-" "-" 582 "grafana@docker" "http://172.19.0.7:3000" 12ms
172.21.0.1 - admin [25/Aug/2025:02:42:06 +0000] "POST /prometheus/api/v1/query_range HTTP/1.1" 200 93 "-" "-" 585 "prometheus@docker" "http://172.19.0.4:9090" 3ms
88.126.89.194 - admin [25/Aug/2025:02:42:06 +0000] "POST /grafana/api/ds/query?ds_type=prometheus&requestId=SQR126 HTTP/2.0" 200 252 "-" "-" 584 "grafana@docker" "http://172.19.0.7:3000" 12ms
172.21.0.1 - admin [25/Aug/2025:02:42:06 +0000] "POST /prometheus/api/v1/query_range HTTP/1.1" 200 93 "-" "-" 587 "prometheus@docker" "http://172.19.0.4:9090" 6ms
172.21.0.1 - admin [25/Aug/2025:02:42:06 +0000] "POST /prometheus/api/v1/query_range HTTP/1.1" 200 93 "-" "-" 588 "prometheus@docker" "http://172.19.0.4:9090" 4ms
172.21.0.1 - admin [25/Aug/2025:02:42:06 +0000] "POST /prometheus/api/v1/query_range HTTP/1.1" 200 93 "-" "-" 590 "prometheus@docker" "http://172.19.0.4:9090" 4ms
88.126.89.194 - admin [25/Aug/2025:02:42:06 +0000] "POST /grafana/api/ds/query?ds_type=prometheus&requestId=SQR127 HTTP/2.0" 200 644 "-" "-" 586 "grafana@docker" "http://172.19.0.7:3000" 20ms
172.21.0.1 - admin [25/Aug/2025:02:42:07 +0000] "POST /prometheus/api/v1/query HTTP/1.1" 200 93 "-" "-" 592 "prometheus@docker" "http://172.19.0.4:9090" 4ms
88.126.89.194 - admin [25/Aug/2025:02:42:06 +0000] "POST /grafana/api/ds/query?ds_type=prometheus&requestId=SQR128 HTTP/2.0" 200 252 "-" "-" 589 "grafana@docker" "http://172.19.0.7:3000" 15ms
172.21.0.1 - admin [25/Aug/2025:02:42:07 +0000] "POST /prometheus/api/v1/query_range HTTP/1.1" 200 93 "-" "-" 594 "prometheus@docker" "http://172.19.0.4:9090" 3ms
88.126.89.194 - admin [25/Aug/2025:02:42:06 +0000] "POST /grafana/api/ds/query?ds_type=prometheus&requestId=SQR129 HTTP/2.0" 200 219 "-" "-" 591 "grafana@docker" "http://172.19.0.7:3000" 16ms
172.21.0.1 - admin [25/Aug/2025:02:42:07 +0000] "POST /prometheus/api/v1/query_range HTTP/1.1" 200 93 "-" "-" 595 "prometheus@docker" "http://172.19.0.4:9090" 3ms
88.126.89.194 - admin [25/Aug/2025:02:42:07 +0000] "POST /grafana/api/ds/query?ds_type=prometheus&requestId=SQR130 HTTP/2.0" 200 188 "-" "-" 593 "grafana@docker" "http://172.19.0.7:3000" 13ms
172.21.0.1 - admin [25/Aug/2025:02:42:07 +0000] "POST /prometheus/api/v1/query_range HTTP/1.1" 200 93 "-" "-" 598 "prometheus@docker" "http://172.19.0.4:9090" 3ms
172.21.0.1 - admin [25/Aug/2025:02:42:07 +0000] "POST /prometheus/api/v1/query_range HTTP/1.1" 200 93 "-" "-" 597 "prometheus@docker" "http://172.19.0.4:9090" 4ms
88.126.89.194 - admin [25/Aug/2025:02:42:07 +0000] "POST /grafana/api/ds/query?ds_type=prometheus&requestId=SQR131 HTTP/2.0" 200 422 "-" "-" 596 "grafana@docker" "http://172.19.0.7:3000" 16ms
88.126.89.194 - admin [25/Aug/2025:02:42:08 +0000] "POST /grafana/api/frontend-metrics HTTP/2.0" 200 0 "-" "-" 599 "grafana@docker" "http://172.19.0.7:3000" 8ms
88.126.89.194 - admin [25/Aug/2025:02:42:11 +0000] "GET /grafana/apis/provisioning.grafana.app/v0alpha1/namespaces/default/settings HTTP/2.0" 404 19 "-" "-" 600 "grafana@docker" "http://172.19.0.7:3000" 8ms
88.126.89.194 - admin [25/Aug/2025:02:42:11 +0000] "GET /grafana/api/search/sorting HTTP/2.0" 200 291 "-" "-" 601 "grafana@docker" "http://172.19.0.7:3000" 8ms
88.126.89.194 - admin [25/Aug/2025:02:42:12 +0000] "GET /grafana/api/dashboards/uid/cd93ac9f-12c6-4208-b4f6-2f8cf4a96e11 HTTP/2.0" 200 2281 "-" "-" 602 "grafana@docker" "http://172.19.0.7:3000" 14ms
88.126.89.194 - admin [25/Aug/2025:02:42:13 +0000] "POST /grafana/api/user/auth-tokens/rotate HTTP/2.0" 200 2 "-" "-" 603 "grafana@docker" "http://172.19.0.7:3000" 14ms
88.126.89.194 - admin [25/Aug/2025:02:42:15 +0000] "GET /grafana/apis/provisioning.grafana.app/v0alpha1/namespaces/default/settings HTTP/2.0" 404 19 "-" "-" 604 "grafana@docker" "http://172.19.0.7:3000" 8ms
88.126.89.194 - admin [25/Aug/2025:02:42:15 +0000] "GET /grafana/api/search/sorting HTTP/2.0" 200 291 "-" "-" 605 "grafana@docker" "http://172.19.0.7:3000" 8ms
88.126.89.194 - admin [25/Aug/2025:02:42:18 +0000] "POST /grafana/api/frontend-metrics HTTP/2.0" 200 0 "-" "-" 606 "grafana@docker" "http://172.19.0.7:3000" 8ms
88.126.89.194 - admin [25/Aug/2025:02:42:26 +0000] "DELETE /grafana/api/dashboards/uid/cd93ac9f-12c6-4208-b4f6-2f8cf4a96e11 HTTP/2.0" 200 114 "-" "-" 607 "grafana@docker" "http://172.19.0.7:3000" 26ms
88.126.89.194 - admin [25/Aug/2025:02:42:26 +0000] "GET /grafana/api/folders/general?accesscontrol=true HTTP/2.0" 200 991 "-" "-" 608 "grafana@docker" "http://172.19.0.7:3000" 8ms
88.126.89.194 - admin [25/Aug/2025:02:42:26 +0000] "GET /grafana/api/folders?page=1&limit=50 HTTP/2.0" 200 2 "-" "-" 609 "grafana@docker" "http://172.19.0.7:3000" 8ms
88.126.89.194 - admin [25/Aug/2025:02:42:26 +0000] "GET /grafana/api/search/sorting HTTP/2.0" 200 291 "-" "-" 610 "grafana@docker" "http://172.19.0.7:3000" 8ms
88.126.89.194 - admin [25/Aug/2025:02:42:26 +0000] "GET /grafana/api/search?limit=50&page=1&type=dash-db&folderUIDs=general HTTP/2.0" 200 988 "-" "-" 611 "grafana@docker" "http://172.19.0.7:3000" 11ms
88.126.89.194 - admin [25/Aug/2025:02:42:29 +0000] "GET /grafana/api/dashboards/uid/15472b84-b3c6-4356-b8cc-50dfad71f3e1 HTTP/2.0" 200 2504 "-" "-" 612 "grafana@docker" "http://172.19.0.7:3000" 14ms
88.126.89.194 - admin [25/Aug/2025:02:42:32 +0000] "GET /grafana/apis/provisioning.grafana.app/v0alpha1/namespaces/default/settings HTTP/2.0" 404 19 "-" "-" 613 "grafana@docker" "http://172.19.0.7:3000" 9ms
88.126.89.194 - admin [25/Aug/2025:02:42:32 +0000] "GET /grafana/api/search/sorting HTTP/2.0" 200 291 "-" "-" 614 "grafana@docker" "http://172.19.0.7:3000" 8ms
88.126.89.194 - admin [25/Aug/2025:02:42:38 +0000] "POST /grafana/api/frontend-metrics HTTP/2.0" 200 0 "-" "-" 615 "grafana@docker" "http://172.19.0.7:3000" 9ms
88.126.89.194 - admin [25/Aug/2025:02:42:41 +0000] "DELETE /grafana/api/dashboards/uid/15472b84-b3c6-4356-b8cc-50dfad71f3e1 HTTP/2.0" 200 108 "-" "-" 616 "grafana@docker" "http://172.19.0.7:3000" 23ms
88.126.89.194 - admin [25/Aug/2025:02:42:41 +0000] "GET /grafana/api/folders/general?accesscontrol=true HTTP/2.0" 200 991 "-" "-" 617 "grafana@docker" "http://172.19.0.7:3000" 8ms
88.126.89.194 - admin [25/Aug/2025:02:42:41 +0000] "GET /grafana/api/folders?page=1&limit=50 HTTP/2.0" 200 2 "-" "-" 618 "grafana@docker" "http://172.19.0.7:3000" 10ms
88.126.89.194 - admin [25/Aug/2025:02:42:41 +0000] "GET /grafana/api/search/sorting HTTP/2.0" 200 291 "-" "-" 619 "grafana@docker" "http://172.19.0.7:3000" 8ms
88.126.89.194 - admin [25/Aug/2025:02:42:41 +0000] "GET /grafana/api/search?limit=50&page=1&type=dash-db&folderUIDs=general HTTP/2.0" 200 728 "-" "-" 620 "grafana@docker" "http://172.19.0.7:3000" 11ms
88.126.89.194 - admin [25/Aug/2025:02:42:43 +0000] "GET /grafana/api/dashboards/uid/UDdpyzz7z HTTP/2.0" 200 17883 "-" "-" 621 "grafana@docker" "http://172.19.0.7:3000" 19ms
88.126.89.194 - admin [25/Aug/2025:02:42:43 +0000] "GET /grafana/api/prometheus/grafana/api/v1/rules?dashboard_uid=UDdpyzz7z HTTP/2.0" 200 41 "-" "-" 622 "grafana@docker" "http://172.19.0.7:3000" 9ms
88.126.89.194 - admin [25/Aug/2025:02:42:43 +0000] "GET /grafana/api/annotations?from=1756086159911&to=1756089759911&limit=100&matchAny=false&dashboardUID=UDdpyzz7z HTTP/2.0" 200 2 "-" "-" 623 "grafana@docker" "http://172.19.0.7:3000" 14ms
172.21.0.1 - admin [25/Aug/2025:02:42:44 +0000] "POST /prometheus/api/v1/query_range HTTP/1.1" 200 314 "-" "-" 626 "prometheus@docker" "http://172.19.0.4:9090" 3ms
88.126.89.194 - admin [25/Aug/2025:02:42:44 +0000] "POST /grafana/api/ds/query?ds_type=prometheus&requestId=SQR132 HTTP/2.0" 200 1686 "-" "-" 624 "grafana@docker" "http://172.19.0.7:3000" 13ms
172.21.0.1 - admin [25/Aug/2025:02:42:44 +0000] "POST /prometheus/api/v1/query_range HTTP/1.1" 200 981 "-" "-" 628 "prometheus@docker" "http://172.19.0.4:9090" 3ms
88.126.89.194 - admin [25/Aug/2025:02:42:44 +0000] "POST /grafana/api/ds/query?ds_type=prometheus&requestId=SQR133 HTTP/2.0" 200 4104 "-" "-" 625 "grafana@docker" "http://172.19.0.7:3000" 12ms
172.21.0.1 - admin [25/Aug/2025:02:42:44 +0000] "POST /prometheus/api/v1/query_range HTTP/1.1" 200 2781 "-" "-" 629 "prometheus@docker" "http://172.19.0.4:9090" 3ms
88.126.89.194 - admin [25/Aug/2025:02:42:44 +0000] "POST /grafana/api/ds/query?ds_type=prometheus&requestId=SQR134 HTTP/2.0" 200 10645 "-" "-" 627 "grafana@docker" "http://172.19.0.7:3000" 13ms
172.21.0.1 - admin [25/Aug/2025:02:42:44 +0000] "POST /prometheus/api/v1/query_range HTTP/1.1" 200 510 "-" "-" 632 "prometheus@docker" "http://172.19.0.4:9090" 3ms
172.21.0.1 - admin [25/Aug/2025:02:42:44 +0000] "POST /prometheus/api/v1/query_range HTTP/1.1" 200 838 "-" "-" 631 "prometheus@docker" "http://172.19.0.4:9090" 3ms
88.126.89.194 - admin [25/Aug/2025:02:42:44 +0000] "POST /grafana/api/ds/query?ds_type=prometheus&requestId=SQR135 HTTP/2.0" 200 7040 "-" "-" 630 "grafana@docker" "http://172.19.0.7:3000" 12ms
172.21.0.1 - admin [25/Aug/2025:02:42:44 +0000] "POST /prometheus/api/v1/query_range HTTP/1.1" 200 440 "-" "-" 635 "prometheus@docker" "http://172.19.0.4:9090" 3ms
172.21.0.1 - admin [25/Aug/2025:02:42:44 +0000] "POST /prometheus/api/v1/query_range HTTP/1.1" 200 378 "-" "-" 634 "prometheus@docker" "http://172.19.0.4:9090" 3ms
88.126.89.194 - admin [25/Aug/2025:02:42:44 +0000] "POST /grafana/api/ds/query?ds_type=prometheus&requestId=SQR136 HTTP/2.0" 200 4976 "-" "-" 633 "grafana@docker" "http://172.19.0.7:3000" 12ms
172.21.0.1 - admin [25/Aug/2025:02:42:44 +0000] "POST /prometheus/api/v1/query_range HTTP/1.1" 200 454 "-" "-" 637 "prometheus@docker" "http://172.19.0.4:9090" 3ms
88.126.89.194 - admin [25/Aug/2025:02:42:44 +0000] "POST /grafana/api/ds/query?ds_type=prometheus&requestId=SQR137 HTTP/2.0" 200 2661 "-" "-" 636 "grafana@docker" "http://172.19.0.7:3000" 12ms
172.21.0.1 - admin [25/Aug/2025:02:42:44 +0000] "POST /prometheus/api/v1/query_range HTTP/1.1" 200 593 "-" "-" 639 "prometheus@docker" "http://172.19.0.4:9090" 2ms
88.126.89.194 - admin [25/Aug/2025:02:42:44 +0000] "POST /grafana/api/ds/query?ds_type=prometheus&requestId=SQR138 HTTP/2.0" 200 3018 "-" "-" 638 "grafana@docker" "http://172.19.0.7:3000" 11ms
172.21.0.1 - admin [25/Aug/2025:02:42:44 +0000] "POST /prometheus/api/v1/query_range HTTP/1.1" 200 93 "-" "-" 641 "prometheus@docker" "http://172.19.0.4:9090" 3ms
172.21.0.1 - admin [25/Aug/2025:02:42:44 +0000] "POST /prometheus/api/v1/query_range HTTP/1.1" 200 413 "-" "-" 642 "prometheus@docker" "http://172.19.0.4:9090" 3ms
88.126.89.194 - admin [25/Aug/2025:02:42:44 +0000] "POST /grafana/api/ds/query?ds_type=prometheus&requestId=SQR139 HTTP/2.0" 200 2743 "-" "-" 640 "grafana@docker" "http://172.19.0.7:3000" 15ms
172.21.0.1 - admin [25/Aug/2025:02:42:44 +0000] "POST /prometheus/api/v1/query_range HTTP/1.1" 200 93 "-" "-" 644 "prometheus@docker" "http://172.19.0.4:9090" 3ms
172.21.0.1 - admin [25/Aug/2025:02:42:44 +0000] "POST /prometheus/api/v1/query_range HTTP/1.1" 200 413 "-" "-" 645 "prometheus@docker" "http://172.19.0.4:9090" 3ms
172.21.0.1 - admin [25/Aug/2025:02:42:44 +0000] "POST /prometheus/api/v1/query_range HTTP/1.1" 200 413 "-" "-" 646 "prometheus@docker" "http://172.19.0.4:9090" 3ms
172.21.0.1 - admin [25/Aug/2025:02:42:44 +0000] "POST /prometheus/api/v1/query_range HTTP/1.1" 200 514 "-" "-" 647 "prometheus@docker" "http://172.19.0.4:9090" 3ms
88.126.89.194 - admin [25/Aug/2025:02:42:44 +0000] "POST /grafana/api/ds/query?ds_type=prometheus&requestId=SQR140 HTTP/2.0" 200 8811 "-" "-" 643 "grafana@docker" "http://172.19.0.7:3000" 18ms
172.21.0.1 - admin [25/Aug/2025:02:42:44 +0000] "POST /prometheus/api/v1/query_range HTTP/1.1" 200 413 "-" "-" 650 "prometheus@docker" "http://172.19.0.4:9090" 3ms
172.21.0.1 - admin [25/Aug/2025:02:42:44 +0000] "POST /prometheus/api/v1/query_range HTTP/1.1" 200 532 "-" "-" 651 "prometheus@docker" "http://172.19.0.4:9090" 3ms
88.126.89.194 - admin [25/Aug/2025:02:42:44 +0000] "POST /grafana/api/ds/query?ds_type=prometheus&requestId=SQR141 HTTP/2.0" 200 7256 "-" "-" 648 "grafana@docker" "http://172.19.0.7:3000" 12ms
172.21.0.1 - admin [25/Aug/2025:02:42:44 +0000] "POST /prometheus/api/v1/query_range HTTP/1.1" 200 1403 "-" "-" 652 "prometheus@docker" "http://172.19.0.4:9090" 3ms
88.126.89.194 - admin [25/Aug/2025:02:42:44 +0000] "POST /grafana/api/ds/query?ds_type=prometheus&requestId=SQR142 HTTP/2.0" 200 14063 "-" "-" 649 "grafana@docker" "http://172.19.0.7:3000" 12ms
172.21.0.1 - admin [25/Aug/2025:02:42:44 +0000] "POST /prometheus/api/v1/query_range HTTP/1.1" 200 494 "-" "-" 654 "prometheus@docker" "http://172.19.0.4:9090" 3ms
88.126.89.194 - admin [25/Aug/2025:02:42:44 +0000] "POST /grafana/api/ds/query?ds_type=prometheus&requestId=SQR143 HTTP/2.0" 200 15514 "-" "-" 653 "grafana@docker" "http://172.19.0.7:3000" 13ms
172.21.0.1 - admin [25/Aug/2025:02:42:44 +0000] "POST /prometheus/api/v1/query_range HTTP/1.1" 200 93 "-" "-" 656 "prometheus@docker" "http://172.19.0.4:9090" 3ms
172.21.0.1 - admin [25/Aug/2025:02:42:44 +0000] "POST /prometheus/api/v1/query_range HTTP/1.1" 200 93 "-" "-" 657 "prometheus@docker" "http://172.19.0.4:9090" 2ms
88.126.89.194 - admin [25/Aug/2025:02:42:44 +0000] "POST /grafana/api/ds/query?ds_type=prometheus&requestId=SQR144 HTTP/2.0" 200 475 "-" "-" 655 "grafana@docker" "http://172.19.0.7:3000" 15ms
88.126.89.194 - admin [25/Aug/2025:02:42:48 +0000] "POST /grafana/api/frontend-metrics HTTP/2.0" 200 0 "-" "-" 658 "grafana@docker" "http://172.19.0.7:3000" 9ms
88.126.89.194 - admin [25/Aug/2025:02:42:57 +0000] "GET /grafana/apis/provisioning.grafana.app/v0alpha1/namespaces/default/settings HTTP/2.0" 404 19 "-" "-" 659 "grafana@docker" "http://172.19.0.7:3000" 12ms
88.126.89.194 - admin [25/Aug/2025:02:42:57 +0000] "GET /grafana/api/search/sorting HTTP/2.0" 200 291 "-" "-" 660 "grafana@docker" "http://172.19.0.7:3000" 11ms
88.126.89.194 - admin [25/Aug/2025:02:43:00 +0000] "GET /grafana/api/dashboards/uid/rpfmFFz7z HTTP/2.0" 200 11811 "-" "-" 661 "grafana@docker" "http://172.19.0.7:3000" 18ms
88.126.89.194 - admin [25/Aug/2025:02:43:00 +0000] "GET /grafana/api/prometheus/grafana/api/v1/rules?dashboard_uid=rpfmFFz7z HTTP/2.0" 200 41 "-" "-" 662 "grafana@docker" "http://172.19.0.7:3000" 9ms
172.21.0.1 - admin [25/Aug/2025:02:43:00 +0000] "GET /prometheus/api/v1/label/instance/values?match%5B%5D=prometheus_build_info&start=1756089477&end=1756089777 HTTP/1.1" 200 77 "-" "-" 665 "prometheus@docker" "http://172.19.0.4:9090" 3ms
88.126.89.194 - admin [25/Aug/2025:02:43:00 +0000] "GET /grafana/api/datasources/uid/aew10kr4h8oowf/resources/api/v1/label/instance/values?match%5B%5D=prometheus_build_info&start=1756089477&end=1756089777 HTTP/2.0" 200 77 "-" "-" 663 "grafana@docker" "http://172.19.0.7:3000" 12ms
88.126.89.194 - admin [25/Aug/2025:02:43:00 +0000] "GET /grafana/api/annotations?from=1756089476229&to=1756089776229&limit=100&matchAny=false&dashboardUID=rpfmFFz7z HTTP/2.0" 200 2 "-" "-" 664 "grafana@docker" "http://172.19.0.7:3000" 13ms
88.126.89.194 - admin [25/Aug/2025:02:43:00 +0000] "GET /grafana/public/build/textPanel.443b8d148525d0adb570.js HTTP/2.0" 200 4152 "-" "-" 666 "grafana@docker" "http://172.19.0.7:3000" 3ms
172.21.0.1 - admin [25/Aug/2025:02:43:00 +0000] "POST /prometheus/api/v1/query_range HTTP/1.1" 200 209 "-" "-" 669 "prometheus@docker" "http://172.19.0.4:9090" 3ms
88.126.89.194 - admin [25/Aug/2025:02:43:00 +0000] "POST /grafana/api/ds/query?ds_type=prometheus&requestId=SQR145 HTTP/2.0" 200 972 "-" "-" 667 "grafana@docker" "http://172.19.0.7:3000" 13ms
172.21.0.1 - admin [25/Aug/2025:02:43:00 +0000] "POST /prometheus/api/v1/query_range HTTP/1.1" 200 93 "-" "-" 671 "prometheus@docker" "http://172.19.0.4:9090" 3ms
88.126.89.194 - admin [25/Aug/2025:02:43:00 +0000] "POST /grafana/api/ds/query?ds_type=prometheus&requestId=SQR146 HTTP/2.0" 200 242 "-" "-" 668 "grafana@docker" "http://172.19.0.7:3000" 12ms
172.21.0.1 - admin [25/Aug/2025:02:43:00 +0000] "POST /prometheus/api/v1/query_range HTTP/1.1" 200 93 "-" "-" 673 "prometheus@docker" "http://172.19.0.4:9090" 3ms
88.126.89.194 - admin [25/Aug/2025:02:43:00 +0000] "POST /grafana/api/ds/query?ds_type=prometheus&requestId=SQR147 HTTP/2.0" 200 250 "-" "-" 670 "grafana@docker" "http://172.19.0.7:3000" 12ms
172.21.0.1 - admin [25/Aug/2025:02:43:00 +0000] "POST /prometheus/api/v1/query_range HTTP/1.1" 200 93 "-" "-" 675 "prometheus@docker" "http://172.19.0.4:9090" 3ms
88.126.89.194 - admin [25/Aug/2025:02:43:00 +0000] "POST /grafana/api/ds/query?ds_type=prometheus&requestId=SQR148 HTTP/2.0" 200 261 "-" "-" 672 "grafana@docker" "http://172.19.0.7:3000" 12ms
172.21.0.1 - admin [25/Aug/2025:02:43:00 +0000] "POST /prometheus/api/v1/query_range HTTP/1.1" 200 216 "-" "-" 676 "prometheus@docker" "http://172.19.0.4:9090" 3ms
88.126.89.194 - admin [25/Aug/2025:02:43:00 +0000] "POST /grafana/api/ds/query?ds_type=prometheus&requestId=SQR149 HTTP/2.0" 200 970 "-" "-" 674 "grafana@docker" "http://172.19.0.7:3000" 12ms
172.21.0.1 - admin [25/Aug/2025:02:43:00 +0000] "POST /prometheus/api/v1/query_range HTTP/1.1" 200 373 "-" "-" 678 "prometheus@docker" "http://172.19.0.4:9090" 3ms
88.126.89.194 - admin [25/Aug/2025:02:43:00 +0000] "POST /grafana/api/ds/query?ds_type=prometheus&requestId=SQR150 HTTP/2.0" 200 2680 "-" "-" 677 "grafana@docker" "http://172.19.0.7:3000" 13ms
172.21.0.1 - admin [25/Aug/2025:02:43:00 +0000] "POST /prometheus/api/v1/query_range HTTP/1.1" 200 93 "-" "-" 680 "prometheus@docker" "http://172.19.0.4:9090" 3ms
88.126.89.194 - admin [25/Aug/2025:02:43:00 +0000] "POST /grafana/api/ds/query?ds_type=prometheus&requestId=SQR151 HTTP/2.0" 200 280 "-" "-" 679 "grafana@docker" "http://172.19.0.7:3000" 12ms
88.126.89.194 - admin [25/Aug/2025:02:43:08 +0000] "POST /grafana/api/frontend-metrics HTTP/2.0" 200 0 "-" "-" 681 "grafana@docker" "http://172.19.0.7:3000" 9ms
172.21.0.1 - admin [25/Aug/2025:02:43:41 +0000] "POST /prometheus/api/v1/query_range HTTP/1.1" 200 210 "-" "-" 683 "prometheus@docker" "http://172.19.0.4:9090" 3ms
88.126.89.194 - admin [25/Aug/2025:02:43:41 +0000] "POST /grafana/api/ds/query?ds_type=prometheus&requestId=SQR152 HTTP/2.0" 200 972 "-" "-" 682 "grafana@docker" "http://172.19.0.7:3000" 14ms
172.21.0.1 - admin [25/Aug/2025:02:43:41 +0000] "POST /prometheus/api/v1/query_range HTTP/1.1" 200 93 "-" "-" 687 "prometheus@docker" "http://172.19.0.4:9090" 3ms
88.126.89.194 - admin [25/Aug/2025:02:43:41 +0000] "POST /grafana/api/ds/query?ds_type=prometheus&requestId=SQR153 HTTP/2.0" 200 242 "-" "-" 684 "grafana@docker" "http://172.19.0.7:3000" 13ms
172.21.0.1 - admin [25/Aug/2025:02:43:41 +0000] "POST /prometheus/api/v1/query_range HTTP/1.1" 200 93 "-" "-" 688 "prometheus@docker" "http://172.19.0.4:9090" 3ms
88.126.89.194 - admin [25/Aug/2025:02:43:41 +0000] "POST /grafana/api/ds/query?ds_type=prometheus&requestId=SQR154 HTTP/2.0" 200 250 "-" "-" 685 "grafana@docker" "http://172.19.0.7:3000" 11ms
172.21.0.1 - admin [25/Aug/2025:02:43:41 +0000] "POST /prometheus/api/v1/query_range HTTP/1.1" 200 93 "-" "-" 689 "prometheus@docker" "http://172.19.0.4:9090" 3ms
88.126.89.194 - admin [25/Aug/2025:02:43:41 +0000] "POST /grafana/api/ds/query?ds_type=prometheus&requestId=SQR155 HTTP/2.0" 200 261 "-" "-" 686 "grafana@docker" "http://172.19.0.7:3000" 14ms
172.21.0.1 - admin [25/Aug/2025:02:43:41 +0000] "POST /prometheus/api/v1/query_range HTTP/1.1" 200 215 "-" "-" 692 "prometheus@docker" "http://172.19.0.4:9090" 3ms
88.126.89.194 - admin [25/Aug/2025:02:43:41 +0000] "POST /grafana/api/ds/query?ds_type=prometheus&requestId=SQR156 HTTP/2.0" 200 970 "-" "-" 690 "grafana@docker" "http://172.19.0.7:3000" 18ms
88.126.89.194 - admin [25/Aug/2025:02:43:41 +0000] "GET /grafana/api/annotations?from=1756089517597&to=1756089817597&limit=100&matchAny=false&dashboardUID=rpfmFFz7z HTTP/2.0" 200 2 "-" "-" 691 "grafana@docker" "http://172.19.0.7:3000" 16ms
172.21.0.1 - admin [25/Aug/2025:02:43:41 +0000] "POST /prometheus/api/v1/query_range HTTP/1.1" 200 364 "-" "-" 695 "prometheus@docker" "http://172.19.0.4:9090" 3ms
88.126.89.194 - admin [25/Aug/2025:02:43:41 +0000] "POST /grafana/api/ds/query?ds_type=prometheus&requestId=SQR157 HTTP/2.0" 200 2678 "-" "-" 693 "grafana@docker" "http://172.19.0.7:3000" 12ms
172.21.0.1 - admin [25/Aug/2025:02:43:41 +0000] "POST /prometheus/api/v1/query_range HTTP/1.1" 200 93 "-" "-" 696 "prometheus@docker" "http://172.19.0.4:9090" 2ms
88.126.89.194 - admin [25/Aug/2025:02:43:41 +0000] "POST /grafana/api/ds/query?ds_type=prometheus&requestId=SQR158 HTTP/2.0" 200 280 "-" "-" 694 "grafana@docker" "http://172.19.0.7:3000" 11ms
172.21.0.1 - admin [25/Aug/2025:02:43:43 +0000] "POST /prometheus/api/v1/query_range HTTP/1.1" 200 210 "-" "-" 698 "prometheus@docker" "http://172.19.0.4:9090" 3ms
88.126.89.194 - admin [25/Aug/2025:02:43:43 +0000] "POST /grafana/api/ds/query?ds_type=prometheus&requestId=SQR159 HTTP/2.0" 200 972 "-" "-" 697 "grafana@docker" "http://172.19.0.7:3000" 12ms
172.21.0.1 - admin [25/Aug/2025:02:43:43 +0000] "POST /prometheus/api/v1/query_range HTTP/1.1" 200 93 "-" "-" 701 "prometheus@docker" "http://172.19.0.4:9090" 3ms
88.126.89.194 - admin [25/Aug/2025:02:43:43 +0000] "POST /grafana/api/ds/query?ds_type=prometheus&requestId=SQR160 HTTP/2.0" 200 242 "-" "-" 699 "grafana@docker" "http://172.19.0.7:3000" 15ms
172.21.0.1 - admin [25/Aug/2025:02:43:43 +0000] "POST /prometheus/api/v1/query_range HTTP/1.1" 200 93 "-" "-" 703 "prometheus@docker" "http://172.19.0.4:9090" 3ms
88.126.89.194 - admin [25/Aug/2025:02:43:43 +0000] "POST /grafana/api/ds/query?ds_type=prometheus&requestId=SQR161 HTTP/2.0" 200 250 "-" "-" 700 "grafana@docker" "http://172.19.0.7:3000" 13ms
172.21.0.1 - admin [25/Aug/2025:02:43:43 +0000] "POST /prometheus/api/v1/query_range HTTP/1.1" 200 93 "-" "-" 706 "prometheus@docker" "http://172.19.0.4:9090" 3ms
88.126.89.194 - admin [25/Aug/2025:02:43:43 +0000] "POST /grafana/api/ds/query?ds_type=prometheus&requestId=SQR162 HTTP/2.0" 200 261 "-" "-" 702 "grafana@docker" "http://172.19.0.7:3000" 13ms
172.21.0.1 - admin [25/Aug/2025:02:43:43 +0000] "POST /prometheus/api/v1/query_range HTTP/1.1" 200 215 "-" "-" 707 "prometheus@docker" "http://172.19.0.4:9090" 2ms
88.126.89.194 - admin [25/Aug/2025:02:43:43 +0000] "POST /grafana/api/ds/query?ds_type=prometheus&requestId=SQR163 HTTP/2.0" 200 970 "-" "-" 704 "grafana@docker" "http://172.19.0.7:3000" 12ms
88.126.89.194 - admin [25/Aug/2025:02:43:43 +0000] "GET /grafana/api/annotations?from=1756089519483&to=1756089819483&limit=100&matchAny=false&dashboardUID=rpfmFFz7z HTTP/2.0" 200 2 "-" "-" 705 "grafana@docker" "http://172.19.0.7:3000" 13ms
172.21.0.1 - admin [25/Aug/2025:02:43:43 +0000] "POST /prometheus/api/v1/query_range HTTP/1.1" 200 364 "-" "-" 709 "prometheus@docker" "http://172.19.0.4:9090" 3ms
88.126.89.194 - admin [25/Aug/2025:02:43:43 +0000] "POST /grafana/api/ds/query?ds_type=prometheus&requestId=SQR164 HTTP/2.0" 200 2678 "-" "-" 708 "grafana@docker" "http://172.19.0.7:3000" 12ms
172.21.0.1 - admin [25/Aug/2025:02:43:43 +0000] "POST /prometheus/api/v1/query_range HTTP/1.1" 200 93 "-" "-" 711 "prometheus@docker" "http://172.19.0.4:9090" 3ms
88.126.89.194 - admin [25/Aug/2025:02:43:43 +0000] "POST /grafana/api/ds/query?ds_type=prometheus&requestId=SQR165 HTTP/2.0" 200 280 "-" "-" 710 "grafana@docker" "http://172.19.0.7:3000" 14ms
88.126.89.194 - admin [25/Aug/2025:02:43:52 +0000] "GET /grafana/public/img/icons/unicons/expand-arrows.svg HTTP/2.0" 200 527 "-" "-" 712 "grafana@docker" "http://172.19.0.7:3000" 3ms
88.126.89.194 - admin [25/Aug/2025:02:43:52 +0000] "GET /grafana/public/build/2658.7f70ebc378803654a814.js HTTP/2.0" 200 5432 "-" "-" 713 "grafana@docker" "http://172.19.0.7:3000" 3ms
88.126.89.194 - admin [25/Aug/2025:02:43:52 +0000] "GET /grafana/public/build/2077.6e052f173fbf14caf079.js HTTP/2.0" 200 34133 "-" "-" 714 "grafana@docker" "http://172.19.0.7:3000" 3ms
88.126.89.194 - admin [25/Aug/2025:02:43:53 +0000] "GET /grafana/public/build/4064.7c8fec206403aa2b20d3.js HTTP/2.0" 200 446904 "-" "-" 715 "grafana@docker" "http://172.19.0.7:3000" 4ms
88.126.89.194 - admin [25/Aug/2025:02:46:40 +0000] "GET /grafana/apis/provisioning.grafana.app/v0alpha1/namespaces/default/settings HTTP/2.0" 404 19 "-" "-" 716 "grafana@docker" "http://172.19.0.7:3000" 12ms
88.126.89.194 - admin [25/Aug/2025:02:46:42 +0000] "POST /grafana/api/dashboards/db/ HTTP/2.0" 412 85 "-" "-" 717 "grafana@docker" "http://172.19.0.7:3000" 103ms
88.126.89.194 - admin [25/Aug/2025:02:46:49 +0000] "POST /grafana/api/dashboards/db/ HTTP/2.0" 200 144 "-" "-" 718 "grafana@docker" "http://172.19.0.7:3000" 128ms
88.126.89.194 - admin [25/Aug/2025:02:46:49 +0000] "GET /grafana/api/access-control/user/actions?reloadcache=true HTTP/2.0" 200 3888 "-" "-" 719 "grafana@docker" "http://172.19.0.7:3000" 8ms
88.126.89.194 - admin [25/Aug/2025:02:46:49 +0000] "GET /grafana/api/search/sorting HTTP/2.0" 200 291 "-" "-" 721 "grafana@docker" "http://172.19.0.7:3000" 8ms
88.126.89.194 - admin [25/Aug/2025:02:46:49 +0000] "GET /grafana/apis/provisioning.grafana.app/v0alpha1/namespaces/default/settings HTTP/2.0" 404 19 "-" "-" 720 "grafana@docker" "http://172.19.0.7:3000" 11ms
88.126.89.194 - admin [25/Aug/2025:02:46:49 +0000] "GET /grafana/api/folders/general?accesscontrol=true HTTP/2.0" 200 991 "-" "-" 722 "grafana@docker" "http://172.19.0.7:3000" 8ms
88.126.89.194 - admin [25/Aug/2025:02:46:49 +0000] "GET /grafana/api/folders?parentUid=&page=1&limit=50 HTTP/2.0" 200 2 "-" "-" 723 "grafana@docker" "http://172.19.0.7:3000" 8ms
88.126.89.194 - admin [25/Aug/2025:02:46:49 +0000] "GET /grafana/api/search?limit=50&page=1&type=dash-db&folderUIDs=general HTTP/2.0" 200 728 "-" "-" 724 "grafana@docker" "http://172.19.0.7:3000" 10ms
88.126.89.194 - admin [25/Aug/2025:02:46:54 +0000] "GET /grafana/api/frontend/assets HTTP/2.0" 200 307 "-" "-" 725 "grafana@docker" "http://172.19.0.7:3000" 9ms
88.126.89.194 - admin [25/Aug/2025:02:46:54 +0000] "GET /grafana/api/dashboards/uid/isFoa0z7k HTTP/2.0" 200 14094 "-" "-" 726 "grafana@docker" "http://172.19.0.7:3000" 19ms
88.126.89.194 - admin [25/Aug/2025:02:46:58 +0000] "POST /grafana/api/frontend-metrics HTTP/2.0" 200 0 "-" "-" 727 "grafana@docker" "http://172.19.0.7:3000" 9ms
172.21.0.1 - admin [25/Aug/2025:02:47:05 +0000] "POST /prometheus/api/v1/query HTTP/1.1" 200 93 "-" "-" 730 "prometheus@docker" "http://172.19.0.4:9090" 3ms
88.126.89.194 - admin [25/Aug/2025:02:47:05 +0000] "POST /grafana/api/ds/query?ds_type=prometheus&requestId=SQR166 HTTP/2.0" 200 194 "-" "-" 728 "grafana@docker" "http://172.19.0.7:3000" 27ms
172.21.0.1 - admin [25/Aug/2025:02:47:05 +0000] "POST /prometheus/api/v1/query HTTP/1.1" 200 93 "-" "-" 733 "prometheus@docker" "http://172.19.0.4:9090" 2ms
88.126.89.194 - admin [25/Aug/2025:02:47:05 +0000] "POST /grafana/api/ds/query?ds_type=prometheus&requestId=SQR167 HTTP/2.0" 200 204 "-" "-" 729 "grafana@docker" "http://172.19.0.7:3000" 24ms
172.21.0.1 - admin [25/Aug/2025:02:47:05 +0000] "POST /prometheus/api/v1/query HTTP/1.1" 200 93 "-" "-" 734 "prometheus@docker" "http://172.19.0.4:9090" 3ms
88.126.89.194 - admin [25/Aug/2025:02:47:05 +0000] "POST /grafana/api/ds/query?ds_type=prometheus&requestId=SQR168 HTTP/2.0" 200 199 "-" "-" 731 "grafana@docker" "http://172.19.0.7:3000" 23ms
172.21.0.1 - admin [25/Aug/2025:02:47:05 +0000] "POST /prometheus/api/v1/query HTTP/1.1" 200 93 "-" "-" 736 "prometheus@docker" "http://172.19.0.4:9090" 3ms
88.126.89.194 - admin [25/Aug/2025:02:47:05 +0000] "POST /grafana/api/ds/query?ds_type=prometheus&requestId=SQR169 HTTP/2.0" 200 203 "-" "-" 732 "grafana@docker" "http://172.19.0.7:3000" 13ms
172.21.0.1 - admin [25/Aug/2025:02:47:05 +0000] "POST /prometheus/api/v1/query HTTP/1.1" 200 93 "-" "-" 738 "prometheus@docker" "http://172.19.0.4:9090" 2ms
88.126.89.194 - admin [25/Aug/2025:02:47:05 +0000] "POST /grafana/api/ds/query?ds_type=prometheus&requestId=SQR170 HTTP/2.0" 200 217 "-" "-" 735 "grafana@docker" "http://172.19.0.7:3000" 13ms
88.126.89.194 - admin [25/Aug/2025:02:47:05 +0000] "GET /grafana/api/annotations?from=1756068421739&to=1756090021739&limit=100&matchAny=false&dashboardUID=isFoa0z7k HTTP/2.0" 200 2 "-" "-" 737 "grafana@docker" "http://172.19.0.7:3000" 13ms
172.21.0.1 - admin [25/Aug/2025:02:47:05 +0000] "POST /prometheus/api/v1/query_range HTTP/1.1" 200 93 "-" "-" 740 "prometheus@docker" "http://172.19.0.4:9090" 3ms
88.126.89.194 - admin [25/Aug/2025:02:47:05 +0000] "POST /grafana/api/ds/query?ds_type=prometheus&requestId=SQR171 HTTP/2.0" 200 252 "-" "-" 739 "grafana@docker" "http://172.19.0.7:3000" 12ms
172.21.0.1 - admin [25/Aug/2025:02:47:05 +0000] "POST /prometheus/api/v1/query_range HTTP/1.1" 200 93 "-" "-" 742 "prometheus@docker" "http://172.19.0.4:9090" 4ms
172.21.0.1 - admin [25/Aug/2025:02:47:05 +0000] "POST /prometheus/api/v1/query_range HTTP/1.1" 200 93 "-" "-" 743 "prometheus@docker" "http://172.19.0.4:9090" 4ms
172.21.0.1 - admin [25/Aug/2025:02:47:05 +0000] "POST /prometheus/api/v1/query_range HTTP/1.1" 200 93 "-" "-" 745 "prometheus@docker" "http://172.19.0.4:9090" 2ms
88.126.89.194 - admin [25/Aug/2025:02:47:05 +0000] "POST /grafana/api/ds/query?ds_type=prometheus&requestId=SQR172 HTTP/2.0" 200 644 "-" "-" 741 "grafana@docker" "http://172.19.0.7:3000" 15ms
172.21.0.1 - admin [25/Aug/2025:02:47:05 +0000] "POST /prometheus/api/v1/query HTTP/1.1" 200 93 "-" "-" 747 "prometheus@docker" "http://172.19.0.4:9090" 2ms
88.126.89.194 - admin [25/Aug/2025:02:47:05 +0000] "POST /grafana/api/ds/query?ds_type=prometheus&requestId=SQR173 HTTP/2.0" 200 252 "-" "-" 744 "grafana@docker" "http://172.19.0.7:3000" 12ms
172.21.0.1 - admin [25/Aug/2025:02:47:05 +0000] "POST /prometheus/api/v1/query_range HTTP/1.1" 200 93 "-" "-" 749 "prometheus@docker" "http://172.19.0.4:9090" 2ms
88.126.89.194 - admin [25/Aug/2025:02:47:05 +0000] "POST /grafana/api/ds/query?ds_type=prometheus&requestId=SQR174 HTTP/2.0" 200 219 "-" "-" 746 "grafana@docker" "http://172.19.0.7:3000" 11ms
172.21.0.1 - admin [25/Aug/2025:02:47:05 +0000] "POST /prometheus/api/v1/query_range HTTP/1.1" 200 93 "-" "-" 750 "prometheus@docker" "http://172.19.0.4:9090" 2ms
88.126.89.194 - admin [25/Aug/2025:02:47:05 +0000] "POST /grafana/api/ds/query?ds_type=prometheus&requestId=SQR175 HTTP/2.0" 200 188 "-" "-" 748 "grafana@docker" "http://172.19.0.7:3000" 11ms
172.21.0.1 - admin [25/Aug/2025:02:47:05 +0000] "POST /prometheus/api/v1/query_range HTTP/1.1" 200 93 "-" "-" 752 "prometheus@docker" "http://172.19.0.4:9090" 2ms
172.21.0.1 - admin [25/Aug/2025:02:47:05 +0000] "POST /prometheus/api/v1/query_range HTTP/1.1" 200 93 "-" "-" 753 "prometheus@docker" "http://172.19.0.4:9090" 2ms
88.126.89.194 - admin [25/Aug/2025:02:47:05 +0000] "POST /grafana/api/ds/query?ds_type=prometheus&requestId=SQR176 HTTP/2.0" 200 422 "-" "-" 751 "grafana@docker" "http://172.19.0.7:3000" 13ms
172.21.0.1 - admin [25/Aug/2025:02:47:18 +0000] "POST /prometheus/api/v1/query HTTP/1.1" 200 93 "-" "-" 756 "prometheus@docker" "http://172.19.0.4:9090" 3ms
88.126.89.194 - admin [25/Aug/2025:02:47:18 +0000] "POST /grafana/api/ds/query?ds_type=prometheus&requestId=SQR177 HTTP/2.0" 200 194 "-" "-" 754 "grafana@docker" "http://172.19.0.7:3000" 14ms
172.21.0.1 - admin [25/Aug/2025:02:47:18 +0000] "POST /prometheus/api/v1/query HTTP/1.1" 200 93 "-" "-" 758 "prometheus@docker" "http://172.19.0.4:9090" 3ms
88.126.89.194 - admin [25/Aug/2025:02:47:18 +0000] "POST /grafana/api/ds/query?ds_type=prometheus&requestId=SQR178 HTTP/2.0" 200 204 "-" "-" 755 "grafana@docker" "http://172.19.0.7:3000" 16ms
172.21.0.1 - admin [25/Aug/2025:02:47:18 +0000] "POST /prometheus/api/v1/query HTTP/1.1" 200 93 "-" "-" 760 "prometheus@docker" "http://172.19.0.4:9090" 2ms
88.126.89.194 - admin [25/Aug/2025:02:47:18 +0000] "POST /grafana/api/ds/query?ds_type=prometheus&requestId=SQR179 HTTP/2.0" 200 199 "-" "-" 757 "grafana@docker" "http://172.19.0.7:3000" 11ms
172.21.0.1 - admin [25/Aug/2025:02:47:18 +0000] "POST /prometheus/api/v1/query HTTP/1.1" 200 93 "-" "-" 762 "prometheus@docker" "http://172.19.0.4:9090" 3ms
88.126.89.194 - admin [25/Aug/2025:02:47:18 +0000] "POST /grafana/api/ds/query?ds_type=prometheus&requestId=SQR180 HTTP/2.0" 200 203 "-" "-" 759 "grafana@docker" "http://172.19.0.7:3000" 12ms
88.126.89.194 - admin [25/Aug/2025:02:47:18 +0000] "GET /grafana/public/img/icons/unicons/angle-left.svg HTTP/2.0" 200 221 "-" "-" 764 "grafana@docker" "http://172.19.0.7:3000" 3ms
172.21.0.1 - admin [25/Aug/2025:02:47:18 +0000] "POST /prometheus/api/v1/query HTTP/1.1" 200 93 "-" "-" 765 "prometheus@docker" "http://172.19.0.4:9090" 3ms
88.126.89.194 - admin [25/Aug/2025:02:47:18 +0000] "POST /grafana/api/ds/query?ds_type=prometheus&requestId=SQR181 HTTP/2.0" 200 218 "-" "-" 761 "grafana@docker" "http://172.19.0.7:3000" 12ms
88.126.89.194 - admin [25/Aug/2025:02:47:18 +0000] "GET /grafana/api/annotations?from=1756057621739&to=1756100821739&limit=100&matchAny=false&dashboardUID=isFoa0z7k HTTP/2.0" 200 2 "-" "-" 763 "grafana@docker" "http://172.19.0.7:3000" 16ms
172.21.0.1 - admin [25/Aug/2025:02:47:18 +0000] "POST /prometheus/api/v1/query_range HTTP/1.1" 200 93 "-" "-" 767 "prometheus@docker" "http://172.19.0.4:9090" 3ms
88.126.89.194 - admin [25/Aug/2025:02:47:18 +0000] "POST /grafana/api/ds/query?ds_type=prometheus&requestId=SQR182 HTTP/2.0" 200 251 "-" "-" 766 "grafana@docker" "http://172.19.0.7:3000" 12ms
172.21.0.1 - admin [25/Aug/2025:02:47:18 +0000] "POST /prometheus/api/v1/query_range HTTP/1.1" 200 93 "-" "-" 770 "prometheus@docker" "http://172.19.0.4:9090" 3ms
172.21.0.1 - admin [25/Aug/2025:02:47:18 +0000] "POST /prometheus/api/v1/query_range HTTP/1.1" 200 93 "-" "-" 772 "prometheus@docker" "http://172.19.0.4:9090" 3ms
172.21.0.1 - admin [25/Aug/2025:02:47:18 +0000] "POST /prometheus/api/v1/query_range HTTP/1.1" 200 93 "-" "-" 771 "prometheus@docker" "http://172.19.0.4:9090" 4ms
88.126.89.194 - admin [25/Aug/2025:02:47:18 +0000] "POST /grafana/api/ds/query?ds_type=prometheus&requestId=SQR183 HTTP/2.0" 200 644 "-" "-" 768 "grafana@docker" "http://172.19.0.7:3000" 13ms
172.21.0.1 - admin [25/Aug/2025:02:47:18 +0000] "POST /prometheus/api/v1/query HTTP/1.1" 200 93 "-" "-" 773 "prometheus@docker" "http://172.19.0.4:9090" 3ms
88.126.89.194 - admin [25/Aug/2025:02:47:18 +0000] "POST /grafana/api/ds/query?ds_type=prometheus&requestId=SQR184 HTTP/2.0" 200 252 "-" "-" 769 "grafana@docker" "http://172.19.0.7:3000" 12ms
172.21.0.1 - admin [25/Aug/2025:02:47:18 +0000] "POST /prometheus/api/v1/query_range HTTP/1.1" 200 93 "-" "-" 776 "prometheus@docker" "http://172.19.0.4:9090" 2ms
88.126.89.194 - admin [25/Aug/2025:02:47:18 +0000] "POST /grafana/api/ds/query?ds_type=prometheus&requestId=SQR185 HTTP/2.0" 200 218 "-" "-" 774 "grafana@docker" "http://172.19.0.7:3000" 12ms
172.21.0.1 - admin [25/Aug/2025:02:47:18 +0000] "POST /prometheus/api/v1/query_range HTTP/1.1" 200 93 "-" "-" 777 "prometheus@docker" "http://172.19.0.4:9090" 2ms
88.126.89.194 - admin [25/Aug/2025:02:47:18 +0000] "POST /grafana/api/ds/query?ds_type=prometheus&requestId=SQR186 HTTP/2.0" 200 187 "-" "-" 775 "grafana@docker" "http://172.19.0.7:3000" 11ms
172.21.0.1 - admin [25/Aug/2025:02:47:18 +0000] "POST /prometheus/api/v1/query_range HTTP/1.1" 200 93 "-" "-" 779 "prometheus@docker" "http://172.19.0.4:9090" 3ms
172.21.0.1 - admin [25/Aug/2025:02:47:18 +0000] "POST /prometheus/api/v1/query_range HTTP/1.1" 200 93 "-" "-" 780 "prometheus@docker" "http://172.19.0.4:9090" 3ms
88.126.89.194 - admin [25/Aug/2025:02:47:18 +0000] "POST /grafana/api/ds/query?ds_type=prometheus&requestId=SQR187 HTTP/2.0" 200 420 "-" "-" 778 "grafana@docker" "http://172.19.0.7:3000" 15ms
172.21.0.1 - admin [25/Aug/2025:02:47:22 +0000] "POST /prometheus/api/v1/query HTTP/1.1" 200 93 "-" "-" 783 "prometheus@docker" "http://172.19.0.4:9090" 3ms
88.126.89.194 - admin [25/Aug/2025:02:47:22 +0000] "POST /grafana/api/ds/query?ds_type=prometheus&requestId=SQR188 HTTP/2.0" 200 194 "-" "-" 781 "grafana@docker" "http://172.19.0.7:3000" 13ms
172.21.0.1 - admin [25/Aug/2025:02:47:22 +0000] "POST /prometheus/api/v1/query HTTP/1.1" 200 93 "-" "-" 785 "prometheus@docker" "http://172.19.0.4:9090" 3ms
88.126.89.194 - admin [25/Aug/2025:02:47:22 +0000] "POST /grafana/api/ds/query?ds_type=prometheus&requestId=SQR189 HTTP/2.0" 200 204 "-" "-" 782 "grafana@docker" "http://172.19.0.7:3000" 15ms
172.21.0.1 - admin [25/Aug/2025:02:47:22 +0000] "POST /prometheus/api/v1/query HTTP/1.1" 200 93 "-" "-" 787 "prometheus@docker" "http://172.19.0.4:9090" 3ms
88.126.89.194 - admin [25/Aug/2025:02:47:22 +0000] "POST /grafana/api/ds/query?ds_type=prometheus&requestId=SQR190 HTTP/2.0" 200 199 "-" "-" 784 "grafana@docker" "http://172.19.0.7:3000" 12ms
172.21.0.1 - admin [25/Aug/2025:02:47:22 +0000] "POST /prometheus/api/v1/query HTTP/1.1" 200 93 "-" "-" 790 "prometheus@docker" "http://172.19.0.4:9090" 3ms
88.126.89.194 - admin [25/Aug/2025:02:47:22 +0000] "POST /grafana/api/ds/query?ds_type=prometheus&requestId=SQR191 HTTP/2.0" 200 203 "-" "-" 786 "grafana@docker" "http://172.19.0.7:3000" 14ms
172.21.0.1 - admin [25/Aug/2025:02:47:22 +0000] "POST /prometheus/api/v1/query HTTP/1.1" 200 93 "-" "-" 791 "prometheus@docker" "http://172.19.0.4:9090" 3ms
88.126.89.194 - admin [25/Aug/2025:02:47:22 +0000] "POST /grafana/api/ds/query?ds_type=prometheus&requestId=SQR192 HTTP/2.0" 200 218 "-" "-" 788 "grafana@docker" "http://172.19.0.7:3000" 12ms
88.126.89.194 - admin [25/Aug/2025:02:47:22 +0000] "GET /grafana/api/annotations?from=1756057621000&to=1756100821000&limit=100&matchAny=false&dashboardUID=isFoa0z7k HTTP/2.0" 200 2 "-" "-" 789 "grafana@docker" "http://172.19.0.7:3000" 15ms
172.21.0.1 - admin [25/Aug/2025:02:47:22 +0000] "POST /prometheus/api/v1/query_range HTTP/1.1" 200 93 "-" "-" 793 "prometheus@docker" "http://172.19.0.4:9090" 3ms
88.126.89.194 - admin [25/Aug/2025:02:47:22 +0000] "POST /grafana/api/ds/query?ds_type=prometheus&requestId=SQR193 HTTP/2.0" 200 251 "-" "-" 792 "grafana@docker" "http://172.19.0.7:3000" 13ms
172.21.0.1 - admin [25/Aug/2025:02:47:22 +0000] "POST /prometheus/api/v1/query_range HTTP/1.1" 200 93 "-" "-" 796 "prometheus@docker" "http://172.19.0.4:9090" 3ms
172.21.0.1 - admin [25/Aug/2025:02:47:22 +0000] "POST /prometheus/api/v1/query_range HTTP/1.1" 200 93 "-" "-" 797 "prometheus@docker" "http://172.19.0.4:9090" 2ms
172.21.0.1 - admin [25/Aug/2025:02:47:22 +0000] "POST /prometheus/api/v1/query_range HTTP/1.1" 200 93 "-" "-" 798 "prometheus@docker" "http://172.19.0.4:9090" 3ms
88.126.89.194 - admin [25/Aug/2025:02:47:22 +0000] "POST /grafana/api/ds/query?ds_type=prometheus&requestId=SQR194 HTTP/2.0" 200 644 "-" "-" 794 "grafana@docker" "http://172.19.0.7:3000" 13ms
172.21.0.1 - admin [25/Aug/2025:02:47:22 +0000] "POST /prometheus/api/v1/query HTTP/1.1" 200 93 "-" "-" 800 "prometheus@docker" "http://172.19.0.4:9090" 2ms
88.126.89.194 - admin [25/Aug/2025:02:47:22 +0000] "POST /grafana/api/ds/query?ds_type=prometheus&requestId=SQR195 HTTP/2.0" 200 252 "-" "-" 795 "grafana@docker" "http://172.19.0.7:3000" 14ms
172.21.0.1 - admin [25/Aug/2025:02:47:22 +0000] "POST /prometheus/api/v1/query_range HTTP/1.1" 200 93 "-" "-" 802 "prometheus@docker" "http://172.19.0.4:9090" 2ms
88.126.89.194 - admin [25/Aug/2025:02:47:22 +0000] "POST /grafana/api/ds/query?ds_type=prometheus&requestId=SQR196 HTTP/2.0" 200 218 "-" "-" 799 "grafana@docker" "http://172.19.0.7:3000" 13ms
172.21.0.1 - admin [25/Aug/2025:02:47:22 +0000] "POST /prometheus/api/v1/query_range HTTP/1.1" 200 93 "-" "-" 803 "prometheus@docker" "http://172.19.0.4:9090" 3ms
88.126.89.194 - admin [25/Aug/2025:02:47:22 +0000] "POST /grafana/api/ds/query?ds_type=prometheus&requestId=SQR197 HTTP/2.0" 200 187 "-" "-" 801 "grafana@docker" "http://172.19.0.7:3000" 12ms
172.21.0.1 - admin [25/Aug/2025:02:47:22 +0000] "POST /prometheus/api/v1/query_range HTTP/1.1" 200 93 "-" "-" 805 "prometheus@docker" "http://172.19.0.4:9090" 3ms
172.21.0.1 - admin [25/Aug/2025:02:47:22 +0000] "POST /prometheus/api/v1/query_range HTTP/1.1" 200 93 "-" "-" 806 "prometheus@docker" "http://172.19.0.4:9090" 3ms
88.126.89.194 - admin [25/Aug/2025:02:47:22 +0000] "POST /grafana/api/ds/query?ds_type=prometheus&requestId=SQR198 HTTP/2.0" 200 420 "-" "-" 804 "grafana@docker" "http://172.19.0.7:3000" 12ms
172.21.0.1 - admin [25/Aug/2025:02:47:36 +0000] "POST /prometheus/api/v1/query HTTP/1.1" 200 93 "-" "-" 808 "prometheus@docker" "http://172.19.0.4:9090" 3ms
88.126.89.194 - admin [25/Aug/2025:02:47:36 +0000] "POST /grafana/api/ds/query?ds_type=prometheus&requestId=SQR199 HTTP/2.0" 200 195 "-" "-" 807 "grafana@docker" "http://172.19.0.7:3000" 13ms
172.21.0.1 - admin [25/Aug/2025:02:47:36 +0000] "POST /prometheus/api/v1/query HTTP/1.1" 200 93 "-" "-" 811 "prometheus@docker" "http://172.19.0.4:9090" 2ms
88.126.89.194 - admin [25/Aug/2025:02:47:36 +0000] "POST /grafana/api/ds/query?ds_type=prometheus&requestId=SQR200 HTTP/2.0" 200 205 "-" "-" 809 "grafana@docker" "http://172.19.0.7:3000" 11ms
172.21.0.1 - admin [25/Aug/2025:02:47:36 +0000] "POST /prometheus/api/v1/query HTTP/1.1" 200 93 "-" "-" 813 "prometheus@docker" "http://172.19.0.4:9090" 2ms
88.126.89.194 - admin [25/Aug/2025:02:47:36 +0000] "POST /grafana/api/ds/query?ds_type=prometheus&requestId=SQR201 HTTP/2.0" 200 200 "-" "-" 810 "grafana@docker" "http://172.19.0.7:3000" 11ms
172.21.0.1 - admin [25/Aug/2025:02:47:36 +0000] "POST /prometheus/api/v1/query HTTP/1.1" 200 93 "-" "-" 814 "prometheus@docker" "http://172.19.0.4:9090" 2ms
88.126.89.194 - admin [25/Aug/2025:02:47:36 +0000] "POST /grafana/api/ds/query?ds_type=prometheus&requestId=SQR202 HTTP/2.0" 200 204 "-" "-" 812 "grafana@docker" "http://172.19.0.7:3000" 11ms
172.21.0.1 - admin [25/Aug/2025:02:47:36 +0000] "POST /prometheus/api/v1/query HTTP/1.1" 200 93 "-" "-" 817 "prometheus@docker" "http://172.19.0.4:9090" 2ms
88.126.89.194 - admin [25/Aug/2025:02:47:36 +0000] "POST /grafana/api/ds/query?ds_type=prometheus&requestId=SQR203 HTTP/2.0" 200 219 "-" "-" 816 "grafana@docker" "http://172.19.0.7:3000" 11ms
88.126.89.194 - admin [25/Aug/2025:02:47:36 +0000] "GET /grafana/api/annotations?from=1755900000000&to=1756331999000&limit=100&matchAny=false&dashboardUID=isFoa0z7k HTTP/2.0" 200 2 "-" "-" 815 "grafana@docker" "http://172.19.0.7:3000" 14ms
172.21.0.1 - admin [25/Aug/2025:02:47:36 +0000] "POST /prometheus/api/v1/query_range HTTP/1.1" 200 93 "-" "-" 819 "prometheus@docker" "http://172.19.0.4:9090" 3ms
88.126.89.194 - admin [25/Aug/2025:02:47:36 +0000] "POST /grafana/api/ds/query?ds_type=prometheus&requestId=SQR204 HTTP/2.0" 200 252 "-" "-" 818 "grafana@docker" "http://172.19.0.7:3000" 12ms
172.21.0.1 - admin [25/Aug/2025:02:47:36 +0000] "POST /prometheus/api/v1/query_range HTTP/1.1" 200 93 "-" "-" 821 "prometheus@docker" "http://172.19.0.4:9090" 3ms
172.21.0.1 - admin [25/Aug/2025:02:47:36 +0000] "POST /prometheus/api/v1/query_range HTTP/1.1" 200 93 "-" "-" 823 "prometheus@docker" "http://172.19.0.4:9090" 2ms
172.21.0.1 - admin [25/Aug/2025:02:47:36 +0000] "POST /prometheus/api/v1/query_range HTTP/1.1" 200 93 "-" "-" 822 "prometheus@docker" "http://172.19.0.4:9090" 3ms
88.126.89.194 - admin [25/Aug/2025:02:47:36 +0000] "POST /grafana/api/ds/query?ds_type=prometheus&requestId=SQR205 HTTP/2.0" 200 650 "-" "-" 820 "grafana@docker" "http://172.19.0.7:3000" 15ms
172.21.0.1 - admin [25/Aug/2025:02:47:36 +0000] "POST /prometheus/api/v1/query HTTP/1.1" 200 93 "-" "-" 826 "prometheus@docker" "http://172.19.0.4:9090" 3ms
88.126.89.194 - admin [25/Aug/2025:02:47:36 +0000] "POST /grafana/api/ds/query?ds_type=prometheus&requestId=SQR206 HTTP/2.0" 200 253 "-" "-" 824 "grafana@docker" "http://172.19.0.7:3000" 12ms
172.21.0.1 - admin [25/Aug/2025:02:47:36 +0000] "POST /prometheus/api/v1/query_range HTTP/1.1" 200 93 "-" "-" 828 "prometheus@docker" "http://172.19.0.4:9090" 3ms
88.126.89.194 - admin [25/Aug/2025:02:47:36 +0000] "POST /grafana/api/ds/query?ds_type=prometheus&requestId=SQR207 HTTP/2.0" 200 219 "-" "-" 825 "grafana@docker" "http://172.19.0.7:3000" 11ms
172.21.0.1 - admin [25/Aug/2025:02:47:36 +0000] "POST /prometheus/api/v1/query_range HTTP/1.1" 200 93 "-" "-" 829 "prometheus@docker" "http://172.19.0.4:9090" 2ms
88.126.89.194 - admin [25/Aug/2025:02:47:36 +0000] "POST /grafana/api/ds/query?ds_type=prometheus&requestId=SQR208 HTTP/2.0" 200 188 "-" "-" 827 "grafana@docker" "http://172.19.0.7:3000" 13ms
172.21.0.1 - admin [25/Aug/2025:02:47:36 +0000] "POST /prometheus/api/v1/query_range HTTP/1.1" 200 93 "-" "-" 832 "prometheus@docker" "http://172.19.0.4:9090" 3ms
172.21.0.1 - admin [25/Aug/2025:02:47:36 +0000] "POST /prometheus/api/v1/query_range HTTP/1.1" 200 93 "-" "-" 831 "prometheus@docker" "http://172.19.0.4:9090" 3ms
88.126.89.194 - admin [25/Aug/2025:02:47:36 +0000] "POST /grafana/api/ds/query?ds_type=prometheus&requestId=SQR209 HTTP/2.0" 200 422 "-" "-" 830 "grafana@docker" "http://172.19.0.7:3000" 12ms
88.126.89.194 - admin [25/Aug/2025:02:47:42 +0000] "POST /grafana/api/short-urls HTTP/2.0" 200 90 "-" "-" 833 "grafana@docker" "http://172.19.0.7:3000" 14ms
88.126.89.194 - admin [25/Aug/2025:02:47:48 +0000] "GET /grafana/api/search/sorting HTTP/2.0" 200 291 "-" "-" 835 "grafana@docker" "http://172.19.0.7:3000" 8ms
88.126.89.194 - admin [25/Aug/2025:02:47:48 +0000] "GET /grafana/apis/provisioning.grafana.app/v0alpha1/namespaces/default/settings HTTP/2.0" 404 19 "-" "-" 834 "grafana@docker" "http://172.19.0.7:3000" 11ms
88.126.89.194 - admin [25/Aug/2025:02:47:52 +0000] "GET /grafana/api/dashboards/uid/isFoa0z7k HTTP/2.0" 200 14094 "-" "-" 836 "grafana@docker" "http://172.19.0.7:3000" 20ms
