88.126.89.194 - admin [25/Aug/2025:02:29:37 +0000] "GET /grafana/public/img/icons/unicons/book-open.svg HTTP/2.0" 200 812 "-" "-" 309 "grafana@docker" "http://172.19.0.7:3000" 2ms
172.21.0.1 - admin [25/Aug/2025:02:29:37 +0000] "GET /prometheus/api/v1/metadata HTTP/1.1" 200 8166 "-" "-" 310 "prometheus@docker" "http://172.19.0.4:9090" 3ms
88.126.89.194 - admin [25/Aug/2025:02:29:37 +0000] "GET /grafana/api/datasources/uid/aew10kr4h8oowf/resources/api/v1/metadata HTTP/2.0" 200 8166 "-" "-" 307 "grafana@docker" "http://172.19.0.7:3000" 13ms
88.126.89.194 - admin [25/Aug/2025:02:29:43 +0000] "GET /grafana/apis/provisioning.grafana.app/v0alpha1/namespaces/default/settings HTTP/2.0" 404 19 "-" "-" 311 "grafana@docker" "http://172.19.0.7:3000" 9ms
88.126.89.194 - admin [25/Aug/2025:02:29:43 +0000] "GET /grafana/api/search?limit=1000&query=New%20dashboard&type=dash-db&folderUIDs=general HTTP/2.0" 200 2 "-" "-" 312 "grafana@docker" "http://172.19.0.7:3000" 12ms
88.126.89.194 - admin [25/Aug/2025:02:29:43 +0000] "GET /grafana/api/search?limit=1000&query=New%20dashboard&type=dash-db&folderUIDs=general HTTP/2.0" 200 2 "-" "-" 313 "grafana@docker" "http://172.19.0.7:3000" 10ms
88.126.89.194 - admin [25/Aug/2025:02:29:51 +0000] "GET /grafana/api/search?limit=1000&query=New%20dashboar&type=dash-db&folderUIDs=general HTTP/2.0" 200 2 "-" "-" 314 "grafana@docker" "http://172.19.0.7:3000" 11ms
88.126.89.194 - admin [25/Aug/2025:02:29:51 +0000] "GET /grafana/api/search?limit=1000&query=New%20dashboar&type=dash-db&folderUIDs=general HTTP/2.0" 200 2 "-" "-" 315 "grafana@docker" "http://172.19.0.7:3000" 10ms
88.126.89.194 - admin [25/Aug/2025:02:29:53 +0000] "GET /grafana/api/search?limit=1000&query=Pr&type=dash-db&folderUIDs=general HTTP/2.0" 200 2 "-" "-" 316 "grafana@docker" "http://172.19.0.7:3000" 10ms
88.126.89.194 - admin [25/Aug/2025:02:29:53 +0000] "GET /grafana/api/search?limit=1000&query=Pr&type=dash-db&folderUIDs=general HTTP/2.0" 200 2 "-" "-" 317 "grafana@docker" "http://172.19.0.7:3000" 11ms
88.126.89.194 - admin [25/Aug/2025:02:29:55 +0000] "GET /grafana/api/search?limit=1000&query=Prome&type=dash-db&folderUIDs=general HTTP/2.0" 200 2 "-" "-" 318 "grafana@docker" "http://172.19.0.7:3000" 10ms
88.126.89.194 - admin [25/Aug/2025:02:29:55 +0000] "GET /grafana/api/search?limit=1000&query=Prome&type=dash-db&folderUIDs=general HTTP/2.0" 200 2 "-" "-" 319 "grafana@docker" "http://172.19.0.7:3000" 11ms
88.126.89.194 - admin [25/Aug/2025:02:29:57 +0000] "GET /grafana/api/search?limit=1000&query=Prometheus&type=dash-db&folderUIDs=general HTTP/2.0" 200 2 "-" "-" 320 "grafana@docker" "http://172.19.0.7:3000" 11ms
88.126.89.194 - admin [25/Aug/2025:02:29:57 +0000] "GET /grafana/api/search?limit=1000&query=Prometheus&type=dash-db&folderUIDs=general HTTP/2.0" 200 2 "-" "-" 321 "grafana@docker" "http://172.19.0.7:3000" 11ms
88.126.89.194 - admin [25/Aug/2025:02:30:00 +0000] "GET /grafana/api/search?limit=1000&query=Prometheus%20Dashboard&type=dash-db&folderUIDs=general HTTP/2.0" 200 2 "-" "-" 322 "grafana@docker" "http://172.19.0.7:3000" 10ms
88.126.89.194 - admin [25/Aug/2025:02:30:00 +0000] "GET /grafana/api/search?limit=1000&query=Prometheus%20Dashboard&type=dash-db&folderUIDs=general HTTP/2.0" 200 2 "-" "-" 323 "grafana@docker" "http://172.19.0.7:3000" 10ms
88.126.89.194 - admin [25/Aug/2025:02:30:02 +0000] "GET /grafana/api/search?limit=1000&query=Prometheus%20Dashboard&type=dash-db&folderUIDs=general HTTP/2.0" 200 2 "-" "-" 324 "grafana@docker" "http://172.19.0.7:3000" 11ms
88.126.89.194 - admin [25/Aug/2025:02:30:02 +0000] "GET /grafana/api/search?limit=1000&query=Prometheus%20Dashboard&type=dash-db&folderUIDs=general HTTP/2.0" 200 2 "-" "-" 325 "grafana@docker" "http://172.19.0.7:3000" 11ms
88.126.89.194 - admin [25/Aug/2025:02:30:02 +0000] "POST /grafana/api/dashboards/db/ HTTP/2.0" 200 206 "-" "-" 326 "grafana@docker" "http://172.19.0.7:3000" 45ms
88.126.89.194 - admin [25/Aug/2025:02:30:02 +0000] "GET /grafana/api/access-control/user/actions?reloadcache=true HTTP/2.0" 200 3888 "-" "-" 327 "grafana@docker" "http://172.19.0.7:3000" 10ms
88.126.89.194 - admin [25/Aug/2025:02:30:02 +0000] "GET /grafana/api/frontend/assets HTTP/2.0" 200 307 "-" "-" 328 "grafana@docker" "http://172.19.0.7:3000" 8ms
88.126.89.194 - admin [25/Aug/2025:02:30:02 +0000] "GET /grafana/api/dashboards/uid/684eb892-2133-477e-9c84-7b61897de4ac HTTP/2.0" 200 2302 "-" "-" 329 "grafana@docker" "http://172.19.0.7:3000" 20ms
88.126.89.194 - admin [25/Aug/2025:02:30:02 +0000] "GET /grafana/api/folders?parentUid=&page=1&limit=50 HTTP/2.0" 200 2 "-" "-" 330 "grafana@docker" "http://172.19.0.7:3000" 10ms
88.126.89.194 - admin [25/Aug/2025:02:30:02 +0000] "GET /grafana/api/prometheus/grafana/api/v1/rules?dashboard_uid=684eb892-2133-477e-9c84-7b61897de4ac HTTP/2.0" 200 41 "-" "-" 331 "grafana@docker" "http://172.19.0.7:3000" 11ms
88.126.89.194 - admin [25/Aug/2025:02:30:02 +0000] "GET /grafana/api/annotations?from=1756067398542&to=1756088998542&limit=100&matchAny=false&dashboardUID=684eb892-2133-477e-9c84-7b61897de4ac HTTP/2.0" 200 2 "-" "-" 332 "grafana@docker" "http://172.19.0.7:3000" 12ms
88.126.89.194 - admin [25/Aug/2025:02:30:02 +0000] "GET /grafana/api/prometheus/grafana/api/v1/rules?dashboard_uid=684eb892-2133-477e-9c84-7b61897de4ac&panel_id=1 HTTP/2.0" 200 41 "-" "-" 333 "grafana@docker" "http://172.19.0.7:3000" 10ms
88.126.89.194 - admin [25/Aug/2025:02:30:02 +0000] "GET /grafana/api/ruler/grafana/api/v1/rules?subtype=cortex&dashboard_uid=684eb892-2133-477e-9c84-7b61897de4ac&panel_id=1 HTTP/2.0" 200 2 "-" "-" 334 "grafana@docker" "http://172.19.0.7:3000" 10ms
88.126.89.194 - admin [25/Aug/2025:02:30:02 +0000] "GET /grafana/api/search?limit=50&page=1&type=dash-db&folderUIDs=general HTTP/2.0" 200 291 "-" "-" 335 "grafana@docker" "http://172.19.0.7:3000" 9ms
172.21.0.1 - admin [25/Aug/2025:02:30:02 +0000] "POST /prometheus/api/v1/labels HTTP/1.1" 200 837 "-" "-" 337 "prometheus@docker" "http://172.19.0.4:9090" 3ms
88.126.89.194 - admin [25/Aug/2025:02:30:02 +0000] "POST /grafana/api/datasources/uid/aew10kr4h8oowf/resources/api/v1/labels HTTP/2.0" 200 837 "-" "-" 336 "grafana@docker" "http://172.19.0.7:3000" 13ms
88.126.89.194 - admin [25/Aug/2025:02:30:08 +0000] "POST /grafana/api/frontend-metrics HTTP/2.0" 200 0 "-" "-" 338 "grafana@docker" "http://172.19.0.7:3000" 9ms
88.126.89.194 - admin [25/Aug/2025:02:30:12 +0000] "GET /grafana/apis/provisioning.grafana.app/v0alpha1/namespaces/default/settings HTTP/2.0" 404 19 "-" "-" 339 "grafana@docker" "http://172.19.0.7:3000" 8ms
88.126.89.194 - admin [25/Aug/2025:02:30:12 +0000] "GET /grafana/api/search/sorting HTTP/2.0" 200 291 "-" "-" 340 "grafana@docker" "http://172.19.0.7:3000" 8ms
88.126.89.194 - admin [25/Aug/2025:02:30:13 +0000] "GET /grafana/api/dashboards/uid/684eb892-2133-477e-9c84-7b61897de4ac HTTP/2.0" 200 2302 "-" "-" 341 "grafana@docker" "http://172.19.0.7:3000" 14ms
88.126.89.194 - admin [25/Aug/2025:02:30:16 +0000] "GET /grafana/public/img/icons/unicons/keyboard.svg HTTP/2.0" 200 664 "-" "-" 342 "grafana@docker" "http://172.19.0.7:3000" 3ms
88.126.89.194 - admin [25/Aug/2025:02:30:16 +0000] "GET /grafana/public/img/icons/unicons/edit.svg HTTP/2.0" 200 472 "-" "-" 343 "grafana@docker" "http://172.19.0.7:3000" 2ms
88.126.89.194 - admin [25/Aug/2025:02:30:16 +0000] "GET /grafana/public/img/icons/unicons/share-alt.svg HTTP/2.0" 200 364 "-" "-" 344 "grafana@docker" "http://172.19.0.7:3000" 2ms
88.126.89.194 - admin [25/Aug/2025:02:30:16 +0000] "GET /grafana/public/img/icons/unicons/cube.svg HTTP/2.0" 200 574 "-" "-" 345 "grafana@docker" "http://172.19.0.7:3000" 2ms
88.126.89.194 - admin [25/Aug/2025:02:30:16 +0000] "GET /grafana/public/img/icons/unicons/link.svg HTTP/2.0" 200 538 "-" "-" 346 "grafana@docker" "http://172.19.0.7:3000" 3ms
88.126.89.194 - admin [25/Aug/2025:02:30:16 +0000] "GET /grafana/public/img/icons/unicons/arrow.svg HTTP/2.0" 200 312 "-" "-" 347 "grafana@docker" "http://172.19.0.7:3000" 3ms
88.126.89.194 - admin [25/Aug/2025:02:30:16 +0000] "GET /grafana/public/img/icons/unicons/camera.svg HTTP/2.0" 200 452 "-" "-" 348 "grafana@docker" "http://172.19.0.7:3000" 3ms
88.126.89.194 - admin [25/Aug/2025:02:30:16 +0000] "GET /grafana/public/img/icons/unicons/file-copy-alt.svg HTTP/2.0" 200 532 "-" "-" 349 "grafana@docker" "http://172.19.0.7:3000" 3ms
88.126.89.194 - admin [25/Aug/2025:02:30:16 +0000] "GET /grafana/public/img/icons/unicons/plus-square.svg HTTP/2.0" 200 245 "-" "-" 350 "grafana@docker" "http://172.19.0.7:3000" 3ms
88.126.89.194 - admin [25/Aug/2025:02:30:16 +0000] "GET /grafana/public/img/icons/unicons/legend-hide.svg HTTP/2.0" 200 422 "-" "-" 351 "grafana@docker" "http://172.19.0.7:3000" 2ms
88.126.89.194 - admin [25/Aug/2025:02:30:18 +0000] "POST /grafana/api/frontend-metrics HTTP/2.0" 200 0 "-" "-" 352 "grafana@docker" "http://172.19.0.7:3000" 8ms
88.126.89.194 - admin [25/Aug/2025:02:30:25 +0000] "GET /grafana/apis/provisioning.grafana.app/v0alpha1/namespaces/default/settings HTTP/2.0" 404 19 "-" "-" 353 "grafana@docker" "http://172.19.0.7:3000" 9ms
88.126.89.194 - admin [25/Aug/2025:02:30:32 +0000] "GET /grafana/api/prometheus/grafana/api/v1/rules?dashboard_uid=684eb892-2133-477e-9c84-7b61897de4ac HTTP/2.0" 200 41 "-" "-" 354 "grafana@docker" "http://172.19.0.7:3000" 11ms
88.126.89.194 - admin [25/Aug/2025:02:30:32 +0000] "GET /grafana/public/build/DashboardImport.9875829f042a9cc5c209.js HTTP/2.0" 200 17304 "-" "-" 356 "grafana@docker" "http://172.19.0.7:3000" 3ms
88.126.89.194 - admin [25/Aug/2025:02:30:32 +0000] "GET /grafana/api/annotations?from=1756067398542&to=1756088998542&limit=100&matchAny=false&dashboardUID=684eb892-2133-477e-9c84-7b61897de4ac HTTP/2.0" 200 2 "-" "-" 355 "grafana@docker" "http://172.19.0.7:3000" 15ms
88.126.89.194 - admin [25/Aug/2025:02:30:38 +0000] "GET /grafana/apis/provisioning.grafana.app/v0alpha1/namespaces/default/settings HTTP/2.0" 404 19 "-" "-" 357 "grafana@docker" "http://172.19.0.7:3000" 10ms
88.126.89.194 - admin [25/Aug/2025:02:30:38 +0000] "GET /grafana/api/search/sorting HTTP/2.0" 200 291 "-" "-" 358 "grafana@docker" "http://172.19.0.7:3000" 8ms
88.126.89.194 - admin [25/Aug/2025:02:30:50 +0000] "DELETE /grafana/api/dashboards/uid/684eb892-2133-477e-9c84-7b61897de4ac HTTP/2.0" 200 128 "-" "-" 359 "grafana@docker" "http://172.19.0.7:3000" 23ms
88.126.89.194 - admin [25/Aug/2025:02:30:50 +0000] "GET /grafana/api/folders/general?accesscontrol=true HTTP/2.0" 200 991 "-" "-" 360 "grafana@docker" "http://172.19.0.7:3000" 8ms
88.126.89.194 - admin [25/Aug/2025:02:30:50 +0000] "GET /grafana/api/folders?page=1&limit=50 HTTP/2.0" 200 2 "-" "-" 361 "grafana@docker" "http://172.19.0.7:3000" 9ms
88.126.89.194 - admin [25/Aug/2025:02:30:50 +0000] "GET /grafana/api/search/sorting HTTP/2.0" 200 291 "-" "-" 362 "grafana@docker" "http://172.19.0.7:3000" 8ms
88.126.89.194 - admin [25/Aug/2025:02:30:50 +0000] "GET /grafana/api/search?limit=50&page=1&type=dash-db&folderUIDs=general HTTP/2.0" 200 2 "-" "-" 363 "grafana@docker" "http://172.19.0.7:3000" 10ms
88.126.89.194 - admin [25/Aug/2025:02:30:58 +0000] "GET /grafana/api/datasources HTTP/2.0" 200 405 "-" "-" 364 "grafana@docker" "http://172.19.0.7:3000" 9ms
88.126.89.194 - admin [25/Aug/2025:02:31:09 +0000] "POST /grafana/api/frontend-metrics HTTP/2.0" 200 0 "-" "-" 365 "grafana@docker" "http://172.19.0.7:3000" 16ms
172.21.0.1 - admin [25/Aug/2025:02:31:48 +0000] "GET /prometheus/api/v1/label/__name__/values?start=1756067400&end=1756089060 HTTP/1.1" 200 2522 "-" "-" 367 "prometheus@docker" "http://172.19.0.4:9090" 4ms
88.126.89.194 - admin [25/Aug/2025:02:31:48 +0000] "GET /grafana/api/datasources/uid/aew10kr4h8oowf/resources/api/v1/label/__name__/values?start=1756067400&end=1756089060 HTTP/2.0" 200 2522 "-" "-" 366 "grafana@docker" "http://172.19.0.7:3000" 26ms
172.21.0.1 - admin [25/Aug/2025:02:31:48 +0000] "POST /prometheus/api/v1/labels HTTP/1.1" 200 837 "-" "-" 369 "prometheus@docker" "http://172.19.0.4:9090" 3ms
88.126.89.194 - admin [25/Aug/2025:02:31:48 +0000] "POST /grafana/api/datasources/uid/aew10kr4h8oowf/resources/api/v1/labels HTTP/2.0" 200 837 "-" "-" 368 "grafana@docker" "http://172.19.0.7:3000" 13ms
89.248.173.219 - - [25/Aug/2025:02:31:53 +0000] "GET / HTTP/1.1" 404 19 "-" "-" 370 "-" "-" 0ms
88.126.89.194 - admin [25/Aug/2025:02:32:07 +0000] "GET /grafana/public/build/630.16d7a7c29f8a21016a64.js HTTP/2.0" 200 34793 "-" "-" 371 "grafana@docker" "http://172.19.0.7:3000" 4ms
88.126.89.194 - admin [25/Aug/2025:02:32:07 +0000] "GET /grafana/public/build/4463.aeadd259fec6a74cab59.js HTTP/2.0" 200 15892 "-" "-" 374 "grafana@docker" "http://172.19.0.7:3000" 294ms
88.126.89.194 - admin [25/Aug/2025:02:32:07 +0000] "GET /grafana/public/build/grafana.react-monaco-editor.ffb3a9cd952d3cd7471b.css HTTP/2.0" 200 80714 "-" "-" 375 "grafana@docker" "http://172.19.0.7:3000" 292ms
88.126.89.194 - admin [25/Aug/2025:02:32:07 +0000] "GET /grafana/public/build/8477.64134bfd3a31a9544f3f.js HTTP/2.0" 200 934262 "-" "-" 373 "grafana@docker" "http://172.19.0.7:3000" 1176ms
88.126.89.194 - admin [25/Aug/2025:02:32:07 +0000] "GET /grafana/public/build/7396.16443ba80ba32fa8ed3d.js HTTP/2.0" 200 1931882 "-" "-" 372 "grafana@docker" "http://172.19.0.7:3000" 1342ms
88.126.89.194 - admin [25/Aug/2025:02:32:09 +0000] "GET /grafana/public/build/4839.bec8db1a845c71c79157.js HTTP/2.0" 200 39585 "-" "-" 376 "grafana@docker" "http://172.19.0.7:3000" 4ms
88.126.89.194 - admin [25/Aug/2025:02:32:09 +0000] "GET /grafana/public/fonts/roboto/L0xTDF4xlVMF-BfR8bXMIhJHg45mwgGEFl0_3vrtSM1J-gEPT5Ese6hmHSh0mQ.woff2 HTTP/2.0" 200 22196 "-" "-" 377 "grafana@docker" "http://172.19.0.7:3000" 4ms
88.126.89.194 - admin [25/Aug/2025:02:32:09 +0000] "GET /grafana/public/build/1162.2bed18a76f80852432fb.js HTTP/2.0" 200 130118 "-" "-" 378 "grafana@docker" "http://172.19.0.7:3000" 4ms
88.126.89.194 - admin [25/Aug/2025:02:32:09 +0000] "GET /grafana/public/build/1821.bbc28cd147a14102e2cf.js HTTP/2.0" 200 1729 "-" "-" 379 "grafana@docker" "http://172.19.0.7:3000" 3ms
88.126.89.194 - admin [25/Aug/2025:02:32:10 +0000] "GET /grafana/public/build/3169.fc6e89cd6d4cabfd0ce3.js HTTP/2.0" 200 203712 "-" "-" 380 "grafana@docker" "http://172.19.0.7:3000" 4ms
88.126.89.194 - admin [25/Aug/2025:02:32:10 +0000] "GET /grafana/public/build/static/img/codicon.b797181c.ttf HTTP/2.0" 200 72504 "-" "-" 381 "grafana@docker" "http://172.19.0.7:3000" 4ms
88.126.89.194 - admin [25/Aug/2025:02:32:16 +0000] "GET /grafana/public/build/tablePanel.ec6a16e2859d48ffd5b2.js HTTP/2.0" 200 15845 "-" "-" 382 "grafana@docker" "http://172.19.0.7:3000" 3ms
172.21.0.1 - admin [25/Aug/2025:02:32:20 +0000] "GET /prometheus/api/v1/label/__name__/values?start=1756067520&end=1756089180 HTTP/1.1" 200 2522 "-" "-" 384 "prometheus@docker" "http://172.19.0.4:9090" 4ms
88.126.89.194 - admin [25/Aug/2025:02:32:20 +0000] "GET /grafana/api/datasources/uid/aew10kr4h8oowf/resources/api/v1/label/__name__/values?start=1756067520&end=1756089180 HTTP/2.0" 200 2522 "-" "-" 383 "grafana@docker" "http://172.19.0.7:3000" 22ms
172.21.0.1 - admin [25/Aug/2025:02:32:20 +0000] "POST /prometheus/api/v1/labels HTTP/1.1" 200 837 "-" "-" 386 "prometheus@docker" "http://172.19.0.4:9090" 3ms
88.126.89.194 - admin [25/Aug/2025:02:32:20 +0000] "POST /grafana/api/datasources/uid/aew10kr4h8oowf/resources/api/v1/labels HTTP/2.0" 200 837 "-" "-" 385 "grafana@docker" "http://172.19.0.7:3000" 13ms
88.126.89.194 - admin [25/Aug/2025:02:32:21 +0000] "GET /grafana/public/img/icons/unicons/calendar-alt.svg HTTP/2.0" 200 546 "-" "-" 387 "grafana@docker" "http://172.19.0.7:3000" 3ms
88.126.89.194 - admin [25/Aug/2025:02:32:21 +0000] "GET /grafana/public/img/icons/unicons/clipboard-alt.svg HTTP/2.0" 200 433 "-" "-" 388 "grafana@docker" "http://172.19.0.7:3000" 3ms
88.126.89.194 - admin [25/Aug/2025:02:32:32 +0000] "POST /grafana/api/user/auth-tokens/rotate HTTP/2.0" 200 2 "-" "-" 389 "grafana@docker" "http://172.19.0.7:3000" 17ms
172.21.0.1 - admin [25/Aug/2025:02:32:54 +0000] "GET /prometheus/api/v1/label/__name__/values?match%5B%5D=%7B__name__%3D~%22.*NODE.*%22%7D&start=1756067571&end=1756089171 HTTP/1.1" 200 60 "-" "-" 391 "prometheus@docker" "http://172.19.0.4:9090" 4ms
88.126.89.194 - admin [25/Aug/2025:02:32:54 +0000] "GET /grafana/api/datasources/uid/aew10kr4h8oowf/resources/api/v1/label/__name__/values?match%5B%5D=%7B__name__%3D~%22.*NODE.*%22%7D&start=1756067571&end=1756089171 HTTP/2.0" 200 60 "-" "-" 390 "grafana@docker" "http://172.19.0.7:3000" 15ms
172.21.0.1 - admin [25/Aug/2025:02:32:56 +0000] "GET /prometheus/api/v1/label/__name__/values?match%5B%5D=%7B__name__%3D~%22.*n.*%22%7D&start=1756067573&end=1756089173 HTTP/1.1" 200 2053 "-" "-" 393 "prometheus@docker" "http://172.19.0.4:9090" 4ms
88.126.89.194 - admin [25/Aug/2025:02:32:56 +0000] "GET /grafana/api/datasources/uid/aew10kr4h8oowf/resources/api/v1/label/__name__/values?match%5B%5D=%7B__name__%3D~%22.*n.*%22%7D&start=1756067573&end=1756089173 HTTP/2.0" 200 2053 "-" "-" 392 "grafana@docker" "http://172.19.0.7:3000" 14ms
172.21.0.1 - admin [25/Aug/2025:02:32:56 +0000] "GET /prometheus/api/v1/label/__name__/values?match%5B%5D=%7B__name__%3D~%22.*no.*%22%7D&start=1756067573&end=1756089173 HTTP/1.1" 200 234 "-" "-" 395 "prometheus@docker" "http://172.19.0.4:9090" 3ms
88.126.89.194 - admin [25/Aug/2025:02:32:56 +0000] "GET /grafana/api/datasources/uid/aew10kr4h8oowf/resources/api/v1/label/__name__/values?match%5B%5D=%7B__name__%3D~%22.*no.*%22%7D&start=1756067573&end=1756089173 HTTP/2.0" 200 234 "-" "-" 394 "grafana@docker" "http://172.19.0.7:3000" 13ms
172.21.0.1 - admin [25/Aug/2025:02:32:56 +0000] "GET /prometheus/api/v1/label/__name__/values?match%5B%5D=%7B__name__%3D~%22.*nod.*%22%7D&start=1756067573&end=1756089173 HTTP/1.1" 200 152 "-" "-" 397 "prometheus@docker" "http://172.19.0.4:9090" 3ms
88.126.89.194 - admin [25/Aug/2025:02:32:56 +0000] "GET /grafana/api/datasources/uid/aew10kr4h8oowf/resources/api/v1/label/__name__/values?match%5B%5D=%7B__name__%3D~%22.*nod.*%22%7D&start=1756067573&end=1756089173 HTTP/2.0" 200 152 "-" "-" 396 "grafana@docker" "http://172.19.0.7:3000" 12ms
172.21.0.1 - admin [25/Aug/2025:02:32:57 +0000] "GET /prometheus/api/v1/label/__name__/values?match%5B%5D=%7B__name__%3D~%22.*node.*%22%7D&start=1756067574&end=1756089174 HTTP/1.1" 200 152 "-" "-" 399 "prometheus@docker" "http://172.19.0.4:9090" 3ms
88.126.89.194 - admin [25/Aug/2025:02:32:57 +0000] "GET /grafana/api/datasources/uid/aew10kr4h8oowf/resources/api/v1/label/__name__/values?match%5B%5D=%7B__name__%3D~%22.*node.*%22%7D&start=1756067574&end=1756089174 HTTP/2.0" 200 152 "-" "-" 398 "grafana@docker" "http://172.19.0.7:3000" 12ms
172.21.0.1 - admin [25/Aug/2025:02:33:09 +0000] "GET /prometheus/api/v1/label/__name__/values?match%5B%5D=%7B__name__%3D~%22.**.*%22%7D&start=1756067586&end=1756089186 HTTP/1.1" 400 124 "-" "-" 401 "prometheus@docker" "http://172.19.0.4:9090" 3ms
88.126.89.194 - admin [25/Aug/2025:02:33:09 +0000] "GET /grafana/api/datasources/uid/aew10kr4h8oowf/resources/api/v1/label/__name__/values?match%5B%5D=%7B__name__%3D~%22.**.*%22%7D&start=1756067586&end=1756089186 HTTP/2.0" 400 124 "-" "-" 400 "grafana@docker" "http://172.19.0.7:3000" 14ms
172.21.0.1 - admin [25/Aug/2025:02:34:07 +0000] "GET /prometheus/api/v1/label/__name__/values?start=1756067520&end=1756089180 HTTP/1.1" 200 2522 "-" "-" 403 "prometheus@docker" "http://172.19.0.4:9090" 3ms
88.126.89.194 - admin [25/Aug/2025:02:34:07 +0000] "GET /grafana/api/datasources/uid/aew10kr4h8oowf/resources/api/v1/label/__name__/values?start=1756067520&end=1756089180 HTTP/2.0" 200 2522 "-" "-" 402 "grafana@docker" "http://172.19.0.7:3000" 16ms
172.21.0.1 - admin [25/Aug/2025:02:34:20 +0000] "POST /prometheus/api/v1/query_range HTTP/1.1" 200 79465 "-" "-" 405 "prometheus@docker" "http://172.19.0.4:9090" 13ms
88.126.89.194 - admin [25/Aug/2025:02:34:20 +0000] "POST /grafana/api/ds/query?ds_type=prometheus&requestId=SQR106 HTTP/2.0" 200 654807 "-" "-" 404 "grafana@docker" "http://172.19.0.7:3000" 42ms
88.126.89.194 - admin [25/Aug/2025:02:34:21 +0000] "GET /grafana/public/img/icons/unicons/calculator-alt.svg HTTP/2.0" 200 656 "-" "-" 406 "grafana@docker" "http://172.19.0.7:3000" 3ms
172.21.0.1 - admin [25/Aug/2025:02:35:08 +0000] "POST /prometheus/api/v1/labels HTTP/1.1" 200 612 "-" "-" 408 "prometheus@docker" "http://172.19.0.4:9090" 3ms
88.126.89.194 - admin [25/Aug/2025:02:35:08 +0000] "POST /grafana/api/datasources/uid/aew10kr4h8oowf/resources/api/v1/labels HTTP/2.0" 200 612 "-" "-" 407 "grafana@docker" "http://172.19.0.7:3000" 30ms
88.126.89.194 - admin [25/Aug/2025:02:35:18 +0000] "GET /grafana/apis/provisioning.grafana.app/v0alpha1/namespaces/default/settings HTTP/2.0" 404 19 "-" "-" 409 "grafana@docker" "http://172.19.0.7:3000" 10ms
88.126.89.194 - admin [25/Aug/2025:02:35:18 +0000] "GET /grafana/api/search?limit=1000&query=New%20dashboard&type=dash-db&folderUIDs=general HTTP/2.0" 200 2 "-" "-" 410 "grafana@docker" "http://172.19.0.7:3000" 11ms
88.126.89.194 - admin [25/Aug/2025:02:35:18 +0000] "GET /grafana/api/search?limit=1000&query=New%20dashboard&type=dash-db&folderUIDs=general HTTP/2.0" 200 2 "-" "-" 411 "grafana@docker" "http://172.19.0.7:3000" 10ms
88.126.89.194 - admin [25/Aug/2025:02:35:23 +0000] "GET /grafana/api/search?limit=1000&query=New%20dashboar&type=dash-db&folderUIDs=general HTTP/2.0" 200 2 "-" "-" 412 "grafana@docker" "http://172.19.0.7:3000" 10ms
88.126.89.194 - admin [25/Aug/2025:02:35:23 +0000] "GET /grafana/api/search?limit=1000&query=New%20dashboar&type=dash-db&folderUIDs=general HTTP/2.0" 200 2 "-" "-" 413 "grafana@docker" "http://172.19.0.7:3000" 10ms
88.126.89.194 - admin [25/Aug/2025:02:35:27 +0000] "GET /grafana/api/search?limit=1000&query=Pro&type=dash-db&folderUIDs=general HTTP/2.0" 200 2 "-" "-" 414 "grafana@docker" "http://172.19.0.7:3000" 11ms
88.126.89.194 - admin [25/Aug/2025:02:35:27 +0000] "GET /grafana/api/search?limit=1000&query=Pro&type=dash-db&folderUIDs=general HTTP/2.0" 200 2 "-" "-" 415 "grafana@docker" "http://172.19.0.7:3000" 10ms
88.126.89.194 - admin [25/Aug/2025:02:35:27 +0000] "GET /grafana/api/search?limit=1000&query=Prot&type=dash-db&folderUIDs=general HTTP/2.0" 200 2 "-" "-" 416 "grafana@docker" "http://172.19.0.7:3000" 10ms
88.126.89.194 - admin [25/Aug/2025:02:35:27 +0000] "GET /grafana/api/search?limit=1000&query=Prot&type=dash-db&folderUIDs=general HTTP/2.0" 200 2 "-" "-" 417 "grafana@docker" "http://172.19.0.7:3000" 10ms
88.126.89.194 - admin [25/Aug/2025:02:35:28 +0000] "GET /grafana/api/search?limit=1000&query=Pro&type=dash-db&folderUIDs=general HTTP/2.0" 200 2 "-" "-" 418 "grafana@docker" "http://172.19.0.7:3000" 10ms
88.126.89.194 - admin [25/Aug/2025:02:35:28 +0000] "GET /grafana/api/search?limit=1000&query=Pro&type=dash-db&folderUIDs=general HTTP/2.0" 200 2 "-" "-" 419 "grafana@docker" "http://172.19.0.7:3000" 10ms
88.126.89.194 - admin [25/Aug/2025:02:35:28 +0000] "GET /grafana/api/search?limit=1000&query=Prom&type=dash-db&folderUIDs=general HTTP/2.0" 200 2 "-" "-" 420 "grafana@docker" "http://172.19.0.7:3000" 10ms
88.126.89.194 - admin [25/Aug/2025:02:35:28 +0000] "GET /grafana/api/search?limit=1000&query=Prom&type=dash-db&folderUIDs=general HTTP/2.0" 200 2 "-" "-" 421 "grafana@docker" "http://172.19.0.7:3000" 10ms
88.126.89.194 - admin [25/Aug/2025:02:35:29 +0000] "GET /grafana/api/search?limit=1000&query=Promet&type=dash-db&folderUIDs=general HTTP/2.0" 200 2 "-" "-" 422 "grafana@docker" "http://172.19.0.7:3000" 11ms
88.126.89.194 - admin [25/Aug/2025:02:35:29 +0000] "GET /grafana/api/search?limit=1000&query=Promet&type=dash-db&folderUIDs=general HTTP/2.0" 200 2 "-" "-" 423 "grafana@docker" "http://172.19.0.7:3000" 10ms
88.126.89.194 - admin [25/Aug/2025:02:35:31 +0000] "GET /grafana/api/search?limit=1000&query=Prometheus&type=dash-db&folderUIDs=general HTTP/2.0" 200 2 "-" "-" 424 "grafana@docker" "http://172.19.0.7:3000" 12ms
88.126.89.194 - admin [25/Aug/2025:02:35:31 +0000] "GET /grafana/api/search?limit=1000&query=Prometheus&type=dash-db&folderUIDs=general HTTP/2.0" 200 2 "-" "-" 425 "grafana@docker" "http://172.19.0.7:3000" 13ms
88.126.89.194 - admin [25/Aug/2025:02:35:33 +0000] "GET /grafana/api/search?limit=1000&query=Prometheus&type=dash-db&folderUIDs=general HTTP/2.0" 200 2 "-" "-" 426 "grafana@docker" "http://172.19.0.7:3000" 11ms
88.126.89.194 - admin [25/Aug/2025:02:35:33 +0000] "GET /grafana/api/search?limit=1000&query=Prometheus&type=dash-db&folderUIDs=general HTTP/2.0" 200 2 "-" "-" 427 "grafana@docker" "http://172.19.0.7:3000" 10ms
88.126.89.194 - admin [25/Aug/2025:02:35:39 +0000] "GET /grafana/api/search?limit=1000&query=Prometheus&type=dash-db&folderUIDs=general HTTP/2.0" 200 2 "-" "-" 428 "grafana@docker" "http://172.19.0.7:3000" 11ms
88.126.89.194 - admin [25/Aug/2025:02:35:39 +0000] "POST /grafana/api/dashboards/db/ HTTP/2.0" 200 186 "-" "-" 429 "grafana@docker" "http://172.19.0.7:3000" 32ms
88.126.89.194 - admin [25/Aug/2025:02:35:39 +0000] "GET /grafana/api/access-control/user/actions?reloadcache=true HTTP/2.0" 200 3888 "-" "-" 430 "grafana@docker" "http://172.19.0.7:3000" 13ms
88.126.89.194 - admin [25/Aug/2025:02:35:39 +0000] "GET /grafana/api/frontend/assets HTTP/2.0" 200 307 "-" "-" 431 "grafana@docker" "http://172.19.0.7:3000" 8ms
88.126.89.194 - admin [25/Aug/2025:02:35:39 +0000] "GET /grafana/api/dashboards/uid/15472b84-b3c6-4356-b8cc-50dfad71f3e1 HTTP/2.0" 200 2309 "-" "-" 432 "grafana@docker" "http://172.19.0.7:3000" 18ms
88.126.89.194 - admin [25/Aug/2025:02:35:39 +0000] "GET /grafana/api/folders?parentUid=&page=1&limit=50 HTTP/2.0" 200 2 "-" "-" 433 "grafana@docker" "http://172.19.0.7:3000" 12ms
88.126.89.194 - admin [25/Aug/2025:02:35:39 +0000] "GET /grafana/api/prometheus/grafana/api/v1/rules?dashboard_uid=15472b84-b3c6-4356-b8cc-50dfad71f3e1 HTTP/2.0" 200 41 "-" "-" 434 "grafana@docker" "http://172.19.0.7:3000" 9ms
88.126.89.194 - admin [25/Aug/2025:02:35:39 +0000] "GET /grafana/api/annotations?from=1756067735963&to=1756089335963&limit=100&matchAny=false&dashboardUID=15472b84-b3c6-4356-b8cc-50dfad71f3e1 HTTP/2.0" 200 2 "-" "-" 435 "grafana@docker" "http://172.19.0.7:3000" 12ms
88.126.89.194 - admin [25/Aug/2025:02:35:40 +0000] "GET /grafana/api/prometheus/grafana/api/v1/rules?dashboard_uid=15472b84-b3c6-4356-b8cc-50dfad71f3e1&panel_id=1 HTTP/2.0" 200 41 "-" "-" 436 "grafana@docker" "http://172.19.0.7:3000" 9ms
88.126.89.194 - admin [25/Aug/2025:02:35:40 +0000] "GET /grafana/api/ruler/grafana/api/v1/rules?subtype=cortex&dashboard_uid=15472b84-b3c6-4356-b8cc-50dfad71f3e1&panel_id=1 HTTP/2.0" 200 2 "-" "-" 437 "grafana@docker" "http://172.19.0.7:3000" 11ms
88.126.89.194 - admin [25/Aug/2025:02:35:40 +0000] "GET /grafana/api/search?limit=50&page=1&type=dash-db&folderUIDs=general HTTP/2.0" 200 261 "-" "-" 438 "grafana@docker" "http://172.19.0.7:3000" 9ms
172.21.0.1 - admin [25/Aug/2025:02:35:40 +0000] "GET /prometheus/api/v1/label/__name__/values?start=1756067700&end=1756089360 HTTP/1.1" 200 2522 "-" "-" 440 "prometheus@docker" "http://172.19.0.4:9090" 3ms
88.126.89.194 - admin [25/Aug/2025:02:35:40 +0000] "GET /grafana/api/datasources/uid/aew10kr4h8oowf/resources/api/v1/label/__name__/values?start=1756067700&end=1756089360 HTTP/2.0" 200 2522 "-" "-" 439 "grafana@docker" "http://172.19.0.7:3000" 13ms
172.21.0.1 - admin [25/Aug/2025:02:35:40 +0000] "POST /prometheus/api/v1/labels HTTP/1.1" 200 837 "-" "-" 442 "prometheus@docker" "http://172.19.0.4:9090" 3ms
88.126.89.194 - admin [25/Aug/2025:02:35:40 +0000] "POST /grafana/api/datasources/uid/aew10kr4h8oowf/resources/api/v1/labels HTTP/2.0" 200 837 "-" "-" 441 "grafana@docker" "http://172.19.0.7:3000" 12ms
88.126.89.194 - admin [25/Aug/2025:02:35:48 +0000] "POST /grafana/api/frontend-metrics HTTP/2.0" 200 0 "-" "-" 443 "grafana@docker" "http://172.19.0.7:3000" 9ms
88.126.89.194 - admin [25/Aug/2025:02:35:57 +0000] "GET /prometheus/api/v1/label/__name__/values HTTP/2.0" 200 2522 "-" "-" 445 "prometheus@docker" "http://172.19.0.4:9090" 4ms
88.126.89.194 - admin [25/Aug/2025:02:35:57 +0000] "GET /prometheus/api/v1/query?query=time%28%29 HTTP/2.0" 200 124 "-" "-" 446 "prometheus@docker" "http://172.19.0.4:9090" 3ms
88.126.89.194 - admin [25/Aug/2025:02:35:54 +0000] "GET /prometheus/api/v1/notifications/live HTTP/2.0" 200 0 "-" "-" 444 "prometheus@docker" "http://172.19.0.4:9090" 8870ms
79.124.58.198 - - [25/Aug/2025:02:36:17 +0000] "GET /?XDEBUG_SESSION_START=phpstorm HTTP/1.1" 404 19 "-" "-" 447 "-" "-" 0ms
172.21.0.1 - admin [25/Aug/2025:02:36:22 +0000] "GET /prometheus/api/v1/label/__name__/values?match%5B%5D=%7B__name__%3D~%22.*ud.*%22%7D&start=1756067779&end=1756089379 HTTP/1.1" 200 96 "-" "-" 449 "prometheus@docker" "http://172.19.0.4:9090" 3ms
88.126.89.194 - admin [25/Aug/2025:02:36:22 +0000] "GET /grafana/api/datasources/uid/aew10kr4h8oowf/resources/api/v1/label/__name__/values?match%5B%5D=%7B__name__%3D~%22.*ud.*%22%7D&start=1756067779&end=1756089379 HTTP/2.0" 200 96 "-" "-" 448 "grafana@docker" "http://172.19.0.7:3000" 14ms
172.21.0.1 - admin [25/Aug/2025:02:36:22 +0000] "GET /prometheus/api/v1/label/__name__/values?match%5B%5D=%7B__name__%3D~%22.*udp.*%22%7D&start=1756067779&end=1756089379 HTTP/1.1" 200 60 "-" "-" 451 "prometheus@docker" "http://172.19.0.4:9090" 3ms
88.126.89.194 - admin [25/Aug/2025:02:36:22 +0000] "GET /grafana/api/datasources/uid/aew10kr4h8oowf/resources/api/v1/label/__name__/values?match%5B%5D=%7B__name__%3D~%22.*udp.*%22%7D&start=1756067779&end=1756089379 HTTP/2.0" 200 60 "-" "-" 450 "grafana@docker" "http://172.19.0.7:3000" 13ms
172.21.0.1 - admin [25/Aug/2025:02:36:24 +0000] "GET /prometheus/api/v1/label/__name__/values?match%5B%5D=%7B__name__%3D~%22.*ud.*%22%7D&start=1756067781&end=1756089381 HTTP/1.1" 200 96 "-" "-" 453 "prometheus@docker" "http://172.19.0.4:9090" 3ms
88.126.89.194 - admin [25/Aug/2025:02:36:24 +0000] "GET /grafana/api/datasources/uid/aew10kr4h8oowf/resources/api/v1/label/__name__/values?match%5B%5D=%7B__name__%3D~%22.*ud.*%22%7D&start=1756067781&end=1756089381 HTTP/2.0" 200 96 "-" "-" 452 "grafana@docker" "http://172.19.0.7:3000" 13ms
172.21.0.1 - admin [25/Aug/2025:02:36:25 +0000] "GET /prometheus/api/v1/label/__name__/values?match%5B%5D=%7B__name__%3D~%22.*u.*%22%7D&start=1756067782&end=1756089382 HTTP/1.1" 200 1937 "-" "-" 455 "prometheus@docker" "http://172.19.0.4:9090" 3ms
88.126.89.194 - admin [25/Aug/2025:02:36:25 +0000] "GET /grafana/api/datasources/uid/aew10kr4h8oowf/resources/api/v1/label/__name__/values?match%5B%5D=%7B__name__%3D~%22.*u.*%22%7D&start=1756067782&end=1756089382 HTTP/2.0" 200 1937 "-" "-" 454 "grafana@docker" "http://172.19.0.7:3000" 12ms
172.21.0.1 - admin [25/Aug/2025:02:36:42 +0000] "GET /prometheus/api/v1/label/__name__/values?start=1756067700&end=1756089360 HTTP/1.1" 200 2522 "-" "-" 457 "prometheus@docker" "http://172.19.0.4:9090" 3ms
88.126.89.194 - admin [25/Aug/2025:02:36:42 +0000] "GET /grafana/api/datasources/uid/aew10kr4h8oowf/resources/api/v1/label/__name__/values?start=1756067700&end=1756089360 HTTP/2.0" 200 2522 "-" "-" 456 "grafana@docker" "http://172.19.0.7:3000" 16ms
172.21.0.1 - admin [25/Aug/2025:02:37:42 +0000] "POST /prometheus/api/v1/labels HTTP/1.1" 200 837 "-" "-" 459 "prometheus@docker" "http://172.19.0.4:9090" 3ms
88.126.89.194 - admin [25/Aug/2025:02:37:42 +0000] "POST /grafana/api/datasources/uid/aew10kr4h8oowf/resources/api/v1/labels HTTP/2.0" 200 837 "-" "-" 458 "grafana@docker" "http://172.19.0.7:3000" 14ms
172.21.0.1 - admin [25/Aug/2025:02:37:46 +0000] "GET /prometheus/api/v1/label/__name__/values?start=1756067700&end=1756089360 HTTP/1.1" 200 2522 "-" "-" 461 "prometheus@docker" "http://172.19.0.4:9090" 3ms
88.126.89.194 - admin [25/Aug/2025:02:37:46 +0000] "GET /grafana/api/datasources/uid/aew10kr4h8oowf/resources/api/v1/label/__name__/values?start=1756067700&end=1756089360 HTTP/2.0" 200 2522 "-" "-" 460 "grafana@docker" "http://172.19.0.7:3000" 15ms
172.21.0.1 - admin [25/Aug/2025:02:37:46 +0000] "POST /prometheus/api/v1/labels HTTP/1.1" 200 837 "-" "-" 463 "prometheus@docker" "http://172.19.0.4:9090" 3ms
88.126.89.194 - admin [25/Aug/2025:02:37:46 +0000] "POST /grafana/api/datasources/uid/aew10kr4h8oowf/resources/api/v1/labels HTTP/2.0" 200 837 "-" "-" 462 "grafana@docker" "http://172.19.0.7:3000" 12ms
172.21.0.1 - admin [25/Aug/2025:02:37:54 +0000] "POST /prometheus/api/v1/labels HTTP/1.1" 200 612 "-" "-" 465 "prometheus@docker" "http://172.19.0.4:9090" 3ms
88.126.89.194 - admin [25/Aug/2025:02:37:54 +0000] "POST /grafana/api/datasources/uid/aew10kr4h8oowf/resources/api/v1/labels HTTP/2.0" 200 612 "-" "-" 464 "grafana@docker" "http://172.19.0.7:3000" 13ms
172.21.0.1 - admin [25/Aug/2025:02:38:02 +0000] "POST /prometheus/api/v1/query_range HTTP/1.1" 200 192104 "-" "-" 467 "prometheus@docker" "http://172.19.0.4:9090" 21ms
88.126.89.194 - admin [25/Aug/2025:02:38:02 +0000] "POST /grafana/api/ds/query?ds_type=prometheus&requestId=SQR111 HTTP/2.0" 200 1082852 "-" "-" 466 "grafana@docker" "http://172.19.0.7:3000" 370ms
88.126.89.194 - admin [25/Aug/2025:02:38:10 +0000] "GET /grafana/public/app/plugins/panel/barchart/img/barchart.svg HTTP/2.0" 200 1255 "-" "-" 468 "grafana@docker" "http://172.19.0.7:3000" 3ms
88.126.89.194 - admin [25/Aug/2025:02:38:10 +0000] "GET /grafana/public/app/plugins/panel/stat/img/icn-singlestat-panel.svg HTTP/2.0" 200 1650 "-" "-" 469 "grafana@docker" "http://172.19.0.7:3000" 3ms
88.126.89.194 - admin [25/Aug/2025:02:38:10 +0000] "GET /grafana/public/app/plugins/panel/gauge/img/icon_gauge.svg HTTP/2.0" 200 1985 "-" "-" 470 "grafana@docker" "http://172.19.0.7:3000" 2ms
88.126.89.194 - admin [25/Aug/2025:02:38:10 +0000] "GET /grafana/public/app/plugins/panel/bargauge/img/icon_bar_gauge.svg HTTP/2.0" 200 1119 "-" "-" 471 "grafana@docker" "http://172.19.0.7:3000" 2ms
88.126.89.194 - admin [25/Aug/2025:02:38:10 +0000] "GET /grafana/public/app/plugins/panel/table/img/icn-table-panel.svg HTTP/2.0" 200 1789 "-" "-" 472 "grafana@docker" "http://172.19.0.7:3000" 3ms
88.126.89.194 - admin [25/Aug/2025:02:38:10 +0000] "GET /grafana/public/app/plugins/panel/piechart/img/icon_piechart.svg HTTP/2.0" 200 971 "-" "-" 473 "grafana@docker" "http://172.19.0.7:3000" 2ms
88.126.89.194 - admin [25/Aug/2025:02:38:10 +0000] "GET /grafana/public/app/plugins/panel/state-timeline/img/timeline.svg HTTP/2.0" 200 2272 "-" "-" 474 "grafana@docker" "http://172.19.0.7:3000" 2ms
88.126.89.194 - admin [25/Aug/2025:02:38:10 +0000] "GET /grafana/public/app/plugins/panel/heatmap/img/icn-heatmap-panel.svg HTTP/2.0" 200 3514 "-" "-" 475 "grafana@docker" "http://172.19.0.7:3000" 3ms
88.126.89.194 - admin [25/Aug/2025:02:38:10 +0000] "GET /grafana/public/app/plugins/panel/status-history/img/status.svg HTTP/2.0" 200 4010 "-" "-" 476 "grafana@docker" "http://172.19.0.7:3000" 3ms
88.126.89.194 - admin [25/Aug/2025:02:38:10 +0000] "GET /grafana/public/app/plugins/panel/histogram/img/histogram.svg HTTP/2.0" 200 2613 "-" "-" 477 "grafana@docker" "http://172.19.0.7:3000" 3ms
88.126.89.194 - admin [25/Aug/2025:02:38:10 +0000] "GET /grafana/public/app/plugins/panel/text/img/icn-text-panel.svg HTTP/2.0" 200 985 "-" "-" 478 "grafana@docker" "http://172.19.0.7:3000" 3ms
88.126.89.194 - admin [25/Aug/2025:02:38:10 +0000] "GET /grafana/public/app/plugins/panel/alertlist/img/icn-singlestat-panel.svg HTTP/2.0" 200 2059 "-" "-" 479 "grafana@docker" "http://172.19.0.7:3000" 2ms
88.126.89.194 - admin [25/Aug/2025:02:38:10 +0000] "GET /grafana/public/app/plugins/panel/dashlist/img/icn-dashlist-panel.svg HTTP/2.0" 200 2779 "-" "-" 480 "grafana@docker" "http://172.19.0.7:3000" 2ms
88.126.89.194 - admin [25/Aug/2025:02:38:10 +0000] "GET /grafana/public/app/plugins/panel/news/img/news.svg HTTP/2.0" 200 2559 "-" "-" 481 "grafana@docker" "http://172.19.0.7:3000" 3ms
88.126.89.194 - admin [25/Aug/2025:02:38:10 +0000] "GET /grafana/public/app/plugins/panel/annolist/img/icn-annolist-panel.svg HTTP/2.0" 200 1190 "-" "-" 482 "grafana@docker" "http://172.19.0.7:3000" 2ms
88.126.89.194 - admin [25/Aug/2025:02:38:10 +0000] "GET /grafana/public/app/plugins/panel/candlestick/img/candlestick.svg HTTP/2.0" 200 533 "-" "-" 483 "grafana@docker" "http://172.19.0.7:3000" 2ms
88.126.89.194 - admin [25/Aug/2025:02:38:10 +0000] "GET /grafana/public/app/plugins/panel/canvas/img/icn-canvas.svg HTTP/2.0" 200 1004 "-" "-" 484 "grafana@docker" "http://172.19.0.7:3000" 2ms
88.126.89.194 - admin [25/Aug/2025:02:38:10 +0000] "GET /grafana/public/app/plugins/panel/flamegraph/img/icn-flamegraph.svg HTTP/2.0" 200 2166 "-" "-" 485 "grafana@docker" "http://172.19.0.7:3000" 2ms
88.126.89.194 - admin [25/Aug/2025:02:38:10 +0000] "GET /grafana/public/app/plugins/panel/geomap/img/icn-geomap.svg HTTP/2.0" 200 2493 "-" "-" 486 "grafana@docker" "http://172.19.0.7:3000" 3ms
88.126.89.194 - admin [25/Aug/2025:02:38:10 +0000] "GET /grafana/public/app/plugins/panel/logs/img/icn-logs-panel.svg HTTP/2.0" 200 2419 "-" "-" 487 "grafana@docker" "http://172.19.0.7:3000" 2ms
88.126.89.194 - admin [25/Aug/2025:02:38:10 +0000] "GET /grafana/public/app/plugins/panel/nodeGraph/img/icn-node-graph.svg HTTP/2.0" 200 1312 "-" "-" 488 "grafana@docker" "http://172.19.0.7:3000" 2ms
88.126.89.194 - admin [25/Aug/2025:02:38:10 +0000] "GET /grafana/public/app/plugins/panel/traces/img/traces-panel.svg HTTP/2.0" 200 1016 "-" "-" 489 "grafana@docker" "http://172.19.0.7:3000" 2ms
88.126.89.194 - admin [25/Aug/2025:02:38:10 +0000] "GET /grafana/public/app/plugins/panel/trend/img/trend.svg HTTP/2.0" 200 1215 "-" "-" 490 "grafana@docker" "http://172.19.0.7:3000" 2ms
88.126.89.194 - admin [25/Aug/2025:02:38:10 +0000] "GET /grafana/public/app/plugins/panel/xychart/img/icn-xychart.svg HTTP/2.0" 200 1791 "-" "-" 491 "grafana@docker" "http://172.19.0.7:3000" 2ms
88.126.89.194 - admin [25/Aug/2025:02:38:12 +0000] "GET /grafana/public/build/8706.f2ec432d1a549841cf1d.js HTTP/2.0" 200 13282 "-" "-" 492 "grafana@docker" "http://172.19.0.7:3000" 3ms
88.126.89.194 - admin [25/Aug/2025:02:38:12 +0000] "GET /grafana/public/build/barChartPanel.2479ed24a2aca8e31093.js HTTP/2.0" 200 28949 "-" "-" 493 "grafana@docker" "http://172.19.0.7:3000" 3ms
88.126.89.194 - admin [25/Aug/2025:02:38:23 +0000] "GET /grafana/public/build/pieChartPanel.0e93c5315b190d40a8b2.js HTTP/2.0" 200 59858 "-" "-" 494 "grafana@docker" "http://172.19.0.7:3000" 4ms
88.126.89.194 - admin [25/Aug/2025:02:38:28 +0000] "GET /grafana/public/build/histogramPanel.c36c9833cbb18e7dfc99.js HTTP/2.0" 200 11563 "-" "-" 495 "grafana@docker" "http://172.19.0.7:3000" 3ms
88.126.89.194 - admin [25/Aug/2025:02:38:35 +0000] "GET /grafana/public/build/4162.048366f3e2de2ed92c02.js HTTP/2.0" 200 154515 "-" "-" 496 "grafana@docker" "http://172.19.0.7:3000" 4ms
88.126.89.194 - admin [25/Aug/2025:02:38:35 +0000] "GET /grafana/public/build/7112.cac05a202f8d15a81604.js HTTP/2.0" 200 55792 "-" "-" 497 "grafana@docker" "http://172.19.0.7:3000" 3ms
88.126.89.194 - admin [25/Aug/2025:02:38:35 +0000] "GET /grafana/public/build/logsPanel.03e7321af1fb6a5baa5c.js HTTP/2.0" 200 10381 "-" "-" 498 "grafana@docker" "http://172.19.0.7:3000" 3ms
88.126.89.194 - admin [25/Aug/2025:02:38:35 +0000] "GET /grafana/public/img/icons/unicons/table.svg HTTP/2.0" 200 265 "-" "-" 499 "grafana@docker" "http://172.19.0.7:3000" 3ms
88.126.89.194 - admin [25/Aug/2025:02:38:35 +0000] "GET /grafana/public/img/icons/unicons/chart-line.svg HTTP/2.0" 200 368 "-" "-" 500 "grafana@docker" "http://172.19.0.7:3000" 2ms
172.21.0.1 - admin [25/Aug/2025:02:38:51 +0000] "GET /prometheus/api/v1/label/__name__/values?start=1756067700&end=1756089360 HTTP/1.1" 200 2522 "-" "-" 502 "prometheus@docker" "http://172.19.0.4:9090" 3ms
88.126.89.194 - admin [25/Aug/2025:02:38:51 +0000] "GET /grafana/api/datasources/uid/aew10kr4h8oowf/resources/api/v1/label/__name__/values?start=1756067700&end=1756089360 HTTP/2.0" 200 2522 "-" "-" 501 "grafana@docker" "http://172.19.0.7:3000" 32ms
172.21.0.1 - admin [25/Aug/2025:02:38:57 +0000] "POST /prometheus/api/v1/query_range HTTP/1.1" 200 1892 "-" "-" 504 "prometheus@docker" "http://172.19.0.4:9090" 3ms
88.126.89.194 - admin [25/Aug/2025:02:38:57 +0000] "POST /grafana/api/ds/query?ds_type=prometheus&requestId=SQR112 HTTP/2.0" 200 12498 "-" "-" 503 "grafana@docker" "http://172.19.0.7:3000" 14ms
172.21.0.1 - admin [25/Aug/2025:02:39:04 +0000] "POST /prometheus/api/v1/query_range HTTP/1.1" 200 148240 "-" "-" 506 "prometheus@docker" "http://172.19.0.4:9090" 26ms
88.126.89.194 - admin [25/Aug/2025:02:39:04 +0000] "POST /grafana/api/ds/query?ds_type=prometheus&requestId=SQR113 HTTP/2.0" 200 1100786 "-" "-" 505 "grafana@docker" "http://172.19.0.7:3000" 348ms
172.21.0.1 - admin [25/Aug/2025:02:39:12 +0000] "POST /prometheus/api/v1/query_range HTTP/1.1" 200 4925 "-" "-" 508 "prometheus@docker" "http://172.19.0.4:9090" 4ms
88.126.89.194 - admin [25/Aug/2025:02:39:12 +0000] "POST /grafana/api/ds/query?ds_type=prometheus&requestId=SQR114 HTTP/2.0" 200 32077 "-" "-" 507 "grafana@docker" "http://172.19.0.7:3000" 31ms
172.21.0.1 - admin [25/Aug/2025:02:39:21 +0000] "POST /prometheus/api/v1/query_range HTTP/1.1" 200 21129 "-" "-" 510 "prometheus@docker" "http://172.19.0.4:9090" 11ms
88.126.89.194 - admin [25/Aug/2025:02:39:21 +0000] "POST /grafana/api/ds/query?ds_type=prometheus&requestId=SQR115 HTTP/2.0" 200 774168 "-" "-" 509 "grafana@docker" "http://172.19.0.7:3000" 56ms
146.190.217.223 - - [25/Aug/2025:02:39:23 +0000] "GET /.env HTTP/1.1" 404 19 "-" "-" 511 "-" "-" 0ms
146.190.217.223 - - [25/Aug/2025:02:39:23 +0000] "GET /.env HTTP/1.1" 404 19 "-" "-" 512 "-" "-" 0ms
146.190.217.223 - - [25/Aug/2025:02:39:24 +0000] "GET /.git/config HTTP/1.1" 404 19 "-" "-" 513 "-" "-" 0ms
146.190.217.223 - - [25/Aug/2025:02:39:24 +0000] "GET /.git/config HTTP/1.1" 404 19 "-" "-" 514 "-" "-" 0ms
172.21.0.1 - admin [25/Aug/2025:02:39:29 +0000] "POST /prometheus/api/v1/query_range HTTP/1.1" 200 62269 "-" "-" 516 "prometheus@docker" "http://172.19.0.4:9090" 15ms
88.126.89.194 - admin [25/Aug/2025:02:39:29 +0000] "POST /grafana/api/ds/query?ds_type=prometheus&requestId=SQR116 HTTP/2.0" 200 907987 "-" "-" 515 "grafana@docker" "http://172.19.0.7:3000" 60ms
172.21.0.1 - admin [25/Aug/2025:02:39:45 +0000] "POST /prometheus/api/v1/query_range HTTP/1.1" 200 21076 "-" "-" 518 "prometheus@docker" "http://172.19.0.4:9090" 13ms
88.126.89.194 - admin [25/Aug/2025:02:39:45 +0000] "POST /grafana/api/ds/query?ds_type=prometheus&requestId=SQR117 HTTP/2.0" 200 773967 "-" "-" 517 "grafana@docker" "http://172.19.0.7:3000" 56ms
172.21.0.1 - admin [25/Aug/2025:02:39:55 +0000] "POST /prometheus/api/v1/query_range HTTP/1.1" 200 117353 "-" "-" 520 "prometheus@docker" "http://172.19.0.4:9090" 15ms
88.126.89.194 - admin [25/Aug/2025:02:39:55 +0000] "POST /grafana/api/ds/query?ds_type=prometheus&requestId=SQR118 HTTP/2.0" 200 1031781 "-" "-" 519 "grafana@docker" "http://172.19.0.7:3000" 408ms
88.126.89.194 - admin [25/Aug/2025:02:40:03 +0000] "GET /grafana/public/img/icons/unicons/arrow-right.svg HTTP/2.0" 200 272 "-" "-" 521 "grafana@docker" "http://172.19.0.7:3000" 3ms
88.126.89.194 - admin [25/Aug/2025:02:40:16 +0000] "GET /grafana/apis/provisioning.grafana.app/v0alpha1/namespaces/default/settings HTTP/2.0" 404 19 "-" "-" 522 "grafana@docker" "http://172.19.0.7:3000" 10ms
88.126.89.194 - admin [25/Aug/2025:02:40:19 +0000] "POST /grafana/api/dashboards/db/ HTTP/2.0" 200 186 "-" "-" 523 "grafana@docker" "http://172.19.0.7:3000" 28ms
88.126.89.194 - admin [25/Aug/2025:02:40:19 +0000] "GET /grafana/api/access-control/user/actions?reloadcache=true HTTP/2.0" 200 3888 "-" "-" 524 "grafana@docker" "http://172.19.0.7:3000" 9ms
88.126.89.194 - admin [25/Aug/2025:02:40:19 +0000] "GET /grafana/api/folders?parentUid=&page=1&limit=50 HTTP/2.0" 200 2 "-" "-" 525 "grafana@docker" "http://172.19.0.7:3000" 11ms
88.126.89.194 - admin [25/Aug/2025:02:40:19 +0000] "GET /grafana/api/search?limit=50&page=1&type=dash-db&folderUIDs=general HTTP/2.0" 200 261 "-" "-" 526 "grafana@docker" "http://172.19.0.7:3000" 10ms
88.126.89.194 - admin [25/Aug/2025:02:40:25 +0000] "GET /grafana/api/datasources HTTP/2.0" 200 405 "-" "-" 527 "grafana@docker" "http://172.19.0.7:3000" 9ms
88.126.89.194 - admin [25/Aug/2025:02:40:27 +0000] "GET /grafana/api/datasources/uid/aew10kr4h8oowf?accesscontrol=true HTTP/2.0" 200 871 "-" "-" 528 "grafana@docker" "http://172.19.0.7:3000" 9ms
88.126.89.194 - admin [25/Aug/2025:02:40:40 +0000] "GET /grafana/api/datasources HTTP/2.0" 200 405 "-" "-" 529 "grafana@docker" "http://172.19.0.7:3000" 10ms
88.126.89.194 - admin [25/Aug/2025:02:40:48 +0000] "GET /grafana/api/datasources/uid/aew10kr4h8oowf?accesscontrol=true HTTP/2.0" 200 871 "-" "-" 530 "grafana@docker" "http://172.19.0.7:3000" 10ms
88.126.89.194 - admin [25/Aug/2025:02:40:54 +0000] "GET /grafana/api/datasources/uid/aew10kr4h8oowf?accesscontrol=true HTTP/2.0" 200 871 "-" "-" 531 "grafana@docker" "http://172.19.0.7:3000" 9ms
88.126.89.194 - admin [25/Aug/2025:02:40:54 +0000] "GET /grafana/api/plugins/prometheus/dashboards HTTP/2.0" 200 774 "-" "-" 532 "grafana@docker" "http://172.19.0.7:3000" 11ms
88.126.89.194 - admin [25/Aug/2025:02:41:01 +0000] "POST /grafana/api/dashboards/import HTTP/2.0" 200 314 "-" "-" 533 "grafana@docker" "http://172.19.0.7:3000" 39ms
88.126.89.194 - admin [25/Aug/2025:02:41:01 +0000] "GET /grafana/api/plugins/prometheus/dashboards HTTP/2.0" 200 827 "-" "-" 534 "grafana@docker" "http://172.19.0.7:3000" 16ms
88.126.89.194 - admin [25/Aug/2025:02:41:06 +0000] "POST /grafana/api/dashboards/import HTTP/2.0" 200 321 "-" "-" 535 "grafana@docker" "http://172.19.0.7:3000" 39ms
88.126.89.194 - admin [25/Aug/2025:02:41:06 +0000] "GET /grafana/api/plugins/prometheus/dashboards HTTP/2.0" 200 882 "-" "-" 536 "grafana@docker" "http://172.19.0.7:3000" 20ms
88.126.89.194 - admin [25/Aug/2025:02:41:12 +0000] "POST /grafana/api/dashboards/import HTTP/2.0" 200 339 "-" "-" 537 "grafana@docker" "http://172.19.0.7:3000" 37ms
88.126.89.194 - admin [25/Aug/2025:02:41:12 +0000] "GET /grafana/api/plugins/prometheus/dashboards HTTP/2.0" 200 945 "-" "-" 538 "grafana@docker" "http://172.19.0.7:3000" 27ms
88.126.89.194 - admin [25/Aug/2025:02:41:14 +0000] "GET /grafana/api/datasources/uid/aew10kr4h8oowf?accesscontrol=true HTTP/2.0" 200 871 "-" "-" 539 "grafana@docker" "http://172.19.0.7:3000" 9ms
88.126.89.194 - admin [25/Aug/2025:02:41:19 +0000] "PUT /grafana/api/datasources/uid/aew10kr4h8oowf HTTP/2.0" 200 574 "-" "-" 540 "grafana@docker" "http://172.19.0.7:3000" 19ms
88.126.89.194 - admin [25/Aug/2025:02:41:19 +0000] "GET /grafana/api/frontend/settings HTTP/2.0" 200 42631 "-" "-" 541 "grafana@docker" "http://172.19.0.7:3000" 9ms
88.126.89.194 - admin [25/Aug/2025:02:41:19 +0000] "GET /grafana/api/datasources/uid/aew10kr4h8oowf?accesscontrol=true HTTP/2.0" 200 871 "-" "-" 542 "grafana@docker" "http://172.19.0.7:3000" 8ms
172.21.0.1 - admin [25/Aug/2025:02:41:19 +0000] "POST /prometheus/api/v1/query HTTP/1.1" 200 98 "-" "-" 544 "prometheus@docker" "http://172.19.0.4:9090" 3ms
172.21.0.1 - admin [25/Aug/2025:02:41:19 +0000] "GET /prometheus/api/v1/status/buildinfo HTTP/1.1" 200 182 "-" "-" 545 "prometheus@docker" "http://172.19.0.4:9090" 2ms
88.126.89.194 - admin [25/Aug/2025:02:41:19 +0000] "GET /grafana/api/datasources/uid/aew10kr4h8oowf/health HTTP/2.0" 200 144 "-" "-" 543 "grafana@docker" "http://172.19.0.7:3000" 29ms
88.126.89.194 - admin [25/Aug/2025:02:41:24 +0000] "GET /grafana/api/datasources HTTP/2.0" 200 405 "-" "-" 546 "grafana@docker" "http://172.19.0.7:3000" 9ms
88.126.89.194 - admin [25/Aug/2025:02:41:38 +0000] "POST /grafana/api/frontend-metrics HTTP/2.0" 200 0 "-" "-" 547 "grafana@docker" "http://172.19.0.7:3000" 8ms
172.21.0.1 - admin [25/Aug/2025:02:41:43 +0000] "GET /prometheus/api/v1/label/__name__/values?start=1756068060&end=1756089720 HTTP/1.1" 200 2522 "-" "-" 549 "prometheus@docker" "http://172.19.0.4:9090" 3ms
88.126.89.194 - admin [25/Aug/2025:02:41:43 +0000] "GET /grafana/api/datasources/uid/aew10kr4h8oowf/resources/api/v1/label/__name__/values?start=1756068060&end=1756089720 HTTP/2.0" 200 2522 "-" "-" 548 "grafana@docker" "http://172.19.0.7:3000" 15ms
172.21.0.1 - admin [25/Aug/2025:02:41:43 +0000] "POST /prometheus/api/v1/labels HTTP/1.1" 200 837 "-" "-" 551 "prometheus@docker" "http://172.19.0.4:9090" 3ms
88.126.89.194 - admin [25/Aug/2025:02:41:43 +0000] "POST /grafana/api/datasources/uid/aew10kr4h8oowf/resources/api/v1/labels HTTP/2.0" 200 837 "-" "-" 550 "grafana@docker" "http://172.19.0.7:3000" 13ms
88.126.89.194 - admin [25/Aug/2025:02:41:48 +0000] "GET /grafana/apis/provisioning.grafana.app/v0alpha1/namespaces/default/settings HTTP/2.0" 404 19 "-" "-" 552 "grafana@docker" "http://172.19.0.7:3000" 9ms
88.126.89.194 - admin [25/Aug/2025:02:41:48 +0000] "GET /grafana/api/search?limit=1000&query=New%20dashboard&type=dash-db&folderUIDs=general HTTP/2.0" 200 2 "-" "-" 553 "grafana@docker" "http://172.19.0.7:3000" 10ms
88.126.89.194 - admin [25/Aug/2025:02:41:48 +0000] "GET /grafana/api/search?limit=1000&query=New%20dashboard&type=dash-db&folderUIDs=general HTTP/2.0" 200 2 "-" "-" 554 "grafana@docker" "http://172.19.0.7:3000" 10ms
88.126.89.194 - admin [25/Aug/2025:02:41:51 +0000] "POST /grafana/api/dashboards/db/ HTTP/2.0" 200 192 "-" "-" 555 "grafana@docker" "http://172.19.0.7:3000" 29ms
88.126.89.194 - admin [25/Aug/2025:02:41:51 +0000] "GET /grafana/api/access-control/user/actions?reloadcache=true HTTP/2.0" 200 3888 "-" "-" 556 "grafana@docker" "http://172.19.0.7:3000" 10ms
88.126.89.194 - admin [25/Aug/2025:02:41:51 +0000] "GET /grafana/api/frontend/assets HTTP/2.0" 200 307 "-" "-" 557 "grafana@docker" "http://172.19.0.7:3000" 8ms
88.126.89.194 - admin [25/Aug/2025:02:41:51 +0000] "GET /grafana/api/dashboards/uid/cd93ac9f-12c6-4208-b4f6-2f8cf4a96e11 HTTP/2.0" 200 2281 "-" "-" 558 "grafana@docker" "http://172.19.0.7:3000" 14ms
88.126.89.194 - admin [25/Aug/2025:02:41:51 +0000] "GET /grafana/api/folders?parentUid=&page=1&limit=50 HTTP/2.0" 200 2 "-" "-" 559 "grafana@docker" "http://172.19.0.7:3000" 9ms
